smoke	Set up job	¬¥‚ïó‚îê2025-10-30T08:08:22.2337348Z Current runner version: '2.328.0'
smoke	Set up job	2025-10-30T08:08:22.2362527Z ##[group]Runner Image Provisioner
smoke	Set up job	2025-10-30T08:08:22.2363499Z Hosted Compute Agent
smoke	Set up job	2025-10-30T08:08:22.2364055Z Version: 20250912.392
smoke	Set up job	2025-10-30T08:08:22.2364962Z Commit: d921fda672a98b64f4f82364647e2f10b2267d0b
smoke	Set up job	2025-10-30T08:08:22.2365962Z Build Date: 2025-09-12T15:23:14Z
smoke	Set up job	2025-10-30T08:08:22.2366539Z ##[endgroup]
smoke	Set up job	2025-10-30T08:08:22.2367088Z ##[group]Operating System
smoke	Set up job	2025-10-30T08:08:22.2367722Z Ubuntu
smoke	Set up job	2025-10-30T08:08:22.2368211Z 24.04.3
smoke	Set up job	2025-10-30T08:08:22.2368634Z LTS
smoke	Set up job	2025-10-30T08:08:22.2369119Z ##[endgroup]
smoke	Set up job	2025-10-30T08:08:22.2369574Z ##[group]Runner Image
smoke	Set up job	2025-10-30T08:08:22.2370169Z Image: ubuntu-24.04
smoke	Set up job	2025-10-30T08:08:22.2370696Z Version: 20250929.60.1
smoke	Set up job	2025-10-30T08:08:22.2371672Z Included Software: https://github.com/actions/runner-images/blob/ubuntu24/20250929.60/images/ubuntu/Ubuntu2404-Readme.md
smoke	Set up job	2025-10-30T08:08:22.2373022Z Image Release: https://github.com/actions/runner-images/releases/tag/ubuntu24%2F20250929.60
smoke	Set up job	2025-10-30T08:08:22.2374224Z ##[endgroup]
smoke	Set up job	2025-10-30T08:08:22.2375772Z ##[group]GITHUB_TOKEN Permissions
smoke	Set up job	2025-10-30T08:08:22.2377951Z Contents: read
smoke	Set up job	2025-10-30T08:08:22.2378495Z Metadata: read
smoke	Set up job	2025-10-30T08:08:22.2378977Z Packages: read
smoke	Set up job	2025-10-30T08:08:22.2379524Z ##[endgroup]
smoke	Set up job	2025-10-30T08:08:22.2381551Z Secret source: Actions
smoke	Set up job	2025-10-30T08:08:22.2382240Z Prepare workflow directory
smoke	Set up job	2025-10-30T08:08:22.2779906Z Prepare all required actions
smoke	Set up job	2025-10-30T08:08:22.2817402Z Getting action download info
smoke	Set up job	2025-10-30T08:08:22.6120999Z Download action repository 'actions/checkout@v4' (SHA:08eba0b27e820071cde6df949e0beb9ba4906955)
smoke	Set up job	2025-10-30T08:08:22.7821344Z Download action repository 'actions/setup-node@v4' (SHA:49933ea5288caeca8642d1e84afbd3f7d6820020)
smoke	Set up job	2025-10-30T08:08:22.8718746Z Download action repository 'actions/upload-artifact@v4' (SHA:ea165f8d65b6e75b540449e92b4886f43607fa02)
smoke	Set up job	2025-10-30T08:08:23.0614152Z Complete job name: smoke
smoke	Checkout	¬¥‚ïó‚îê2025-10-30T08:08:23.1304105Z ##[group]Run actions/checkout@v4
smoke	Checkout	2025-10-30T08:08:23.1305161Z with:
smoke	Checkout	2025-10-30T08:08:23.1305639Z   repository: collecokzn-creator/colleco-mvp
smoke	Checkout	2025-10-30T08:08:23.1306349Z   token: ***
smoke	Checkout	2025-10-30T08:08:23.1306980Z   ssh-strict: true
smoke	Checkout	2025-10-30T08:08:23.1307535Z   ssh-user: git
smoke	Checkout	2025-10-30T08:08:23.1307948Z   persist-credentials: true
smoke	Checkout	2025-10-30T08:08:23.1308408Z   clean: true
smoke	Checkout	2025-10-30T08:08:23.1308817Z   sparse-checkout-cone-mode: true
smoke	Checkout	2025-10-30T08:08:23.1309291Z   fetch-depth: 1
smoke	Checkout	2025-10-30T08:08:23.1309686Z   fetch-tags: false
smoke	Checkout	2025-10-30T08:08:23.1310078Z   show-progress: true
smoke	Checkout	2025-10-30T08:08:23.1310480Z   lfs: false
smoke	Checkout	2025-10-30T08:08:23.1310845Z   submodules: false
smoke	Checkout	2025-10-30T08:08:23.1311257Z   set-safe-directory: true
smoke	Checkout	2025-10-30T08:08:23.1311997Z env:
smoke	Checkout	2025-10-30T08:08:23.1312385Z   SITEMINDER_USE_MOCK: 1
smoke	Checkout	2025-10-30T08:08:23.1312838Z   SITEMINDER_MOCK_PORT: 4015
smoke	Checkout	2025-10-30T08:08:23.1313323Z   CYPRESS_BASE_URL: http://127.0.0.1:5173
smoke	Checkout	2025-10-30T08:08:23.1313849Z   API_BASE: http://127.0.0.1:4000
smoke	Checkout	2025-10-30T08:08:23.1314340Z ##[endgroup]
smoke	Checkout	2025-10-30T08:08:23.2412718Z Syncing repository: collecokzn-creator/colleco-mvp
smoke	Checkout	2025-10-30T08:08:23.2415063Z ##[group]Getting Git version info
smoke	Checkout	2025-10-30T08:08:23.2415816Z Working directory is '/home/runner/work/colleco-mvp/colleco-mvp'
smoke	Checkout	2025-10-30T08:08:23.2416758Z [command]/usr/bin/git version
smoke	Checkout	2025-10-30T08:08:23.2490852Z git version 2.51.0
smoke	Checkout	2025-10-30T08:08:23.2517633Z ##[endgroup]
smoke	Checkout	2025-10-30T08:08:23.2533295Z Temporarily overriding HOME='/home/runner/work/_temp/99606096-7202-4fac-944b-87a86ef13bf1' before making global git config changes
smoke	Checkout	2025-10-30T08:08:23.2535920Z Adding repository directory to the temporary git global config as a safe directory
smoke	Checkout	2025-10-30T08:08:23.2540045Z [command]/usr/bin/git config --global --add safe.directory /home/runner/work/colleco-mvp/colleco-mvp
smoke	Checkout	2025-10-30T08:08:23.2577123Z Deleting the contents of '/home/runner/work/colleco-mvp/colleco-mvp'
smoke	Checkout	2025-10-30T08:08:23.2580832Z ##[group]Initializing the repository
smoke	Checkout	2025-10-30T08:08:23.2585480Z [command]/usr/bin/git init /home/runner/work/colleco-mvp/colleco-mvp
smoke	Checkout	2025-10-30T08:08:23.2697856Z hint: Using 'master' as the name for the initial branch. This default branch name
smoke	Checkout	2025-10-30T08:08:23.2699760Z hint: is subject to change. To configure the initial branch name to use in all
smoke	Checkout	2025-10-30T08:08:23.2701311Z hint: of your new repositories, which will suppress this warning, call:
smoke	Checkout	2025-10-30T08:08:23.2702430Z hint:
smoke	Checkout	2025-10-30T08:08:23.2703161Z hint: 	git config --global init.defaultBranch <name>
smoke	Checkout	2025-10-30T08:08:23.2704044Z hint:
smoke	Checkout	2025-10-30T08:08:23.2704818Z hint: Names commonly chosen instead of 'master' are 'main', 'trunk' and
smoke	Checkout	2025-10-30T08:08:23.2705709Z hint: 'development'. The just-created branch can be renamed via this command:
smoke	Checkout	2025-10-30T08:08:23.2706400Z hint:
smoke	Checkout	2025-10-30T08:08:23.2706760Z hint: 	git branch -m <name>
smoke	Checkout	2025-10-30T08:08:23.2707188Z hint:
smoke	Checkout	2025-10-30T08:08:23.2707752Z hint: Disable this message with "git config set advice.defaultBranchName false"
smoke	Checkout	2025-10-30T08:08:23.2708719Z Initialized empty Git repository in /home/runner/work/colleco-mvp/colleco-mvp/.git/
smoke	Checkout	2025-10-30T08:08:23.2719472Z [command]/usr/bin/git remote add origin https://github.com/collecokzn-creator/colleco-mvp
smoke	Checkout	2025-10-30T08:08:23.2760724Z ##[endgroup]
smoke	Checkout	2025-10-30T08:08:23.2761476Z ##[group]Disabling automatic garbage collection
smoke	Checkout	2025-10-30T08:08:23.2767628Z [command]/usr/bin/git config --local gc.auto 0
smoke	Checkout	2025-10-30T08:08:23.2798383Z ##[endgroup]
smoke	Checkout	2025-10-30T08:08:23.2799575Z ##[group]Setting up auth
smoke	Checkout	2025-10-30T08:08:23.2805529Z [command]/usr/bin/git config --local --name-only --get-regexp core\.sshCommand
smoke	Checkout	2025-10-30T08:08:23.2836878Z [command]/usr/bin/git submodule foreach --recursive sh -c "git config --local --name-only --get-regexp 'core\.sshCommand' && git config --local --unset-all 'core.sshCommand' || :"
smoke	Checkout	2025-10-30T08:08:23.3184110Z [command]/usr/bin/git config --local --name-only --get-regexp http\.https\:\/\/github\.com\/\.extraheader
smoke	Checkout	2025-10-30T08:08:23.3218700Z [command]/usr/bin/git submodule foreach --recursive sh -c "git config --local --name-only --get-regexp 'http\.https\:\/\/github\.com\/\.extraheader' && git config --local --unset-all 'http.https://github.com/.extraheader' || :"
smoke	Checkout	2025-10-30T08:08:23.3443443Z [command]/usr/bin/git config --local http.https://github.com/.extraheader AUTHORIZATION: basic ***
smoke	Checkout	2025-10-30T08:08:23.3488811Z ##[endgroup]
smoke	Checkout	2025-10-30T08:08:23.3489531Z ##[group]Fetching the repository
smoke	Checkout	2025-10-30T08:08:23.3497897Z [command]/usr/bin/git -c protocol.version=2 fetch --no-tags --prune --no-recurse-submodules --depth=1 origin +92177163247144c20d762a56328dfe5dbf94cab5:refs/remotes/pull/15/merge
smoke	Checkout	2025-10-30T08:08:24.0127416Z From https://github.com/collecokzn-creator/colleco-mvp
smoke	Checkout	2025-10-30T08:08:24.0161291Z  * [new ref]         92177163247144c20d762a56328dfe5dbf94cab5 -> pull/15/merge
smoke	Checkout	2025-10-30T08:08:24.0165367Z ##[endgroup]
smoke	Checkout	2025-10-30T08:08:24.0166837Z ##[group]Determining the checkout info
smoke	Checkout	2025-10-30T08:08:24.0168174Z ##[endgroup]
smoke	Checkout	2025-10-30T08:08:24.0171904Z [command]/usr/bin/git sparse-checkout disable
smoke	Checkout	2025-10-30T08:08:24.0215274Z [command]/usr/bin/git config --local --unset-all extensions.worktreeConfig
smoke	Checkout	2025-10-30T08:08:24.0245260Z ##[group]Checking out the ref
smoke	Checkout	2025-10-30T08:08:24.0249253Z [command]/usr/bin/git checkout --progress --force refs/remotes/pull/15/merge
smoke	Checkout	2025-10-30T08:08:24.0730200Z Note: switching to 'refs/remotes/pull/15/merge'.
smoke	Checkout	2025-10-30T08:08:24.0731202Z 
smoke	Checkout	2025-10-30T08:08:24.0731780Z You are in 'detached HEAD' state. You can look around, make experimental
smoke	Checkout	2025-10-30T08:08:24.0733048Z changes and commit them, and you can discard any commits you make in this
smoke	Checkout	2025-10-30T08:08:24.0734318Z state without impacting any branches by switching back to a branch.
smoke	Checkout	2025-10-30T08:08:24.0735348Z 
smoke	Checkout	2025-10-30T08:08:24.0735940Z If you want to create a new branch to retain commits you create, you may
smoke	Checkout	2025-10-30T08:08:24.0737131Z do so (now or later) by using -c with the switch command. Example:
smoke	Checkout	2025-10-30T08:08:24.0737934Z 
smoke	Checkout	2025-10-30T08:08:24.0738504Z   git switch -c <new-branch-name>
smoke	Checkout	2025-10-30T08:08:24.0739325Z 
smoke	Checkout	2025-10-30T08:08:24.0739866Z Or undo this operation with:
smoke	Checkout	2025-10-30T08:08:24.0740669Z 
smoke	Checkout	2025-10-30T08:08:24.0740979Z   git switch -
smoke	Checkout	2025-10-30T08:08:24.0741404Z 
smoke	Checkout	2025-10-30T08:08:24.0742039Z Turn off this advice by setting config variable advice.detachedHead to false
smoke	Checkout	2025-10-30T08:08:24.0742924Z 
smoke	Checkout	2025-10-30T08:08:24.0743911Z HEAD is now at 9217716 Merge 2b774b9368789a2a19d41b9e58b2c1b65207b763 into 71f5be630d527d24b1bd80413cd09b752e1167ae
smoke	Checkout	2025-10-30T08:08:24.0747510Z ##[endgroup]
smoke	Checkout	2025-10-30T08:08:24.0778998Z [command]/usr/bin/git log -1 --format=%H
smoke	Checkout	2025-10-30T08:08:24.0800776Z 92177163247144c20d762a56328dfe5dbf94cab5
smoke	Use Node.js (explicit)	¬¥‚ïó‚îê2025-10-30T08:08:24.1096514Z ##[group]Run actions/setup-node@v4
smoke	Use Node.js (explicit)	2025-10-30T08:08:24.1097634Z with:
smoke	Use Node.js (explicit)	2025-10-30T08:08:24.1098443Z   node-version: 20.19.0
smoke	Use Node.js (explicit)	2025-10-30T08:08:24.1099360Z   always-auth: false
smoke	Use Node.js (explicit)	2025-10-30T08:08:24.1100260Z   check-latest: false
smoke	Use Node.js (explicit)	2025-10-30T08:08:24.1101418Z   token: ***
smoke	Use Node.js (explicit)	2025-10-30T08:08:24.1102233Z env:
smoke	Use Node.js (explicit)	2025-10-30T08:08:24.1103024Z   SITEMINDER_USE_MOCK: 1
smoke	Use Node.js (explicit)	2025-10-30T08:08:24.1103992Z   SITEMINDER_MOCK_PORT: 4015
smoke	Use Node.js (explicit)	2025-10-30T08:08:24.1105498Z   CYPRESS_BASE_URL: http://127.0.0.1:5173
smoke	Use Node.js (explicit)	2025-10-30T08:08:24.1106690Z   API_BASE: http://127.0.0.1:4000
smoke	Use Node.js (explicit)	2025-10-30T08:08:24.1107691Z ##[endgroup]
smoke	Use Node.js (explicit)	2025-10-30T08:08:24.2822536Z Attempting to download 20.19.0...
smoke	Use Node.js (explicit)	2025-10-30T08:08:24.8072822Z Acquiring 20.19.0 - x64 from https://github.com/actions/node-versions/releases/download/20.19.0-13838090974/node-20.19.0-linux-x64.tar.gz
smoke	Use Node.js (explicit)	2025-10-30T08:08:25.2250992Z Extracting ...
smoke	Use Node.js (explicit)	2025-10-30T08:08:25.2383928Z [command]/usr/bin/tar xz --strip 1 --warning=no-unknown-keyword --overwrite -C /home/runner/work/_temp/023e285c-441c-4a3b-a4ce-b0e20767ce1c -f /home/runner/work/_temp/cf5ef079-8cab-4b75-b095-f7a48d5d81ab
smoke	Use Node.js (explicit)	2025-10-30T08:08:26.2425069Z Adding to the cache ...
smoke	Use Node.js (explicit)	2025-10-30T08:08:27.9703141Z ##[group]Environment details
smoke	Use Node.js (explicit)	2025-10-30T08:08:28.1881656Z node: v20.19.0
smoke	Use Node.js (explicit)	2025-10-30T08:08:28.1882388Z npm: 10.8.2
smoke	Use Node.js (explicit)	2025-10-30T08:08:28.1886353Z yarn: 1.22.22
smoke	Use Node.js (explicit)	2025-10-30T08:08:28.1887103Z ##[endgroup]
smoke	Install dependencies	¬¥‚ïó‚îê2025-10-30T08:08:28.2076755Z ##[group]Run npm ci
smoke	Install dependencies	2025-10-30T08:08:28.2077080Z [36;1mnpm ci[0m
smoke	Install dependencies	2025-10-30T08:08:28.2116035Z shell: /usr/bin/bash -e {0}
smoke	Install dependencies	2025-10-30T08:08:28.2116309Z env:
smoke	Install dependencies	2025-10-30T08:08:28.2116498Z   SITEMINDER_USE_MOCK: 1
smoke	Install dependencies	2025-10-30T08:08:28.2116710Z   SITEMINDER_MOCK_PORT: 4015
smoke	Install dependencies	2025-10-30T08:08:28.2117014Z   CYPRESS_BASE_URL: http://127.0.0.1:5173
smoke	Install dependencies	2025-10-30T08:08:28.2117301Z   API_BASE: http://127.0.0.1:4000
smoke	Install dependencies	2025-10-30T08:08:28.2117554Z ##[endgroup]
smoke	Install dependencies	2025-10-30T08:08:31.4740263Z npm warn deprecated rimraf@3.0.2: Rimraf versions prior to v4 are no longer supported
smoke	Install dependencies	2025-10-30T08:08:32.2252045Z npm warn deprecated inflight@1.0.6: This module is not supported, and leaks memory. Do not use it. Check out lru-cache if you want a good and tested way to coalesce async requests by a key value, which is much more comprehensive and powerful.
smoke	Install dependencies	2025-10-30T08:08:33.0137649Z npm warn deprecated fstream@1.0.12: This package is no longer supported.
smoke	Install dependencies	2025-10-30T08:08:33.7240820Z npm warn deprecated @humanwhocodes/object-schema@2.0.3: Use @eslint/object-schema instead
smoke	Install dependencies	2025-10-30T08:08:33.7244077Z npm warn deprecated @humanwhocodes/config-array@0.13.0: Use @eslint/config-array instead
smoke	Install dependencies	2025-10-30T08:08:34.1727582Z npm warn deprecated glob@7.2.3: Glob versions prior to v9 are no longer supported
smoke	Install dependencies	2025-10-30T08:08:34.2855922Z npm warn deprecated glob@7.2.3: Glob versions prior to v9 are no longer supported
smoke	Install dependencies	2025-10-30T08:08:34.2874955Z npm warn deprecated rimraf@2.7.1: Rimraf versions prior to v4 are no longer supported
smoke	Install dependencies	2025-10-30T08:08:37.0097810Z npm warn deprecated eslint@8.57.1: This version is no longer supported. Please see https://eslint.org/version-support for other options.
smoke	Install dependencies	2025-10-30T08:08:52.1397370Z 
smoke	Install dependencies	2025-10-30T08:08:52.1398725Z added 910 packages, and audited 911 packages in 24s
smoke	Install dependencies	2025-10-30T08:08:52.1406024Z 
smoke	Install dependencies	2025-10-30T08:08:52.1406402Z 224 packages are looking for funding
smoke	Install dependencies	2025-10-30T08:08:52.1406909Z   run `npm fund` for details
smoke	Install dependencies	2025-10-30T08:08:52.1669850Z 
smoke	Install dependencies	2025-10-30T08:08:52.1672544Z 9 moderate severity vulnerabilities
smoke	Install dependencies	2025-10-30T08:08:52.1673645Z 
smoke	Install dependencies	2025-10-30T08:08:52.1674646Z To address issues that do not require attention, run:
smoke	Install dependencies	2025-10-30T08:08:52.1676677Z   npm audit fix
smoke	Install dependencies	2025-10-30T08:08:52.1677185Z 
smoke	Install dependencies	2025-10-30T08:08:52.1677742Z To address all issues (including breaking changes), run:
smoke	Install dependencies	2025-10-30T08:08:52.1684173Z   npm audit fix --force
smoke	Install dependencies	2025-10-30T08:08:52.1684673Z 
smoke	Install dependencies	2025-10-30T08:08:52.1684894Z Run `npm audit` for details.
smoke	Start API server	¬¥‚ïó‚îê2025-10-30T08:08:52.2030924Z ##[group]Run nohup node server/server.js > server.log 2>&1 &
smoke	Start API server	2025-10-30T08:08:52.2031591Z [36;1mnohup node server/server.js > server.log 2>&1 &[0m
smoke	Start API server	2025-10-30T08:08:52.2032092Z [36;1mecho $! > backend.pid[0m
smoke	Start API server	2025-10-30T08:08:52.2084311Z shell: /usr/bin/bash -e {0}
smoke	Start API server	2025-10-30T08:08:52.2084799Z env:
smoke	Start API server	2025-10-30T08:08:52.2084996Z   SITEMINDER_USE_MOCK: 1
smoke	Start API server	2025-10-30T08:08:52.2085226Z   SITEMINDER_MOCK_PORT: 4015
smoke	Start API server	2025-10-30T08:08:52.2085490Z   CYPRESS_BASE_URL: http://127.0.0.1:5173
smoke	Start API server	2025-10-30T08:08:52.2085768Z   API_BASE: http://127.0.0.1:4000
smoke	Start API server	2025-10-30T08:08:52.2086004Z ##[endgroup]
smoke	Start Vite dev server	¬¥‚ïó‚îê2025-10-30T08:08:52.2197373Z ##[group]Run nohup bash -lc "npx cross-env VITE_API_BASE=http://127.0.0.1:4000 npm run dev -- --host 127.0.0.1 --port 5173" > vite.log 2>&1 &
smoke	Start Vite dev server	2025-10-30T08:08:52.2198698Z [36;1mnohup bash -lc "npx cross-env VITE_API_BASE=http://127.0.0.1:4000 npm run dev -- --host 127.0.0.1 --port 5173" > vite.log 2>&1 &[0m
smoke	Start Vite dev server	2025-10-30T08:08:52.2199541Z [36;1mecho $! > vite.pid[0m
smoke	Start Vite dev server	2025-10-30T08:08:52.2241324Z shell: /usr/bin/bash -e {0}
smoke	Start Vite dev server	2025-10-30T08:08:52.2241711Z env:
smoke	Start Vite dev server	2025-10-30T08:08:52.2242016Z   SITEMINDER_USE_MOCK: 1
smoke	Start Vite dev server	2025-10-30T08:08:52.2242414Z   SITEMINDER_MOCK_PORT: 4015
smoke	Start Vite dev server	2025-10-30T08:08:52.2242852Z   CYPRESS_BASE_URL: http://127.0.0.1:5173
smoke	Start Vite dev server	2025-10-30T08:08:52.2243334Z   API_BASE: http://127.0.0.1:4000
smoke	Start Vite dev server	2025-10-30T08:08:52.2243740Z ##[endgroup]
smoke	Wait for dev server and API	¬¥‚ïó‚îê2025-10-30T08:08:52.2346570Z ##[group]Run n=0; until curl -fsS http://127.0.0.1:5173/ >/dev/null 2>&1 && curl -fsS http://127.0.0.1:4000/health >/dev/null 2>&1 || [ $n -ge 120 ]; do n=$((n+1)); echo "waiting... $n"; sleep 1; done
smoke	Wait for dev server and API	2025-10-30T08:08:52.2348181Z [36;1mn=0; until curl -fsS http://127.0.0.1:5173/ >/dev/null 2>&1 && curl -fsS http://127.0.0.1:4000/health >/dev/null 2>&1 || [ $n -ge 120 ]; do n=$((n+1)); echo "waiting... $n"; sleep 1; done[0m
smoke	Wait for dev server and API	2025-10-30T08:08:52.2379710Z shell: /usr/bin/bash -e {0}
smoke	Wait for dev server and API	2025-10-30T08:08:52.2379946Z env:
smoke	Wait for dev server and API	2025-10-30T08:08:52.2380134Z   SITEMINDER_USE_MOCK: 1
smoke	Wait for dev server and API	2025-10-30T08:08:52.2380352Z   SITEMINDER_MOCK_PORT: 4015
smoke	Wait for dev server and API	2025-10-30T08:08:52.2380605Z   CYPRESS_BASE_URL: http://127.0.0.1:5173
smoke	Wait for dev server and API	2025-10-30T08:08:52.2380879Z   API_BASE: http://127.0.0.1:4000
smoke	Wait for dev server and API	2025-10-30T08:08:52.2381106Z ##[endgroup]
smoke	Wait for dev server and API	2025-10-30T08:08:52.3982776Z waiting... 1
smoke	Wait for dev server and API	2025-10-30T08:08:53.4079439Z waiting... 2
smoke	Run quick smoke E2E (smoke + navbar + booking modal + login smoke)	¬¥‚ïó‚îê2025-10-30T08:08:54.7857444Z ##[group]Run npx cypress run --browser electron --config video=false --spec "cypress/e2e/smoke.cy.js,cypress/e2e/nav_mobile.cy.js,cypress/e2e/booking_modal.cy.js,cypress/e2e/login_register_smoke.cy.js,cypress/e2e/login_smoke_minimal.cy.js"
smoke	Run quick smoke E2E (smoke + navbar + booking modal + login smoke)	2025-10-30T08:08:54.7860111Z [36;1mnpx cypress run --browser electron --config video=false --spec "cypress/e2e/smoke.cy.js,cypress/e2e/nav_mobile.cy.js,cypress/e2e/booking_modal.cy.js,cypress/e2e/login_register_smoke.cy.js,cypress/e2e/login_smoke_minimal.cy.js"[0m
smoke	Run quick smoke E2E (smoke + navbar + booking modal + login smoke)	2025-10-30T08:08:54.7910202Z shell: /usr/bin/bash -e {0}
smoke	Run quick smoke E2E (smoke + navbar + booking modal + login smoke)	2025-10-30T08:08:54.7910576Z env:
smoke	Run quick smoke E2E (smoke + navbar + booking modal + login smoke)	2025-10-30T08:08:54.7910858Z   SITEMINDER_USE_MOCK: 1
smoke	Run quick smoke E2E (smoke + navbar + booking modal + login smoke)	2025-10-30T08:08:54.7911210Z   SITEMINDER_MOCK_PORT: 4015
smoke	Run quick smoke E2E (smoke + navbar + booking modal + login smoke)	2025-10-30T08:08:54.7911603Z   CYPRESS_BASE_URL: http://127.0.0.1:5173
smoke	Run quick smoke E2E (smoke + navbar + booking modal + login smoke)	2025-10-30T08:08:54.7912057Z   API_BASE: http://127.0.0.1:4000
smoke	Run quick smoke E2E (smoke + navbar + booking modal + login smoke)	2025-10-30T08:08:54.7912429Z ##[endgroup]
smoke	Run quick smoke E2E (smoke + navbar + booking modal + login smoke)	2025-10-30T08:08:55.4973756Z It looks like this is your first time using Cypress: 13.17.0
smoke	Run quick smoke E2E (smoke + navbar + booking modal + login smoke)	2025-10-30T08:08:55.4974978Z 
smoke	Run quick smoke E2E (smoke + navbar + booking modal + login smoke)	2025-10-30T08:08:55.5004907Z [STARTED] Task without title.
smoke	Run quick smoke E2E (smoke + navbar + booking modal + login smoke)	2025-10-30T08:09:05.0008293Z [SUCCESS] Task without title.
smoke	Run quick smoke E2E (smoke + navbar + booking modal + login smoke)	2025-10-30T08:09:05.0011537Z 
smoke	Run quick smoke E2E (smoke + navbar + booking modal + login smoke)	2025-10-30T08:09:05.0013604Z Opening Cypress...
smoke	Run quick smoke E2E (smoke + navbar + booking modal + login smoke)	2025-10-30T08:09:05.6241306Z 
smoke	Run quick smoke E2E (smoke + navbar + booking modal + login smoke)	2025-10-30T08:09:05.6247108Z DevTools listening on ws://127.0.0.1:36713/devtools/browser/e350b4b8-e2e1-4460-b6ab-a30e83ea9342
smoke	Run quick smoke E2E (smoke + navbar + booking modal + login smoke)	2025-10-30T08:09:21.8177994Z 
smoke	Run quick smoke E2E (smoke + navbar + booking modal + login smoke)	2025-10-30T08:09:21.8475675Z tput: No value for $TERM and no -T specified
smoke	Run quick smoke E2E (smoke + navbar + booking modal + login smoke)	2025-10-30T08:09:21.8478794Z [90m====================================================================================================[39m
smoke	Run quick smoke E2E (smoke + navbar + booking modal + login smoke)	2025-10-30T08:09:21.8479189Z 
smoke	Run quick smoke E2E (smoke + navbar + booking modal + login smoke)	2025-10-30T08:09:21.8481603Z [0m  ([4m[1mRun Starting[22m[24m)[0m
smoke	Run quick smoke E2E (smoke + navbar + booking modal + login smoke)	2025-10-30T08:09:21.8481918Z 
smoke	Run quick smoke E2E (smoke + navbar + booking modal + login smoke)	2025-10-30T08:09:21.8561886Z [90m  √î√∂√Æ[39m[90m√î√∂√á[39m[90m√î√∂√á[39m[90m√î√∂√á[39m[90m√î√∂√á[39m[90m√î√∂√á[39m[90m√î√∂√á[39m[90m√î√∂√á[39m[90m√î√∂√á[39m[90m√î√∂√á[39m[90m√î√∂√á[39m[90m√î√∂√á[39m[90m√î√∂√á[39m[90m√î√∂√á[39m[90m√î√∂√á[39m[90m√î√∂√á[39m[90m√î√∂√á[39m[90m√î√∂√á[39m[90m√î√∂√á[39m[90m√î√∂√á[39m[90m√î√∂√á[39m[90m√î√∂√á[39m[90m√î√∂√á[39m[90m√î√∂√á[39m[90m√î√∂√á[39m[90m√î√∂√á[39m[90m√î√∂√á[39m[90m√î√∂√á[39m[90m√î√∂√á[39m[90m√î√∂√á[39m[90m√î√∂√á[39m[90m√î√∂√á[39m[90m√î√∂√á[39m[90m√î√∂√á[39m[90m√î√∂√á[39m[90m√î√∂√á[39m[90m√î√∂√á[39m[90m√î√∂√á[39m[90m√î√∂√á[39m[90m√î√∂√á[39m[90m√î√∂√á[39m[90m√î√∂√á[39m[90m√î√∂√á[39m[90m√î√∂√á[39m[90m√î√∂√á[39m[90m√î√∂√á[39m[90m√î√∂√á[39m[90m√î√∂√á[39m[90m√î√∂√á[39m[90m√î√∂√á[39m[90m√î√∂√á[39m[90m√î√∂√á[39m[90m√î√∂√á[39m[90m√î√∂√á[39m[90m√î√∂√á[39m[90m√î√∂√á[39m[90m√î√∂√á[39m[90m√î√∂√á[39m[90m√î√∂√á[39m[90m√î√∂√á[39m[90m√î√∂√á[39m[90m√î√∂√á[39m[90m√î√∂√á[39m[90m√î√∂√á[39m[90m√î√∂√á[39m[90m√î√∂√á[39m[90m√î√∂√á[39m[90m√î√∂√á[39m[90m√î√∂√á[39m[90m√î√∂√á[39m[90m√î√∂√á[39m[90m√î√∂√á[39m[90m√î√∂√á[39m[90m√î√∂√á[39m[90m√î√∂√á[39m[90m√î√∂√á[39m[90m√î√∂√á[39m[90m√î√∂√á[39m[90m√î√∂√á[39m[90m√î√∂√á[39m[90m√î√∂√á[39m[90m√î√∂√á[39m[90m√î√∂√á[39m[90m√î√∂√á[39m[90m√î√∂√á[39m[90m√î√∂√á[39m[90m√î√∂√á[39m[90m√î√∂√á[39m[90m√î√∂√á[39m[90m√î√∂√á[39m[90m√î√∂√á[39m[90m√î√∂√á[39m[90m√î√∂√á[39m[90m√î√∂√á[39m[90m√î√∂√á[39m[90m√î√∂√á[39m[90m√î√∂√á[39m[90m√î√∂√â[39m
smoke	Run quick smoke E2E (smoke + navbar + booking modal + login smoke)	2025-10-30T08:09:21.8565266Z [90m  √î√∂√©[39m [90mCypress:[39m        13.17.0                                                                        [90m√î√∂√©[39m
smoke	Run quick smoke E2E (smoke + navbar + booking modal + login smoke)	2025-10-30T08:09:21.8566241Z [90m  √î√∂√©[39m [90mBrowser:[39m        Electron 118 [90m(headless)[39m                                                        [90m√î√∂√©[39m
smoke	Run quick smoke E2E (smoke + navbar + booking modal + login smoke)	2025-10-30T08:09:21.8567335Z [90m  √î√∂√©[39m [90mNode Version:[39m   [0mv20.19.0 [90m(/opt/hostedtoolcache/node/20.19.0/x64/bin/node)[39m[0m                      [90m√î√∂√©[39m
smoke	Run quick smoke E2E (smoke + navbar + booking modal + login smoke)	2025-10-30T08:09:21.8568434Z [90m  √î√∂√©[39m [90mSpecs:[39m          [0m5 found (smoke.cy.js, nav_mobile.cy.js, booking_modal.cy.js, login_register_sm[0m [90m√î√∂√©[39m
smoke	Run quick smoke E2E (smoke + navbar + booking modal + login smoke)	2025-10-30T08:09:21.8569375Z [90m  √î√∂√©[39m                 [0moke.cy.js, login_smoke_minimal.cy.js)[0m                                          [90m√î√∂√©[39m
smoke	Run quick smoke E2E (smoke + navbar + booking modal + login smoke)	2025-10-30T08:09:21.8570539Z [90m  √î√∂√©[39m [90mSearched:[39m       [0mcypress/e2e/smoke.cy.js, cypress/e2e/nav_mobile.cy.js, cypress/e2e/booking_mod[0m [90m√î√∂√©[39m
smoke	Run quick smoke E2E (smoke + navbar + booking modal + login smoke)	2025-10-30T08:09:21.8571865Z [90m  √î√∂√©[39m                 [0mal.cy.js, cypress/e2e/login_register_smoke.cy.js, cypress/e2e/login_smoke_mini[0m [90m√î√∂√©[39m
smoke	Run quick smoke E2E (smoke + navbar + booking modal + login smoke)	2025-10-30T08:09:21.8572618Z [90m  √î√∂√©[39m                 [0mmal.cy.js[0m                                                                      [90m√î√∂√©[39m
smoke	Run quick smoke E2E (smoke + navbar + booking modal + login smoke)	2025-10-30T08:09:21.8576798Z [90m  √î√∂√∂[39m[90m√î√∂√á[39m[90m√î√∂√á[39m[90m√î√∂√á[39m[90m√î√∂√á[39m[90m√î√∂√á[39m[90m√î√∂√á[39m[90m√î√∂√á[39m[90m√î√∂√á[39m[90m√î√∂√á[39m[90m√î√∂√á[39m[90m√î√∂√á[39m[90m√î√∂√á[39m[90m√î√∂√á[39m[90m√î√∂√á[39m[90m√î√∂√á[39m[90m√î√∂√á[39m[90m√î√∂√á[39m[90m√î√∂√á[39m[90m√î√∂√á[39m[90m√î√∂√á[39m[90m√î√∂√á[39m[90m√î√∂√á[39m[90m√î√∂√á[39m[90m√î√∂√á[39m[90m√î√∂√á[39m[90m√î√∂√á[39m[90m√î√∂√á[39m[90m√î√∂√á[39m[90m√î√∂√á[39m[90m√î√∂√á[39m[90m√î√∂√á[39m[90m√î√∂√á[39m[90m√î√∂√á[39m[90m√î√∂√á[39m[90m√î√∂√á[39m[90m√î√∂√á[39m[90m√î√∂√á[39m[90m√î√∂√á[39m[90m√î√∂√á[39m[90m√î√∂√á[39m[90m√î√∂√á[39m[90m√î√∂√á[39m[90m√î√∂√á[39m[90m√î√∂√á[39m[90m√î√∂√á[39m[90m√î√∂√á[39m[90m√î√∂√á[39m[90m√î√∂√á[39m[90m√î√∂√á[39m[90m√î√∂√á[39m[90m√î√∂√á[39m[90m√î√∂√á[39m[90m√î√∂√á[39m[90m√î√∂√á[39m[90m√î√∂√á[39m[90m√î√∂√á[39m[90m√î√∂√á[39m[90m√î√∂√á[39m[90m√î√∂√á[39m[90m√î√∂√á[39m[90m√î√∂√á[39m[90m√î√∂√á[39m[90m√î√∂√á[39m[90m√î√∂√á[39m[90m√î√∂√á[39m[90m√î√∂√á[39m[90m√î√∂√á[39m[90m√î√∂√á[39m[90m√î√∂√á[39m[90m√î√∂√á[39m[90m√î√∂√á[39m[90m√î√∂√á[39m[90m√î√∂√á[39m[90m√î√∂√á[39m[90m√î√∂√á[39m[90m√î√∂√á[39m[90m√î√∂√á[39m[90m√î√∂√á[39m[90m√î√∂√á[39m[90m√î√∂√á[39m[90m√î√∂√á[39m[90m√î√∂√á[39m[90m√î√∂√á[39m[90m√î√∂√á[39m[90m√î√∂√á[39m[90m√î√∂√á[39m[90m√î√∂√á[39m[90m√î√∂√á[39m[90m√î√∂√á[39m[90m√î√∂√á[39m[90m√î√∂√á[39m[90m√î√∂√á[39m[90m√î√∂√á[39m[90m√î√∂√á[39m[90m√î√∂√á[39m[90m√î√∂√á[39m[90m√î√∂√ø[39m
smoke	Run quick smoke E2E (smoke + navbar + booking modal + login smoke)	2025-10-30T08:09:21.8578769Z 
smoke	Run quick smoke E2E (smoke + navbar + booking modal + login smoke)	2025-10-30T08:09:21.8578778Z 
smoke	Run quick smoke E2E (smoke + navbar + booking modal + login smoke)	2025-10-30T08:09:21.8582201Z [90m√î√∂√á[39m[90m√î√∂√á[39m[90m√î√∂√á[39m[90m√î√∂√á[39m[90m√î√∂√á[39m[90m√î√∂√á[39m[90m√î√∂√á[39m[90m√î√∂√á[39m[90m√î√∂√á[39m[90m√î√∂√á[39m[90m√î√∂√á[39m[90m√î√∂√á[39m[90m√î√∂√á[39m[90m√î√∂√á[39m[90m√î√∂√á[39m[90m√î√∂√á[39m[90m√î√∂√á[39m[90m√î√∂√á[39m[90m√î√∂√á[39m[90m√î√∂√á[39m[90m√î√∂√á[39m[90m√î√∂√á[39m[90m√î√∂√á[39m[90m√î√∂√á[39m[90m√î√∂√á[39m[90m√î√∂√á[39m[90m√î√∂√á[39m[90m√î√∂√á[39m[90m√î√∂√á[39m[90m√î√∂√á[39m[90m√î√∂√á[39m[90m√î√∂√á[39m[90m√î√∂√á[39m[90m√î√∂√á[39m[90m√î√∂√á[39m[90m√î√∂√á[39m[90m√î√∂√á[39m[90m√î√∂√á[39m[90m√î√∂√á[39m[90m√î√∂√á[39m[90m√î√∂√á[39m[90m√î√∂√á[39m[90m√î√∂√á[39m[90m√î√∂√á[39m[90m√î√∂√á[39m[90m√î√∂√á[39m[90m√î√∂√á[39m[90m√î√∂√á[39m[90m√î√∂√á[39m[90m√î√∂√á[39m[90m√î√∂√á[39m[90m√î√∂√á[39m[90m√î√∂√á[39m[90m√î√∂√á[39m[90m√î√∂√á[39m[90m√î√∂√á[39m[90m√î√∂√á[39m[90m√î√∂√á[39m[90m√î√∂√á[39m[90m√î√∂√á[39m[90m√î√∂√á[39m[90m√î√∂√á[39m[90m√î√∂√á[39m[90m√î√∂√á[39m[90m√î√∂√á[39m[90m√î√∂√á[39m[90m√î√∂√á[39m[90m√î√∂√á[39m[90m√î√∂√á[39m[90m√î√∂√á[39m[90m√î√∂√á[39m[90m√î√∂√á[39m[90m√î√∂√á[39m[90m√î√∂√á[39m[90m√î√∂√á[39m[90m√î√∂√á[39m[90m√î√∂√á[39m[90m√î√∂√á[39m[90m√î√∂√á[39m[90m√î√∂√á[39m[90m√î√∂√á[39m[90m√î√∂√á[39m[90m√î√∂√á[39m[90m√î√∂√á[39m[90m√î√∂√á[39m[90m√î√∂√á[39m[90m√î√∂√á[39m[90m√î√∂√á[39m[90m√î√∂√á[39m[90m√î√∂√á[39m[90m√î√∂√á[39m[90m√î√∂√á[39m[90m√î√∂√á[39m[90m√î√∂√á[39m[90m√î√∂√á[39m[90m√î√∂√á[39m[90m√î√∂√á[39m[90m√î√∂√á[39m[90m√î√∂√á[39m[90m√î√∂√á[39m
smoke	Run quick smoke E2E (smoke + navbar + booking modal + login smoke)	2025-10-30T08:09:21.8584742Z                                                                                                     
smoke	Run quick smoke E2E (smoke + navbar + booking modal + login smoke)	2025-10-30T08:09:21.8585333Z   Running:  [90msmoke.cy.js[39m                                                                     [90m(1 of 5)[39m
smoke	Run quick smoke E2E (smoke + navbar + booking modal + login smoke)	2025-10-30T08:09:24.6289513Z 
smoke	Run quick smoke E2E (smoke + navbar + booking modal + login smoke)	2025-10-30T08:09:24.6292304Z [0m[0m
smoke	Run quick smoke E2E (smoke + navbar + booking modal + login smoke)	2025-10-30T08:09:24.6320738Z [0m  Smoke[0m
smoke	Run quick smoke E2E (smoke + navbar + booking modal + login smoke)	2025-10-30T08:09:26.2501591Z   [32m  √î¬£√¥[0m[90m loads home and has visible header and footer[0m[90m (1560ms)[0m
smoke	Run quick smoke E2E (smoke + navbar + booking modal + login smoke)	2025-10-30T08:09:26.3056377Z   [32m  √î¬£√¥[0m[90m backend /health responds[0m[90m (35ms)[0m
smoke	Run quick smoke E2E (smoke + navbar + booking modal + login smoke)	2025-10-30T08:09:26.3058332Z 
smoke	Run quick smoke E2E (smoke + navbar + booking modal + login smoke)	2025-10-30T08:09:26.3189436Z 
smoke	Run quick smoke E2E (smoke + navbar + booking modal + login smoke)	2025-10-30T08:09:26.3191939Z [92m [0m[32m 2 passing[0m[90m (2s)[0m
smoke	Run quick smoke E2E (smoke + navbar + booking modal + login smoke)	2025-10-30T08:09:26.3192355Z 
smoke	Run quick smoke E2E (smoke + navbar + booking modal + login smoke)	2025-10-30T08:09:26.3211048Z 
smoke	Run quick smoke E2E (smoke + navbar + booking modal + login smoke)	2025-10-30T08:09:26.3212855Z [32m  ([4m[1mResults[22m[24m)[39m
smoke	Run quick smoke E2E (smoke + navbar + booking modal + login smoke)	2025-10-30T08:09:26.3240532Z 
smoke	Run quick smoke E2E (smoke + navbar + booking modal + login smoke)	2025-10-30T08:09:26.3256078Z [90m  √î√∂√Æ[39m[90m√î√∂√á[39m[90m√î√∂√á[39m[90m√î√∂√á[39m[90m√î√∂√á[39m[90m√î√∂√á[39m[90m√î√∂√á[39m[90m√î√∂√á[39m[90m√î√∂√á[39m[90m√î√∂√á[39m[90m√î√∂√á[39m[90m√î√∂√á[39m[90m√î√∂√á[39m[90m√î√∂√á[39m[90m√î√∂√á[39m[90m√î√∂√á[39m[90m√î√∂√á[39m[90m√î√∂√á[39m[90m√î√∂√á[39m[90m√î√∂√á[39m[90m√î√∂√á[39m[90m√î√∂√á[39m[90m√î√∂√á[39m[90m√î√∂√á[39m[90m√î√∂√á[39m[90m√î√∂√á[39m[90m√î√∂√á[39m[90m√î√∂√á[39m[90m√î√∂√á[39m[90m√î√∂√á[39m[90m√î√∂√á[39m[90m√î√∂√á[39m[90m√î√∂√á[39m[90m√î√∂√á[39m[90m√î√∂√á[39m[90m√î√∂√á[39m[90m√î√∂√á[39m[90m√î√∂√á[39m[90m√î√∂√á[39m[90m√î√∂√á[39m[90m√î√∂√á[39m[90m√î√∂√á[39m[90m√î√∂√á[39m[90m√î√∂√á[39m[90m√î√∂√á[39m[90m√î√∂√á[39m[90m√î√∂√á[39m[90m√î√∂√á[39m[90m√î√∂√á[39m[90m√î√∂√á[39m[90m√î√∂√á[39m[90m√î√∂√á[39m[90m√î√∂√á[39m[90m√î√∂√á[39m[90m√î√∂√á[39m[90m√î√∂√á[39m[90m√î√∂√á[39m[90m√î√∂√á[39m[90m√î√∂√á[39m[90m√î√∂√á[39m[90m√î√∂√á[39m[90m√î√∂√á[39m[90m√î√∂√á[39m[90m√î√∂√á[39m[90m√î√∂√á[39m[90m√î√∂√á[39m[90m√î√∂√á[39m[90m√î√∂√á[39m[90m√î√∂√á[39m[90m√î√∂√á[39m[90m√î√∂√á[39m[90m√î√∂√á[39m[90m√î√∂√á[39m[90m√î√∂√á[39m[90m√î√∂√á[39m[90m√î√∂√á[39m[90m√î√∂√á[39m[90m√î√∂√á[39m[90m√î√∂√á[39m[90m√î√∂√á[39m[90m√î√∂√á[39m[90m√î√∂√á[39m[90m√î√∂√á[39m[90m√î√∂√á[39m[90m√î√∂√á[39m[90m√î√∂√á[39m[90m√î√∂√á[39m[90m√î√∂√á[39m[90m√î√∂√á[39m[90m√î√∂√á[39m[90m√î√∂√á[39m[90m√î√∂√á[39m[90m√î√∂√á[39m[90m√î√∂√á[39m[90m√î√∂√á[39m[90m√î√∂√á[39m[90m√î√∂√á[39m[90m√î√∂√â[39m
smoke	Run quick smoke E2E (smoke + navbar + booking modal + login smoke)	2025-10-30T08:09:26.3261083Z [90m  √î√∂√©[39m [90mTests:[39m        [32m2[39m                                                                                [90m√î√∂√©[39m
smoke	Run quick smoke E2E (smoke + navbar + booking modal + login smoke)	2025-10-30T08:09:26.3262362Z [90m  √î√∂√©[39m [90mPassing:[39m      [32m2[39m                                                                                [90m√î√∂√©[39m
smoke	Run quick smoke E2E (smoke + navbar + booking modal + login smoke)	2025-10-30T08:09:26.3263597Z [90m  √î√∂√©[39m [90mFailing:[39m      [32m0[39m                                                                                [90m√î√∂√©[39m
smoke	Run quick smoke E2E (smoke + navbar + booking modal + login smoke)	2025-10-30T08:09:26.3265046Z [90m  √î√∂√©[39m [90mPending:[39m      [32m0[39m                                                                                [90m√î√∂√©[39m
smoke	Run quick smoke E2E (smoke + navbar + booking modal + login smoke)	2025-10-30T08:09:26.3266260Z [90m  √î√∂√©[39m [90mSkipped:[39m      [32m0[39m                                                                                [90m√î√∂√©[39m
smoke	Run quick smoke E2E (smoke + navbar + booking modal + login smoke)	2025-10-30T08:09:26.3267589Z [90m  √î√∂√©[39m [90mScreenshots:[39m  [32m0[39m                                                                                [90m√î√∂√©[39m
smoke	Run quick smoke E2E (smoke + navbar + booking modal + login smoke)	2025-10-30T08:09:26.3269038Z [90m  √î√∂√©[39m [90mVideo:[39m        [32mfalse[39m                                                                            [90m√î√∂√©[39m
smoke	Run quick smoke E2E (smoke + navbar + booking modal + login smoke)	2025-10-30T08:09:26.3270859Z [90m  √î√∂√©[39m [90mDuration:[39m     [32m1 second[39m                                                                         [90m√î√∂√©[39m
smoke	Run quick smoke E2E (smoke + navbar + booking modal + login smoke)	2025-10-30T08:09:26.3272340Z [90m  √î√∂√©[39m [90mSpec Ran:[39m     [32m[32msmoke.cy.js[32m[39m                                                                      [90m√î√∂√©[39m
smoke	Run quick smoke E2E (smoke + navbar + booking modal + login smoke)	2025-10-30T08:09:26.3279495Z [90m  √î√∂√∂[39m[90m√î√∂√á[39m[90m√î√∂√á[39m[90m√î√∂√á[39m[90m√î√∂√á[39m[90m√î√∂√á[39m[90m√î√∂√á[39m[90m√î√∂√á[39m[90m√î√∂√á[39m[90m√î√∂√á[39m[90m√î√∂√á[39m[90m√î√∂√á[39m[90m√î√∂√á[39m[90m√î√∂√á[39m[90m√î√∂√á[39m[90m√î√∂√á[39m[90m√î√∂√á[39m[90m√î√∂√á[39m[90m√î√∂√á[39m[90m√î√∂√á[39m[90m√î√∂√á[39m[90m√î√∂√á[39m[90m√î√∂√á[39m[90m√î√∂√á[39m[90m√î√∂√á[39m[90m√î√∂√á[39m[90m√î√∂√á[39m[90m√î√∂√á[39m[90m√î√∂√á[39m[90m√î√∂√á[39m[90m√î√∂√á[39m[90m√î√∂√á[39m[90m√î√∂√á[39m[90m√î√∂√á[39m[90m√î√∂√á[39m[90m√î√∂√á[39m[90m√î√∂√á[39m[90m√î√∂√á[39m[90m√î√∂√á[39m[90m√î√∂√á[39m[90m√î√∂√á[39m[90m√î√∂√á[39m[90m√î√∂√á[39m[90m√î√∂√á[39m[90m√î√∂√á[39m[90m√î√∂√á[39m[90m√î√∂√á[39m[90m√î√∂√á[39m[90m√î√∂√á[39m[90m√î√∂√á[39m[90m√î√∂√á[39m[90m√î√∂√á[39m[90m√î√∂√á[39m[90m√î√∂√á[39m[90m√î√∂√á[39m[90m√î√∂√á[39m[90m√î√∂√á[39m[90m√î√∂√á[39m[90m√î√∂√á[39m[90m√î√∂√á[39m[90m√î√∂√á[39m[90m√î√∂√á[39m[90m√î√∂√á[39m[90m√î√∂√á[39m[90m√î√∂√á[39m[90m√î√∂√á[39m[90m√î√∂√á[39m[90m√î√∂√á[39m[90m√î√∂√á[39m[90m√î√∂√á[39m[90m√î√∂√á[39m[90m√î√∂√á[39m[90m√î√∂√á[39m[90m√î√∂√á[39m[90m√î√∂√á[39m[90m√î√∂√á[39m[90m√î√∂√á[39m[90m√î√∂√á[39m[90m√î√∂√á[39m[90m√î√∂√á[39m[90m√î√∂√á[39m[90m√î√∂√á[39m[90m√î√∂√á[39m[90m√î√∂√á[39m[90m√î√∂√á[39m[90m√î√∂√á[39m[90m√î√∂√á[39m[90m√î√∂√á[39m[90m√î√∂√á[39m[90m√î√∂√á[39m[90m√î√∂√á[39m[90m√î√∂√á[39m[90m√î√∂√á[39m[90m√î√∂√á[39m[90m√î√∂√á[39m[90m√î√∂√á[39m[90m√î√∂√á[39m[90m√î√∂√ø[39m
smoke	Run quick smoke E2E (smoke + navbar + booking modal + login smoke)	2025-10-30T08:09:26.3282192Z 
smoke	Run quick smoke E2E (smoke + navbar + booking modal + login smoke)	2025-10-30T08:09:26.3326455Z 
smoke	Run quick smoke E2E (smoke + navbar + booking modal + login smoke)	2025-10-30T08:09:26.3339563Z [90m√î√∂√á[39m[90m√î√∂√á[39m[90m√î√∂√á[39m[90m√î√∂√á[39m[90m√î√∂√á[39m[90m√î√∂√á[39m[90m√î√∂√á[39m[90m√î√∂√á[39m[90m√î√∂√á[39m[90m√î√∂√á[39m[90m√î√∂√á[39m[90m√î√∂√á[39m[90m√î√∂√á[39m[90m√î√∂√á[39m[90m√î√∂√á[39m[90m√î√∂√á[39m[90m√î√∂√á[39m[90m√î√∂√á[39m[90m√î√∂√á[39m[90m√î√∂√á[39m[90m√î√∂√á[39m[90m√î√∂√á[39m[90m√î√∂√á[39m[90m√î√∂√á[39m[90m√î√∂√á[39m[90m√î√∂√á[39m[90m√î√∂√á[39m[90m√î√∂√á[39m[90m√î√∂√á[39m[90m√î√∂√á[39m[90m√î√∂√á[39m[90m√î√∂√á[39m[90m√î√∂√á[39m[90m√î√∂√á[39m[90m√î√∂√á[39m[90m√î√∂√á[39m[90m√î√∂√á[39m[90m√î√∂√á[39m[90m√î√∂√á[39m[90m√î√∂√á[39m[90m√î√∂√á[39m[90m√î√∂√á[39m[90m√î√∂√á[39m[90m√î√∂√á[39m[90m√î√∂√á[39m[90m√î√∂√á[39m[90m√î√∂√á[39m[90m√î√∂√á[39m[90m√î√∂√á[39m[90m√î√∂√á[39m[90m√î√∂√á[39m[90m√î√∂√á[39m[90m√î√∂√á[39m[90m√î√∂√á[39m[90m√î√∂√á[39m[90m√î√∂√á[39m[90m√î√∂√á[39m[90m√î√∂√á[39m[90m√î√∂√á[39m[90m√î√∂√á[39m[90m√î√∂√á[39m[90m√î√∂√á[39m[90m√î√∂√á[39m[90m√î√∂√á[39m[90m√î√∂√á[39m[90m√î√∂√á[39m[90m√î√∂√á[39m[90m√î√∂√á[39m[90m√î√∂√á[39m[90m√î√∂√á[39m[90m√î√∂√á[39m[90m√î√∂√á[39m[90m√î√∂√á[39m[90m√î√∂√á[39m[90m√î√∂√á[39m[90m√î√∂√á[39m[90m√î√∂√á[39m[90m√î√∂√á[39m[90m√î√∂√á[39m[90m√î√∂√á[39m[90m√î√∂√á[39m[90m√î√∂√á[39m[90m√î√∂√á[39m[90m√î√∂√á[39m[90m√î√∂√á[39m[90m√î√∂√á[39m[90m√î√∂√á[39m[90m√î√∂√á[39m[90m√î√∂√á[39m[90m√î√∂√á[39m[90m√î√∂√á[39m[90m√î√∂√á[39m[90m√î√∂√á[39m[90m√î√∂√á[39m[90m√î√∂√á[39m[90m√î√∂√á[39m[90m√î√∂√á[39m[90m√î√∂√á[39m[90m√î√∂√á[39m[90m√î√∂√á[39m
smoke	Run quick smoke E2E (smoke + navbar + booking modal + login smoke)	2025-10-30T08:09:26.3343863Z                                                                                                     
smoke	Run quick smoke E2E (smoke + navbar + booking modal + login smoke)	2025-10-30T08:09:26.3345037Z   Running:  [90mnav_mobile.cy.js[39m                                                                [90m(2 of 5)[39m
smoke	Run quick smoke E2E (smoke + navbar + booking modal + login smoke)	2025-10-30T08:09:27.8359275Z 
smoke	Run quick smoke E2E (smoke + navbar + booking modal + login smoke)	2025-10-30T08:09:27.8360060Z [0m[0m
smoke	Run quick smoke E2E (smoke + navbar + booking modal + login smoke)	2025-10-30T08:09:27.8391396Z [0m  Mobile navbar[0m
smoke	Run quick smoke E2E (smoke + navbar + booking modal + login smoke)	2025-10-30T08:09:28.9892818Z   [32m  √î¬£√¥[0m[90m does not show Book Now in mobile navbar and has no /book links[0m[90m (1138ms)[0m
smoke	Run quick smoke E2E (smoke + navbar + booking modal + login smoke)	2025-10-30T08:09:29.0012829Z 
smoke	Run quick smoke E2E (smoke + navbar + booking modal + login smoke)	2025-10-30T08:09:29.0013887Z [0m  Mobile Navbar[0m
smoke	Run quick smoke E2E (smoke + navbar + booking modal + login smoke)	2025-10-30T08:09:29.4941624Z   [32m  √î¬£√¥[0m[90m does not show Book Now or quick /book links on mobile[0m[90m (455ms)[0m
smoke	Run quick smoke E2E (smoke + navbar + booking modal + login smoke)	2025-10-30T08:09:29.4942521Z 
smoke	Run quick smoke E2E (smoke + navbar + booking modal + login smoke)	2025-10-30T08:09:29.5085872Z 
smoke	Run quick smoke E2E (smoke + navbar + booking modal + login smoke)	2025-10-30T08:09:29.5086734Z [92m [0m[32m 2 passing[0m[90m (2s)[0m
smoke	Run quick smoke E2E (smoke + navbar + booking modal + login smoke)	2025-10-30T08:09:29.5087106Z 
smoke	Run quick smoke E2E (smoke + navbar + booking modal + login smoke)	2025-10-30T08:09:29.5093588Z 
smoke	Run quick smoke E2E (smoke + navbar + booking modal + login smoke)	2025-10-30T08:09:29.5094918Z [32m  ([4m[1mResults[22m[24m)[39m
smoke	Run quick smoke E2E (smoke + navbar + booking modal + login smoke)	2025-10-30T08:09:29.5100519Z 
smoke	Run quick smoke E2E (smoke + navbar + booking modal + login smoke)	2025-10-30T08:09:29.5117502Z [90m  √î√∂√Æ[39m[90m√î√∂√á[39m[90m√î√∂√á[39m[90m√î√∂√á[39m[90m√î√∂√á[39m[90m√î√∂√á[39m[90m√î√∂√á[39m[90m√î√∂√á[39m[90m√î√∂√á[39m[90m√î√∂√á[39m[90m√î√∂√á[39m[90m√î√∂√á[39m[90m√î√∂√á[39m[90m√î√∂√á[39m[90m√î√∂√á[39m[90m√î√∂√á[39m[90m√î√∂√á[39m[90m√î√∂√á[39m[90m√î√∂√á[39m[90m√î√∂√á[39m[90m√î√∂√á[39m[90m√î√∂√á[39m[90m√î√∂√á[39m[90m√î√∂√á[39m[90m√î√∂√á[39m[90m√î√∂√á[39m[90m√î√∂√á[39m[90m√î√∂√á[39m[90m√î√∂√á[39m[90m√î√∂√á[39m[90m√î√∂√á[39m[90m√î√∂√á[39m[90m√î√∂√á[39m[90m√î√∂√á[39m[90m√î√∂√á[39m[90m√î√∂√á[39m[90m√î√∂√á[39m[90m√î√∂√á[39m[90m√î√∂√á[39m[90m√î√∂√á[39m[90m√î√∂√á[39m[90m√î√∂√á[39m[90m√î√∂√á[39m[90m√î√∂√á[39m[90m√î√∂√á[39m[90m√î√∂√á[39m[90m√î√∂√á[39m[90m√î√∂√á[39m[90m√î√∂√á[39m[90m√î√∂√á[39m[90m√î√∂√á[39m[90m√î√∂√á[39m[90m√î√∂√á[39m[90m√î√∂√á[39m[90m√î√∂√á[39m[90m√î√∂√á[39m[90m√î√∂√á[39m[90m√î√∂√á[39m[90m√î√∂√á[39m[90m√î√∂√á[39m[90m√î√∂√á[39m[90m√î√∂√á[39m[90m√î√∂√á[39m[90m√î√∂√á[39m[90m√î√∂√á[39m[90m√î√∂√á[39m[90m√î√∂√á[39m[90m√î√∂√á[39m[90m√î√∂√á[39m[90m√î√∂√á[39m[90m√î√∂√á[39m[90m√î√∂√á[39m[90m√î√∂√á[39m[90m√î√∂√á[39m[90m√î√∂√á[39m[90m√î√∂√á[39m[90m√î√∂√á[39m[90m√î√∂√á[39m[90m√î√∂√á[39m[90m√î√∂√á[39m[90m√î√∂√á[39m[90m√î√∂√á[39m[90m√î√∂√á[39m[90m√î√∂√á[39m[90m√î√∂√á[39m[90m√î√∂√á[39m[90m√î√∂√á[39m[90m√î√∂√á[39m[90m√î√∂√á[39m[90m√î√∂√á[39m[90m√î√∂√á[39m[90m√î√∂√á[39m[90m√î√∂√á[39m[90m√î√∂√á[39m[90m√î√∂√á[39m[90m√î√∂√á[39m[90m√î√∂√á[39m[90m√î√∂√â[39m
smoke	Run quick smoke E2E (smoke + navbar + booking modal + login smoke)	2025-10-30T08:09:29.5122447Z [90m  √î√∂√©[39m [90mTests:[39m        [32m2[39m                                                                                [90m√î√∂√©[39m
smoke	Run quick smoke E2E (smoke + navbar + booking modal + login smoke)	2025-10-30T08:09:29.5123726Z [90m  √î√∂√©[39m [90mPassing:[39m      [32m2[39m                                                                                [90m√î√∂√©[39m
smoke	Run quick smoke E2E (smoke + navbar + booking modal + login smoke)	2025-10-30T08:09:29.5125595Z [90m  √î√∂√©[39m [90mFailing:[39m      [32m0[39m                                                                                [90m√î√∂√©[39m
smoke	Run quick smoke E2E (smoke + navbar + booking modal + login smoke)	2025-10-30T08:09:29.5126876Z [90m  √î√∂√©[39m [90mPending:[39m      [32m0[39m                                                                                [90m√î√∂√©[39m
smoke	Run quick smoke E2E (smoke + navbar + booking modal + login smoke)	2025-10-30T08:09:29.5128101Z [90m  √î√∂√©[39m [90mSkipped:[39m      [32m0[39m                                                                                [90m√î√∂√©[39m
smoke	Run quick smoke E2E (smoke + navbar + booking modal + login smoke)	2025-10-30T08:09:29.5129396Z [90m  √î√∂√©[39m [90mScreenshots:[39m  [32m0[39m                                                                                [90m√î√∂√©[39m
smoke	Run quick smoke E2E (smoke + navbar + booking modal + login smoke)	2025-10-30T08:09:29.5131163Z [90m  √î√∂√©[39m [90mVideo:[39m        [32mfalse[39m                                                                            [90m√î√∂√©[39m
smoke	Run quick smoke E2E (smoke + navbar + booking modal + login smoke)	2025-10-30T08:09:29.5132580Z [90m  √î√∂√©[39m [90mDuration:[39m     [32m1 second[39m                                                                         [90m√î√∂√©[39m
smoke	Run quick smoke E2E (smoke + navbar + booking modal + login smoke)	2025-10-30T08:09:29.5134007Z [90m  √î√∂√©[39m [90mSpec Ran:[39m     [32m[32mnav_mobile.cy.js[32m[39m                                                                 [90m√î√∂√©[39m
smoke	Run quick smoke E2E (smoke + navbar + booking modal + login smoke)	2025-10-30T08:09:29.5141180Z [90m  √î√∂√∂[39m[90m√î√∂√á[39m[90m√î√∂√á[39m[90m√î√∂√á[39m[90m√î√∂√á[39m[90m√î√∂√á[39m[90m√î√∂√á[39m[90m√î√∂√á[39m[90m√î√∂√á[39m[90m√î√∂√á[39m[90m√î√∂√á[39m[90m√î√∂√á[39m[90m√î√∂√á[39m[90m√î√∂√á[39m[90m√î√∂√á[39m[90m√î√∂√á[39m[90m√î√∂√á[39m[90m√î√∂√á[39m[90m√î√∂√á[39m[90m√î√∂√á[39m[90m√î√∂√á[39m[90m√î√∂√á[39m[90m√î√∂√á[39m[90m√î√∂√á[39m[90m√î√∂√á[39m[90m√î√∂√á[39m[90m√î√∂√á[39m[90m√î√∂√á[39m[90m√î√∂√á[39m[90m√î√∂√á[39m[90m√î√∂√á[39m[90m√î√∂√á[39m[90m√î√∂√á[39m[90m√î√∂√á[39m[90m√î√∂√á[39m[90m√î√∂√á[39m[90m√î√∂√á[39m[90m√î√∂√á[39m[90m√î√∂√á[39m[90m√î√∂√á[39m[90m√î√∂√á[39m[90m√î√∂√á[39m[90m√î√∂√á[39m[90m√î√∂√á[39m[90m√î√∂√á[39m[90m√î√∂√á[39m[90m√î√∂√á[39m[90m√î√∂√á[39m[90m√î√∂√á[39m[90m√î√∂√á[39m[90m√î√∂√á[39m[90m√î√∂√á[39m[90m√î√∂√á[39m[90m√î√∂√á[39m[90m√î√∂√á[39m[90m√î√∂√á[39m[90m√î√∂√á[39m[90m√î√∂√á[39m[90m√î√∂√á[39m[90m√î√∂√á[39m[90m√î√∂√á[39m[90m√î√∂√á[39m[90m√î√∂√á[39m[90m√î√∂√á[39m[90m√î√∂√á[39m[90m√î√∂√á[39m[90m√î√∂√á[39m[90m√î√∂√á[39m[90m√î√∂√á[39m[90m√î√∂√á[39m[90m√î√∂√á[39m[90m√î√∂√á[39m[90m√î√∂√á[39m[90m√î√∂√á[39m[90m√î√∂√á[39m[90m√î√∂√á[39m[90m√î√∂√á[39m[90m√î√∂√á[39m[90m√î√∂√á[39m[90m√î√∂√á[39m[90m√î√∂√á[39m[90m√î√∂√á[39m[90m√î√∂√á[39m[90m√î√∂√á[39m[90m√î√∂√á[39m[90m√î√∂√á[39m[90m√î√∂√á[39m[90m√î√∂√á[39m[90m√î√∂√á[39m[90m√î√∂√á[39m[90m√î√∂√á[39m[90m√î√∂√á[39m[90m√î√∂√á[39m[90m√î√∂√á[39m[90m√î√∂√á[39m[90m√î√∂√á[39m[90m√î√∂√á[39m[90m√î√∂√ø[39m
smoke	Run quick smoke E2E (smoke + navbar + booking modal + login smoke)	2025-10-30T08:09:29.5145451Z 
smoke	Run quick smoke E2E (smoke + navbar + booking modal + login smoke)	2025-10-30T08:09:29.5175291Z 
smoke	Run quick smoke E2E (smoke + navbar + booking modal + login smoke)	2025-10-30T08:09:29.5187124Z [90m√î√∂√á[39m[90m√î√∂√á[39m[90m√î√∂√á[39m[90m√î√∂√á[39m[90m√î√∂√á[39m[90m√î√∂√á[39m[90m√î√∂√á[39m[90m√î√∂√á[39m[90m√î√∂√á[39m[90m√î√∂√á[39m[90m√î√∂√á[39m[90m√î√∂√á[39m[90m√î√∂√á[39m[90m√î√∂√á[39m[90m√î√∂√á[39m[90m√î√∂√á[39m[90m√î√∂√á[39m[90m√î√∂√á[39m[90m√î√∂√á[39m[90m√î√∂√á[39m[90m√î√∂√á[39m[90m√î√∂√á[39m[90m√î√∂√á[39m[90m√î√∂√á[39m[90m√î√∂√á[39m[90m√î√∂√á[39m[90m√î√∂√á[39m[90m√î√∂√á[39m[90m√î√∂√á[39m[90m√î√∂√á[39m[90m√î√∂√á[39m[90m√î√∂√á[39m[90m√î√∂√á[39m[90m√î√∂√á[39m[90m√î√∂√á[39m[90m√î√∂√á[39m[90m√î√∂√á[39m[90m√î√∂√á[39m[90m√î√∂√á[39m[90m√î√∂√á[39m[90m√î√∂√á[39m[90m√î√∂√á[39m[90m√î√∂√á[39m[90m√î√∂√á[39m[90m√î√∂√á[39m[90m√î√∂√á[39m[90m√î√∂√á[39m[90m√î√∂√á[39m[90m√î√∂√á[39m[90m√î√∂√á[39m[90m√î√∂√á[39m[90m√î√∂√á[39m[90m√î√∂√á[39m[90m√î√∂√á[39m[90m√î√∂√á[39m[90m√î√∂√á[39m[90m√î√∂√á[39m[90m√î√∂√á[39m[90m√î√∂√á[39m[90m√î√∂√á[39m[90m√î√∂√á[39m[90m√î√∂√á[39m[90m√î√∂√á[39m[90m√î√∂√á[39m[90m√î√∂√á[39m[90m√î√∂√á[39m[90m√î√∂√á[39m[90m√î√∂√á[39m[90m√î√∂√á[39m[90m√î√∂√á[39m[90m√î√∂√á[39m[90m√î√∂√á[39m[90m√î√∂√á[39m[90m√î√∂√á[39m[90m√î√∂√á[39m[90m√î√∂√á[39m[90m√î√∂√á[39m[90m√î√∂√á[39m[90m√î√∂√á[39m[90m√î√∂√á[39m[90m√î√∂√á[39m[90m√î√∂√á[39m[90m√î√∂√á[39m[90m√î√∂√á[39m[90m√î√∂√á[39m[90m√î√∂√á[39m[90m√î√∂√á[39m[90m√î√∂√á[39m[90m√î√∂√á[39m[90m√î√∂√á[39m[90m√î√∂√á[39m[90m√î√∂√á[39m[90m√î√∂√á[39m[90m√î√∂√á[39m[90m√î√∂√á[39m[90m√î√∂√á[39m[90m√î√∂√á[39m[90m√î√∂√á[39m[90m√î√∂√á[39m[90m√î√∂√á[39m
smoke	Run quick smoke E2E (smoke + navbar + booking modal + login smoke)	2025-10-30T08:09:29.5193761Z                                                                                                     
smoke	Run quick smoke E2E (smoke + navbar + booking modal + login smoke)	2025-10-30T08:09:29.5195072Z   Running:  [90mbooking_modal.cy.js[39m                                                             [90m(3 of 5)[39m
smoke	Run quick smoke E2E (smoke + navbar + booking modal + login smoke)	2025-10-30T08:09:31.0309140Z 
smoke	Run quick smoke E2E (smoke + navbar + booking modal + login smoke)	2025-10-30T08:09:31.0310421Z [0m[0m
smoke	Run quick smoke E2E (smoke + navbar + booking modal + login smoke)	2025-10-30T08:09:31.0341971Z [0m  Booking modal (programmatic open)[0m
smoke	Run quick smoke E2E (smoke + navbar + booking modal + login smoke)	2025-10-30T08:09:31.7246561Z   [32m  √î¬£√¥[0m[90m opens the booking modal via the app test hook and shows dialog controls[0m[90m (649ms)[0m
smoke	Run quick smoke E2E (smoke + navbar + booking modal + login smoke)	2025-10-30T08:09:31.7389270Z 
smoke	Run quick smoke E2E (smoke + navbar + booking modal + login smoke)	2025-10-30T08:09:31.7390241Z [0m  Booking Modal[0m
smoke	Run quick smoke E2E (smoke + navbar + booking modal + login smoke)	2025-10-30T08:09:32.5049245Z   [32m  √î¬£√¥[0m[90m opens modal and creates an accommodation booking[0m[90m (752ms)[0m
smoke	Run quick smoke E2E (smoke + navbar + booking modal + login smoke)	2025-10-30T08:09:33.1867898Z   [32m  √î¬£√¥[0m[90m opens modal and focuses first control, traps focus, and closes on Escape[0m[90m (649ms)[0m
smoke	Run quick smoke E2E (smoke + navbar + booking modal + login smoke)	2025-10-30T08:09:33.1868575Z 
smoke	Run quick smoke E2E (smoke + navbar + booking modal + login smoke)	2025-10-30T08:09:33.1989327Z 
smoke	Run quick smoke E2E (smoke + navbar + booking modal + login smoke)	2025-10-30T08:09:33.1990259Z [92m [0m[32m 3 passing[0m[90m (2s)[0m
smoke	Run quick smoke E2E (smoke + navbar + booking modal + login smoke)	2025-10-30T08:09:33.1990734Z 
smoke	Run quick smoke E2E (smoke + navbar + booking modal + login smoke)	2025-10-30T08:09:33.1998664Z 
smoke	Run quick smoke E2E (smoke + navbar + booking modal + login smoke)	2025-10-30T08:09:33.1999825Z [32m  ([4m[1mResults[22m[24m)[39m
smoke	Run quick smoke E2E (smoke + navbar + booking modal + login smoke)	2025-10-30T08:09:33.2005172Z 
smoke	Run quick smoke E2E (smoke + navbar + booking modal + login smoke)	2025-10-30T08:09:33.2020774Z [90m  √î√∂√Æ[39m[90m√î√∂√á[39m[90m√î√∂√á[39m[90m√î√∂√á[39m[90m√î√∂√á[39m[90m√î√∂√á[39m[90m√î√∂√á[39m[90m√î√∂√á[39m[90m√î√∂√á[39m[90m√î√∂√á[39m[90m√î√∂√á[39m[90m√î√∂√á[39m[90m√î√∂√á[39m[90m√î√∂√á[39m[90m√î√∂√á[39m[90m√î√∂√á[39m[90m√î√∂√á[39m[90m√î√∂√á[39m[90m√î√∂√á[39m[90m√î√∂√á[39m[90m√î√∂√á[39m[90m√î√∂√á[39m[90m√î√∂√á[39m[90m√î√∂√á[39m[90m√î√∂√á[39m[90m√î√∂√á[39m[90m√î√∂√á[39m[90m√î√∂√á[39m[90m√î√∂√á[39m[90m√î√∂√á[39m[90m√î√∂√á[39m[90m√î√∂√á[39m[90m√î√∂√á[39m[90m√î√∂√á[39m[90m√î√∂√á[39m[90m√î√∂√á[39m[90m√î√∂√á[39m[90m√î√∂√á[39m[90m√î√∂√á[39m[90m√î√∂√á[39m[90m√î√∂√á[39m[90m√î√∂√á[39m[90m√î√∂√á[39m[90m√î√∂√á[39m[90m√î√∂√á[39m[90m√î√∂√á[39m[90m√î√∂√á[39m[90m√î√∂√á[39m[90m√î√∂√á[39m[90m√î√∂√á[39m[90m√î√∂√á[39m[90m√î√∂√á[39m[90m√î√∂√á[39m[90m√î√∂√á[39m[90m√î√∂√á[39m[90m√î√∂√á[39m[90m√î√∂√á[39m[90m√î√∂√á[39m[90m√î√∂√á[39m[90m√î√∂√á[39m[90m√î√∂√á[39m[90m√î√∂√á[39m[90m√î√∂√á[39m[90m√î√∂√á[39m[90m√î√∂√á[39m[90m√î√∂√á[39m[90m√î√∂√á[39m[90m√î√∂√á[39m[90m√î√∂√á[39m[90m√î√∂√á[39m[90m√î√∂√á[39m[90m√î√∂√á[39m[90m√î√∂√á[39m[90m√î√∂√á[39m[90m√î√∂√á[39m[90m√î√∂√á[39m[90m√î√∂√á[39m[90m√î√∂√á[39m[90m√î√∂√á[39m[90m√î√∂√á[39m[90m√î√∂√á[39m[90m√î√∂√á[39m[90m√î√∂√á[39m[90m√î√∂√á[39m[90m√î√∂√á[39m[90m√î√∂√á[39m[90m√î√∂√á[39m[90m√î√∂√á[39m[90m√î√∂√á[39m[90m√î√∂√á[39m[90m√î√∂√á[39m[90m√î√∂√á[39m[90m√î√∂√á[39m[90m√î√∂√á[39m[90m√î√∂√á[39m[90m√î√∂√á[39m[90m√î√∂√á[39m[90m√î√∂√â[39m
smoke	Run quick smoke E2E (smoke + navbar + booking modal + login smoke)	2025-10-30T08:09:33.2023934Z [90m  √î√∂√©[39m [90mTests:[39m        [32m3[39m                                                                                [90m√î√∂√©[39m
smoke	Run quick smoke E2E (smoke + navbar + booking modal + login smoke)	2025-10-30T08:09:33.2025448Z [90m  √î√∂√©[39m [90mPassing:[39m      [32m3[39m                                                                                [90m√î√∂√©[39m
smoke	Run quick smoke E2E (smoke + navbar + booking modal + login smoke)	2025-10-30T08:09:33.2027117Z [90m  √î√∂√©[39m [90mFailing:[39m      [32m0[39m                                                                                [90m√î√∂√©[39m
smoke	Run quick smoke E2E (smoke + navbar + booking modal + login smoke)	2025-10-30T08:09:33.2028413Z [90m  √î√∂√©[39m [90mPending:[39m      [32m0[39m                                                                                [90m√î√∂√©[39m
smoke	Run quick smoke E2E (smoke + navbar + booking modal + login smoke)	2025-10-30T08:09:33.2029373Z [90m  √î√∂√©[39m [90mSkipped:[39m      [32m0[39m                                                                                [90m√î√∂√©[39m
smoke	Run quick smoke E2E (smoke + navbar + booking modal + login smoke)	2025-10-30T08:09:33.2030257Z [90m  √î√∂√©[39m [90mScreenshots:[39m  [32m0[39m                                                                                [90m√î√∂√©[39m
smoke	Run quick smoke E2E (smoke + navbar + booking modal + login smoke)	2025-10-30T08:09:33.2030967Z [90m  √î√∂√©[39m [90mVideo:[39m        [32mfalse[39m                                                                            [90m√î√∂√©[39m
smoke	Run quick smoke E2E (smoke + navbar + booking modal + login smoke)	2025-10-30T08:09:33.2031828Z [90m  √î√∂√©[39m [90mDuration:[39m     [32m2 seconds[39m                                                                        [90m√î√∂√©[39m
smoke	Run quick smoke E2E (smoke + navbar + booking modal + login smoke)	2025-10-30T08:09:33.2032944Z [90m  √î√∂√©[39m [90mSpec Ran:[39m     [32m[32mbooking_modal.cy.js[32m[39m                                                              [90m√î√∂√©[39m
smoke	Run quick smoke E2E (smoke + navbar + booking modal + login smoke)	2025-10-30T08:09:33.2039232Z [90m  √î√∂√∂[39m[90m√î√∂√á[39m[90m√î√∂√á[39m[90m√î√∂√á[39m[90m√î√∂√á[39m[90m√î√∂√á[39m[90m√î√∂√á[39m[90m√î√∂√á[39m[90m√î√∂√á[39m[90m√î√∂√á[39m[90m√î√∂√á[39m[90m√î√∂√á[39m[90m√î√∂√á[39m[90m√î√∂√á[39m[90m√î√∂√á[39m[90m√î√∂√á[39m[90m√î√∂√á[39m[90m√î√∂√á[39m[90m√î√∂√á[39m[90m√î√∂√á[39m[90m√î√∂√á[39m[90m√î√∂√á[39m[90m√î√∂√á[39m[90m√î√∂√á[39m[90m√î√∂√á[39m[90m√î√∂√á[39m[90m√î√∂√á[39m[90m√î√∂√á[39m[90m√î√∂√á[39m[90m√î√∂√á[39m[90m√î√∂√á[39m[90m√î√∂√á[39m[90m√î√∂√á[39m[90m√î√∂√á[39m[90m√î√∂√á[39m[90m√î√∂√á[39m[90m√î√∂√á[39m[90m√î√∂√á[39m[90m√î√∂√á[39m[90m√î√∂√á[39m[90m√î√∂√á[39m[90m√î√∂√á[39m[90m√î√∂√á[39m[90m√î√∂√á[39m[90m√î√∂√á[39m[90m√î√∂√á[39m[90m√î√∂√á[39m[90m√î√∂√á[39m[90m√î√∂√á[39m[90m√î√∂√á[39m[90m√î√∂√á[39m[90m√î√∂√á[39m[90m√î√∂√á[39m[90m√î√∂√á[39m[90m√î√∂√á[39m[90m√î√∂√á[39m[90m√î√∂√á[39m[90m√î√∂√á[39m[90m√î√∂√á[39m[90m√î√∂√á[39m[90m√î√∂√á[39m[90m√î√∂√á[39m[90m√î√∂√á[39m[90m√î√∂√á[39m[90m√î√∂√á[39m[90m√î√∂√á[39m[90m√î√∂√á[39m[90m√î√∂√á[39m[90m√î√∂√á[39m[90m√î√∂√á[39m[90m√î√∂√á[39m[90m√î√∂√á[39m[90m√î√∂√á[39m[90m√î√∂√á[39m[90m√î√∂√á[39m[90m√î√∂√á[39m[90m√î√∂√á[39m[90m√î√∂√á[39m[90m√î√∂√á[39m[90m√î√∂√á[39m[90m√î√∂√á[39m[90m√î√∂√á[39m[90m√î√∂√á[39m[90m√î√∂√á[39m[90m√î√∂√á[39m[90m√î√∂√á[39m[90m√î√∂√á[39m[90m√î√∂√á[39m[90m√î√∂√á[39m[90m√î√∂√á[39m[90m√î√∂√á[39m[90m√î√∂√á[39m[90m√î√∂√á[39m[90m√î√∂√á[39m[90m√î√∂√á[39m[90m√î√∂√á[39m[90m√î√∂√á[39m[90m√î√∂√ø[39m
smoke	Run quick smoke E2E (smoke + navbar + booking modal + login smoke)	2025-10-30T08:09:33.2048150Z 
smoke	Run quick smoke E2E (smoke + navbar + booking modal + login smoke)	2025-10-30T08:09:33.2082827Z 
smoke	Run quick smoke E2E (smoke + navbar + booking modal + login smoke)	2025-10-30T08:09:33.2088546Z [90m√î√∂√á[39m[90m√î√∂√á[39m[90m√î√∂√á[39m[90m√î√∂√á[39m[90m√î√∂√á[39m[90m√î√∂√á[39m[90m√î√∂√á[39m[90m√î√∂√á[39m[90m√î√∂√á[39m[90m√î√∂√á[39m[90m√î√∂√á[39m[90m√î√∂√á[39m[90m√î√∂√á[39m[90m√î√∂√á[39m[90m√î√∂√á[39m[90m√î√∂√á[39m[90m√î√∂√á[39m[90m√î√∂√á[39m[90m√î√∂√á[39m[90m√î√∂√á[39m[90m√î√∂√á[39m[90m√î√∂√á[39m[90m√î√∂√á[39m[90m√î√∂√á[39m[90m√î√∂√á[39m[90m√î√∂√á[39m[90m√î√∂√á[39m[90m√î√∂√á[39m[90m√î√∂√á[39m[90m√î√∂√á[39m[90m√î√∂√á[39m[90m√î√∂√á[39m[90m√î√∂√á[39m[90m√î√∂√á[39m[90m√î√∂√á[39m[90m√î√∂√á[39m[90m√î√∂√á[39m[90m√î√∂√á[39m[90m√î√∂√á[39m[90m√î√∂√á[39m[90m√î√∂√á[39m[90m√î√∂√á[39m[90m√î√∂√á[39m[90m√î√∂√á[39m[90m√î√∂√á[39m[90m√î√∂√á[39m[90m√î√∂√á[39m[90m√î√∂√á[39m[90m√î√∂√á[39m[90m√î√∂√á[39m[90m√î√∂√á[39m[90m√î√∂√á[39m[90m√î√∂√á[39m[90m√î√∂√á[39m[90m√î√∂√á[39m[90m√î√∂√á[39m[90m√î√∂√á[39m[90m√î√∂√á[39m[90m√î√∂√á[39m[90m√î√∂√á[39m[90m√î√∂√á[39m[90m√î√∂√á[39m[90m√î√∂√á[39m[90m√î√∂√á[39m[90m√î√∂√á[39m[90m√î√∂√á[39m[90m√î√∂√á[39m[90m√î√∂√á[39m[90m√î√∂√á[39m[90m√î√∂√á[39m[90m√î√∂√á[39m[90m√î√∂√á[39m[90m√î√∂√á[39m[90m√î√∂√á[39m[90m√î√∂√á[39m[90m√î√∂√á[39m[90m√î√∂√á[39m[90m√î√∂√á[39m[90m√î√∂√á[39m[90m√î√∂√á[39m[90m√î√∂√á[39m[90m√î√∂√á[39m[90m√î√∂√á[39m[90m√î√∂√á[39m[90m√î√∂√á[39m[90m√î√∂√á[39m[90m√î√∂√á[39m[90m√î√∂√á[39m[90m√î√∂√á[39m[90m√î√∂√á[39m[90m√î√∂√á[39m[90m√î√∂√á[39m[90m√î√∂√á[39m[90m√î√∂√á[39m[90m√î√∂√á[39m[90m√î√∂√á[39m[90m√î√∂√á[39m[90m√î√∂√á[39m[90m√î√∂√á[39m[90m√î√∂√á[39m
smoke	Run quick smoke E2E (smoke + navbar + booking modal + login smoke)	2025-10-30T08:09:33.2092267Z                                                                                                     
smoke	Run quick smoke E2E (smoke + navbar + booking modal + login smoke)	2025-10-30T08:09:33.2093358Z   Running:  [90mlogin_register_smoke.cy.js[39m                                                      [90m(4 of 5)[39m
smoke	Run quick smoke E2E (smoke + navbar + booking modal + login smoke)	2025-10-30T08:09:34.7849294Z 
smoke	Run quick smoke E2E (smoke + navbar + booking modal + login smoke)	2025-10-30T08:09:34.7850040Z [0m[0m
smoke	Run quick smoke E2E (smoke + navbar + booking modal + login smoke)	2025-10-30T08:09:34.7883308Z [0m  Login/Register smoke[0m
smoke	Run quick smoke E2E (smoke + navbar + booking modal + login smoke)	2025-10-30T08:09:37.7181694Z [cy.task.log] CI-DIAG: IN-APP-E2E-LOGS
smoke	Run quick smoke E2E (smoke + navbar + booking modal + login smoke)	2025-10-30T08:09:37.7188257Z [{"ts":1761811775345,"msg":"__E2E_PROFILE_LOADED__","value":true},{"ts":1761811775346,"msg":"__E2E_PROFILE_LOADED__","value":true},{"ts":1761811777494,"msg":"handleLogin: setUser","email":"e2e_test_1761811774822@example.com"},{"ts":1761811777494,"msg":"handleLogin: set __E2E_USER__ (pre-setUser)","email":"e2e_test_1761811774822@example.com"},{"ts":1761811777494,"msg":"handleLogin: set PROFILE_LOADED and marker"},{"ts":1761811777494,"msg":"handleLogin: setUser called (E2E)"},{"ts":1761811777495,"msg":"handleLogin: navigated synchronously (E2E)"},{"ts":1761811777499,"msg":"__E2E_PROFILE_LOADED__","value":true}]
smoke	Run quick smoke E2E (smoke + navbar + booking modal + login smoke)	2025-10-30T08:09:37.7283517Z [cy.task.log] CI-DIAG: __E2E_PROFILE_LOADED__
smoke	Run quick smoke E2E (smoke + navbar + booking modal + login smoke)	2025-10-30T08:09:37.7284101Z true
smoke	Run quick smoke E2E (smoke + navbar + booking modal + login smoke)	2025-10-30T08:09:37.7353249Z [cy.task.log] CI-DIAG: __E2E_MOUNTED__
smoke	Run quick smoke E2E (smoke + navbar + booking modal + login smoke)	2025-10-30T08:09:37.7353883Z true
smoke	Run quick smoke E2E (smoke + navbar + booking modal + login smoke)	2025-10-30T08:09:37.7541384Z [cy.task.log] CI-DIAG: localStorage.user
smoke	Run quick smoke E2E (smoke + navbar + booking modal + login smoke)	2025-10-30T08:09:37.7542445Z {"email":"e2e_test_1761811774822@example.com","password":"password123","name":"e2e_test_1761811774822"}
smoke	Run quick smoke E2E (smoke + navbar + booking modal + login smoke)	2025-10-30T08:09:37.7668120Z [cy.task.log] CI-DIAG: sessionStorage.user
smoke	Run quick smoke E2E (smoke + navbar + booking modal + login smoke)	2025-10-30T08:09:37.7670404Z null
smoke	Run quick smoke E2E (smoke + navbar + booking modal + login smoke)	2025-10-30T08:09:37.7796833Z [cy.task.log] CI-DIAG: body[data-e2e-login-success]
smoke	Run quick smoke E2E (smoke + navbar + booking modal + login smoke)	2025-10-30T08:09:37.7797565Z null
smoke	Run quick smoke E2E (smoke + navbar + booking modal + login smoke)	2025-10-30T08:09:37.8247750Z [cy.task.log] CI-FINAL-FORM-PATH: localStorage.user
smoke	Run quick smoke E2E (smoke + navbar + booking modal + login smoke)	2025-10-30T08:09:37.8248863Z {"email":"e2e_test_1761811774822@example.com","password":"password123","name":"e2e_test_1761811774822"}
smoke	Run quick smoke E2E (smoke + navbar + booking modal + login smoke)	2025-10-30T08:09:37.8659710Z [cy.task.log] CI-FALLBACK: no profile-ready element; localStorage.user
smoke	Run quick smoke E2E (smoke + navbar + booking modal + login smoke)	2025-10-30T08:09:37.8663965Z {"email":"e2e_test_1761811774822@example.com","password":"password123","name":"e2e_test_1761811774822"}
smoke	Run quick smoke E2E (smoke + navbar + booking modal + login smoke)	2025-10-30T08:09:37.9166353Z [cy.task.log] CI-FALLBACK: success via flag or persisted user
smoke	Run quick smoke E2E (smoke + navbar + booking modal + login smoke)	2025-10-30T08:09:37.9167460Z {"email":"e2e_test_1761811774822@example.com","password":"password123","name":"e2e_test_1761811774822"}
smoke	Run quick smoke E2E (smoke + navbar + booking modal + login smoke)	2025-10-30T08:09:38.4572973Z [cy.task.log] CI-FINAL: localStorage.user
smoke	Run quick smoke E2E (smoke + navbar + booking modal + login smoke)	2025-10-30T08:09:38.4574598Z {"email":"e2e_test_1761811774822@example.com","password":"password123","name":"e2e_test_1761811774822"}
smoke	Run quick smoke E2E (smoke + navbar + booking modal + login smoke)	2025-10-30T08:09:39.0788616Z   [32m  √î¬£√¥[0m[90m can register and login using local-storage auth[0m[90m (4217ms)[0m
smoke	Run quick smoke E2E (smoke + navbar + booking modal + login smoke)	2025-10-30T08:09:39.0791897Z 
smoke	Run quick smoke E2E (smoke + navbar + booking modal + login smoke)	2025-10-30T08:09:39.1124961Z 
smoke	Run quick smoke E2E (smoke + navbar + booking modal + login smoke)	2025-10-30T08:09:39.1125931Z [92m [0m[32m 1 passing[0m[90m (4s)[0m
smoke	Run quick smoke E2E (smoke + navbar + booking modal + login smoke)	2025-10-30T08:09:39.1126304Z 
smoke	Run quick smoke E2E (smoke + navbar + booking modal + login smoke)	2025-10-30T08:09:39.1132838Z 
smoke	Run quick smoke E2E (smoke + navbar + booking modal + login smoke)	2025-10-30T08:09:39.1134540Z [32m  ([4m[1mResults[22m[24m)[39m
smoke	Run quick smoke E2E (smoke + navbar + booking modal + login smoke)	2025-10-30T08:09:39.1160070Z 
smoke	Run quick smoke E2E (smoke + navbar + booking modal + login smoke)	2025-10-30T08:09:39.1184852Z [90m  √î√∂√Æ[39m[90m√î√∂√á[39m[90m√î√∂√á[39m[90m√î√∂√á[39m[90m√î√∂√á[39m[90m√î√∂√á[39m[90m√î√∂√á[39m[90m√î√∂√á[39m[90m√î√∂√á[39m[90m√î√∂√á[39m[90m√î√∂√á[39m[90m√î√∂√á[39m[90m√î√∂√á[39m[90m√î√∂√á[39m[90m√î√∂√á[39m[90m√î√∂√á[39m[90m√î√∂√á[39m[90m√î√∂√á[39m[90m√î√∂√á[39m[90m√î√∂√á[39m[90m√î√∂√á[39m[90m√î√∂√á[39m[90m√î√∂√á[39m[90m√î√∂√á[39m[90m√î√∂√á[39m[90m√î√∂√á[39m[90m√î√∂√á[39m[90m√î√∂√á[39m[90m√î√∂√á[39m[90m√î√∂√á[39m[90m√î√∂√á[39m[90m√î√∂√á[39m[90m√î√∂√á[39m[90m√î√∂√á[39m[90m√î√∂√á[39m[90m√î√∂√á[39m[90m√î√∂√á[39m[90m√î√∂√á[39m[90m√î√∂√á[39m[90m√î√∂√á[39m[90m√î√∂√á[39m[90m√î√∂√á[39m[90m√î√∂√á[39m[90m√î√∂√á[39m[90m√î√∂√á[39m[90m√î√∂√á[39m[90m√î√∂√á[39m[90m√î√∂√á[39m[90m√î√∂√á[39m[90m√î√∂√á[39m[90m√î√∂√á[39m[90m√î√∂√á[39m[90m√î√∂√á[39m[90m√î√∂√á[39m[90m√î√∂√á[39m[90m√î√∂√á[39m[90m√î√∂√á[39m[90m√î√∂√á[39m[90m√î√∂√á[39m[90m√î√∂√á[39m[90m√î√∂√á[39m[90m√î√∂√á[39m[90m√î√∂√á[39m[90m√î√∂√á[39m[90m√î√∂√á[39m[90m√î√∂√á[39m[90m√î√∂√á[39m[90m√î√∂√á[39m[90m√î√∂√á[39m[90m√î√∂√á[39m[90m√î√∂√á[39m[90m√î√∂√á[39m[90m√î√∂√á[39m[90m√î√∂√á[39m[90m√î√∂√á[39m[90m√î√∂√á[39m[90m√î√∂√á[39m[90m√î√∂√á[39m[90m√î√∂√á[39m[90m√î√∂√á[39m[90m√î√∂√á[39m[90m√î√∂√á[39m[90m√î√∂√á[39m[90m√î√∂√á[39m[90m√î√∂√á[39m[90m√î√∂√á[39m[90m√î√∂√á[39m[90m√î√∂√á[39m[90m√î√∂√á[39m[90m√î√∂√á[39m[90m√î√∂√á[39m[90m√î√∂√á[39m[90m√î√∂√á[39m[90m√î√∂√á[39m[90m√î√∂√á[39m[90m√î√∂√á[39m[90m√î√∂√á[39m[90m√î√∂√â[39m
smoke	Run quick smoke E2E (smoke + navbar + booking modal + login smoke)	2025-10-30T08:09:39.1216562Z [90m  √î√∂√©[39m [90mTests:[39m        [32m1[39m                                                                                [90m√î√∂√©[39m
smoke	Run quick smoke E2E (smoke + navbar + booking modal + login smoke)	2025-10-30T08:09:39.1217930Z [90m  √î√∂√©[39m [90mPassing:[39m      [32m1[39m                                                                                [90m√î√∂√©[39m
smoke	Run quick smoke E2E (smoke + navbar + booking modal + login smoke)	2025-10-30T08:09:39.1219180Z [90m  √î√∂√©[39m [90mFailing:[39m      [32m0[39m                                                                                [90m√î√∂√©[39m
smoke	Run quick smoke E2E (smoke + navbar + booking modal + login smoke)	2025-10-30T08:09:39.1220434Z [90m  √î√∂√©[39m [90mPending:[39m      [32m0[39m                                                                                [90m√î√∂√©[39m
smoke	Run quick smoke E2E (smoke + navbar + booking modal + login smoke)	2025-10-30T08:09:39.1221636Z [90m  √î√∂√©[39m [90mSkipped:[39m      [32m0[39m                                                                                [90m√î√∂√©[39m
smoke	Run quick smoke E2E (smoke + navbar + booking modal + login smoke)	2025-10-30T08:09:39.1222878Z [90m  √î√∂√©[39m [90mScreenshots:[39m  [32m3[39m                                                                                [90m√î√∂√©[39m
smoke	Run quick smoke E2E (smoke + navbar + booking modal + login smoke)	2025-10-30T08:09:39.1224127Z [90m  √î√∂√©[39m [90mVideo:[39m        [32mfalse[39m                                                                            [90m√î√∂√©[39m
smoke	Run quick smoke E2E (smoke + navbar + booking modal + login smoke)	2025-10-30T08:09:39.1225612Z [90m  √î√∂√©[39m [90mDuration:[39m     [32m4 seconds[39m                                                                        [90m√î√∂√©[39m
smoke	Run quick smoke E2E (smoke + navbar + booking modal + login smoke)	2025-10-30T08:09:39.1227047Z [90m  √î√∂√©[39m [90mSpec Ran:[39m     [32m[32mlogin_register_smoke.cy.js[32m[39m                                                       [90m√î√∂√©[39m
smoke	Run quick smoke E2E (smoke + navbar + booking modal + login smoke)	2025-10-30T08:09:39.1248537Z [90m  √î√∂√∂[39m[90m√î√∂√á[39m[90m√î√∂√á[39m[90m√î√∂√á[39m[90m√î√∂√á[39m[90m√î√∂√á[39m[90m√î√∂√á[39m[90m√î√∂√á[39m[90m√î√∂√á[39m[90m√î√∂√á[39m[90m√î√∂√á[39m[90m√î√∂√á[39m[90m√î√∂√á[39m[90m√î√∂√á[39m[90m√î√∂√á[39m[90m√î√∂√á[39m[90m√î√∂√á[39m[90m√î√∂√á[39m[90m√î√∂√á[39m[90m√î√∂√á[39m[90m√î√∂√á[39m[90m√î√∂√á[39m[90m√î√∂√á[39m[90m√î√∂√á[39m[90m√î√∂√á[39m[90m√î√∂√á[39m[90m√î√∂√á[39m[90m√î√∂√á[39m[90m√î√∂√á[39m[90m√î√∂√á[39m[90m√î√∂√á[39m[90m√î√∂√á[39m[90m√î√∂√á[39m[90m√î√∂√á[39m[90m√î√∂√á[39m[90m√î√∂√á[39m[90m√î√∂√á[39m[90m√î√∂√á[39m[90m√î√∂√á[39m[90m√î√∂√á[39m[90m√î√∂√á[39m[90m√î√∂√á[39m[90m√î√∂√á[39m[90m√î√∂√á[39m[90m√î√∂√á[39m[90m√î√∂√á[39m[90m√î√∂√á[39m[90m√î√∂√á[39m[90m√î√∂√á[39m[90m√î√∂√á[39m[90m√î√∂√á[39m[90m√î√∂√á[39m[90m√î√∂√á[39m[90m√î√∂√á[39m[90m√î√∂√á[39m[90m√î√∂√á[39m[90m√î√∂√á[39m[90m√î√∂√á[39m[90m√î√∂√á[39m[90m√î√∂√á[39m[90m√î√∂√á[39m[90m√î√∂√á[39m[90m√î√∂√á[39m[90m√î√∂√á[39m[90m√î√∂√á[39m[90m√î√∂√á[39m[90m√î√∂√á[39m[90m√î√∂√á[39m[90m√î√∂√á[39m[90m√î√∂√á[39m[90m√î√∂√á[39m[90m√î√∂√á[39m[90m√î√∂√á[39m[90m√î√∂√á[39m[90m√î√∂√á[39m[90m√î√∂√á[39m[90m√î√∂√á[39m[90m√î√∂√á[39m[90m√î√∂√á[39m[90m√î√∂√á[39m[90m√î√∂√á[39m[90m√î√∂√á[39m[90m√î√∂√á[39m[90m√î√∂√á[39m[90m√î√∂√á[39m[90m√î√∂√á[39m[90m√î√∂√á[39m[90m√î√∂√á[39m[90m√î√∂√á[39m[90m√î√∂√á[39m[90m√î√∂√á[39m[90m√î√∂√á[39m[90m√î√∂√á[39m[90m√î√∂√á[39m[90m√î√∂√á[39m[90m√î√∂√á[39m[90m√î√∂√á[39m[90m√î√∂√ø[39m
smoke	Run quick smoke E2E (smoke + navbar + booking modal + login smoke)	2025-10-30T08:09:39.1252857Z 
smoke	Run quick smoke E2E (smoke + navbar + booking modal + login smoke)	2025-10-30T08:09:39.1252869Z 
smoke	Run quick smoke E2E (smoke + navbar + booking modal + login smoke)	2025-10-30T08:09:39.1253256Z [33m  ([4m[1mScreenshots[22m[24m)[39m
smoke	Run quick smoke E2E (smoke + navbar + booking modal + login smoke)	2025-10-30T08:09:39.1253565Z 
smoke	Run quick smoke E2E (smoke + navbar + booking modal + login smoke)	2025-10-30T08:09:39.1254873Z [90m [39m -  [0m/home/runner/work/colleco-mvp/colleco-mvp/cypress/screenshots/login_register_smo[0m     [90m[90m(1000x672)[90m[39m
smoke	Run quick smoke E2E (smoke + navbar + booking modal + login smoke)	2025-10-30T08:09:39.1256424Z [90m [39m    [0mke.cy.js/login-ready.png[0m                                                                       
smoke	Run quick smoke E2E (smoke + navbar + booking modal + login smoke)	2025-10-30T08:09:39.1258011Z [90m [39m -  [0m/home/runner/work/colleco-mvp/colleco-mvp/cypress/screenshots/login_register_smo[0m     [90m[90m(1000x672)[90m[39m
smoke	Run quick smoke E2E (smoke + navbar + booking modal + login smoke)	2025-10-30T08:09:39.1259517Z [90m [39m    [0mke.cy.js/login-success.png[0m                                                                     
smoke	Run quick smoke E2E (smoke + navbar + booking modal + login smoke)	2025-10-30T08:09:39.1261079Z [90m [39m -  [0m/home/runner/work/colleco-mvp/colleco-mvp/cypress/screenshots/login_register_smo[0m     [90m[90m(1000x672)[90m[39m
smoke	Run quick smoke E2E (smoke + navbar + booking modal + login smoke)	2025-10-30T08:09:39.1262763Z [90m [39m    [0mke.cy.js/login-success (1).png[0m                                                                 
smoke	Run quick smoke E2E (smoke + navbar + booking modal + login smoke)	2025-10-30T08:09:39.1263260Z 
smoke	Run quick smoke E2E (smoke + navbar + booking modal + login smoke)	2025-10-30T08:09:39.1276645Z 
smoke	Run quick smoke E2E (smoke + navbar + booking modal + login smoke)	2025-10-30T08:09:39.1283429Z [90m√î√∂√á[39m[90m√î√∂√á[39m[90m√î√∂√á[39m[90m√î√∂√á[39m[90m√î√∂√á[39m[90m√î√∂√á[39m[90m√î√∂√á[39m[90m√î√∂√á[39m[90m√î√∂√á[39m[90m√î√∂√á[39m[90m√î√∂√á[39m[90m√î√∂√á[39m[90m√î√∂√á[39m[90m√î√∂√á[39m[90m√î√∂√á[39m[90m√î√∂√á[39m[90m√î√∂√á[39m[90m√î√∂√á[39m[90m√î√∂√á[39m[90m√î√∂√á[39m[90m√î√∂√á[39m[90m√î√∂√á[39m[90m√î√∂√á[39m[90m√î√∂√á[39m[90m√î√∂√á[39m[90m√î√∂√á[39m[90m√î√∂√á[39m[90m√î√∂√á[39m[90m√î√∂√á[39m[90m√î√∂√á[39m[90m√î√∂√á[39m[90m√î√∂√á[39m[90m√î√∂√á[39m[90m√î√∂√á[39m[90m√î√∂√á[39m[90m√î√∂√á[39m[90m√î√∂√á[39m[90m√î√∂√á[39m[90m√î√∂√á[39m[90m√î√∂√á[39m[90m√î√∂√á[39m[90m√î√∂√á[39m[90m√î√∂√á[39m[90m√î√∂√á[39m[90m√î√∂√á[39m[90m√î√∂√á[39m[90m√î√∂√á[39m[90m√î√∂√á[39m[90m√î√∂√á[39m[90m√î√∂√á[39m[90m√î√∂√á[39m[90m√î√∂√á[39m[90m√î√∂√á[39m[90m√î√∂√á[39m[90m√î√∂√á[39m[90m√î√∂√á[39m[90m√î√∂√á[39m[90m√î√∂√á[39m[90m√î√∂√á[39m[90m√î√∂√á[39m[90m√î√∂√á[39m[90m√î√∂√á[39m[90m√î√∂√á[39m[90m√î√∂√á[39m[90m√î√∂√á[39m[90m√î√∂√á[39m[90m√î√∂√á[39m[90m√î√∂√á[39m[90m√î√∂√á[39m[90m√î√∂√á[39m[90m√î√∂√á[39m[90m√î√∂√á[39m[90m√î√∂√á[39m[90m√î√∂√á[39m[90m√î√∂√á[39m[90m√î√∂√á[39m[90m√î√∂√á[39m[90m√î√∂√á[39m[90m√î√∂√á[39m[90m√î√∂√á[39m[90m√î√∂√á[39m[90m√î√∂√á[39m[90m√î√∂√á[39m[90m√î√∂√á[39m[90m√î√∂√á[39m[90m√î√∂√á[39m[90m√î√∂√á[39m[90m√î√∂√á[39m[90m√î√∂√á[39m[90m√î√∂√á[39m[90m√î√∂√á[39m[90m√î√∂√á[39m[90m√î√∂√á[39m[90m√î√∂√á[39m[90m√î√∂√á[39m[90m√î√∂√á[39m[90m√î√∂√á[39m[90m√î√∂√á[39m[90m√î√∂√á[39m[90m√î√∂√á[39m
smoke	Run quick smoke E2E (smoke + navbar + booking modal + login smoke)	2025-10-30T08:09:39.1287619Z                                                                                                     
smoke	Run quick smoke E2E (smoke + navbar + booking modal + login smoke)	2025-10-30T08:09:39.1288704Z   Running:  [90mlogin_smoke_minimal.cy.js[39m                                                       [90m(5 of 5)[39m
smoke	Run quick smoke E2E (smoke + navbar + booking modal + login smoke)	2025-10-30T08:09:40.9079271Z 
smoke	Run quick smoke E2E (smoke + navbar + booking modal + login smoke)	2025-10-30T08:09:40.9080429Z [0m[0m
smoke	Run quick smoke E2E (smoke + navbar + booking modal + login smoke)	2025-10-30T08:09:40.9111339Z [0m  Login minimal smoke[0m
smoke	Run quick smoke E2E (smoke + navbar + booking modal + login smoke)	2025-10-30T08:10:26.9176200Z     [33m(Attempt 1 of 3)[0m mounts the login form
smoke	Run quick smoke E2E (smoke + navbar + booking modal + login smoke)	2025-10-30T08:11:12.7798864Z     [33m(Attempt 2 of 3)[0m mounts the login form
smoke	Run quick smoke E2E (smoke + navbar + booking modal + login smoke)	2025-10-30T08:11:58.5798936Z   [31m  1) mounts the login form[0m
smoke	Run quick smoke E2E (smoke + navbar + booking modal + login smoke)	2025-10-30T08:11:58.5814240Z 
smoke	Run quick smoke E2E (smoke + navbar + booking modal + login smoke)	2025-10-30T08:11:58.6277960Z 
smoke	Run quick smoke E2E (smoke + navbar + booking modal + login smoke)	2025-10-30T08:11:58.6279042Z [92m [0m[32m 0 passing[0m[90m (2m)[0m
smoke	Run quick smoke E2E (smoke + navbar + booking modal + login smoke)	2025-10-30T08:11:58.6279695Z [31m  1 failing[0m
smoke	Run quick smoke E2E (smoke + navbar + booking modal + login smoke)	2025-10-30T08:11:58.6281048Z 
smoke	Run quick smoke E2E (smoke + navbar + booking modal + login smoke)	2025-10-30T08:11:58.6281461Z [0m  1) Login minimal smoke
smoke	Run quick smoke E2E (smoke + navbar + booking modal + login smoke)	2025-10-30T08:11:58.6281907Z        mounts the login form:
smoke	Run quick smoke E2E (smoke + navbar + booking modal + login smoke)	2025-10-30T08:11:58.6283244Z [0m[31m     AssertionError: Timed out retrying after 45000ms: login form or welcome present: expected false to be truthy[0m[90m
smoke	Run quick smoke E2E (smoke + navbar + booking modal + login smoke)	2025-10-30T08:11:58.6284844Z       at Context.eval (webpack://collecotravel-frontend/./cypress/e2e/login_smoke_minimal.cy.js:45:75)
smoke	Run quick smoke E2E (smoke + navbar + booking modal + login smoke)	2025-10-30T08:11:58.6285756Z [0m
smoke	Run quick smoke E2E (smoke + navbar + booking modal + login smoke)	2025-10-30T08:11:58.6285922Z 
smoke	Run quick smoke E2E (smoke + navbar + booking modal + login smoke)	2025-10-30T08:11:58.6285942Z 
smoke	Run quick smoke E2E (smoke + navbar + booking modal + login smoke)	2025-10-30T08:11:58.6289882Z 
smoke	Run quick smoke E2E (smoke + navbar + booking modal + login smoke)	2025-10-30T08:11:58.6291040Z [31m  ([4m[1mResults[22m[24m)[39m
smoke	Run quick smoke E2E (smoke + navbar + booking modal + login smoke)	2025-10-30T08:11:58.6296997Z 
smoke	Run quick smoke E2E (smoke + navbar + booking modal + login smoke)	2025-10-30T08:11:58.6312057Z [90m  √î√∂√Æ[39m[90m√î√∂√á[39m[90m√î√∂√á[39m[90m√î√∂√á[39m[90m√î√∂√á[39m[90m√î√∂√á[39m[90m√î√∂√á[39m[90m√î√∂√á[39m[90m√î√∂√á[39m[90m√î√∂√á[39m[90m√î√∂√á[39m[90m√î√∂√á[39m[90m√î√∂√á[39m[90m√î√∂√á[39m[90m√î√∂√á[39m[90m√î√∂√á[39m[90m√î√∂√á[39m[90m√î√∂√á[39m[90m√î√∂√á[39m[90m√î√∂√á[39m[90m√î√∂√á[39m[90m√î√∂√á[39m[90m√î√∂√á[39m[90m√î√∂√á[39m[90m√î√∂√á[39m[90m√î√∂√á[39m[90m√î√∂√á[39m[90m√î√∂√á[39m[90m√î√∂√á[39m[90m√î√∂√á[39m[90m√î√∂√á[39m[90m√î√∂√á[39m[90m√î√∂√á[39m[90m√î√∂√á[39m[90m√î√∂√á[39m[90m√î√∂√á[39m[90m√î√∂√á[39m[90m√î√∂√á[39m[90m√î√∂√á[39m[90m√î√∂√á[39m[90m√î√∂√á[39m[90m√î√∂√á[39m[90m√î√∂√á[39m[90m√î√∂√á[39m[90m√î√∂√á[39m[90m√î√∂√á[39m[90m√î√∂√á[39m[90m√î√∂√á[39m[90m√î√∂√á[39m[90m√î√∂√á[39m[90m√î√∂√á[39m[90m√î√∂√á[39m[90m√î√∂√á[39m[90m√î√∂√á[39m[90m√î√∂√á[39m[90m√î√∂√á[39m[90m√î√∂√á[39m[90m√î√∂√á[39m[90m√î√∂√á[39m[90m√î√∂√á[39m[90m√î√∂√á[39m[90m√î√∂√á[39m[90m√î√∂√á[39m[90m√î√∂√á[39m[90m√î√∂√á[39m[90m√î√∂√á[39m[90m√î√∂√á[39m[90m√î√∂√á[39m[90m√î√∂√á[39m[90m√î√∂√á[39m[90m√î√∂√á[39m[90m√î√∂√á[39m[90m√î√∂√á[39m[90m√î√∂√á[39m[90m√î√∂√á[39m[90m√î√∂√á[39m[90m√î√∂√á[39m[90m√î√∂√á[39m[90m√î√∂√á[39m[90m√î√∂√á[39m[90m√î√∂√á[39m[90m√î√∂√á[39m[90m√î√∂√á[39m[90m√î√∂√á[39m[90m√î√∂√á[39m[90m√î√∂√á[39m[90m√î√∂√á[39m[90m√î√∂√á[39m[90m√î√∂√á[39m[90m√î√∂√á[39m[90m√î√∂√á[39m[90m√î√∂√á[39m[90m√î√∂√á[39m[90m√î√∂√á[39m[90m√î√∂√á[39m[90m√î√∂√á[39m[90m√î√∂√á[39m[90m√î√∂√â[39m
smoke	Run quick smoke E2E (smoke + navbar + booking modal + login smoke)	2025-10-30T08:11:58.6317305Z [90m  √î√∂√©[39m [90mTests:[39m        [31m1[39m                                                                                [90m√î√∂√©[39m
smoke	Run quick smoke E2E (smoke + navbar + booking modal + login smoke)	2025-10-30T08:11:58.6318662Z [90m  √î√∂√©[39m [90mPassing:[39m      [31m0[39m                                                                                [90m√î√∂√©[39m
smoke	Run quick smoke E2E (smoke + navbar + booking modal + login smoke)	2025-10-30T08:11:58.6319847Z [90m  √î√∂√©[39m [90mFailing:[39m      [31m1[39m                                                                                [90m√î√∂√©[39m
smoke	Run quick smoke E2E (smoke + navbar + booking modal + login smoke)	2025-10-30T08:11:58.6321073Z [90m  √î√∂√©[39m [90mPending:[39m      [31m0[39m                                                                                [90m√î√∂√©[39m
smoke	Run quick smoke E2E (smoke + navbar + booking modal + login smoke)	2025-10-30T08:11:58.6322317Z [90m  √î√∂√©[39m [90mSkipped:[39m      [31m0[39m                                                                                [90m√î√∂√©[39m
smoke	Run quick smoke E2E (smoke + navbar + booking modal + login smoke)	2025-10-30T08:11:58.6323545Z [90m  √î√∂√©[39m [90mScreenshots:[39m  [31m3[39m                                                                                [90m√î√∂√©[39m
smoke	Run quick smoke E2E (smoke + navbar + booking modal + login smoke)	2025-10-30T08:11:58.6325045Z [90m  √î√∂√©[39m [90mVideo:[39m        [31mfalse[39m                                                                            [90m√î√∂√©[39m
smoke	Run quick smoke E2E (smoke + navbar + booking modal + login smoke)	2025-10-30T08:11:58.6326461Z [90m  √î√∂√©[39m [90mDuration:[39m     [31m2 minutes, 17 seconds[39m                                                            [90m√î√∂√©[39m
smoke	Run quick smoke E2E (smoke + navbar + booking modal + login smoke)	2025-10-30T08:11:58.6327971Z [90m  √î√∂√©[39m [90mSpec Ran:[39m     [31m[31mlogin_smoke_minimal.cy.js[31m[39m                                                        [90m√î√∂√©[39m
smoke	Run quick smoke E2E (smoke + navbar + booking modal + login smoke)	2025-10-30T08:11:58.6335538Z [90m  √î√∂√∂[39m[90m√î√∂√á[39m[90m√î√∂√á[39m[90m√î√∂√á[39m[90m√î√∂√á[39m[90m√î√∂√á[39m[90m√î√∂√á[39m[90m√î√∂√á[39m[90m√î√∂√á[39m[90m√î√∂√á[39m[90m√î√∂√á[39m[90m√î√∂√á[39m[90m√î√∂√á[39m[90m√î√∂√á[39m[90m√î√∂√á[39m[90m√î√∂√á[39m[90m√î√∂√á[39m[90m√î√∂√á[39m[90m√î√∂√á[39m[90m√î√∂√á[39m[90m√î√∂√á[39m[90m√î√∂√á[39m[90m√î√∂√á[39m[90m√î√∂√á[39m[90m√î√∂√á[39m[90m√î√∂√á[39m[90m√î√∂√á[39m[90m√î√∂√á[39m[90m√î√∂√á[39m[90m√î√∂√á[39m[90m√î√∂√á[39m[90m√î√∂√á[39m[90m√î√∂√á[39m[90m√î√∂√á[39m[90m√î√∂√á[39m[90m√î√∂√á[39m[90m√î√∂√á[39m[90m√î√∂√á[39m[90m√î√∂√á[39m[90m√î√∂√á[39m[90m√î√∂√á[39m[90m√î√∂√á[39m[90m√î√∂√á[39m[90m√î√∂√á[39m[90m√î√∂√á[39m[90m√î√∂√á[39m[90m√î√∂√á[39m[90m√î√∂√á[39m[90m√î√∂√á[39m[90m√î√∂√á[39m[90m√î√∂√á[39m[90m√î√∂√á[39m[90m√î√∂√á[39m[90m√î√∂√á[39m[90m√î√∂√á[39m[90m√î√∂√á[39m[90m√î√∂√á[39m[90m√î√∂√á[39m[90m√î√∂√á[39m[90m√î√∂√á[39m[90m√î√∂√á[39m[90m√î√∂√á[39m[90m√î√∂√á[39m[90m√î√∂√á[39m[90m√î√∂√á[39m[90m√î√∂√á[39m[90m√î√∂√á[39m[90m√î√∂√á[39m[90m√î√∂√á[39m[90m√î√∂√á[39m[90m√î√∂√á[39m[90m√î√∂√á[39m[90m√î√∂√á[39m[90m√î√∂√á[39m[90m√î√∂√á[39m[90m√î√∂√á[39m[90m√î√∂√á[39m[90m√î√∂√á[39m[90m√î√∂√á[39m[90m√î√∂√á[39m[90m√î√∂√á[39m[90m√î√∂√á[39m[90m√î√∂√á[39m[90m√î√∂√á[39m[90m√î√∂√á[39m[90m√î√∂√á[39m[90m√î√∂√á[39m[90m√î√∂√á[39m[90m√î√∂√á[39m[90m√î√∂√á[39m[90m√î√∂√á[39m[90m√î√∂√á[39m[90m√î√∂√á[39m[90m√î√∂√á[39m[90m√î√∂√á[39m[90m√î√∂√á[39m[90m√î√∂√á[39m[90m√î√∂√ø[39m
smoke	Run quick smoke E2E (smoke + navbar + booking modal + login smoke)	2025-10-30T08:11:58.6339541Z 
smoke	Run quick smoke E2E (smoke + navbar + booking modal + login smoke)	2025-10-30T08:11:58.6339560Z 
smoke	Run quick smoke E2E (smoke + navbar + booking modal + login smoke)	2025-10-30T08:11:58.6339957Z [33m  ([4m[1mScreenshots[22m[24m)[39m
smoke	Run quick smoke E2E (smoke + navbar + booking modal + login smoke)	2025-10-30T08:11:58.6340302Z 
smoke	Run quick smoke E2E (smoke + navbar + booking modal + login smoke)	2025-10-30T08:11:58.6341350Z [90m [39m -  [0m/home/runner/work/colleco-mvp/colleco-mvp/cypress/screenshots/login_smoke_minima[0m     [90m[90m(1280x720)[90m[39m
smoke	Run quick smoke E2E (smoke + navbar + booking modal + login smoke)	2025-10-30T08:11:58.6343000Z [90m [39m    [0ml.cy.js/Login minimal smoke -- mounts the login form (failed).png[0m                              
smoke	Run quick smoke E2E (smoke + navbar + booking modal + login smoke)	2025-10-30T08:11:58.6344879Z [90m [39m -  [0m/home/runner/work/colleco-mvp/colleco-mvp/cypress/screenshots/login_smoke_minima[0m     [90m[90m(1280x720)[90m[39m
smoke	Run quick smoke E2E (smoke + navbar + booking modal + login smoke)	2025-10-30T08:11:58.6346591Z [90m [39m    [0ml.cy.js/Login minimal smoke -- mounts the login form (failed) (attempt 2).png[0m                  
smoke	Run quick smoke E2E (smoke + navbar + booking modal + login smoke)	2025-10-30T08:11:58.6348334Z [90m [39m -  [0m/home/runner/work/colleco-mvp/colleco-mvp/cypress/screenshots/login_smoke_minima[0m     [90m[90m(1280x720)[90m[39m
smoke	Run quick smoke E2E (smoke + navbar + booking modal + login smoke)	2025-10-30T08:11:58.6349818Z [90m [39m    [0ml.cy.js/Login minimal smoke -- mounts the login form (failed) (attempt 3).png[0m                  
smoke	Run quick smoke E2E (smoke + navbar + booking modal + login smoke)	2025-10-30T08:11:58.6350413Z 
smoke	Run quick smoke E2E (smoke + navbar + booking modal + login smoke)	2025-10-30T08:11:58.6438932Z 
smoke	Run quick smoke E2E (smoke + navbar + booking modal + login smoke)	2025-10-30T08:11:58.6825064Z [90m====================================================================================================[39m
smoke	Run quick smoke E2E (smoke + navbar + booking modal + login smoke)	2025-10-30T08:11:58.6825490Z 
smoke	Run quick smoke E2E (smoke + navbar + booking modal + login smoke)	2025-10-30T08:11:58.6827654Z tput: No value for $TERM and no -T specified
smoke	Run quick smoke E2E (smoke + navbar + booking modal + login smoke)	2025-10-30T08:11:58.6829898Z [0m  ([4m[1mRun Finished[22m[24m)[0m
smoke	Run quick smoke E2E (smoke + navbar + booking modal + login smoke)	2025-10-30T08:11:58.6853839Z 
smoke	Run quick smoke E2E (smoke + navbar + booking modal + login smoke)	2025-10-30T08:11:58.6854020Z 
smoke	Run quick smoke E2E (smoke + navbar + booking modal + login smoke)	2025-10-30T08:11:58.6883922Z [90m   [39m    [90mSpec[39m                                              [90mTests[39m  [90mPassing[39m  [90mFailing[39m  [90mPending[39m  [90mSkipped[39m [90m [39m
smoke	Run quick smoke E2E (smoke + navbar + booking modal + login smoke)	2025-10-30T08:11:58.6888804Z [90m  √î√∂√Æ[39m[90m√î√∂√á[39m[90m√î√∂√á[39m[90m√î√∂√á[39m[90m√î√∂√á[39m[90m√î√∂√á[39m[90m√î√∂√á[39m[90m√î√∂√á[39m[90m√î√∂√á[39m[90m√î√∂√á[39m[90m√î√∂√á[39m[90m√î√∂√á[39m[90m√î√∂√á[39m[90m√î√∂√á[39m[90m√î√∂√á[39m[90m√î√∂√á[39m[90m√î√∂√á[39m[90m√î√∂√á[39m[90m√î√∂√á[39m[90m√î√∂√á[39m[90m√î√∂√á[39m[90m√î√∂√á[39m[90m√î√∂√á[39m[90m√î√∂√á[39m[90m√î√∂√á[39m[90m√î√∂√á[39m[90m√î√∂√á[39m[90m√î√∂√á[39m[90m√î√∂√á[39m[90m√î√∂√á[39m[90m√î√∂√á[39m[90m√î√∂√á[39m[90m√î√∂√á[39m[90m√î√∂√á[39m[90m√î√∂√á[39m[90m√î√∂√á[39m[90m√î√∂√á[39m[90m√î√∂√á[39m[90m√î√∂√á[39m[90m√î√∂√á[39m[90m√î√∂√á[39m[90m√î√∂√á[39m[90m√î√∂√á[39m[90m√î√∂√á[39m[90m√î√∂√á[39m[90m√î√∂√á[39m[90m√î√∂√á[39m[90m√î√∂√á[39m[90m√î√∂√á[39m[90m√î√∂√á[39m[90m√î√∂√á[39m[90m√î√∂√á[39m[90m√î√∂√á[39m[90m√î√∂√á[39m[90m√î√∂√á[39m[90m√î√∂√á[39m[90m√î√∂√á[39m[90m√î√∂√á[39m[90m√î√∂√á[39m[90m√î√∂√á[39m[90m√î√∂√á[39m[90m√î√∂√á[39m[90m√î√∂√á[39m[90m√î√∂√á[39m[90m√î√∂√á[39m[90m√î√∂√á[39m[90m√î√∂√á[39m[90m√î√∂√á[39m[90m√î√∂√á[39m[90m√î√∂√á[39m[90m√î√∂√á[39m[90m√î√∂√á[39m[90m√î√∂√á[39m[90m√î√∂√á[39m[90m√î√∂√á[39m[90m√î√∂√á[39m[90m√î√∂√á[39m[90m√î√∂√á[39m[90m√î√∂√á[39m[90m√î√∂√á[39m[90m√î√∂√á[39m[90m√î√∂√á[39m[90m√î√∂√á[39m[90m√î√∂√á[39m[90m√î√∂√á[39m[90m√î√∂√á[39m[90m√î√∂√á[39m[90m√î√∂√á[39m[90m√î√∂√á[39m[90m√î√∂√á[39m[90m√î√∂√á[39m[90m√î√∂√á[39m[90m√î√∂√á[39m[90m√î√∂√á[39m[90m√î√∂√á[39m[90m√î√∂√á[39m[90m√î√∂√á[39m[90m√î√∂√â[39m
smoke	Run quick smoke E2E (smoke + navbar + booking modal + login smoke)	2025-10-30T08:11:58.6894252Z [90m  √î√∂√©[39m [32m√î¬£√∂[39m  [0msmoke.cy.js[0m                              [90m00:01[39m        [0m2[0m        [32m2[39m        [90m-[39m        [90m-[39m        [90m-[39m [90m√î√∂√©[39m
smoke	Run quick smoke E2E (smoke + navbar + booking modal + login smoke)	2025-10-30T08:11:58.6898908Z [90m  √î√∂¬£[39m[90m√î√∂√á[39m[90m√î√∂√á[39m[90m√î√∂√á[39m[90m√î√∂√á[39m[90m√î√∂√á[39m[90m√î√∂√á[39m[90m√î√∂√á[39m[90m√î√∂√á[39m[90m√î√∂√á[39m[90m√î√∂√á[39m[90m√î√∂√á[39m[90m√î√∂√á[39m[90m√î√∂√á[39m[90m√î√∂√á[39m[90m√î√∂√á[39m[90m√î√∂√á[39m[90m√î√∂√á[39m[90m√î√∂√á[39m[90m√î√∂√á[39m[90m√î√∂√á[39m[90m√î√∂√á[39m[90m√î√∂√á[39m[90m√î√∂√á[39m[90m√î√∂√á[39m[90m√î√∂√á[39m[90m√î√∂√á[39m[90m√î√∂√á[39m[90m√î√∂√á[39m[90m√î√∂√á[39m[90m√î√∂√á[39m[90m√î√∂√á[39m[90m√î√∂√á[39m[90m√î√∂√á[39m[90m√î√∂√á[39m[90m√î√∂√á[39m[90m√î√∂√á[39m[90m√î√∂√á[39m[90m√î√∂√á[39m[90m√î√∂√á[39m[90m√î√∂√á[39m[90m√î√∂√á[39m[90m√î√∂√á[39m[90m√î√∂√á[39m[90m√î√∂√á[39m[90m√î√∂√á[39m[90m√î√∂√á[39m[90m√î√∂√á[39m[90m√î√∂√á[39m[90m√î√∂√á[39m[90m√î√∂√á[39m[90m√î√∂√á[39m[90m√î√∂√á[39m[90m√î√∂√á[39m[90m√î√∂√á[39m[90m√î√∂√á[39m[90m√î√∂√á[39m[90m√î√∂√á[39m[90m√î√∂√á[39m[90m√î√∂√á[39m[90m√î√∂√á[39m[90m√î√∂√á[39m[90m√î√∂√á[39m[90m√î√∂√á[39m[90m√î√∂√á[39m[90m√î√∂√á[39m[90m√î√∂√á[39m[90m√î√∂√á[39m[90m√î√∂√á[39m[90m√î√∂√á[39m[90m√î√∂√á[39m[90m√î√∂√á[39m[90m√î√∂√á[39m[90m√î√∂√á[39m[90m√î√∂√á[39m[90m√î√∂√á[39m[90m√î√∂√á[39m[90m√î√∂√á[39m[90m√î√∂√á[39m[90m√î√∂√á[39m[90m√î√∂√á[39m[90m√î√∂√á[39m[90m√î√∂√á[39m[90m√î√∂√á[39m[90m√î√∂√á[39m[90m√î√∂√á[39m[90m√î√∂√á[39m[90m√î√∂√á[39m[90m√î√∂√á[39m[90m√î√∂√á[39m[90m√î√∂√á[39m[90m√î√∂√á[39m[90m√î√∂√á[39m[90m√î√∂√á[39m[90m√î√∂√á[39m[90m√î√∂√á[39m[90m√î√∂√á[39m[90m√î√∂√±[39m
smoke	Run quick smoke E2E (smoke + navbar + booking modal + login smoke)	2025-10-30T08:11:58.6902597Z [90m  √î√∂√©[39m [32m√î¬£√∂[39m  [0mnav_mobile.cy.js[0m                         [90m00:01[39m        [0m2[0m        [32m2[39m        [90m-[39m        [90m-[39m        [90m-[39m [90m√î√∂√©[39m
smoke	Run quick smoke E2E (smoke + navbar + booking modal + login smoke)	2025-10-30T08:11:58.6906580Z [90m  √î√∂¬£[39m[90m√î√∂√á[39m[90m√î√∂√á[39m[90m√î√∂√á[39m[90m√î√∂√á[39m[90m√î√∂√á[39m[90m√î√∂√á[39m[90m√î√∂√á[39m[90m√î√∂√á[39m[90m√î√∂√á[39m[90m√î√∂√á[39m[90m√î√∂√á[39m[90m√î√∂√á[39m[90m√î√∂√á[39m[90m√î√∂√á[39m[90m√î√∂√á[39m[90m√î√∂√á[39m[90m√î√∂√á[39m[90m√î√∂√á[39m[90m√î√∂√á[39m[90m√î√∂√á[39m[90m√î√∂√á[39m[90m√î√∂√á[39m[90m√î√∂√á[39m[90m√î√∂√á[39m[90m√î√∂√á[39m[90m√î√∂√á[39m[90m√î√∂√á[39m[90m√î√∂√á[39m[90m√î√∂√á[39m[90m√î√∂√á[39m[90m√î√∂√á[39m[90m√î√∂√á[39m[90m√î√∂√á[39m[90m√î√∂√á[39m[90m√î√∂√á[39m[90m√î√∂√á[39m[90m√î√∂√á[39m[90m√î√∂√á[39m[90m√î√∂√á[39m[90m√î√∂√á[39m[90m√î√∂√á[39m[90m√î√∂√á[39m[90m√î√∂√á[39m[90m√î√∂√á[39m[90m√î√∂√á[39m[90m√î√∂√á[39m[90m√î√∂√á[39m[90m√î√∂√á[39m[90m√î√∂√á[39m[90m√î√∂√á[39m[90m√î√∂√á[39m[90m√î√∂√á[39m[90m√î√∂√á[39m[90m√î√∂√á[39m[90m√î√∂√á[39m[90m√î√∂√á[39m[90m√î√∂√á[39m[90m√î√∂√á[39m[90m√î√∂√á[39m[90m√î√∂√á[39m[90m√î√∂√á[39m[90m√î√∂√á[39m[90m√î√∂√á[39m[90m√î√∂√á[39m[90m√î√∂√á[39m[90m√î√∂√á[39m[90m√î√∂√á[39m[90m√î√∂√á[39m[90m√î√∂√á[39m[90m√î√∂√á[39m[90m√î√∂√á[39m[90m√î√∂√á[39m[90m√î√∂√á[39m[90m√î√∂√á[39m[90m√î√∂√á[39m[90m√î√∂√á[39m[90m√î√∂√á[39m[90m√î√∂√á[39m[90m√î√∂√á[39m[90m√î√∂√á[39m[90m√î√∂√á[39m[90m√î√∂√á[39m[90m√î√∂√á[39m[90m√î√∂√á[39m[90m√î√∂√á[39m[90m√î√∂√á[39m[90m√î√∂√á[39m[90m√î√∂√á[39m[90m√î√∂√á[39m[90m√î√∂√á[39m[90m√î√∂√á[39m[90m√î√∂√á[39m[90m√î√∂√á[39m[90m√î√∂√á[39m[90m√î√∂√á[39m[90m√î√∂√á[39m[90m√î√∂√±[39m
smoke	Run quick smoke E2E (smoke + navbar + booking modal + login smoke)	2025-10-30T08:11:58.6910492Z [90m  √î√∂√©[39m [32m√î¬£√∂[39m  [0mbooking_modal.cy.js[0m                      [90m00:02[39m        [0m3[0m        [32m3[39m        [90m-[39m        [90m-[39m        [90m-[39m [90m√î√∂√©[39m
smoke	Run quick smoke E2E (smoke + navbar + booking modal + login smoke)	2025-10-30T08:11:58.6915556Z [90m  √î√∂¬£[39m[90m√î√∂√á[39m[90m√î√∂√á[39m[90m√î√∂√á[39m[90m√î√∂√á[39m[90m√î√∂√á[39m[90m√î√∂√á[39m[90m√î√∂√á[39m[90m√î√∂√á[39m[90m√î√∂√á[39m[90m√î√∂√á[39m[90m√î√∂√á[39m[90m√î√∂√á[39m[90m√î√∂√á[39m[90m√î√∂√á[39m[90m√î√∂√á[39m[90m√î√∂√á[39m[90m√î√∂√á[39m[90m√î√∂√á[39m[90m√î√∂√á[39m[90m√î√∂√á[39m[90m√î√∂√á[39m[90m√î√∂√á[39m[90m√î√∂√á[39m[90m√î√∂√á[39m[90m√î√∂√á[39m[90m√î√∂√á[39m[90m√î√∂√á[39m[90m√î√∂√á[39m[90m√î√∂√á[39m[90m√î√∂√á[39m[90m√î√∂√á[39m[90m√î√∂√á[39m[90m√î√∂√á[39m[90m√î√∂√á[39m[90m√î√∂√á[39m[90m√î√∂√á[39m[90m√î√∂√á[39m[90m√î√∂√á[39m[90m√î√∂√á[39m[90m√î√∂√á[39m[90m√î√∂√á[39m[90m√î√∂√á[39m[90m√î√∂√á[39m[90m√î√∂√á[39m[90m√î√∂√á[39m[90m√î√∂√á[39m[90m√î√∂√á[39m[90m√î√∂√á[39m[90m√î√∂√á[39m[90m√î√∂√á[39m[90m√î√∂√á[39m[90m√î√∂√á[39m[90m√î√∂√á[39m[90m√î√∂√á[39m[90m√î√∂√á[39m[90m√î√∂√á[39m[90m√î√∂√á[39m[90m√î√∂√á[39m[90m√î√∂√á[39m[90m√î√∂√á[39m[90m√î√∂√á[39m[90m√î√∂√á[39m[90m√î√∂√á[39m[90m√î√∂√á[39m[90m√î√∂√á[39m[90m√î√∂√á[39m[90m√î√∂√á[39m[90m√î√∂√á[39m[90m√î√∂√á[39m[90m√î√∂√á[39m[90m√î√∂√á[39m[90m√î√∂√á[39m[90m√î√∂√á[39m[90m√î√∂√á[39m[90m√î√∂√á[39m[90m√î√∂√á[39m[90m√î√∂√á[39m[90m√î√∂√á[39m[90m√î√∂√á[39m[90m√î√∂√á[39m[90m√î√∂√á[39m[90m√î√∂√á[39m[90m√î√∂√á[39m[90m√î√∂√á[39m[90m√î√∂√á[39m[90m√î√∂√á[39m[90m√î√∂√á[39m[90m√î√∂√á[39m[90m√î√∂√á[39m[90m√î√∂√á[39m[90m√î√∂√á[39m[90m√î√∂√á[39m[90m√î√∂√á[39m[90m√î√∂√á[39m[90m√î√∂√á[39m[90m√î√∂√á[39m[90m√î√∂√±[39m
smoke	Run quick smoke E2E (smoke + navbar + booking modal + login smoke)	2025-10-30T08:11:58.6918384Z [90m  √î√∂√©[39m [32m√î¬£√∂[39m  [0mlogin_register_smoke.cy.js[0m               [90m00:04[39m        [0m1[0m        [32m1[39m        [90m-[39m        [90m-[39m        [90m-[39m [90m√î√∂√©[39m
smoke	Run quick smoke E2E (smoke + navbar + booking modal + login smoke)	2025-10-30T08:11:58.6923595Z [90m  √î√∂¬£[39m[90m√î√∂√á[39m[90m√î√∂√á[39m[90m√î√∂√á[39m[90m√î√∂√á[39m[90m√î√∂√á[39m[90m√î√∂√á[39m[90m√î√∂√á[39m[90m√î√∂√á[39m[90m√î√∂√á[39m[90m√î√∂√á[39m[90m√î√∂√á[39m[90m√î√∂√á[39m[90m√î√∂√á[39m[90m√î√∂√á[39m[90m√î√∂√á[39m[90m√î√∂√á[39m[90m√î√∂√á[39m[90m√î√∂√á[39m[90m√î√∂√á[39m[90m√î√∂√á[39m[90m√î√∂√á[39m[90m√î√∂√á[39m[90m√î√∂√á[39m[90m√î√∂√á[39m[90m√î√∂√á[39m[90m√î√∂√á[39m[90m√î√∂√á[39m[90m√î√∂√á[39m[90m√î√∂√á[39m[90m√î√∂√á[39m[90m√î√∂√á[39m[90m√î√∂√á[39m[90m√î√∂√á[39m[90m√î√∂√á[39m[90m√î√∂√á[39m[90m√î√∂√á[39m[90m√î√∂√á[39m[90m√î√∂√á[39m[90m√î√∂√á[39m[90m√î√∂√á[39m[90m√î√∂√á[39m[90m√î√∂√á[39m[90m√î√∂√á[39m[90m√î√∂√á[39m[90m√î√∂√á[39m[90m√î√∂√á[39m[90m√î√∂√á[39m[90m√î√∂√á[39m[90m√î√∂√á[39m[90m√î√∂√á[39m[90m√î√∂√á[39m[90m√î√∂√á[39m[90m√î√∂√á[39m[90m√î√∂√á[39m[90m√î√∂√á[39m[90m√î√∂√á[39m[90m√î√∂√á[39m[90m√î√∂√á[39m[90m√î√∂√á[39m[90m√î√∂√á[39m[90m√î√∂√á[39m[90m√î√∂√á[39m[90m√î√∂√á[39m[90m√î√∂√á[39m[90m√î√∂√á[39m[90m√î√∂√á[39m[90m√î√∂√á[39m[90m√î√∂√á[39m[90m√î√∂√á[39m[90m√î√∂√á[39m[90m√î√∂√á[39m[90m√î√∂√á[39m[90m√î√∂√á[39m[90m√î√∂√á[39m[90m√î√∂√á[39m[90m√î√∂√á[39m[90m√î√∂√á[39m[90m√î√∂√á[39m[90m√î√∂√á[39m[90m√î√∂√á[39m[90m√î√∂√á[39m[90m√î√∂√á[39m[90m√î√∂√á[39m[90m√î√∂√á[39m[90m√î√∂√á[39m[90m√î√∂√á[39m[90m√î√∂√á[39m[90m√î√∂√á[39m[90m√î√∂√á[39m[90m√î√∂√á[39m[90m√î√∂√á[39m[90m√î√∂√á[39m[90m√î√∂√á[39m[90m√î√∂√á[39m[90m√î√∂√á[39m[90m√î√∂√á[39m[90m√î√∂√±[39m
smoke	Run quick smoke E2E (smoke + navbar + booking modal + login smoke)	2025-10-30T08:11:58.6949638Z [90m  √î√∂√©[39m [31m√î¬£√ª[39m  [0mlogin_smoke_minimal.cy.js[0m                [90m02:17[39m        [0m1[0m        [90m-[39m        [31m1[39m        [90m-[39m        [90m-[39m [90m√î√∂√©[39m
smoke	Run quick smoke E2E (smoke + navbar + booking modal + login smoke)	2025-10-30T08:11:58.6956575Z [90m  √î√∂√∂[39m[90m√î√∂√á[39m[90m√î√∂√á[39m[90m√î√∂√á[39m[90m√î√∂√á[39m[90m√î√∂√á[39m[90m√î√∂√á[39m[90m√î√∂√á[39m[90m√î√∂√á[39m[90m√î√∂√á[39m[90m√î√∂√á[39m[90m√î√∂√á[39m[90m√î√∂√á[39m[90m√î√∂√á[39m[90m√î√∂√á[39m[90m√î√∂√á[39m[90m√î√∂√á[39m[90m√î√∂√á[39m[90m√î√∂√á[39m[90m√î√∂√á[39m[90m√î√∂√á[39m[90m√î√∂√á[39m[90m√î√∂√á[39m[90m√î√∂√á[39m[90m√î√∂√á[39m[90m√î√∂√á[39m[90m√î√∂√á[39m[90m√î√∂√á[39m[90m√î√∂√á[39m[90m√î√∂√á[39m[90m√î√∂√á[39m[90m√î√∂√á[39m[90m√î√∂√á[39m[90m√î√∂√á[39m[90m√î√∂√á[39m[90m√î√∂√á[39m[90m√î√∂√á[39m[90m√î√∂√á[39m[90m√î√∂√á[39m[90m√î√∂√á[39m[90m√î√∂√á[39m[90m√î√∂√á[39m[90m√î√∂√á[39m[90m√î√∂√á[39m[90m√î√∂√á[39m[90m√î√∂√á[39m[90m√î√∂√á[39m[90m√î√∂√á[39m[90m√î√∂√á[39m[90m√î√∂√á[39m[90m√î√∂√á[39m[90m√î√∂√á[39m[90m√î√∂√á[39m[90m√î√∂√á[39m[90m√î√∂√á[39m[90m√î√∂√á[39m[90m√î√∂√á[39m[90m√î√∂√á[39m[90m√î√∂√á[39m[90m√î√∂√á[39m[90m√î√∂√á[39m[90m√î√∂√á[39m[90m√î√∂√á[39m[90m√î√∂√á[39m[90m√î√∂√á[39m[90m√î√∂√á[39m[90m√î√∂√á[39m[90m√î√∂√á[39m[90m√î√∂√á[39m[90m√î√∂√á[39m[90m√î√∂√á[39m[90m√î√∂√á[39m[90m√î√∂√á[39m[90m√î√∂√á[39m[90m√î√∂√á[39m[90m√î√∂√á[39m[90m√î√∂√á[39m[90m√î√∂√á[39m[90m√î√∂√á[39m[90m√î√∂√á[39m[90m√î√∂√á[39m[90m√î√∂√á[39m[90m√î√∂√á[39m[90m√î√∂√á[39m[90m√î√∂√á[39m[90m√î√∂√á[39m[90m√î√∂√á[39m[90m√î√∂√á[39m[90m√î√∂√á[39m[90m√î√∂√á[39m[90m√î√∂√á[39m[90m√î√∂√á[39m[90m√î√∂√á[39m[90m√î√∂√á[39m[90m√î√∂√á[39m[90m√î√∂√á[39m[90m√î√∂√á[39m[90m√î√∂√ø[39m
smoke	Run quick smoke E2E (smoke + navbar + booking modal + login smoke)	2025-10-30T08:11:58.6961164Z [90m   [39m [31m√î¬£√ª[39m  [31m1 of 5 failed (20%)[39m                      [90m02:27[39m        [0m9[0m        [32m8[39m        [31m1[39m        [90m-[39m        [90m-[39m [90m [39m
smoke	Run quick smoke E2E (smoke + navbar + booking modal + login smoke)	2025-10-30T08:11:58.6961830Z 
smoke	Run quick smoke E2E (smoke + navbar + booking modal + login smoke)	2025-10-30T08:11:58.7875994Z ##[error]Process completed with exit code 1.
smoke	Upload artifacts	¬¥‚ïó‚îê2025-10-30T08:11:58.7949251Z ##[group]Run actions/upload-artifact@v4
smoke	Upload artifacts	2025-10-30T08:11:58.7949530Z with:
smoke	Upload artifacts	2025-10-30T08:11:58.7949707Z   name: cypress-smoke-artifacts
smoke	Upload artifacts	2025-10-30T08:11:58.7950117Z   path: cypress/screenshots
smoke	Upload artifacts	cypress/videos
smoke	Upload artifacts	cypress/logs
smoke	Upload artifacts	server.log
smoke	Upload artifacts	vite.log
smoke	Upload artifacts	backend.pid
smoke	Upload artifacts	vite.pid
smoke	Upload artifacts	
smoke	Upload artifacts	2025-10-30T08:11:58.7950539Z   if-no-files-found: warn
smoke	Upload artifacts	2025-10-30T08:11:58.7950744Z   compression-level: 6
smoke	Upload artifacts	2025-10-30T08:11:58.7950926Z   overwrite: false
smoke	Upload artifacts	2025-10-30T08:11:58.7951113Z   include-hidden-files: false
smoke	Upload artifacts	2025-10-30T08:11:58.7951305Z env:
smoke	Upload artifacts	2025-10-30T08:11:58.7951462Z   SITEMINDER_USE_MOCK: 1
smoke	Upload artifacts	2025-10-30T08:11:58.7951656Z   SITEMINDER_MOCK_PORT: 4015
smoke	Upload artifacts	2025-10-30T08:11:58.7951892Z   CYPRESS_BASE_URL: http://127.0.0.1:5173
smoke	Upload artifacts	2025-10-30T08:11:58.7952154Z   API_BASE: http://127.0.0.1:4000
smoke	Upload artifacts	2025-10-30T08:11:58.7952372Z ##[endgroup]
smoke	Upload artifacts	2025-10-30T08:11:59.0310568Z Multiple search paths detected. Calculating the least common ancestor of all paths
smoke	Upload artifacts	2025-10-30T08:11:59.0314903Z The least common ancestor is /home/runner/work/colleco-mvp/colleco-mvp. This will be the root directory of the artifact
smoke	Upload artifacts	2025-10-30T08:11:59.0315864Z With the provided path, there will be 17 files uploaded
smoke	Upload artifacts	2025-10-30T08:11:59.0319588Z Artifact name is valid!
smoke	Upload artifacts	2025-10-30T08:11:59.0320719Z Root directory input is valid!
smoke	Upload artifacts	2025-10-30T08:11:59.1790468Z Beginning upload of artifact content to blob storage
smoke	Upload artifacts	2025-10-30T08:11:59.5601313Z Uploaded bytes 595039
smoke	Upload artifacts	2025-10-30T08:11:59.5989705Z Finished uploading artifact content to blob storage!
smoke	Upload artifacts	2025-10-30T08:11:59.5993308Z SHA256 digest of uploaded artifact zip is f23af445b1d837c0c396a4cd6427483ed841f376720cfdb87cf4740c52f9678b
smoke	Upload artifacts	2025-10-30T08:11:59.5995250Z Finalizing artifact upload
smoke	Upload artifacts	2025-10-30T08:11:59.7315975Z Artifact cypress-smoke-artifacts.zip successfully finalized. Artifact ID 4414868656
smoke	Upload artifacts	2025-10-30T08:11:59.7317532Z Artifact cypress-smoke-artifacts has been successfully uploaded! Final size is 595039 bytes. Artifact ID is 4414868656
smoke	Upload artifacts	2025-10-30T08:11:59.7325129Z Artifact download URL: https://github.com/collecokzn-creator/colleco-mvp/actions/runs/18934000859/artifacts/4414868656
smoke	Post Checkout	¬¥‚ïó‚îê2025-10-30T08:11:59.7459088Z Post job cleanup.
smoke	Post Checkout	2025-10-30T08:11:59.8399243Z [command]/usr/bin/git version
smoke	Post Checkout	2025-10-30T08:11:59.8435117Z git version 2.51.0
smoke	Post Checkout	2025-10-30T08:11:59.8484115Z Temporarily overriding HOME='/home/runner/work/_temp/468784b6-780a-4de9-b5f0-22c546e707fb' before making global git config changes
smoke	Post Checkout	2025-10-30T08:11:59.8485267Z Adding repository directory to the temporary git global config as a safe directory
smoke	Post Checkout	2025-10-30T08:11:59.8489251Z [command]/usr/bin/git config --global --add safe.directory /home/runner/work/colleco-mvp/colleco-mvp
smoke	Post Checkout	2025-10-30T08:11:59.8522383Z [command]/usr/bin/git config --local --name-only --get-regexp core\.sshCommand
smoke	Post Checkout	2025-10-30T08:11:59.8554547Z [command]/usr/bin/git submodule foreach --recursive sh -c "git config --local --name-only --get-regexp 'core\.sshCommand' && git config --local --unset-all 'core.sshCommand' || :"
smoke	Post Checkout	2025-10-30T08:11:59.8779205Z [command]/usr/bin/git config --local --name-only --get-regexp http\.https\:\/\/github\.com\/\.extraheader
smoke	Post Checkout	2025-10-30T08:11:59.8799228Z http.https://github.com/.extraheader
smoke	Post Checkout	2025-10-30T08:11:59.8811743Z [command]/usr/bin/git config --local --unset-all http.https://github.com/.extraheader
smoke	Post Checkout	2025-10-30T08:11:59.8842259Z [command]/usr/bin/git submodule foreach --recursive sh -c "git config --local --name-only --get-regexp 'http\.https\:\/\/github\.com\/\.extraheader' && git config --local --unset-all 'http.https://github.com/.extraheader' || :"
smoke	Complete job	¬¥‚ïó‚îê2025-10-30T08:11:59.9169136Z Cleaning up orphan processes
smoke	Complete job	2025-10-30T08:11:59.9475303Z Terminate orphan process: pid (2183) (node)
smoke	Complete job	2025-10-30T08:11:59.9501028Z Terminate orphan process: pid (2190) (npm exec cross-)
smoke	Complete job	2025-10-30T08:11:59.9534615Z Terminate orphan process: pid (2321) (sh)
smoke	Complete job	2025-10-30T08:11:59.9575442Z Terminate orphan process: pid (2322) (node)
smoke	Complete job	2025-10-30T08:11:59.9596928Z Terminate orphan process: pid (2329) (npm run dev --host 127.0.0.1 --port 5173)
smoke	Complete job	2025-10-30T08:11:59.9620303Z Terminate orphan process: pid (2340) (sh)
smoke	Complete job	2025-10-30T08:11:59.9642763Z Terminate orphan process: pid (2398) (node)
smoke	Complete job	2025-10-30T08:11:59.9679663Z Terminate orphan process: pid (2409) (esbuild)
