smoke	UNKNOWN STEP	´╗┐2025-10-30T06:34:44.1029412Z Current runner version: '2.328.0'
smoke	UNKNOWN STEP	2025-10-30T06:34:44.1052369Z ##[group]Runner Image Provisioner
smoke	UNKNOWN STEP	2025-10-30T06:34:44.1053732Z Hosted Compute Agent
smoke	UNKNOWN STEP	2025-10-30T06:34:44.1054262Z Version: 20250912.392
smoke	UNKNOWN STEP	2025-10-30T06:34:44.1054862Z Commit: d921fda672a98b64f4f82364647e2f10b2267d0b
smoke	UNKNOWN STEP	2025-10-30T06:34:44.1055554Z Build Date: 2025-09-12T15:23:14Z
smoke	UNKNOWN STEP	2025-10-30T06:34:44.1056169Z ##[endgroup]
smoke	UNKNOWN STEP	2025-10-30T06:34:44.1056705Z ##[group]Operating System
smoke	UNKNOWN STEP	2025-10-30T06:34:44.1057310Z Ubuntu
smoke	UNKNOWN STEP	2025-10-30T06:34:44.1057819Z 24.04.3
smoke	UNKNOWN STEP	2025-10-30T06:34:44.1058250Z LTS
smoke	UNKNOWN STEP	2025-10-30T06:34:44.1058733Z ##[endgroup]
smoke	UNKNOWN STEP	2025-10-30T06:34:44.1059208Z ##[group]Runner Image
smoke	UNKNOWN STEP	2025-10-30T06:34:44.1059798Z Image: ubuntu-24.04
smoke	UNKNOWN STEP	2025-10-30T06:34:44.1060251Z Version: 20250929.60.1
smoke	UNKNOWN STEP	2025-10-30T06:34:44.1061321Z Included Software: https://github.com/actions/runner-images/blob/ubuntu24/20250929.60/images/ubuntu/Ubuntu2404-Readme.md
smoke	UNKNOWN STEP	2025-10-30T06:34:44.1062951Z Image Release: https://github.com/actions/runner-images/releases/tag/ubuntu24%2F20250929.60
smoke	UNKNOWN STEP	2025-10-30T06:34:44.1063978Z ##[endgroup]
smoke	UNKNOWN STEP	2025-10-30T06:34:44.1065073Z ##[group]GITHUB_TOKEN Permissions
smoke	UNKNOWN STEP	2025-10-30T06:34:44.1066877Z Contents: read
smoke	UNKNOWN STEP	2025-10-30T06:34:44.1067430Z Metadata: read
smoke	UNKNOWN STEP	2025-10-30T06:34:44.1067892Z Packages: read
smoke	UNKNOWN STEP	2025-10-30T06:34:44.1068474Z ##[endgroup]
smoke	UNKNOWN STEP	2025-10-30T06:34:44.1070786Z Secret source: Actions
smoke	UNKNOWN STEP	2025-10-30T06:34:44.1071442Z Prepare workflow directory
smoke	UNKNOWN STEP	2025-10-30T06:34:44.1447868Z Prepare all required actions
smoke	UNKNOWN STEP	2025-10-30T06:34:44.1486063Z Getting action download info
smoke	UNKNOWN STEP	2025-10-30T06:34:44.6478550Z Download action repository 'actions/checkout@v4' (SHA:08eba0b27e820071cde6df949e0beb9ba4906955)
smoke	UNKNOWN STEP	2025-10-30T06:34:44.8222418Z Download action repository 'actions/setup-node@v4' (SHA:49933ea5288caeca8642d1e84afbd3f7d6820020)
smoke	UNKNOWN STEP	2025-10-30T06:34:44.9107622Z Download action repository 'actions/upload-artifact@v4' (SHA:ea165f8d65b6e75b540449e92b4886f43607fa02)
smoke	UNKNOWN STEP	2025-10-30T06:34:45.1626095Z Complete job name: smoke
smoke	UNKNOWN STEP	2025-10-30T06:34:45.2440041Z ##[group]Run actions/checkout@v4
smoke	UNKNOWN STEP	2025-10-30T06:34:45.2441581Z with:
smoke	UNKNOWN STEP	2025-10-30T06:34:45.2442376Z   repository: collecokzn-creator/colleco-mvp
smoke	UNKNOWN STEP	2025-10-30T06:34:45.2443828Z   token: ***
smoke	UNKNOWN STEP	2025-10-30T06:34:45.2444493Z   ssh-strict: true
smoke	UNKNOWN STEP	2025-10-30T06:34:45.2445190Z   ssh-user: git
smoke	UNKNOWN STEP	2025-10-30T06:34:45.2445910Z   persist-credentials: true
smoke	UNKNOWN STEP	2025-10-30T06:34:45.2446728Z   clean: true
smoke	UNKNOWN STEP	2025-10-30T06:34:45.2447454Z   sparse-checkout-cone-mode: true
smoke	UNKNOWN STEP	2025-10-30T06:34:45.2448347Z   fetch-depth: 1
smoke	UNKNOWN STEP	2025-10-30T06:34:45.2449033Z   fetch-tags: false
smoke	UNKNOWN STEP	2025-10-30T06:34:45.2449750Z   show-progress: true
smoke	UNKNOWN STEP	2025-10-30T06:34:45.2450471Z   lfs: false
smoke	UNKNOWN STEP	2025-10-30T06:34:45.2451135Z   submodules: false
smoke	UNKNOWN STEP	2025-10-30T06:34:45.2451875Z   set-safe-directory: true
smoke	UNKNOWN STEP	2025-10-30T06:34:45.2453093Z env:
smoke	UNKNOWN STEP	2025-10-30T06:34:45.2453746Z   SITEMINDER_USE_MOCK: 1
smoke	UNKNOWN STEP	2025-10-30T06:34:45.2454534Z   SITEMINDER_MOCK_PORT: 4015
smoke	UNKNOWN STEP	2025-10-30T06:34:45.2455327Z ##[endgroup]
smoke	UNKNOWN STEP	2025-10-30T06:34:45.3534712Z Syncing repository: collecokzn-creator/colleco-mvp
smoke	UNKNOWN STEP	2025-10-30T06:34:45.3537380Z ##[group]Getting Git version info
smoke	UNKNOWN STEP	2025-10-30T06:34:45.3538682Z Working directory is '/home/runner/work/colleco-mvp/colleco-mvp'
smoke	UNKNOWN STEP	2025-10-30T06:34:45.3540510Z [command]/usr/bin/git version
smoke	UNKNOWN STEP	2025-10-30T06:34:45.3610078Z git version 2.51.0
smoke	UNKNOWN STEP	2025-10-30T06:34:45.3637395Z ##[endgroup]
smoke	UNKNOWN STEP	2025-10-30T06:34:45.3651742Z Temporarily overriding HOME='/home/runner/work/_temp/8e62af3d-0670-4181-9cbc-5f0225fab2c2' before making global git config changes
smoke	UNKNOWN STEP	2025-10-30T06:34:45.3657402Z Adding repository directory to the temporary git global config as a safe directory
smoke	UNKNOWN STEP	2025-10-30T06:34:45.3659640Z [command]/usr/bin/git config --global --add safe.directory /home/runner/work/colleco-mvp/colleco-mvp
smoke	UNKNOWN STEP	2025-10-30T06:34:45.3695180Z Deleting the contents of '/home/runner/work/colleco-mvp/colleco-mvp'
smoke	UNKNOWN STEP	2025-10-30T06:34:45.3698445Z ##[group]Initializing the repository
smoke	UNKNOWN STEP	2025-10-30T06:34:45.3702776Z [command]/usr/bin/git init /home/runner/work/colleco-mvp/colleco-mvp
smoke	UNKNOWN STEP	2025-10-30T06:34:45.3846841Z hint: Using 'master' as the name for the initial branch. This default branch name
smoke	UNKNOWN STEP	2025-10-30T06:34:45.3849497Z hint: is subject to change. To configure the initial branch name to use in all
smoke	UNKNOWN STEP	2025-10-30T06:34:45.3853062Z hint: of your new repositories, which will suppress this warning, call:
smoke	UNKNOWN STEP	2025-10-30T06:34:45.3855424Z hint:
smoke	UNKNOWN STEP	2025-10-30T06:34:45.3856908Z hint: 	git config --global init.defaultBranch <name>
smoke	UNKNOWN STEP	2025-10-30T06:34:45.3858738Z hint:
smoke	UNKNOWN STEP	2025-10-30T06:34:45.3860465Z hint: Names commonly chosen instead of 'master' are 'main', 'trunk' and
smoke	UNKNOWN STEP	2025-10-30T06:34:45.3863731Z hint: 'development'. The just-created branch can be renamed via this command:
smoke	UNKNOWN STEP	2025-10-30T06:34:45.3866051Z hint:
smoke	UNKNOWN STEP	2025-10-30T06:34:45.3867119Z hint: 	git branch -m <name>
smoke	UNKNOWN STEP	2025-10-30T06:34:45.3868385Z hint:
smoke	UNKNOWN STEP	2025-10-30T06:34:45.3870141Z hint: Disable this message with "git config set advice.defaultBranchName false"
smoke	UNKNOWN STEP	2025-10-30T06:34:45.3872143Z Initialized empty Git repository in /home/runner/work/colleco-mvp/colleco-mvp/.git/
smoke	UNKNOWN STEP	2025-10-30T06:34:45.3876151Z [command]/usr/bin/git remote add origin https://github.com/collecokzn-creator/colleco-mvp
smoke	UNKNOWN STEP	2025-10-30T06:34:45.3901397Z ##[endgroup]
smoke	UNKNOWN STEP	2025-10-30T06:34:45.3903845Z ##[group]Disabling automatic garbage collection
smoke	UNKNOWN STEP	2025-10-30T06:34:45.3905956Z [command]/usr/bin/git config --local gc.auto 0
smoke	UNKNOWN STEP	2025-10-30T06:34:45.3935347Z ##[endgroup]
smoke	UNKNOWN STEP	2025-10-30T06:34:45.3937425Z ##[group]Setting up auth
smoke	UNKNOWN STEP	2025-10-30T06:34:45.3943084Z [command]/usr/bin/git config --local --name-only --get-regexp core\.sshCommand
smoke	UNKNOWN STEP	2025-10-30T06:34:45.3976194Z [command]/usr/bin/git submodule foreach --recursive sh -c "git config --local --name-only --get-regexp 'core\.sshCommand' && git config --local --unset-all 'core.sshCommand' || :"
smoke	UNKNOWN STEP	2025-10-30T06:34:45.4289775Z [command]/usr/bin/git config --local --name-only --get-regexp http\.https\:\/\/github\.com\/\.extraheader
smoke	UNKNOWN STEP	2025-10-30T06:34:45.4319397Z [command]/usr/bin/git submodule foreach --recursive sh -c "git config --local --name-only --get-regexp 'http\.https\:\/\/github\.com\/\.extraheader' && git config --local --unset-all 'http.https://github.com/.extraheader' || :"
smoke	UNKNOWN STEP	2025-10-30T06:34:45.4535043Z [command]/usr/bin/git config --local http.https://github.com/.extraheader AUTHORIZATION: basic ***
smoke	UNKNOWN STEP	2025-10-30T06:34:45.4576159Z ##[endgroup]
smoke	UNKNOWN STEP	2025-10-30T06:34:45.4577424Z ##[group]Fetching the repository
smoke	UNKNOWN STEP	2025-10-30T06:34:45.4585295Z [command]/usr/bin/git -c protocol.version=2 fetch --no-tags --prune --no-recurse-submodules --depth=1 origin +6aa434970203085633efe540a32bb17d621cccb6:refs/remotes/pull/15/merge
smoke	UNKNOWN STEP	2025-10-30T06:34:46.0240219Z From https://github.com/collecokzn-creator/colleco-mvp
smoke	UNKNOWN STEP	2025-10-30T06:34:46.0241979Z  * [new ref]         6aa434970203085633efe540a32bb17d621cccb6 -> pull/15/merge
smoke	UNKNOWN STEP	2025-10-30T06:34:46.0274057Z ##[endgroup]
smoke	UNKNOWN STEP	2025-10-30T06:34:46.0274978Z ##[group]Determining the checkout info
smoke	UNKNOWN STEP	2025-10-30T06:34:46.0276439Z ##[endgroup]
smoke	UNKNOWN STEP	2025-10-30T06:34:46.0281922Z [command]/usr/bin/git sparse-checkout disable
smoke	UNKNOWN STEP	2025-10-30T06:34:46.0320801Z [command]/usr/bin/git config --local --unset-all extensions.worktreeConfig
smoke	UNKNOWN STEP	2025-10-30T06:34:46.0348643Z ##[group]Checking out the ref
smoke	UNKNOWN STEP	2025-10-30T06:34:46.0351963Z [command]/usr/bin/git checkout --progress --force refs/remotes/pull/15/merge
smoke	UNKNOWN STEP	2025-10-30T06:34:46.0826907Z Note: switching to 'refs/remotes/pull/15/merge'.
smoke	UNKNOWN STEP	2025-10-30T06:34:46.0827760Z 
smoke	UNKNOWN STEP	2025-10-30T06:34:46.0828390Z You are in 'detached HEAD' state. You can look around, make experimental
smoke	UNKNOWN STEP	2025-10-30T06:34:46.0830020Z changes and commit them, and you can discard any commits you make in this
smoke	UNKNOWN STEP	2025-10-30T06:34:46.0831075Z state without impacting any branches by switching back to a branch.
smoke	UNKNOWN STEP	2025-10-30T06:34:46.0831729Z 
smoke	UNKNOWN STEP	2025-10-30T06:34:46.0832723Z If you want to create a new branch to retain commits you create, you may
smoke	UNKNOWN STEP	2025-10-30T06:34:46.0833618Z do so (now or later) by using -c with the switch command. Example:
smoke	UNKNOWN STEP	2025-10-30T06:34:46.0834120Z 
smoke	UNKNOWN STEP	2025-10-30T06:34:46.0834386Z   git switch -c <new-branch-name>
smoke	UNKNOWN STEP	2025-10-30T06:34:46.0834781Z 
smoke	UNKNOWN STEP	2025-10-30T06:34:46.0835024Z Or undo this operation with:
smoke	UNKNOWN STEP	2025-10-30T06:34:46.0835399Z 
smoke	UNKNOWN STEP	2025-10-30T06:34:46.0835568Z   git switch -
smoke	UNKNOWN STEP	2025-10-30T06:34:46.0835771Z 
smoke	UNKNOWN STEP	2025-10-30T06:34:46.0836044Z Turn off this advice by setting config variable advice.detachedHead to false
smoke	UNKNOWN STEP	2025-10-30T06:34:46.0836765Z 
smoke	UNKNOWN STEP	2025-10-30T06:34:46.0837233Z HEAD is now at 6aa4349 Merge 26e18fec4c7a5ea9c8e41289ac9767f6dfaa7974 into 71f5be630d527d24b1bd80413cd09b752e1167ae
smoke	UNKNOWN STEP	2025-10-30T06:34:46.0840328Z ##[endgroup]
smoke	UNKNOWN STEP	2025-10-30T06:34:46.0884358Z [command]/usr/bin/git log -1 --format=%H
smoke	UNKNOWN STEP	2025-10-30T06:34:46.0907011Z 6aa434970203085633efe540a32bb17d621cccb6
smoke	UNKNOWN STEP	2025-10-30T06:34:46.1140498Z ##[group]Run actions/setup-node@v4
smoke	UNKNOWN STEP	2025-10-30T06:34:46.1140960Z with:
smoke	UNKNOWN STEP	2025-10-30T06:34:46.1141310Z   node-version: 20.19.0
smoke	UNKNOWN STEP	2025-10-30T06:34:46.1141687Z   always-auth: false
smoke	UNKNOWN STEP	2025-10-30T06:34:46.1142059Z   check-latest: false
smoke	UNKNOWN STEP	2025-10-30T06:34:46.1142795Z   token: ***
smoke	UNKNOWN STEP	2025-10-30T06:34:46.1143158Z env:
smoke	UNKNOWN STEP	2025-10-30T06:34:46.1143496Z   SITEMINDER_USE_MOCK: 1
smoke	UNKNOWN STEP	2025-10-30T06:34:46.1143886Z   SITEMINDER_MOCK_PORT: 4015
smoke	UNKNOWN STEP	2025-10-30T06:34:46.1144271Z ##[endgroup]
smoke	UNKNOWN STEP	2025-10-30T06:34:46.2862081Z Attempting to download 20.19.0...
smoke	UNKNOWN STEP	2025-10-30T06:34:47.0399427Z Acquiring 20.19.0 - x64 from https://github.com/actions/node-versions/releases/download/20.19.0-13838090974/node-20.19.0-linux-x64.tar.gz
smoke	UNKNOWN STEP	2025-10-30T06:34:47.5538427Z Extracting ...
smoke	UNKNOWN STEP	2025-10-30T06:34:47.5645238Z [command]/usr/bin/tar xz --strip 1 --warning=no-unknown-keyword --overwrite -C /home/runner/work/_temp/8ec12771-f10c-4759-a875-66c1108e6b65 -f /home/runner/work/_temp/399c9aeb-41ba-431f-9545-51b6a1018ef0
smoke	UNKNOWN STEP	2025-10-30T06:34:48.5661982Z Adding to the cache ...
smoke	UNKNOWN STEP	2025-10-30T06:34:50.2764348Z ##[group]Environment details
smoke	UNKNOWN STEP	2025-10-30T06:34:50.4952738Z node: v20.19.0
smoke	UNKNOWN STEP	2025-10-30T06:34:50.4953278Z npm: 10.8.2
smoke	UNKNOWN STEP	2025-10-30T06:34:50.4953604Z yarn: 1.22.22
smoke	UNKNOWN STEP	2025-10-30T06:34:50.4954376Z ##[endgroup]
smoke	UNKNOWN STEP	2025-10-30T06:34:50.5134926Z ##[group]Run npm ci
smoke	UNKNOWN STEP	2025-10-30T06:34:50.5135204Z [36;1mnpm ci[0m
smoke	UNKNOWN STEP	2025-10-30T06:34:50.5174792Z shell: /usr/bin/bash -e {0}
smoke	UNKNOWN STEP	2025-10-30T06:34:50.5175046Z env:
smoke	UNKNOWN STEP	2025-10-30T06:34:50.5175225Z   SITEMINDER_USE_MOCK: 1
smoke	UNKNOWN STEP	2025-10-30T06:34:50.5175451Z   SITEMINDER_MOCK_PORT: 4015
smoke	UNKNOWN STEP	2025-10-30T06:34:50.5175673Z ##[endgroup]
smoke	UNKNOWN STEP	2025-10-30T06:34:53.4547071Z npm warn deprecated rimraf@3.0.2: Rimraf versions prior to v4 are no longer supported
smoke	UNKNOWN STEP	2025-10-30T06:34:54.2114091Z npm warn deprecated inflight@1.0.6: This module is not supported, and leaks memory. Do not use it. Check out lru-cache if you want a good and tested way to coalesce async requests by a key value, which is much more comprehensive and powerful.
smoke	UNKNOWN STEP	2025-10-30T06:34:54.7569437Z npm warn deprecated fstream@1.0.12: This package is no longer supported.
smoke	UNKNOWN STEP	2025-10-30T06:34:55.6672211Z npm warn deprecated @humanwhocodes/object-schema@2.0.3: Use @eslint/object-schema instead
smoke	UNKNOWN STEP	2025-10-30T06:34:55.6677037Z npm warn deprecated @humanwhocodes/config-array@0.13.0: Use @eslint/config-array instead
smoke	UNKNOWN STEP	2025-10-30T06:34:56.1703694Z npm warn deprecated glob@7.2.3: Glob versions prior to v9 are no longer supported
smoke	UNKNOWN STEP	2025-10-30T06:34:56.3010761Z npm warn deprecated glob@7.2.3: Glob versions prior to v9 are no longer supported
smoke	UNKNOWN STEP	2025-10-30T06:34:56.3543905Z npm warn deprecated rimraf@2.7.1: Rimraf versions prior to v4 are no longer supported
smoke	UNKNOWN STEP	2025-10-30T06:34:58.7617631Z npm warn deprecated eslint@8.57.1: This version is no longer supported. Please see https://eslint.org/version-support for other options.
smoke	UNKNOWN STEP	2025-10-30T06:35:14.8381264Z 
smoke	UNKNOWN STEP	2025-10-30T06:35:14.8384279Z added 910 packages, and audited 911 packages in 24s
smoke	UNKNOWN STEP	2025-10-30T06:35:14.8386226Z 
smoke	UNKNOWN STEP	2025-10-30T06:35:14.8386609Z 224 packages are looking for funding
smoke	UNKNOWN STEP	2025-10-30T06:35:14.8387215Z   run `npm fund` for details
smoke	UNKNOWN STEP	2025-10-30T06:35:14.8572356Z 
smoke	UNKNOWN STEP	2025-10-30T06:35:14.8573117Z 9 moderate severity vulnerabilities
smoke	UNKNOWN STEP	2025-10-30T06:35:14.8573442Z 
smoke	UNKNOWN STEP	2025-10-30T06:35:14.8573704Z To address issues that do not require attention, run:
smoke	UNKNOWN STEP	2025-10-30T06:35:14.8574177Z   npm audit fix
smoke	UNKNOWN STEP	2025-10-30T06:35:14.8574319Z 
smoke	UNKNOWN STEP	2025-10-30T06:35:14.8574570Z To address all issues (including breaking changes), run:
smoke	UNKNOWN STEP	2025-10-30T06:35:14.8574932Z   npm audit fix --force
smoke	UNKNOWN STEP	2025-10-30T06:35:14.8575091Z 
smoke	UNKNOWN STEP	2025-10-30T06:35:14.8575229Z Run `npm audit` for details.
smoke	UNKNOWN STEP	2025-10-30T06:35:14.8887047Z ##[group]Run nohup node server/server.js > server.log 2>&1 &
smoke	UNKNOWN STEP	2025-10-30T06:35:14.8887780Z [36;1mnohup node server/server.js > server.log 2>&1 &[0m
smoke	UNKNOWN STEP	2025-10-30T06:35:14.8888114Z [36;1mecho $! > backend.pid[0m
smoke	UNKNOWN STEP	2025-10-30T06:35:14.8926264Z shell: /usr/bin/bash -e {0}
smoke	UNKNOWN STEP	2025-10-30T06:35:14.8926481Z env:
smoke	UNKNOWN STEP	2025-10-30T06:35:14.8926642Z   SITEMINDER_USE_MOCK: 1
smoke	UNKNOWN STEP	2025-10-30T06:35:14.8926853Z   SITEMINDER_MOCK_PORT: 4015
smoke	UNKNOWN STEP	2025-10-30T06:35:14.8927057Z ##[endgroup]
smoke	UNKNOWN STEP	2025-10-30T06:35:14.9005855Z ##[group]Run nohup bash -lc "npx cross-env VITE_API_BASE=http://127.0.0.1:4000 npm run dev -- --host 127.0.0.1 --port 5173" > vite.log 2>&1 &
smoke	UNKNOWN STEP	2025-10-30T06:35:14.9006621Z [36;1mnohup bash -lc "npx cross-env VITE_API_BASE=http://127.0.0.1:4000 npm run dev -- --host 127.0.0.1 --port 5173" > vite.log 2>&1 &[0m
smoke	UNKNOWN STEP	2025-10-30T06:35:14.9007091Z [36;1mecho $! > vite.pid[0m
smoke	UNKNOWN STEP	2025-10-30T06:35:14.9037066Z shell: /usr/bin/bash -e {0}
smoke	UNKNOWN STEP	2025-10-30T06:35:14.9037281Z env:
smoke	UNKNOWN STEP	2025-10-30T06:35:14.9037453Z   SITEMINDER_USE_MOCK: 1
smoke	UNKNOWN STEP	2025-10-30T06:35:14.9037658Z   SITEMINDER_MOCK_PORT: 4015
smoke	UNKNOWN STEP	2025-10-30T06:35:14.9037909Z ##[endgroup]
smoke	UNKNOWN STEP	2025-10-30T06:35:14.9121686Z ##[group]Run n=0; until curl -fsS http://127.0.0.1:5173/ >/dev/null 2>&1 && curl -fsS http://127.0.0.1:4000/health >/dev/null 2>&1 || [ $n -ge 120 ]; do n=$((n+1)); echo "waiting... $n"; sleep 1; done
smoke	UNKNOWN STEP	2025-10-30T06:35:14.9123478Z [36;1mn=0; until curl -fsS http://127.0.0.1:5173/ >/dev/null 2>&1 && curl -fsS http://127.0.0.1:4000/health >/dev/null 2>&1 || [ $n -ge 120 ]; do n=$((n+1)); echo "waiting... $n"; sleep 1; done[0m
smoke	UNKNOWN STEP	2025-10-30T06:35:14.9165639Z shell: /usr/bin/bash -e {0}
smoke	UNKNOWN STEP	2025-10-30T06:35:14.9166043Z env:
smoke	UNKNOWN STEP	2025-10-30T06:35:14.9166335Z   SITEMINDER_USE_MOCK: 1
smoke	UNKNOWN STEP	2025-10-30T06:35:14.9166705Z   SITEMINDER_MOCK_PORT: 4015
smoke	UNKNOWN STEP	2025-10-30T06:35:14.9167066Z ##[endgroup]
smoke	UNKNOWN STEP	2025-10-30T06:35:14.9304894Z waiting... 1
smoke	UNKNOWN STEP	2025-10-30T06:35:15.9396488Z waiting... 2
smoke	UNKNOWN STEP	2025-10-30T06:35:17.2725526Z ##[group]Run npx cypress run --browser electron --config video=false --spec "cypress/e2e/smoke.cy.js,cypress/e2e/nav_mobile.cy.js,cypress/e2e/booking_modal.cy.js,cypress/e2e/login_register_smoke.cy.js,cypress/e2e/login_smoke_minimal.cy.js"
smoke	UNKNOWN STEP	2025-10-30T06:35:17.2726986Z [36;1mnpx cypress run --browser electron --config video=false --spec "cypress/e2e/smoke.cy.js,cypress/e2e/nav_mobile.cy.js,cypress/e2e/booking_modal.cy.js,cypress/e2e/login_register_smoke.cy.js,cypress/e2e/login_smoke_minimal.cy.js"[0m
smoke	UNKNOWN STEP	2025-10-30T06:35:17.2759734Z shell: /usr/bin/bash -e {0}
smoke	UNKNOWN STEP	2025-10-30T06:35:17.2760055Z env:
smoke	UNKNOWN STEP	2025-10-30T06:35:17.2760308Z   SITEMINDER_USE_MOCK: 1
smoke	UNKNOWN STEP	2025-10-30T06:35:17.2760636Z   SITEMINDER_MOCK_PORT: 4015
smoke	UNKNOWN STEP	2025-10-30T06:35:17.2760974Z ##[endgroup]
smoke	UNKNOWN STEP	2025-10-30T06:35:17.9745565Z It looks like this is your first time using Cypress: 13.17.0
smoke	UNKNOWN STEP	2025-10-30T06:35:17.9749770Z 
smoke	UNKNOWN STEP	2025-10-30T06:35:17.9786679Z [STARTED] Task without title.
smoke	UNKNOWN STEP	2025-10-30T06:35:23.1858642Z [SUCCESS] Task without title.
smoke	UNKNOWN STEP	2025-10-30T06:35:23.1861689Z 
smoke	UNKNOWN STEP	2025-10-30T06:35:23.1864070Z Opening Cypress...
smoke	UNKNOWN STEP	2025-10-30T06:35:23.8108108Z 
smoke	UNKNOWN STEP	2025-10-30T06:35:23.8109180Z DevTools listening on ws://127.0.0.1:44799/devtools/browser/4ebbcc0b-90a7-43b3-9c08-0144f94805ab
smoke	UNKNOWN STEP	2025-10-30T06:35:30.0680508Z [33mCypress could not verify that this server is running:[39m
smoke	UNKNOWN STEP	2025-10-30T06:35:30.0681285Z [33m[39m
smoke	UNKNOWN STEP	2025-10-30T06:35:30.0681923Z [33m[90m  > [33m[94mhttp://localhost:5174[33m[39m
smoke	UNKNOWN STEP	2025-10-30T06:35:30.0682697Z [33m[39m
smoke	UNKNOWN STEP	2025-10-30T06:35:30.0683304Z [33mWe are verifying this server because it has been configured as your [33mbaseUrl[33m.[39m
smoke	UNKNOWN STEP	2025-10-30T06:35:30.0683793Z [33m[39m
smoke	UNKNOWN STEP	2025-10-30T06:35:30.0684304Z [33mCypress automatically waits until your server is accessible before running tests.[39m
smoke	UNKNOWN STEP	2025-10-30T06:35:30.0684715Z [33m[39m
smoke	UNKNOWN STEP	2025-10-30T06:35:30.0685068Z [33m[90mWe will try connecting to it 3 more times...[33m[39m
smoke	UNKNOWN STEP	2025-10-30T06:35:33.0736725Z [33m[90mWe will try connecting to it 2 more times...[33m[39m
smoke	UNKNOWN STEP	2025-10-30T06:35:36.0787183Z [33m[90mWe will try connecting to it 1 more time...[33m[39m
smoke	UNKNOWN STEP	2025-10-30T06:35:36.0787648Z [33m[90m[33m[39m
smoke	UNKNOWN STEP	2025-10-30T06:35:40.0827556Z [31mCypress failed to verify that your server is running.[39m
smoke	UNKNOWN STEP	2025-10-30T06:35:40.0829179Z [31m[39m
smoke	UNKNOWN STEP	2025-10-30T06:35:40.0829896Z [31mPlease start this server and then run Cypress again.[39m
smoke	UNKNOWN STEP	2025-10-30T06:35:40.1710071Z ##[error]Process completed with exit code 1.
smoke	UNKNOWN STEP	2025-10-30T06:35:40.1798498Z ##[group]Run actions/upload-artifact@v4
smoke	UNKNOWN STEP	2025-10-30T06:35:40.1798915Z with:
smoke	UNKNOWN STEP	2025-10-30T06:35:40.1799202Z   name: cypress-smoke-artifacts
smoke	UNKNOWN STEP	2025-10-30T06:35:40.1799886Z   path: cypress/screenshots
smoke	UNKNOWN STEP	cypress/videos
smoke	UNKNOWN STEP	cypress/logs
smoke	UNKNOWN STEP	server.log
smoke	UNKNOWN STEP	vite.log
smoke	UNKNOWN STEP	backend.pid
smoke	UNKNOWN STEP	vite.pid
smoke	UNKNOWN STEP	
smoke	UNKNOWN STEP	2025-10-30T06:35:40.1800593Z   if-no-files-found: warn
smoke	UNKNOWN STEP	2025-10-30T06:35:40.1800930Z   compression-level: 6
smoke	UNKNOWN STEP	2025-10-30T06:35:40.1801238Z   overwrite: false
smoke	UNKNOWN STEP	2025-10-30T06:35:40.1801549Z   include-hidden-files: false
smoke	UNKNOWN STEP	2025-10-30T06:35:40.1801882Z env:
smoke	UNKNOWN STEP	2025-10-30T06:35:40.1802138Z   SITEMINDER_USE_MOCK: 1
smoke	UNKNOWN STEP	2025-10-30T06:35:40.1802613Z   SITEMINDER_MOCK_PORT: 4015
smoke	UNKNOWN STEP	2025-10-30T06:35:40.1802973Z ##[endgroup]
smoke	UNKNOWN STEP	2025-10-30T06:35:40.4087523Z Multiple search paths detected. Calculating the least common ancestor of all paths
smoke	UNKNOWN STEP	2025-10-30T06:35:40.4092296Z The least common ancestor is /home/runner/work/colleco-mvp/colleco-mvp. This will be the root directory of the artifact
smoke	UNKNOWN STEP	2025-10-30T06:35:40.4093729Z With the provided path, there will be 11 files uploaded
smoke	UNKNOWN STEP	2025-10-30T06:35:40.4098340Z Artifact name is valid!
smoke	UNKNOWN STEP	2025-10-30T06:35:40.4099107Z Root directory input is valid!
smoke	UNKNOWN STEP	2025-10-30T06:35:40.7128274Z Beginning upload of artifact content to blob storage
smoke	UNKNOWN STEP	2025-10-30T06:35:41.1517525Z Uploaded bytes 23852
smoke	UNKNOWN STEP	2025-10-30T06:35:41.2403232Z Finished uploading artifact content to blob storage!
smoke	UNKNOWN STEP	2025-10-30T06:35:41.2406688Z SHA256 digest of uploaded artifact zip is 66fc9977417923c056f7f8dfa1d7683fca406ec8dc557900e5160f5b0bafabc7
smoke	UNKNOWN STEP	2025-10-30T06:35:41.2408323Z Finalizing artifact upload
smoke	UNKNOWN STEP	2025-10-30T06:35:41.3754415Z Artifact cypress-smoke-artifacts.zip successfully finalized. Artifact ID 4414250319
smoke	UNKNOWN STEP	2025-10-30T06:35:41.3755929Z Artifact cypress-smoke-artifacts has been successfully uploaded! Final size is 23852 bytes. Artifact ID is 4414250319
smoke	UNKNOWN STEP	2025-10-30T06:35:41.3762795Z Artifact download URL: https://github.com/collecokzn-creator/colleco-mvp/actions/runs/18932086189/artifacts/4414250319
smoke	UNKNOWN STEP	2025-10-30T06:35:41.3897050Z Post job cleanup.
smoke	UNKNOWN STEP	2025-10-30T06:35:41.4844253Z [command]/usr/bin/git version
smoke	UNKNOWN STEP	2025-10-30T06:35:41.4885279Z git version 2.51.0
smoke	UNKNOWN STEP	2025-10-30T06:35:41.4947462Z Temporarily overriding HOME='/home/runner/work/_temp/683dd376-2a29-469e-a4ae-757e85d0b09f' before making global git config changes
smoke	UNKNOWN STEP	2025-10-30T06:35:41.4948497Z Adding repository directory to the temporary git global config as a safe directory
smoke	UNKNOWN STEP	2025-10-30T06:35:41.4964192Z [command]/usr/bin/git config --global --add safe.directory /home/runner/work/colleco-mvp/colleco-mvp
smoke	UNKNOWN STEP	2025-10-30T06:35:41.5004083Z [command]/usr/bin/git config --local --name-only --get-regexp core\.sshCommand
smoke	UNKNOWN STEP	2025-10-30T06:35:41.5040121Z [command]/usr/bin/git submodule foreach --recursive sh -c "git config --local --name-only --get-regexp 'core\.sshCommand' && git config --local --unset-all 'core.sshCommand' || :"
smoke	UNKNOWN STEP	2025-10-30T06:35:41.5289434Z [command]/usr/bin/git config --local --name-only --get-regexp http\.https\:\/\/github\.com\/\.extraheader
smoke	UNKNOWN STEP	2025-10-30T06:35:41.5310885Z http.https://github.com/.extraheader
smoke	UNKNOWN STEP	2025-10-30T06:35:41.5323781Z [command]/usr/bin/git config --local --unset-all http.https://github.com/.extraheader
smoke	UNKNOWN STEP	2025-10-30T06:35:41.5353888Z [command]/usr/bin/git submodule foreach --recursive sh -c "git config --local --name-only --get-regexp 'http\.https\:\/\/github\.com\/\.extraheader' && git config --local --unset-all 'http.https://github.com/.extraheader' || :"
smoke	UNKNOWN STEP	2025-10-30T06:35:41.5681605Z Cleaning up orphan processes
smoke	UNKNOWN STEP	2025-10-30T06:35:41.5962004Z Terminate orphan process: pid (2185) (node)
smoke	UNKNOWN STEP	2025-10-30T06:35:41.5987497Z Terminate orphan process: pid (2192) (npm exec cross-)
smoke	UNKNOWN STEP	2025-10-30T06:35:41.6011783Z Terminate orphan process: pid (2323) (sh)
smoke	UNKNOWN STEP	2025-10-30T06:35:41.6033364Z Terminate orphan process: pid (2324) (node)
smoke	UNKNOWN STEP	2025-10-30T06:35:41.6054849Z Terminate orphan process: pid (2331) (npm run dev --host 127.0.0.1 --port 5173)
smoke	UNKNOWN STEP	2025-10-30T06:35:41.6077920Z Terminate orphan process: pid (2342) (sh)
smoke	UNKNOWN STEP	2025-10-30T06:35:41.6099659Z Terminate orphan process: pid (2401) (node)
smoke	UNKNOWN STEP	2025-10-30T06:35:41.6139043Z Terminate orphan process: pid (2412) (esbuild)
