smoke	Set up job	´╗┐2025-10-30T06:41:49.8787331Z Current runner version: '2.328.0'
smoke	Set up job	2025-10-30T06:41:49.8820320Z ##[group]Runner Image Provisioner
smoke	Set up job	2025-10-30T06:41:49.8821409Z Hosted Compute Agent
smoke	Set up job	2025-10-30T06:41:49.8822234Z Version: 20250912.392
smoke	Set up job	2025-10-30T06:41:49.8823113Z Commit: d921fda672a98b64f4f82364647e2f10b2267d0b
smoke	Set up job	2025-10-30T06:41:49.8824305Z Build Date: 2025-09-12T15:23:14Z
smoke	Set up job	2025-10-30T06:41:49.8825199Z ##[endgroup]
smoke	Set up job	2025-10-30T06:41:49.8826129Z ##[group]Operating System
smoke	Set up job	2025-10-30T06:41:49.8827046Z Ubuntu
smoke	Set up job	2025-10-30T06:41:49.8827906Z 24.04.3
smoke	Set up job	2025-10-30T06:41:49.8828716Z LTS
smoke	Set up job	2025-10-30T06:41:49.8829460Z ##[endgroup]
smoke	Set up job	2025-10-30T06:41:49.8830235Z ##[group]Runner Image
smoke	Set up job	2025-10-30T06:41:49.8831113Z Image: ubuntu-24.04
smoke	Set up job	2025-10-30T06:41:49.8831993Z Version: 20250929.60.1
smoke	Set up job	2025-10-30T06:41:49.8833658Z Included Software: https://github.com/actions/runner-images/blob/ubuntu24/20250929.60/images/ubuntu/Ubuntu2404-Readme.md
smoke	Set up job	2025-10-30T06:41:49.8836023Z Image Release: https://github.com/actions/runner-images/releases/tag/ubuntu24%2F20250929.60
smoke	Set up job	2025-10-30T06:41:49.8838029Z ##[endgroup]
smoke	Set up job	2025-10-30T06:41:49.8839898Z ##[group]GITHUB_TOKEN Permissions
smoke	Set up job	2025-10-30T06:41:49.8842282Z Contents: read
smoke	Set up job	2025-10-30T06:41:49.8843237Z Metadata: read
smoke	Set up job	2025-10-30T06:41:49.8843977Z Packages: read
smoke	Set up job	2025-10-30T06:41:49.8844716Z ##[endgroup]
smoke	Set up job	2025-10-30T06:41:49.8847771Z Secret source: Actions
smoke	Set up job	2025-10-30T06:41:49.8848863Z Prepare workflow directory
smoke	Set up job	2025-10-30T06:41:49.9375157Z Prepare all required actions
smoke	Set up job	2025-10-30T06:41:49.9429127Z Getting action download info
smoke	Set up job	2025-10-30T06:41:50.2491113Z Download action repository 'actions/checkout@v4' (SHA:08eba0b27e820071cde6df949e0beb9ba4906955)
smoke	Set up job	2025-10-30T06:41:50.4309683Z Download action repository 'actions/setup-node@v4' (SHA:49933ea5288caeca8642d1e84afbd3f7d6820020)
smoke	Set up job	2025-10-30T06:41:50.5749084Z Download action repository 'actions/upload-artifact@v4' (SHA:ea165f8d65b6e75b540449e92b4886f43607fa02)
smoke	Set up job	2025-10-30T06:41:50.7692259Z Complete job name: smoke
smoke	Checkout	´╗┐2025-10-30T06:41:50.8378152Z ##[group]Run actions/checkout@v4
smoke	Checkout	2025-10-30T06:41:50.8379150Z with:
smoke	Checkout	2025-10-30T06:41:50.8379641Z   repository: collecokzn-creator/colleco-mvp
smoke	Checkout	2025-10-30T06:41:50.8380359Z   token: ***
smoke	Checkout	2025-10-30T06:41:50.8380752Z   ssh-strict: true
smoke	Checkout	2025-10-30T06:41:50.8381156Z   ssh-user: git
smoke	Checkout	2025-10-30T06:41:50.8381572Z   persist-credentials: true
smoke	Checkout	2025-10-30T06:41:50.8382037Z   clean: true
smoke	Checkout	2025-10-30T06:41:50.8382450Z   sparse-checkout-cone-mode: true
smoke	Checkout	2025-10-30T06:41:50.8382935Z   fetch-depth: 1
smoke	Checkout	2025-10-30T06:41:50.8383325Z   fetch-tags: false
smoke	Checkout	2025-10-30T06:41:50.8383758Z   show-progress: true
smoke	Checkout	2025-10-30T06:41:50.8384183Z   lfs: false
smoke	Checkout	2025-10-30T06:41:50.8384563Z   submodules: false
smoke	Checkout	2025-10-30T06:41:50.8385001Z   set-safe-directory: true
smoke	Checkout	2025-10-30T06:41:50.8385638Z env:
smoke	Checkout	2025-10-30T06:41:50.8386048Z   SITEMINDER_USE_MOCK: 1
smoke	Checkout	2025-10-30T06:41:50.8386502Z   SITEMINDER_MOCK_PORT: 4015
smoke	Checkout	2025-10-30T06:41:50.8386964Z ##[endgroup]
smoke	Checkout	2025-10-30T06:41:50.9485458Z Syncing repository: collecokzn-creator/colleco-mvp
smoke	Checkout	2025-10-30T06:41:50.9487902Z ##[group]Getting Git version info
smoke	Checkout	2025-10-30T06:41:50.9488716Z Working directory is '/home/runner/work/colleco-mvp/colleco-mvp'
smoke	Checkout	2025-10-30T06:41:50.9489912Z [command]/usr/bin/git version
smoke	Checkout	2025-10-30T06:41:50.9550661Z git version 2.51.0
smoke	Checkout	2025-10-30T06:41:50.9576109Z ##[endgroup]
smoke	Checkout	2025-10-30T06:41:50.9591365Z Temporarily overriding HOME='/home/runner/work/_temp/05a83a70-c9b0-481c-a545-34fd5c6bac9e' before making global git config changes
smoke	Checkout	2025-10-30T06:41:50.9593892Z Adding repository directory to the temporary git global config as a safe directory
smoke	Checkout	2025-10-30T06:41:50.9598047Z [command]/usr/bin/git config --global --add safe.directory /home/runner/work/colleco-mvp/colleco-mvp
smoke	Checkout	2025-10-30T06:41:50.9634533Z Deleting the contents of '/home/runner/work/colleco-mvp/colleco-mvp'
smoke	Checkout	2025-10-30T06:41:50.9638467Z ##[group]Initializing the repository
smoke	Checkout	2025-10-30T06:41:50.9643246Z [command]/usr/bin/git init /home/runner/work/colleco-mvp/colleco-mvp
smoke	Checkout	2025-10-30T06:41:50.9747975Z hint: Using 'master' as the name for the initial branch. This default branch name
smoke	Checkout	2025-10-30T06:41:50.9749413Z hint: is subject to change. To configure the initial branch name to use in all
smoke	Checkout	2025-10-30T06:41:50.9750963Z hint: of your new repositories, which will suppress this warning, call:
smoke	Checkout	2025-10-30T06:41:50.9751987Z hint:
smoke	Checkout	2025-10-30T06:41:50.9752639Z hint: 	git config --global init.defaultBranch <name>
smoke	Checkout	2025-10-30T06:41:50.9753742Z hint:
smoke	Checkout	2025-10-30T06:41:50.9754805Z hint: Names commonly chosen instead of 'master' are 'main', 'trunk' and
smoke	Checkout	2025-10-30T06:41:50.9756492Z hint: 'development'. The just-created branch can be renamed via this command:
smoke	Checkout	2025-10-30T06:41:50.9758061Z hint:
smoke	Checkout	2025-10-30T06:41:50.9758837Z hint: 	git branch -m <name>
smoke	Checkout	2025-10-30T06:41:50.9759620Z hint:
smoke	Checkout	2025-10-30T06:41:50.9760660Z hint: Disable this message with "git config set advice.defaultBranchName false"
smoke	Checkout	2025-10-30T06:41:50.9762524Z Initialized empty Git repository in /home/runner/work/colleco-mvp/colleco-mvp/.git/
smoke	Checkout	2025-10-30T06:41:50.9765663Z [command]/usr/bin/git remote add origin https://github.com/collecokzn-creator/colleco-mvp
smoke	Checkout	2025-10-30T06:41:50.9800272Z ##[endgroup]
smoke	Checkout	2025-10-30T06:41:50.9801543Z ##[group]Disabling automatic garbage collection
smoke	Checkout	2025-10-30T06:41:50.9805047Z [command]/usr/bin/git config --local gc.auto 0
smoke	Checkout	2025-10-30T06:41:50.9833303Z ##[endgroup]
smoke	Checkout	2025-10-30T06:41:50.9834615Z ##[group]Setting up auth
smoke	Checkout	2025-10-30T06:41:50.9840784Z [command]/usr/bin/git config --local --name-only --get-regexp core\.sshCommand
smoke	Checkout	2025-10-30T06:41:50.9871662Z [command]/usr/bin/git submodule foreach --recursive sh -c "git config --local --name-only --get-regexp 'core\.sshCommand' && git config --local --unset-all 'core.sshCommand' || :"
smoke	Checkout	2025-10-30T06:41:51.0182406Z [command]/usr/bin/git config --local --name-only --get-regexp http\.https\:\/\/github\.com\/\.extraheader
smoke	Checkout	2025-10-30T06:41:51.0209426Z [command]/usr/bin/git submodule foreach --recursive sh -c "git config --local --name-only --get-regexp 'http\.https\:\/\/github\.com\/\.extraheader' && git config --local --unset-all 'http.https://github.com/.extraheader' || :"
smoke	Checkout	2025-10-30T06:41:51.0438288Z [command]/usr/bin/git config --local http.https://github.com/.extraheader AUTHORIZATION: basic ***
smoke	Checkout	2025-10-30T06:41:51.0479636Z ##[endgroup]
smoke	Checkout	2025-10-30T06:41:51.0480459Z ##[group]Fetching the repository
smoke	Checkout	2025-10-30T06:41:51.0488766Z [command]/usr/bin/git -c protocol.version=2 fetch --no-tags --prune --no-recurse-submodules --depth=1 origin +71cac94c62b16f33c8060a860d3ea188a8d0af2b:refs/remotes/pull/15/merge
smoke	Checkout	2025-10-30T06:41:51.4470686Z From https://github.com/collecokzn-creator/colleco-mvp
smoke	Checkout	2025-10-30T06:41:51.4474089Z  * [new ref]         71cac94c62b16f33c8060a860d3ea188a8d0af2b -> pull/15/merge
smoke	Checkout	2025-10-30T06:41:51.4501297Z ##[endgroup]
smoke	Checkout	2025-10-30T06:41:51.4502424Z ##[group]Determining the checkout info
smoke	Checkout	2025-10-30T06:41:51.4503744Z ##[endgroup]
smoke	Checkout	2025-10-30T06:41:51.4508260Z [command]/usr/bin/git sparse-checkout disable
smoke	Checkout	2025-10-30T06:41:51.4546163Z [command]/usr/bin/git config --local --unset-all extensions.worktreeConfig
smoke	Checkout	2025-10-30T06:41:51.4573289Z ##[group]Checking out the ref
smoke	Checkout	2025-10-30T06:41:51.4576126Z [command]/usr/bin/git checkout --progress --force refs/remotes/pull/15/merge
smoke	Checkout	2025-10-30T06:41:51.5044789Z Note: switching to 'refs/remotes/pull/15/merge'.
smoke	Checkout	2025-10-30T06:41:51.5046103Z 
smoke	Checkout	2025-10-30T06:41:51.5046829Z You are in 'detached HEAD' state. You can look around, make experimental
smoke	Checkout	2025-10-30T06:41:51.5048847Z changes and commit them, and you can discard any commits you make in this
smoke	Checkout	2025-10-30T06:41:51.5051052Z state without impacting any branches by switching back to a branch.
smoke	Checkout	2025-10-30T06:41:51.5052882Z 
smoke	Checkout	2025-10-30T06:41:51.5054031Z If you want to create a new branch to retain commits you create, you may
smoke	Checkout	2025-10-30T06:41:51.5056226Z do so (now or later) by using -c with the switch command. Example:
smoke	Checkout	2025-10-30T06:41:51.5057879Z 
smoke	Checkout	2025-10-30T06:41:51.5058569Z   git switch -c <new-branch-name>
smoke	Checkout	2025-10-30T06:41:51.5059436Z 
smoke	Checkout	2025-10-30T06:41:51.5060036Z Or undo this operation with:
smoke	Checkout	2025-10-30T06:41:51.5060938Z 
smoke	Checkout	2025-10-30T06:41:51.5061542Z   git switch -
smoke	Checkout	2025-10-30T06:41:51.5062397Z 
smoke	Checkout	2025-10-30T06:41:51.5063353Z Turn off this advice by setting config variable advice.detachedHead to false
smoke	Checkout	2025-10-30T06:41:51.5065028Z 
smoke	Checkout	2025-10-30T06:41:51.5066425Z HEAD is now at 71cac94 Merge d44c3bfd2e110a246b535aa71bce40a4c7ebbdb2 into 71f5be630d527d24b1bd80413cd09b752e1167ae
smoke	Checkout	2025-10-30T06:41:51.5069886Z ##[endgroup]
smoke	Checkout	2025-10-30T06:41:51.5094291Z [command]/usr/bin/git log -1 --format=%H
smoke	Checkout	2025-10-30T06:41:51.5116288Z 71cac94c62b16f33c8060a860d3ea188a8d0af2b
smoke	Use Node.js	´╗┐2025-10-30T06:41:51.5381847Z ##[group]Run actions/setup-node@v4
smoke	Use Node.js	2025-10-30T06:41:51.5382786Z with:
smoke	Use Node.js	2025-10-30T06:41:51.5383498Z   node-version: 20
smoke	Use Node.js	2025-10-30T06:41:51.5384254Z   always-auth: false
smoke	Use Node.js	2025-10-30T06:41:51.5385005Z   check-latest: false
smoke	Use Node.js	2025-10-30T06:41:51.5385928Z   token: ***
smoke	Use Node.js	2025-10-30T06:41:51.5386634Z env:
smoke	Use Node.js	2025-10-30T06:41:51.5387340Z   SITEMINDER_USE_MOCK: 1
smoke	Use Node.js	2025-10-30T06:41:51.5388302Z   SITEMINDER_MOCK_PORT: 4015
smoke	Use Node.js	2025-10-30T06:41:51.5389098Z ##[endgroup]
smoke	Use Node.js	2025-10-30T06:41:51.7293222Z Found in cache @ /opt/hostedtoolcache/node/20.19.5/x64
smoke	Use Node.js	2025-10-30T06:41:51.7299151Z ##[group]Environment details
smoke	Use Node.js	2025-10-30T06:41:54.6030969Z node: v20.19.5
smoke	Use Node.js	2025-10-30T06:41:54.6031945Z npm: 10.8.2
smoke	Use Node.js	2025-10-30T06:41:54.6032583Z yarn: 1.22.22
smoke	Use Node.js	2025-10-30T06:41:54.6034939Z ##[endgroup]
smoke	Install dependencies	´╗┐2025-10-30T06:41:54.6212419Z ##[group]Run npm ci
smoke	Install dependencies	2025-10-30T06:41:54.6212860Z [36;1mnpm ci[0m
smoke	Install dependencies	2025-10-30T06:41:54.6346631Z shell: /usr/bin/bash -e {0}
smoke	Install dependencies	2025-10-30T06:41:54.6347043Z env:
smoke	Install dependencies	2025-10-30T06:41:54.6347355Z   SITEMINDER_USE_MOCK: 1
smoke	Install dependencies	2025-10-30T06:41:54.6347893Z   SITEMINDER_MOCK_PORT: 4015
smoke	Install dependencies	2025-10-30T06:41:54.6348260Z ##[endgroup]
smoke	Install dependencies	2025-10-30T06:42:01.7187339Z npm warn deprecated rimraf@3.0.2: Rimraf versions prior to v4 are no longer supported
smoke	Install dependencies	2025-10-30T06:42:02.4668695Z npm warn deprecated inflight@1.0.6: This module is not supported, and leaks memory. Do not use it. Check out lru-cache if you want a good and tested way to coalesce async requests by a key value, which is much more comprehensive and powerful.
smoke	Install dependencies	2025-10-30T06:42:03.2136500Z npm warn deprecated fstream@1.0.12: This package is no longer supported.
smoke	Install dependencies	2025-10-30T06:42:03.8111205Z npm warn deprecated @humanwhocodes/config-array@0.13.0: Use @eslint/config-array instead
smoke	Install dependencies	2025-10-30T06:42:03.8563714Z npm warn deprecated @humanwhocodes/object-schema@2.0.3: Use @eslint/object-schema instead
smoke	Install dependencies	2025-10-30T06:42:04.2539767Z npm warn deprecated glob@7.2.3: Glob versions prior to v9 are no longer supported
smoke	Install dependencies	2025-10-30T06:42:04.4029308Z npm warn deprecated rimraf@2.7.1: Rimraf versions prior to v4 are no longer supported
smoke	Install dependencies	2025-10-30T06:42:04.4402454Z npm warn deprecated glob@7.2.3: Glob versions prior to v9 are no longer supported
smoke	Install dependencies	2025-10-30T06:42:07.0628273Z npm warn deprecated eslint@8.57.1: This version is no longer supported. Please see https://eslint.org/version-support for other options.
smoke	Install dependencies	2025-10-30T06:42:21.9239246Z 
smoke	Install dependencies	2025-10-30T06:42:21.9240207Z added 910 packages, and audited 911 packages in 27s
smoke	Install dependencies	2025-10-30T06:42:21.9240803Z 
smoke	Install dependencies	2025-10-30T06:42:21.9241147Z 224 packages are looking for funding
smoke	Install dependencies	2025-10-30T06:42:21.9241745Z   run `npm fund` for details
smoke	Install dependencies	2025-10-30T06:42:21.9482018Z 
smoke	Install dependencies	2025-10-30T06:42:21.9483762Z 9 moderate severity vulnerabilities
smoke	Install dependencies	2025-10-30T06:42:21.9488162Z 
smoke	Install dependencies	2025-10-30T06:42:21.9488806Z To address issues that do not require attention, run:
smoke	Install dependencies	2025-10-30T06:42:21.9489499Z   npm audit fix
smoke	Install dependencies	2025-10-30T06:42:21.9489809Z 
smoke	Install dependencies	2025-10-30T06:42:21.9490217Z To address all issues (including breaking changes), run:
smoke	Install dependencies	2025-10-30T06:42:21.9490815Z   npm audit fix --force
smoke	Install dependencies	2025-10-30T06:42:21.9491087Z 
smoke	Install dependencies	2025-10-30T06:42:21.9491292Z Run `npm audit` for details.
smoke	Build	´╗┐2025-10-30T06:42:21.9827087Z ##[group]Run npm run build
smoke	Build	2025-10-30T06:42:21.9827623Z [36;1mnpm run build[0m
smoke	Build	2025-10-30T06:42:21.9862376Z shell: /usr/bin/bash -e {0}
smoke	Build	2025-10-30T06:42:21.9862602Z env:
smoke	Build	2025-10-30T06:42:21.9862768Z   SITEMINDER_USE_MOCK: 1
smoke	Build	2025-10-30T06:42:21.9862982Z   SITEMINDER_MOCK_PORT: 4015
smoke	Build	2025-10-30T06:42:21.9863184Z ##[endgroup]
smoke	Build	2025-10-30T06:42:22.0998422Z 
smoke	Build	2025-10-30T06:42:22.0999058Z > collecotravel-frontend@0.1.0 prebuild
smoke	Build	2025-10-30T06:42:22.0999921Z > node scripts/copy-branding.mjs && node scripts/generate-icons.mjs && node scripts/generate-favicon.mjs
smoke	Build	2025-10-30T06:42:22.1000810Z 
smoke	Build	2025-10-30T06:42:22.1291844Z [branding] Copied src/assets/colleco-logo.png -> public/assets/colleco-logo.png
smoke	Build	2025-10-30T06:42:22.1307124Z [branding] Copied src/assets/Globeicon.png -> public/assets/Globeicon.png
smoke	Build	2025-10-30T06:42:22.5207115Z Generated PWA icons: 16, 32, 180, 192, 256, 384, 512, 1024
smoke	Build	2025-10-30T06:42:22.6821408Z [favicon] Generated favicon.ico
smoke	Build	2025-10-30T06:42:22.6874131Z 
smoke	Build	2025-10-30T06:42:22.6874473Z > collecotravel-frontend@0.1.0 build
smoke	Build	2025-10-30T06:42:22.6874855Z > vite build
smoke	Build	2025-10-30T06:42:22.6874970Z 
smoke	Build	2025-10-30T06:42:22.9043304Z [36mvite v7.1.7 [32mbuilding for production...[36m[39m
smoke	Build	2025-10-30T06:42:23.1773709Z transforming...
smoke	Build	2025-10-30T06:42:29.7893009Z [32mÔ£ô[39m 2878 modules transformed.
smoke	Build	2025-10-30T06:42:30.1739193Z rendering chunks...
smoke	Build	2025-10-30T06:42:30.2469024Z [33m[esbuild css minify]
smoke	Build	2025-10-30T06:42:30.2470455Z Ôû▓ [WARNING] Unexpected "{" [css-syntax-error]
smoke	Build	2025-10-30T06:42:30.2471245Z 
smoke	Build	2025-10-30T06:42:30.2472097Z     <stdin>:2650:0:
smoke	Build	2025-10-30T06:42:30.2472867Z       2650 Ôöé {
smoke	Build	2025-10-30T06:42:30.2473486Z            ÔòÁ ^
smoke	Build	2025-10-30T06:42:30.2473875Z 
smoke	Build	2025-10-30T06:42:30.2477993Z [39m
smoke	Build	2025-10-30T06:42:30.4287338Z computing gzip size...
smoke	Build	2025-10-30T06:42:30.4549629Z [2mdist/[22m[2massets/[22m[32mcolleco-logo-DW3uDFYR.png               [39m[1m[2m    8.85 kB[22m[1m[22m
smoke	Build	2025-10-30T06:42:30.4551287Z [2mdist/[22m[32mindex.html                                     [39m[1m[2m    9.32 kB[22m[1m[22m[2m Ôöé gzip:   3.38 kB[22m
smoke	Build	2025-10-30T06:42:30.4552797Z [2mdist/[22m[2massets/[22m[32mGlobeicon-Czs_EUAD.png                  [39m[1m[2m1,069.68 kB[22m[1m[22m
smoke	Build	2025-10-30T06:42:30.4554633Z [2mdist/[22m[2massets/[22m[35mHome-ComhdInD.css                       [39m[1m[2m    4.61 kB[22m[1m[22m[2m Ôöé gzip:   1.24 kB[22m
smoke	Build	2025-10-30T06:42:30.4556349Z [2mdist/[22m[2massets/[22m[35mindex-DjRAA6So.css                      [39m[1m[2m   58.16 kB[22m[1m[22m[2m Ôöé gzip:   9.99 kB[22m
smoke	Build	2025-10-30T06:42:30.4558386Z [2mdist/[22m[2massets/[22m[36mAdminPackageForm-KjrLlwlB.js            [39m[1m[2m    0.22 kB[22m[1m[22m[2m Ôöé gzip:   0.18 kB[22m
smoke	Build	2025-10-30T06:42:30.4560212Z [2mdist/[22m[2massets/[22m[36mcheck-circle-2-DRetKRaz.js              [39m[1m[2m    0.23 kB[22m[1m[22m[2m Ôöé gzip:   0.19 kB[22m
smoke	Build	2025-10-30T06:42:30.4561995Z [2mdist/[22m[2massets/[22m[36mcurrency-SRo7-frQ.js                    [39m[1m[2m    0.23 kB[22m[1m[22m[2m Ôöé gzip:   0.19 kB[22m
smoke	Build	2025-10-30T06:42:30.4563755Z [2mdist/[22m[2massets/[22m[36mAnalytics-CbXNtE0D.js                   [39m[1m[2m    0.30 kB[22m[1m[22m[2m Ôöé gzip:   0.23 kB[22m
smoke	Build	2025-10-30T06:42:30.4565480Z [2mdist/[22m[2massets/[22m[36mPartners-BzL8qXKQ.js                    [39m[1m[2m    0.31 kB[22m[1m[22m[2m Ôöé gzip:   0.23 kB[22m
smoke	Build	2025-10-30T06:42:30.4567178Z [2mdist/[22m[2massets/[22m[36mSupport-Bdt8wQS1.js                     [39m[1m[2m    0.42 kB[22m[1m[22m[2m Ôöé gzip:   0.30 kB[22m
smoke	Build	2025-10-30T06:42:30.4569074Z [2mdist/[22m[2massets/[22m[36mTrips-D087XlOe.js                       [39m[1m[2m    0.42 kB[22m[1m[22m[2m Ôöé gzip:   0.30 kB[22m
smoke	Build	2025-10-30T06:42:30.4570732Z [2mdist/[22m[2massets/[22m[36mTerms-Bctxug0d.js                       [39m[1m[2m    0.46 kB[22m[1m[22m[2m Ôöé gzip:   0.30 kB[22m
smoke	Build	2025-10-30T06:42:30.4572465Z [2mdist/[22m[2massets/[22m[36mAutoSyncBanner-DREzCSjW.js              [39m[1m[2m    0.47 kB[22m[1m[22m[2m Ôöé gzip:   0.33 kB[22m
smoke	Build	2025-10-30T06:42:30.4574748Z [2mdist/[22m[2massets/[22m[36mUnauthorized-D9iHMdxS.js                [39m[1m[2m    0.50 kB[22m[1m[22m[2m Ôöé gzip:   0.33 kB[22m
smoke	Build	2025-10-30T06:42:30.4576912Z [2mdist/[22m[2massets/[22m[36mSafety-Cy8oTSkN.js                      [39m[1m[2m    0.50 kB[22m[1m[22m[2m Ôöé gzip:   0.33 kB[22m
smoke	Build	2025-10-30T06:42:30.4578648Z [2mdist/[22m[2massets/[22m[36mdefineProperty-CussRzss.js              [39m[1m[2m    0.51 kB[22m[1m[22m[2m Ôöé gzip:   0.34 kB[22m
smoke	Build	2025-10-30T06:42:30.4580370Z [2mdist/[22m[2massets/[22m[36mReports-DF2M6LgZ.js                     [39m[1m[2m    0.53 kB[22m[1m[22m[2m Ôöé gzip:   0.33 kB[22m
smoke	Build	2025-10-30T06:42:30.4581893Z [2mdist/[22m[2massets/[22m[36mAbout-DECV7XNC.js                       [39m[1m[2m    0.55 kB[22m[1m[22m[2m Ôöé gzip:   0.36 kB[22m
smoke	Build	2025-10-30T06:42:30.4583335Z [2mdist/[22m[2massets/[22m[36mPackages-CmuSAdLG.js                    [39m[1m[2m    0.59 kB[22m[1m[22m[2m Ôöé gzip:   0.38 kB[22m
smoke	Build	2025-10-30T06:42:30.4584695Z [2mdist/[22m[2massets/[22m[36mTransportDispatch-Ic2W8mbL.js           [39m[1m[2m    0.63 kB[22m[1m[22m[2m Ôöé gzip:   0.38 kB[22m
smoke	Build	2025-10-30T06:42:30.4586066Z [2mdist/[22m[2massets/[22m[36munsupportedIterableToArray-4EWRbQKi.js  [39m[1m[2m    0.65 kB[22m[1m[22m[2m Ôöé gzip:   0.39 kB[22m
smoke	Build	2025-10-30T06:42:30.4587855Z [2mdist/[22m[2massets/[22m[36mComplianceStatusCard-DmzjdPR8.js        [39m[1m[2m    0.89 kB[22m[1m[22m[2m Ôöé gzip:   0.45 kB[22m
smoke	Build	2025-10-30T06:42:30.4589458Z [2mdist/[22m[2massets/[22m[36mLiveStatCard-DZgi5yhJ.js                [39m[1m[2m    0.92 kB[22m[1m[22m[2m Ôöé gzip:   0.47 kB[22m
smoke	Build	2025-10-30T06:42:30.4590872Z [2mdist/[22m[2massets/[22m[36mProfile-nYoCwxKC.js                     [39m[1m[2m    0.99 kB[22m[1m[22m[2m Ôöé gzip:   0.52 kB[22m
smoke	Build	2025-10-30T06:42:30.4592249Z [2mdist/[22m[2massets/[22m[36museBasketState-BA_4o9q-.js              [39m[1m[2m    0.99 kB[22m[1m[22m[2m Ôöé gzip:   0.50 kB[22m
smoke	Build	2025-10-30T06:42:30.4593715Z [2mdist/[22m[2massets/[22m[36mPromotionsBalanceCard-DCiSlrZ_.js       [39m[1m[2m    1.09 kB[22m[1m[22m[2m Ôöé gzip:   0.56 kB[22m
smoke	Build	2025-10-30T06:42:30.4595219Z [2mdist/[22m[2massets/[22m[36mPromotions-CXlffvWw.js                  [39m[1m[2m    1.12 kB[22m[1m[22m[2m Ôöé gzip:   0.57 kB[22m
smoke	Build	2025-10-30T06:42:30.4596720Z [2mdist/[22m[2massets/[22m[36mpayments-B5qOTW8F.js                    [39m[1m[2m    1.26 kB[22m[1m[22m[2m Ôöé gzip:   0.64 kB[22m
smoke	Build	2025-10-30T06:42:30.4598294Z [2mdist/[22m[2massets/[22m[36mPayouts-Ckz-HETu.js                     [39m[1m[2m    1.36 kB[22m[1m[22m[2m Ôöé gzip:   0.45 kB[22m
smoke	Build	2025-10-30T06:42:30.4599716Z [2mdist/[22m[2massets/[22m[36mCarBooking-Dr5s9ZSY.js                  [39m[1m[2m    1.47 kB[22m[1m[22m[2m Ôöé gzip:   0.68 kB[22m
smoke	Build	2025-10-30T06:42:30.4601257Z [2mdist/[22m[2massets/[22m[36mAccommodationBooking-DYLtue2s.js        [39m[1m[2m    1.53 kB[22m[1m[22m[2m Ôöé gzip:   0.69 kB[22m
smoke	Build	2025-10-30T06:42:30.4602812Z [2mdist/[22m[2massets/[22m[36museClickOutside-D1W7v3m5.js             [39m[1m[2m    1.83 kB[22m[1m[22m[2m Ôöé gzip:   0.84 kB[22m
smoke	Build	2025-10-30T06:42:30.4604344Z [2mdist/[22m[2massets/[22m[36mDirectBooking-BtXQmeLo.js               [39m[1m[2m    1.98 kB[22m[1m[22m[2m Ôöé gzip:   0.73 kB[22m
smoke	Build	2025-10-30T06:42:30.4605794Z [2mdist/[22m[2massets/[22m[36mContact-C8tKCAzG.js                     [39m[1m[2m    2.14 kB[22m[1m[22m[2m Ôöé gzip:   0.92 kB[22m
smoke	Build	2025-10-30T06:42:30.4607286Z [2mdist/[22m[2massets/[22m[36mAdminAccommodation-DMCx3uQD.js          [39m[1m[2m    2.52 kB[22m[1m[22m[2m Ôöé gzip:   0.98 kB[22m
smoke	Build	2025-10-30T06:42:30.4608969Z [2mdist/[22m[2massets/[22m[36mTransfers-CXybymnw.js                   [39m[1m[2m    2.55 kB[22m[1m[22m[2m Ôöé gzip:   0.90 kB[22m
smoke	Build	2025-10-30T06:42:30.4610579Z [2mdist/[22m[2massets/[22m[36mFlightBooking-DmDxr178.js               [39m[1m[2m    2.83 kB[22m[1m[22m[2m Ôöé gzip:   1.08 kB[22m
smoke	Build	2025-10-30T06:42:30.4612536Z [2mdist/[22m[2massets/[22m[36mQuotes-CNFTYRSi.js                      [39m[1m[2m    2.92 kB[22m[1m[22m[2m Ôöé gzip:   1.22 kB[22m
smoke	Build	2025-10-30T06:42:30.4614101Z [2mdist/[22m[2massets/[22m[36mPaymentSuccess-U671xEux.js              [39m[1m[2m    3.44 kB[22m[1m[22m[2m Ôöé gzip:   1.26 kB[22m
smoke	Build	2025-10-30T06:42:30.4615654Z [2mdist/[22m[2massets/[22m[36mindex-kYCHX8Oh.js                       [39m[1m[2m    3.48 kB[22m[1m[22m[2m Ôöé gzip:   1.67 kB[22m
smoke	Build	2025-10-30T06:42:30.4617357Z [2mdist/[22m[2massets/[22m[36mCompliance-BulZnLs5.js                  [39m[1m[2m    3.57 kB[22m[1m[22m[2m Ôöé gzip:   1.52 kB[22m
smoke	Build	2025-10-30T06:42:30.4619105Z [2mdist/[22m[2massets/[22m[36mcollabStore-BfLSXAgm.js                 [39m[1m[2m    3.66 kB[22m[1m[22m[2m Ôöé gzip:   1.59 kB[22m
smoke	Build	2025-10-30T06:42:30.4620661Z [2mdist/[22m[2massets/[22m[36mBookings-8F7UdGKE.js                    [39m[1m[2m    3.71 kB[22m[1m[22m[2m Ôöé gzip:   1.31 kB[22m
smoke	Build	2025-10-30T06:42:30.4622166Z [2mdist/[22m[2massets/[22m[36mclient-DmVibFEL.js                      [39m[1m[2m    3.80 kB[22m[1m[22m[2m Ôöé gzip:   1.10 kB[22m
smoke	Build	2025-10-30T06:42:30.4623609Z [2mdist/[22m[2massets/[22m[36mAdminConsole-Bcss9UI0.js                [39m[1m[2m    4.33 kB[22m[1m[22m[2m Ôöé gzip:   1.48 kB[22m
smoke	Build	2025-10-30T06:42:30.4625082Z [2mdist/[22m[2massets/[22m[36mPaymentButton-AjnLsOlH.js               [39m[1m[2m    4.56 kB[22m[1m[22m[2m Ôöé gzip:   1.75 kB[22m
smoke	Build	2025-10-30T06:42:30.4626481Z [2mdist/[22m[2massets/[22m[36mLogin-B7mCmEhg.js                       [39m[1m[2m    6.92 kB[22m[1m[22m[2m Ôöé gzip:   1.96 kB[22m
smoke	Build	2025-10-30T06:42:30.4628404Z [2mdist/[22m[2massets/[22m[36mCollabAnalytics-D6WNpuHa.js             [39m[1m[2m    9.27 kB[22m[1m[22m[2m Ôöé gzip:   2.77 kB[22m
smoke	Build	2025-10-30T06:42:30.4630012Z [2mdist/[22m[2massets/[22m[36mAIMetricsPage-Cd0lnHw2.js               [39m[1m[2m   10.37 kB[22m[1m[22m[2m Ôöé gzip:   2.92 kB[22m
smoke	Build	2025-10-30T06:42:30.4631617Z [2mdist/[22m[2massets/[22m[36mPartnerDashboard-BGf1BN6o.js            [39m[1m[2m   10.47 kB[22m[1m[22m[2m Ôöé gzip:   3.52 kB[22m
smoke	Build	2025-10-30T06:42:30.4633163Z [2mdist/[22m[2massets/[22m[36mSettings-DRZ8YbKE.js                    [39m[1m[2m   11.16 kB[22m[1m[22m[2m Ôöé gzip:   3.16 kB[22m
smoke	Build	2025-10-30T06:42:30.4634743Z [2mdist/[22m[2massets/[22m[36mAdminConsoleEnhanced-DM5ES4cA.js        [39m[1m[2m   11.63 kB[22m[1m[22m[2m Ôöé gzip:   3.26 kB[22m
smoke	Build	2025-10-30T06:42:30.4636338Z [2mdist/[22m[2massets/[22m[36mNewQuote-BlA9Dn97.js                    [39m[1m[2m   12.96 kB[22m[1m[22m[2m Ôöé gzip:   3.17 kB[22m
smoke	Build	2025-10-30T06:42:30.4638201Z [2mdist/[22m[2massets/[22m[36mCollaboration-D7XPGfX2.js               [39m[1m[2m   15.93 kB[22m[1m[22m[2m Ôöé gzip:   4.75 kB[22m
smoke	Build	2025-10-30T06:42:30.4639803Z [2mdist/[22m[2massets/[22m[36mWorkspacePage-7pEIVfUJ.js               [39m[1m[2m   19.72 kB[22m[1m[22m[2m Ôöé gzip:   6.24 kB[22m
smoke	Build	2025-10-30T06:42:30.4641356Z [2mdist/[22m[2massets/[22m[36mpurify.es-aGzT-_H7.js                   [39m[1m[2m   22.15 kB[22m[1m[22m[2m Ôöé gzip:   8.67 kB[22m
smoke	Build	2025-10-30T06:42:30.4642845Z [2mdist/[22m[2massets/[22m[36mItinerary-BS_493Pz.js                   [39m[1m[2m   26.42 kB[22m[1m[22m[2m Ôöé gzip:   7.84 kB[22m
smoke	Build	2025-10-30T06:42:30.4644388Z [2mdist/[22m[2massets/[22m[36mAIGeneratorPage-DjwKpbBw.js             [39m[1m[2m   29.66 kB[22m[1m[22m[2m Ôöé gzip:   8.09 kB[22m
smoke	Build	2025-10-30T06:42:30.4645963Z [2mdist/[22m[2massets/[22m[36mquotes-CJLNU-xA.js                      [39m[1m[2m   33.63 kB[22m[1m[22m[2m Ôöé gzip:  11.05 kB[22m
smoke	Build	2025-10-30T06:42:30.4647616Z [2mdist/[22m[2massets/[22m[36mHome-DREpMS5t.js                        [39m[1m[2m   52.27 kB[22m[1m[22m[2m Ôöé gzip:  15.69 kB[22m
smoke	Build	2025-10-30T06:42:30.4649126Z [2mdist/[22m[2massets/[22m[36mPlanTrip-BvRxNaIT.js                    [39m[1m[2m   60.23 kB[22m[1m[22m[2m Ôöé gzip:  14.58 kB[22m
smoke	Build	2025-10-30T06:42:30.4650644Z [2mdist/[22m[2massets/[22m[36mindex.esm-CxrLPpFl.js                   [39m[1m[2m   95.90 kB[22m[1m[22m[2m Ôöé gzip:  23.03 kB[22m
smoke	Build	2025-10-30T06:42:30.4652371Z [2mdist/[22m[2massets/[22m[36mindex.es-DEpydDc2.js                    [39m[1m[2m  158.98 kB[22m[1m[22m[2m Ôöé gzip:  53.25 kB[22m
smoke	Build	2025-10-30T06:42:30.4654048Z [2mdist/[22m[2massets/[22m[36mhtml2canvas.esm-B0tyYwQk.js             [39m[1m[2m  202.36 kB[22m[1m[22m[2m Ôöé gzip:  48.04 kB[22m
smoke	Build	2025-10-30T06:42:30.4655656Z [2mdist/[22m[2massets/[22m[36mjspdf.es.min-Bn-8S_mY.js                [39m[1m[2m  386.83 kB[22m[1m[22m[2m Ôöé gzip: 126.82 kB[22m
smoke	Build	2025-10-30T06:42:30.4657327Z [2mdist/[22m[2massets/[22m[36mindex-9eYr-cVl.js                       [39m[1m[2m  406.78 kB[22m[1m[22m[2m Ôöé gzip: 129.29 kB[22m
smoke	Build	2025-10-30T06:42:30.4658383Z [32mÔ£ô built in 7.53s[39m
smoke	Start backend server	´╗┐2025-10-30T06:42:30.5370086Z ##[group]Run # start the demo backend on port 4001 so the workflow health check matches
smoke	Start backend server	2025-10-30T06:42:30.5371083Z [36;1m# start the demo backend on port 4001 so the workflow health check matches[0m
smoke	Start backend server	2025-10-30T06:42:30.5371855Z [36;1mPORT=4001 nohup node server/server.js > server.log 2>&1 &[0m
smoke	Start backend server	2025-10-30T06:42:30.5372415Z [36;1mecho $! > backend.pid[0m
smoke	Start backend server	2025-10-30T06:42:30.5404315Z shell: /usr/bin/bash -e {0}
smoke	Start backend server	2025-10-30T06:42:30.5404561Z env:
smoke	Start backend server	2025-10-30T06:42:30.5404733Z   SITEMINDER_USE_MOCK: 1
smoke	Start backend server	2025-10-30T06:42:30.5404949Z   SITEMINDER_MOCK_PORT: 4015
smoke	Start backend server	2025-10-30T06:42:30.5405153Z ##[endgroup]
smoke	Start preview server	´╗┐2025-10-30T06:42:30.5482580Z ##[group]Run # bind to loopback and use port 5173 (matches local preview)
smoke	Start preview server	2025-10-30T06:42:30.5483053Z [36;1m# bind to loopback and use port 5173 (matches local preview)[0m
smoke	Start preview server	2025-10-30T06:42:30.5483453Z [36;1mnohup npx serve -s dist -l 5173 > preview.log 2>&1 &[0m
smoke	Start preview server	2025-10-30T06:42:30.5483774Z [36;1mecho $! > preview.pid[0m
smoke	Start preview server	2025-10-30T06:42:30.5512121Z shell: /usr/bin/bash -e {0}
smoke	Start preview server	2025-10-30T06:42:30.5512347Z env:
smoke	Start preview server	2025-10-30T06:42:30.5512520Z   SITEMINDER_USE_MOCK: 1
smoke	Start preview server	2025-10-30T06:42:30.5512732Z   SITEMINDER_MOCK_PORT: 4015
smoke	Start preview server	2025-10-30T06:42:30.5512938Z ##[endgroup]
smoke	Wait for services	´╗┐2025-10-30T06:42:30.5589612Z ##[group]Run set -e
smoke	Wait for services	2025-10-30T06:42:30.5589871Z [36;1mset -e[0m
smoke	Wait for services	2025-10-30T06:42:30.5590164Z [36;1m# more verbose wait loop: report per-attempt which endpoint responds[0m
smoke	Wait for services	2025-10-30T06:42:30.5590510Z [36;1mBACKEND_OK=0[0m
smoke	Wait for services	2025-10-30T06:42:30.5590694Z [36;1mPREVIEW_OK=0[0m
smoke	Wait for services	2025-10-30T06:42:30.5590885Z [36;1mfor i in $(seq 1 120); do[0m
smoke	Wait for services	2025-10-30T06:42:30.5591155Z [36;1m  echo "try=$i: checking backend:4001 preview:5173"[0m
smoke	Wait for services	2025-10-30T06:42:30.5591553Z [36;1m  if curl -fsS http://127.0.0.1:4001/health >/dev/null 2>&1; then[0m
smoke	Wait for services	2025-10-30T06:42:30.5591894Z [36;1m    echo "backend 4001 OK"; BACKEND_OK=1[0m
smoke	Wait for services	2025-10-30T06:42:30.5592132Z [36;1m  else[0m
smoke	Wait for services	2025-10-30T06:42:30.5592315Z [36;1m    echo "backend not ready"[0m
smoke	Wait for services	2025-10-30T06:42:30.5592532Z [36;1m  fi[0m
smoke	Wait for services	2025-10-30T06:42:30.5592692Z [36;1m[0m
smoke	Wait for services	2025-10-30T06:42:30.5592909Z [36;1m  if curl -fsS http://127.0.0.1:5173 >/dev/null 2>&1; then[0m
smoke	Wait for services	2025-10-30T06:42:30.5593264Z [36;1m    echo "preview 5173 OK"; PREVIEW_OK=1[0m
smoke	Wait for services	2025-10-30T06:42:30.5593531Z [36;1m  else[0m
smoke	Wait for services	2025-10-30T06:42:30.5593707Z [36;1m    echo "preview not ready"[0m
smoke	Wait for services	2025-10-30T06:42:30.5593918Z [36;1m  fi[0m
smoke	Wait for services	2025-10-30T06:42:30.5594077Z [36;1m[0m
smoke	Wait for services	2025-10-30T06:42:30.5594291Z [36;1m  if [ "$BACKEND_OK" -eq 1 ] && [ "$PREVIEW_OK" -eq 1 ]; then[0m
smoke	Wait for services	2025-10-30T06:42:30.5594593Z [36;1m    echo "services up"; exit 0[0m
smoke	Wait for services	2025-10-30T06:42:30.5594816Z [36;1m  fi[0m
smoke	Wait for services	2025-10-30T06:42:30.5594973Z [36;1m[0m
smoke	Wait for services	2025-10-30T06:42:30.5595169Z [36;1m  echo "waiting for services... ($i)"; sleep 1[0m
smoke	Wait for services	2025-10-30T06:42:30.5595423Z [36;1mdone[0m
smoke	Wait for services	2025-10-30T06:42:30.5595580Z [36;1m[0m
smoke	Wait for services	2025-10-30T06:42:30.5595970Z [36;1mecho "ERROR: services did not become ready after timeout. Last 200 lines of server.log and preview.log follow:" >&2[0m
smoke	Wait for services	2025-10-30T06:42:30.5596452Z [36;1mecho "--- server.log ---" >&2[0m
smoke	Wait for services	2025-10-30T06:42:30.5596687Z [36;1mtail -n 200 server.log || true[0m
smoke	Wait for services	2025-10-30T06:42:30.5596927Z [36;1mecho "--- preview.log ---" >&2[0m
smoke	Wait for services	2025-10-30T06:42:30.5597171Z [36;1mtail -n 200 preview.log || true[0m
smoke	Wait for services	2025-10-30T06:42:30.5597753Z [36;1mexit 1[0m
smoke	Wait for services	2025-10-30T06:42:30.5626686Z shell: /usr/bin/bash -e {0}
smoke	Wait for services	2025-10-30T06:42:30.5627065Z env:
smoke	Wait for services	2025-10-30T06:42:30.5627348Z   SITEMINDER_USE_MOCK: 1
smoke	Wait for services	2025-10-30T06:42:30.5627944Z   SITEMINDER_MOCK_PORT: 4015
smoke	Wait for services	2025-10-30T06:42:30.5628310Z ##[endgroup]
smoke	Wait for services	2025-10-30T06:42:30.5819273Z try=1: checking backend:4001 preview:5173
smoke	Wait for services	2025-10-30T06:42:30.5914466Z backend not ready
smoke	Wait for services	2025-10-30T06:42:30.5992248Z preview not ready
smoke	Wait for services	2025-10-30T06:42:30.5993536Z waiting for services... (1)
smoke	Wait for services	2025-10-30T06:42:31.6015600Z try=2: checking backend:4001 preview:5173
smoke	Wait for services	2025-10-30T06:42:31.6150758Z backend 4001 OK
smoke	Wait for services	2025-10-30T06:42:31.6347276Z preview 5173 OK
smoke	Wait for services	2025-10-30T06:42:31.6347873Z services up
smoke	Cypress run (smoke)	´╗┐2025-10-30T06:42:31.6384879Z ##[group]Run SPECS="cypress/e2e/smoke.cy.js"
smoke	Cypress run (smoke)	2025-10-30T06:42:31.6385228Z [36;1mSPECS="cypress/e2e/smoke.cy.js"[0m
smoke	Cypress run (smoke)	2025-10-30T06:42:31.6385601Z [36;1mnpx cypress run --browser electron --config video=false --spec "$SPECS"[0m
smoke	Cypress run (smoke)	2025-10-30T06:42:31.6418821Z shell: /usr/bin/bash -e {0}
smoke	Cypress run (smoke)	2025-10-30T06:42:31.6419049Z env:
smoke	Cypress run (smoke)	2025-10-30T06:42:31.6419217Z   SITEMINDER_USE_MOCK: 1
smoke	Cypress run (smoke)	2025-10-30T06:42:31.6419438Z   SITEMINDER_MOCK_PORT: 4015
smoke	Cypress run (smoke)	2025-10-30T06:42:31.6419683Z   API_BASE: http://127.0.0.1:4001
smoke	Cypress run (smoke)	2025-10-30T06:42:31.6419904Z   CI: true
smoke	Cypress run (smoke)	2025-10-30T06:42:31.6420067Z ##[endgroup]
smoke	Cypress run (smoke)	2025-10-30T06:42:32.1576220Z It looks like this is your first time using Cypress: 13.17.0
smoke	Cypress run (smoke)	2025-10-30T06:42:32.1580610Z 
smoke	Cypress run (smoke)	2025-10-30T06:42:32.1604356Z [STARTED] Task without title.
smoke	Cypress run (smoke)	2025-10-30T06:42:36.3455473Z [SUCCESS] Task without title.
smoke	Cypress run (smoke)	2025-10-30T06:42:36.3458997Z 
smoke	Cypress run (smoke)	2025-10-30T06:42:36.3459476Z Opening Cypress...
smoke	Cypress run (smoke)	2025-10-30T06:42:36.9647881Z 
smoke	Cypress run (smoke)	2025-10-30T06:42:36.9649270Z DevTools listening on ws://127.0.0.1:45919/devtools/browser/4811f60e-8bd0-429a-862a-0b9fa661bd37
smoke	Cypress run (smoke)	2025-10-30T06:42:44.7149991Z [33mCypress could not verify that this server is running:[39m
smoke	Cypress run (smoke)	2025-10-30T06:42:44.7150460Z [33m[39m
smoke	Cypress run (smoke)	2025-10-30T06:42:44.7151199Z [33m[90m  > [33m[94mhttp://127.0.0.1:5174[33m[39m
smoke	Cypress run (smoke)	2025-10-30T06:42:44.7151592Z [33m[39m
smoke	Cypress run (smoke)	2025-10-30T06:42:44.7152229Z [33mWe are verifying this server because it has been configured as your [33mbaseUrl[33m.[39m
smoke	Cypress run (smoke)	2025-10-30T06:42:44.7152747Z [33m[39m
smoke	Cypress run (smoke)	2025-10-30T06:42:44.7153369Z [33mCypress automatically waits until your server is accessible before running tests.[39m
smoke	Cypress run (smoke)	2025-10-30T06:42:44.7153880Z [33m[39m
smoke	Cypress run (smoke)	2025-10-30T06:42:44.7154311Z [33m[90mWe will try connecting to it 3 more times...[33m[39m
smoke	Cypress run (smoke)	2025-10-30T06:42:47.7200111Z [33m[90mWe will try connecting to it 2 more times...[33m[39m
smoke	Cypress run (smoke)	2025-10-30T06:42:50.7244717Z [33m[90mWe will try connecting to it 1 more time...[33m[39m
smoke	Cypress run (smoke)	2025-10-30T06:42:50.7245429Z [33m[90m[33m[39m
smoke	Cypress run (smoke)	2025-10-30T06:42:54.7280603Z [31mCypress failed to verify that your server is running.[39m
smoke	Cypress run (smoke)	2025-10-30T06:42:54.7281197Z [31m[39m
smoke	Cypress run (smoke)	2025-10-30T06:42:54.7281859Z [31mPlease start this server and then run Cypress again.[39m
smoke	Cypress run (smoke)	2025-10-30T06:42:54.8032881Z ##[error]Process completed with exit code 1.
smoke	Upload artifacts	´╗┐2025-10-30T06:42:54.8102232Z ##[group]Run actions/upload-artifact@v4
smoke	Upload artifacts	2025-10-30T06:42:54.8102507Z with:
smoke	Upload artifacts	2025-10-30T06:42:54.8102686Z   name: cypress-smoke-artifacts
smoke	Upload artifacts	2025-10-30T06:42:54.8103004Z   path: cypress/videos
smoke	Upload artifacts	cypress/screenshots
smoke	Upload artifacts	server.log
smoke	Upload artifacts	preview.log
smoke	Upload artifacts	
smoke	Upload artifacts	2025-10-30T06:42:54.8103333Z   if-no-files-found: ignore
smoke	Upload artifacts	2025-10-30T06:42:54.8103546Z   compression-level: 6
smoke	Upload artifacts	2025-10-30T06:42:54.8103736Z   overwrite: false
smoke	Upload artifacts	2025-10-30T06:42:54.8103932Z   include-hidden-files: false
smoke	Upload artifacts	2025-10-30T06:42:54.8104135Z env:
smoke	Upload artifacts	2025-10-30T06:42:54.8104287Z   SITEMINDER_USE_MOCK: 1
smoke	Upload artifacts	2025-10-30T06:42:54.8104488Z   SITEMINDER_MOCK_PORT: 4015
smoke	Upload artifacts	2025-10-30T06:42:54.8104683Z ##[endgroup]
smoke	Upload artifacts	2025-10-30T06:42:55.0229321Z Multiple search paths detected. Calculating the least common ancestor of all paths
smoke	Upload artifacts	2025-10-30T06:42:55.0234980Z The least common ancestor is /home/runner/work/colleco-mvp/colleco-mvp. This will be the root directory of the artifact
smoke	Upload artifacts	2025-10-30T06:42:55.0236191Z With the provided path, there will be 2 files uploaded
smoke	Upload artifacts	2025-10-30T06:42:55.0241244Z Artifact name is valid!
smoke	Upload artifacts	2025-10-30T06:42:55.0242434Z Root directory input is valid!
smoke	Upload artifacts	2025-10-30T06:42:55.1003911Z Beginning upload of artifact content to blob storage
smoke	Upload artifacts	2025-10-30T06:42:55.1908655Z Uploaded bytes 413
smoke	Upload artifacts	2025-10-30T06:42:55.2156740Z Finished uploading artifact content to blob storage!
smoke	Upload artifacts	2025-10-30T06:42:55.2160347Z SHA256 digest of uploaded artifact zip is 3c2c3ab62ecdd9af06b4c64fa8aca769e39006dee93ca1e32f8e6860367671cb
smoke	Upload artifacts	2025-10-30T06:42:55.2161573Z Finalizing artifact upload
smoke	Upload artifacts	2025-10-30T06:42:55.2988553Z Artifact cypress-smoke-artifacts.zip successfully finalized. Artifact ID 4414289898
smoke	Upload artifacts	2025-10-30T06:42:55.2990039Z Artifact cypress-smoke-artifacts has been successfully uploaded! Final size is 413 bytes. Artifact ID is 4414289898
smoke	Upload artifacts	2025-10-30T06:42:55.2998042Z Artifact download URL: https://github.com/collecokzn-creator/colleco-mvp/actions/runs/18932215629/artifacts/4414289898
smoke	Post Checkout	´╗┐2025-10-30T06:42:55.3131798Z Post job cleanup.
smoke	Post Checkout	2025-10-30T06:42:55.4052293Z [command]/usr/bin/git version
smoke	Post Checkout	2025-10-30T06:42:55.4088165Z git version 2.51.0
smoke	Post Checkout	2025-10-30T06:42:55.4131547Z Temporarily overriding HOME='/home/runner/work/_temp/a2d8ec85-53a4-4e4f-91cb-9d7130fcb097' before making global git config changes
smoke	Post Checkout	2025-10-30T06:42:55.4132622Z Adding repository directory to the temporary git global config as a safe directory
smoke	Post Checkout	2025-10-30T06:42:55.4143034Z [command]/usr/bin/git config --global --add safe.directory /home/runner/work/colleco-mvp/colleco-mvp
smoke	Post Checkout	2025-10-30T06:42:55.4177558Z [command]/usr/bin/git config --local --name-only --get-regexp core\.sshCommand
smoke	Post Checkout	2025-10-30T06:42:55.4212339Z [command]/usr/bin/git submodule foreach --recursive sh -c "git config --local --name-only --get-regexp 'core\.sshCommand' && git config --local --unset-all 'core.sshCommand' || :"
smoke	Post Checkout	2025-10-30T06:42:55.4439096Z [command]/usr/bin/git config --local --name-only --get-regexp http\.https\:\/\/github\.com\/\.extraheader
smoke	Post Checkout	2025-10-30T06:42:55.4458759Z http.https://github.com/.extraheader
smoke	Post Checkout	2025-10-30T06:42:55.4470848Z [command]/usr/bin/git config --local --unset-all http.https://github.com/.extraheader
smoke	Post Checkout	2025-10-30T06:42:55.4500291Z [command]/usr/bin/git submodule foreach --recursive sh -c "git config --local --name-only --get-regexp 'http\.https\:\/\/github\.com\/\.extraheader' && git config --local --unset-all 'http.https://github.com/.extraheader' || :"
smoke	Complete job	´╗┐2025-10-30T06:42:55.4820042Z Cleaning up orphan processes
smoke	Complete job	2025-10-30T06:42:55.5086579Z Terminate orphan process: pid (2418) (node)
smoke	Complete job	2025-10-30T06:42:55.5104152Z Terminate orphan process: pid (2425) (npm exec serve -s dist -l 5173)
smoke	Complete job	2025-10-30T06:42:55.5126678Z Terminate orphan process: pid (2442) (sh)
smoke	Complete job	2025-10-30T06:42:55.5148591Z Terminate orphan process: pid (2443) (node)
