smoke	Set up job	¬¥‚ïó‚îê2025-10-30T07:32:55.6852305Z Current runner version: '2.328.0'
smoke	Set up job	2025-10-30T07:32:55.6878169Z ##[group]Runner Image Provisioner
smoke	Set up job	2025-10-30T07:32:55.6878938Z Hosted Compute Agent
smoke	Set up job	2025-10-30T07:32:55.6879536Z Version: 20250912.392
smoke	Set up job	2025-10-30T07:32:55.6880132Z Commit: d921fda672a98b64f4f82364647e2f10b2267d0b
smoke	Set up job	2025-10-30T07:32:55.6880763Z Build Date: 2025-09-12T15:23:14Z
smoke	Set up job	2025-10-30T07:32:55.6881407Z ##[endgroup]
smoke	Set up job	2025-10-30T07:32:55.6881923Z ##[group]Operating System
smoke	Set up job	2025-10-30T07:32:55.6882665Z Ubuntu
smoke	Set up job	2025-10-30T07:32:55.6883142Z 24.04.3
smoke	Set up job	2025-10-30T07:32:55.6883612Z LTS
smoke	Set up job	2025-10-30T07:32:55.6884021Z ##[endgroup]
smoke	Set up job	2025-10-30T07:32:55.6884540Z ##[group]Runner Image
smoke	Set up job	2025-10-30T07:32:55.6885137Z Image: ubuntu-24.04
smoke	Set up job	2025-10-30T07:32:55.6885597Z Version: 20250929.60.1
smoke	Set up job	2025-10-30T07:32:55.6886624Z Included Software: https://github.com/actions/runner-images/blob/ubuntu24/20250929.60/images/ubuntu/Ubuntu2404-Readme.md
smoke	Set up job	2025-10-30T07:32:55.6887933Z Image Release: https://github.com/actions/runner-images/releases/tag/ubuntu24%2F20250929.60
smoke	Set up job	2025-10-30T07:32:55.6889141Z ##[endgroup]
smoke	Set up job	2025-10-30T07:32:55.6890181Z ##[group]GITHUB_TOKEN Permissions
smoke	Set up job	2025-10-30T07:32:55.6891950Z Contents: read
smoke	Set up job	2025-10-30T07:32:55.6893011Z Metadata: read
smoke	Set up job	2025-10-30T07:32:55.6893490Z Packages: read
smoke	Set up job	2025-10-30T07:32:55.6893958Z ##[endgroup]
smoke	Set up job	2025-10-30T07:32:55.6896168Z Secret source: Actions
smoke	Set up job	2025-10-30T07:32:55.6896898Z Prepare workflow directory
smoke	Set up job	2025-10-30T07:32:55.7313129Z Prepare all required actions
smoke	Set up job	2025-10-30T07:32:55.7352471Z Getting action download info
smoke	Set up job	2025-10-30T07:32:56.0806710Z Download action repository 'actions/checkout@v4' (SHA:08eba0b27e820071cde6df949e0beb9ba4906955)
smoke	Set up job	2025-10-30T07:32:56.2401977Z Download action repository 'actions/setup-node@v4' (SHA:49933ea5288caeca8642d1e84afbd3f7d6820020)
smoke	Set up job	2025-10-30T07:32:56.3344525Z Download action repository 'actions/upload-artifact@v4' (SHA:ea165f8d65b6e75b540449e92b4886f43607fa02)
smoke	Set up job	2025-10-30T07:32:56.5244651Z Complete job name: smoke
smoke	Checkout	¬¥‚ïó‚îê2025-10-30T07:32:56.5955416Z ##[group]Run actions/checkout@v4
smoke	Checkout	2025-10-30T07:32:56.5956431Z with:
smoke	Checkout	2025-10-30T07:32:56.5956924Z   repository: collecokzn-creator/colleco-mvp
smoke	Checkout	2025-10-30T07:32:56.5957662Z   token: ***
smoke	Checkout	2025-10-30T07:32:56.5958071Z   ssh-strict: true
smoke	Checkout	2025-10-30T07:32:56.5958480Z   ssh-user: git
smoke	Checkout	2025-10-30T07:32:56.5958924Z   persist-credentials: true
smoke	Checkout	2025-10-30T07:32:56.5959405Z   clean: true
smoke	Checkout	2025-10-30T07:32:56.5959833Z   sparse-checkout-cone-mode: true
smoke	Checkout	2025-10-30T07:32:56.5960329Z   fetch-depth: 1
smoke	Checkout	2025-10-30T07:32:56.5960748Z   fetch-tags: false
smoke	Checkout	2025-10-30T07:32:56.5961166Z   show-progress: true
smoke	Checkout	2025-10-30T07:32:56.5961592Z   lfs: false
smoke	Checkout	2025-10-30T07:32:56.5961982Z   submodules: false
smoke	Checkout	2025-10-30T07:32:56.5962596Z   set-safe-directory: true
smoke	Checkout	2025-10-30T07:32:56.5963302Z env:
smoke	Checkout	2025-10-30T07:32:56.5963714Z   SITEMINDER_USE_MOCK: 1
smoke	Checkout	2025-10-30T07:32:56.5964192Z   SITEMINDER_MOCK_PORT: 4015
smoke	Checkout	2025-10-30T07:32:56.5964711Z   CYPRESS_BASE_URL: http://127.0.0.1:5173
smoke	Checkout	2025-10-30T07:32:56.5965284Z   API_BASE: http://127.0.0.1:4000
smoke	Checkout	2025-10-30T07:32:56.5965816Z ##[endgroup]
smoke	Checkout	2025-10-30T07:32:56.7068829Z Syncing repository: collecokzn-creator/colleco-mvp
smoke	Checkout	2025-10-30T07:32:56.7071853Z ##[group]Getting Git version info
smoke	Checkout	2025-10-30T07:32:56.7073471Z Working directory is '/home/runner/work/colleco-mvp/colleco-mvp'
smoke	Checkout	2025-10-30T07:32:56.7075463Z [command]/usr/bin/git version
smoke	Checkout	2025-10-30T07:32:56.7134807Z git version 2.51.0
smoke	Checkout	2025-10-30T07:32:56.7176375Z ##[endgroup]
smoke	Checkout	2025-10-30T07:32:56.7194710Z Temporarily overriding HOME='/home/runner/work/_temp/66956367-0da3-4b2b-a322-dd11ba3a76b7' before making global git config changes
smoke	Checkout	2025-10-30T07:32:56.7196368Z Adding repository directory to the temporary git global config as a safe directory
smoke	Checkout	2025-10-30T07:32:56.7201916Z [command]/usr/bin/git config --global --add safe.directory /home/runner/work/colleco-mvp/colleco-mvp
smoke	Checkout	2025-10-30T07:32:56.7245497Z Deleting the contents of '/home/runner/work/colleco-mvp/colleco-mvp'
smoke	Checkout	2025-10-30T07:32:56.7249269Z ##[group]Initializing the repository
smoke	Checkout	2025-10-30T07:32:56.7255049Z [command]/usr/bin/git init /home/runner/work/colleco-mvp/colleco-mvp
smoke	Checkout	2025-10-30T07:32:56.7377235Z hint: Using 'master' as the name for the initial branch. This default branch name
smoke	Checkout	2025-10-30T07:32:56.7378497Z hint: is subject to change. To configure the initial branch name to use in all
smoke	Checkout	2025-10-30T07:32:56.7379712Z hint: of your new repositories, which will suppress this warning, call:
smoke	Checkout	2025-10-30T07:32:56.7381075Z hint:
smoke	Checkout	2025-10-30T07:32:56.7382172Z hint: 	git config --global init.defaultBranch <name>
smoke	Checkout	2025-10-30T07:32:56.7383379Z hint:
smoke	Checkout	2025-10-30T07:32:56.7384413Z hint: Names commonly chosen instead of 'master' are 'main', 'trunk' and
smoke	Checkout	2025-10-30T07:32:56.7385783Z hint: 'development'. The just-created branch can be renamed via this command:
smoke	Checkout	2025-10-30T07:32:56.7386598Z hint:
smoke	Checkout	2025-10-30T07:32:56.7387019Z hint: 	git branch -m <name>
smoke	Checkout	2025-10-30T07:32:56.7387506Z hint:
smoke	Checkout	2025-10-30T07:32:56.7388131Z hint: Disable this message with "git config set advice.defaultBranchName false"
smoke	Checkout	2025-10-30T07:32:56.7389173Z Initialized empty Git repository in /home/runner/work/colleco-mvp/colleco-mvp/.git/
smoke	Checkout	2025-10-30T07:32:56.7400576Z [command]/usr/bin/git remote add origin https://github.com/collecokzn-creator/colleco-mvp
smoke	Checkout	2025-10-30T07:32:56.7441487Z ##[endgroup]
smoke	Checkout	2025-10-30T07:32:56.7442624Z ##[group]Disabling automatic garbage collection
smoke	Checkout	2025-10-30T07:32:56.7447485Z [command]/usr/bin/git config --local gc.auto 0
smoke	Checkout	2025-10-30T07:32:56.7481949Z ##[endgroup]
smoke	Checkout	2025-10-30T07:32:56.7483649Z ##[group]Setting up auth
smoke	Checkout	2025-10-30T07:32:56.7489248Z [command]/usr/bin/git config --local --name-only --get-regexp core\.sshCommand
smoke	Checkout	2025-10-30T07:32:56.7524186Z [command]/usr/bin/git submodule foreach --recursive sh -c "git config --local --name-only --get-regexp 'core\.sshCommand' && git config --local --unset-all 'core.sshCommand' || :"
smoke	Checkout	2025-10-30T07:32:56.7858329Z [command]/usr/bin/git config --local --name-only --get-regexp http\.https\:\/\/github\.com\/\.extraheader
smoke	Checkout	2025-10-30T07:32:56.7890307Z [command]/usr/bin/git submodule foreach --recursive sh -c "git config --local --name-only --get-regexp 'http\.https\:\/\/github\.com\/\.extraheader' && git config --local --unset-all 'http.https://github.com/.extraheader' || :"
smoke	Checkout	2025-10-30T07:32:56.8109168Z [command]/usr/bin/git config --local http.https://github.com/.extraheader AUTHORIZATION: basic ***
smoke	Checkout	2025-10-30T07:32:56.8151848Z ##[endgroup]
smoke	Checkout	2025-10-30T07:32:56.8153763Z ##[group]Fetching the repository
smoke	Checkout	2025-10-30T07:32:56.8161740Z [command]/usr/bin/git -c protocol.version=2 fetch --no-tags --prune --no-recurse-submodules --depth=1 origin +d6b13cf5a8a4e71d2f9b434bc6938d8854af1d53:refs/remotes/pull/15/merge
smoke	Checkout	2025-10-30T07:32:57.5070962Z From https://github.com/collecokzn-creator/colleco-mvp
smoke	Checkout	2025-10-30T07:32:57.5074199Z  * [new ref]         d6b13cf5a8a4e71d2f9b434bc6938d8854af1d53 -> pull/15/merge
smoke	Checkout	2025-10-30T07:32:57.5101296Z ##[endgroup]
smoke	Checkout	2025-10-30T07:32:57.5102701Z ##[group]Determining the checkout info
smoke	Checkout	2025-10-30T07:32:57.5104027Z ##[endgroup]
smoke	Checkout	2025-10-30T07:32:57.5108526Z [command]/usr/bin/git sparse-checkout disable
smoke	Checkout	2025-10-30T07:32:57.5148850Z [command]/usr/bin/git config --local --unset-all extensions.worktreeConfig
smoke	Checkout	2025-10-30T07:32:57.5176384Z ##[group]Checking out the ref
smoke	Checkout	2025-10-30T07:32:57.5179945Z [command]/usr/bin/git checkout --progress --force refs/remotes/pull/15/merge
smoke	Checkout	2025-10-30T07:32:57.5646880Z Note: switching to 'refs/remotes/pull/15/merge'.
smoke	Checkout	2025-10-30T07:32:57.5648178Z 
smoke	Checkout	2025-10-30T07:32:57.5649116Z You are in 'detached HEAD' state. You can look around, make experimental
smoke	Checkout	2025-10-30T07:32:57.5651432Z changes and commit them, and you can discard any commits you make in this
smoke	Checkout	2025-10-30T07:32:57.5654044Z state without impacting any branches by switching back to a branch.
smoke	Checkout	2025-10-30T07:32:57.5655024Z 
smoke	Checkout	2025-10-30T07:32:57.5655737Z If you want to create a new branch to retain commits you create, you may
smoke	Checkout	2025-10-30T07:32:57.5657428Z do so (now or later) by using -c with the switch command. Example:
smoke	Checkout	2025-10-30T07:32:57.5658474Z 
smoke	Checkout	2025-10-30T07:32:57.5658826Z   git switch -c <new-branch-name>
smoke	Checkout	2025-10-30T07:32:57.5659415Z 
smoke	Checkout	2025-10-30T07:32:57.5659814Z Or undo this operation with:
smoke	Checkout	2025-10-30T07:32:57.5660726Z 
smoke	Checkout	2025-10-30T07:32:57.5661012Z   git switch -
smoke	Checkout	2025-10-30T07:32:57.5661554Z 
smoke	Checkout	2025-10-30T07:32:57.5662669Z Turn off this advice by setting config variable advice.detachedHead to false
smoke	Checkout	2025-10-30T07:32:57.5663815Z 
smoke	Checkout	2025-10-30T07:32:57.5665106Z HEAD is now at d6b13cf Merge 9d90fad028b645f998c8a5598316fcda6c86a73c into 71f5be630d527d24b1bd80413cd09b752e1167ae
smoke	Checkout	2025-10-30T07:32:57.5669023Z ##[endgroup]
smoke	Checkout	2025-10-30T07:32:57.5697972Z [command]/usr/bin/git log -1 --format=%H
smoke	Checkout	2025-10-30T07:32:57.5719337Z d6b13cf5a8a4e71d2f9b434bc6938d8854af1d53
smoke	Use Node.js (explicit)	¬¥‚ïó‚îê2025-10-30T07:32:57.6021957Z ##[group]Run actions/setup-node@v4
smoke	Use Node.js (explicit)	2025-10-30T07:32:57.6023346Z with:
smoke	Use Node.js (explicit)	2025-10-30T07:32:57.6024136Z   node-version: 20.19.0
smoke	Use Node.js (explicit)	2025-10-30T07:32:57.6025089Z   always-auth: false
smoke	Use Node.js (explicit)	2025-10-30T07:32:57.6026004Z   check-latest: false
smoke	Use Node.js (explicit)	2025-10-30T07:32:57.6027211Z   token: ***
smoke	Use Node.js (explicit)	2025-10-30T07:32:57.6028023Z env:
smoke	Use Node.js (explicit)	2025-10-30T07:32:57.6028809Z   SITEMINDER_USE_MOCK: 1
smoke	Use Node.js (explicit)	2025-10-30T07:32:57.6029815Z   SITEMINDER_MOCK_PORT: 4015
smoke	Use Node.js (explicit)	2025-10-30T07:32:57.6030951Z   CYPRESS_BASE_URL: http://127.0.0.1:5173
smoke	Use Node.js (explicit)	2025-10-30T07:32:57.6032337Z   API_BASE: http://127.0.0.1:4000
smoke	Use Node.js (explicit)	2025-10-30T07:32:57.6033424Z ##[endgroup]
smoke	Use Node.js (explicit)	2025-10-30T07:32:57.7818039Z Attempting to download 20.19.0...
smoke	Use Node.js (explicit)	2025-10-30T07:32:58.2107380Z Acquiring 20.19.0 - x64 from https://github.com/actions/node-versions/releases/download/20.19.0-13838090974/node-20.19.0-linux-x64.tar.gz
smoke	Use Node.js (explicit)	2025-10-30T07:32:58.6745031Z Extracting ...
smoke	Use Node.js (explicit)	2025-10-30T07:32:58.6853680Z [command]/usr/bin/tar xz --strip 1 --warning=no-unknown-keyword --overwrite -C /home/runner/work/_temp/e86363fa-551b-4603-b85d-8335027ee851 -f /home/runner/work/_temp/301d9f93-df31-431a-a67c-f4e7fe143a84
smoke	Use Node.js (explicit)	2025-10-30T07:32:59.6830651Z Adding to the cache ...
smoke	Use Node.js (explicit)	2025-10-30T07:33:01.3787993Z ##[group]Environment details
smoke	Use Node.js (explicit)	2025-10-30T07:33:01.6060998Z node: v20.19.0
smoke	Use Node.js (explicit)	2025-10-30T07:33:01.6061637Z npm: 10.8.2
smoke	Use Node.js (explicit)	2025-10-30T07:33:01.6062286Z yarn: 1.22.22
smoke	Use Node.js (explicit)	2025-10-30T07:33:01.6062929Z ##[endgroup]
smoke	Install dependencies	¬¥‚ïó‚îê2025-10-30T07:33:01.6209757Z ##[group]Run npm ci
smoke	Install dependencies	2025-10-30T07:33:01.6210025Z [36;1mnpm ci[0m
smoke	Install dependencies	2025-10-30T07:33:01.6249230Z shell: /usr/bin/bash -e {0}
smoke	Install dependencies	2025-10-30T07:33:01.6249498Z env:
smoke	Install dependencies	2025-10-30T07:33:01.6249674Z   SITEMINDER_USE_MOCK: 1
smoke	Install dependencies	2025-10-30T07:33:01.6249897Z   SITEMINDER_MOCK_PORT: 4015
smoke	Install dependencies	2025-10-30T07:33:01.6250250Z   CYPRESS_BASE_URL: http://127.0.0.1:5173
smoke	Install dependencies	2025-10-30T07:33:01.6250529Z   API_BASE: http://127.0.0.1:4000
smoke	Install dependencies	2025-10-30T07:33:01.6250763Z ##[endgroup]
smoke	Install dependencies	2025-10-30T07:33:04.7872424Z npm warn deprecated rimraf@3.0.2: Rimraf versions prior to v4 are no longer supported
smoke	Install dependencies	2025-10-30T07:33:05.5754320Z npm warn deprecated inflight@1.0.6: This module is not supported, and leaks memory. Do not use it. Check out lru-cache if you want a good and tested way to coalesce async requests by a key value, which is much more comprehensive and powerful.
smoke	Install dependencies	2025-10-30T07:33:06.3855210Z npm warn deprecated fstream@1.0.12: This package is no longer supported.
smoke	Install dependencies	2025-10-30T07:33:07.0954028Z npm warn deprecated @humanwhocodes/config-array@0.13.0: Use @eslint/config-array instead
smoke	Install dependencies	2025-10-30T07:33:07.1600572Z npm warn deprecated @humanwhocodes/object-schema@2.0.3: Use @eslint/object-schema instead
smoke	Install dependencies	2025-10-30T07:33:07.5501551Z npm warn deprecated glob@7.2.3: Glob versions prior to v9 are no longer supported
smoke	Install dependencies	2025-10-30T07:33:07.6552429Z npm warn deprecated glob@7.2.3: Glob versions prior to v9 are no longer supported
smoke	Install dependencies	2025-10-30T07:33:07.6831308Z npm warn deprecated rimraf@2.7.1: Rimraf versions prior to v4 are no longer supported
smoke	Install dependencies	2025-10-30T07:33:10.3347088Z npm warn deprecated eslint@8.57.1: This version is no longer supported. Please see https://eslint.org/version-support for other options.
smoke	Install dependencies	2025-10-30T07:33:25.5330772Z 
smoke	Install dependencies	2025-10-30T07:33:25.5331591Z added 910 packages, and audited 911 packages in 24s
smoke	Install dependencies	2025-10-30T07:33:25.5332446Z 
smoke	Install dependencies	2025-10-30T07:33:25.5332824Z 224 packages are looking for funding
smoke	Install dependencies	2025-10-30T07:33:25.5333402Z   run `npm fund` for details
smoke	Install dependencies	2025-10-30T07:33:25.5550706Z 
smoke	Install dependencies	2025-10-30T07:33:25.5551746Z 9 moderate severity vulnerabilities
smoke	Install dependencies	2025-10-30T07:33:25.5552774Z 
smoke	Install dependencies	2025-10-30T07:33:25.5553339Z To address issues that do not require attention, run:
smoke	Install dependencies	2025-10-30T07:33:25.5557040Z   npm audit fix
smoke	Install dependencies	2025-10-30T07:33:25.5557280Z 
smoke	Install dependencies	2025-10-30T07:33:25.5557689Z To address all issues (including breaking changes), run:
smoke	Install dependencies	2025-10-30T07:33:25.5558253Z   npm audit fix --force
smoke	Install dependencies	2025-10-30T07:33:25.5558501Z 
smoke	Install dependencies	2025-10-30T07:33:25.5558704Z Run `npm audit` for details.
smoke	Start API server	¬¥‚ïó‚îê2025-10-30T07:33:25.5925737Z ##[group]Run nohup node server/server.js > server.log 2>&1 &
smoke	Start API server	2025-10-30T07:33:25.5926186Z [36;1mnohup node server/server.js > server.log 2>&1 &[0m
smoke	Start API server	2025-10-30T07:33:25.5926583Z [36;1mecho $! > backend.pid[0m
smoke	Start API server	2025-10-30T07:33:25.5959781Z shell: /usr/bin/bash -e {0}
smoke	Start API server	2025-10-30T07:33:25.5960007Z env:
smoke	Start API server	2025-10-30T07:33:25.5960179Z   SITEMINDER_USE_MOCK: 1
smoke	Start API server	2025-10-30T07:33:25.5960394Z   SITEMINDER_MOCK_PORT: 4015
smoke	Start API server	2025-10-30T07:33:25.5960641Z   CYPRESS_BASE_URL: http://127.0.0.1:5173
smoke	Start API server	2025-10-30T07:33:25.5960889Z   API_BASE: http://127.0.0.1:4000
smoke	Start API server	2025-10-30T07:33:25.5961103Z ##[endgroup]
smoke	Start Vite dev server	¬¥‚ïó‚îê2025-10-30T07:33:25.6045792Z ##[group]Run nohup bash -lc "npx cross-env VITE_API_BASE=http://127.0.0.1:4000 npm run dev -- --host 127.0.0.1 --port 5173" > vite.log 2>&1 &
smoke	Start Vite dev server	2025-10-30T07:33:25.6046619Z [36;1mnohup bash -lc "npx cross-env VITE_API_BASE=http://127.0.0.1:4000 npm run dev -- --host 127.0.0.1 --port 5173" > vite.log 2>&1 &[0m
smoke	Start Vite dev server	2025-10-30T07:33:25.6047099Z [36;1mecho $! > vite.pid[0m
smoke	Start Vite dev server	2025-10-30T07:33:25.6077497Z shell: /usr/bin/bash -e {0}
smoke	Start Vite dev server	2025-10-30T07:33:25.6077718Z env:
smoke	Start Vite dev server	2025-10-30T07:33:25.6077890Z   SITEMINDER_USE_MOCK: 1
smoke	Start Vite dev server	2025-10-30T07:33:25.6078098Z   SITEMINDER_MOCK_PORT: 4015
smoke	Start Vite dev server	2025-10-30T07:33:25.6078338Z   CYPRESS_BASE_URL: http://127.0.0.1:5173
smoke	Start Vite dev server	2025-10-30T07:33:25.6078601Z   API_BASE: http://127.0.0.1:4000
smoke	Start Vite dev server	2025-10-30T07:33:25.6078831Z ##[endgroup]
smoke	Wait for dev server and API	¬¥‚ïó‚îê2025-10-30T07:33:25.6169555Z ##[group]Run n=0; until curl -fsS http://127.0.0.1:5173/ >/dev/null 2>&1 && curl -fsS http://127.0.0.1:4000/health >/dev/null 2>&1 || [ $n -ge 120 ]; do n=$((n+1)); echo "waiting... $n"; sleep 1; done
smoke	Wait for dev server and API	2025-10-30T07:33:25.6171181Z [36;1mn=0; until curl -fsS http://127.0.0.1:5173/ >/dev/null 2>&1 && curl -fsS http://127.0.0.1:4000/health >/dev/null 2>&1 || [ $n -ge 120 ]; do n=$((n+1)); echo "waiting... $n"; sleep 1; done[0m
smoke	Wait for dev server and API	2025-10-30T07:33:25.6218133Z shell: /usr/bin/bash -e {0}
smoke	Wait for dev server and API	2025-10-30T07:33:25.6218517Z env:
smoke	Wait for dev server and API	2025-10-30T07:33:25.6218798Z   SITEMINDER_USE_MOCK: 1
smoke	Wait for dev server and API	2025-10-30T07:33:25.6219159Z   SITEMINDER_MOCK_PORT: 4015
smoke	Wait for dev server and API	2025-10-30T07:33:25.6219580Z   CYPRESS_BASE_URL: http://127.0.0.1:5173
smoke	Wait for dev server and API	2025-10-30T07:33:25.6220050Z   API_BASE: http://127.0.0.1:4000
smoke	Wait for dev server and API	2025-10-30T07:33:25.6220424Z ##[endgroup]
smoke	Wait for dev server and API	2025-10-30T07:33:25.6377000Z waiting... 1
smoke	Wait for dev server and API	2025-10-30T07:33:26.6482818Z waiting... 2
smoke	Run quick smoke E2E (smoke + navbar + booking modal + login smoke)	¬¥‚ïó‚îê2025-10-30T07:33:27.9973796Z ##[group]Run npx cypress run --browser electron --config video=false --spec "cypress/e2e/smoke.cy.js,cypress/e2e/nav_mobile.cy.js,cypress/e2e/booking_modal.cy.js,cypress/e2e/login_register_smoke.cy.js,cypress/e2e/login_smoke_minimal.cy.js"
smoke	Run quick smoke E2E (smoke + navbar + booking modal + login smoke)	2025-10-30T07:33:27.9976346Z [36;1mnpx cypress run --browser electron --config video=false --spec "cypress/e2e/smoke.cy.js,cypress/e2e/nav_mobile.cy.js,cypress/e2e/booking_modal.cy.js,cypress/e2e/login_register_smoke.cy.js,cypress/e2e/login_smoke_minimal.cy.js"[0m
smoke	Run quick smoke E2E (smoke + navbar + booking modal + login smoke)	2025-10-30T07:33:28.0019315Z shell: /usr/bin/bash -e {0}
smoke	Run quick smoke E2E (smoke + navbar + booking modal + login smoke)	2025-10-30T07:33:28.0019645Z env:
smoke	Run quick smoke E2E (smoke + navbar + booking modal + login smoke)	2025-10-30T07:33:28.0019908Z   SITEMINDER_USE_MOCK: 1
smoke	Run quick smoke E2E (smoke + navbar + booking modal + login smoke)	2025-10-30T07:33:28.0020228Z   SITEMINDER_MOCK_PORT: 4015
smoke	Run quick smoke E2E (smoke + navbar + booking modal + login smoke)	2025-10-30T07:33:28.0020609Z   CYPRESS_BASE_URL: http://127.0.0.1:5173
smoke	Run quick smoke E2E (smoke + navbar + booking modal + login smoke)	2025-10-30T07:33:28.0021018Z   API_BASE: http://127.0.0.1:4000
smoke	Run quick smoke E2E (smoke + navbar + booking modal + login smoke)	2025-10-30T07:33:28.0021365Z ##[endgroup]
smoke	Run quick smoke E2E (smoke + navbar + booking modal + login smoke)	2025-10-30T07:33:28.6770094Z It looks like this is your first time using Cypress: 13.17.0
smoke	Run quick smoke E2E (smoke + navbar + booking modal + login smoke)	2025-10-30T07:33:28.6774166Z 
smoke	Run quick smoke E2E (smoke + navbar + booking modal + login smoke)	2025-10-30T07:33:28.6803275Z [STARTED] Task without title.
smoke	Run quick smoke E2E (smoke + navbar + booking modal + login smoke)	2025-10-30T07:33:34.3487467Z [SUCCESS] Task without title.
smoke	Run quick smoke E2E (smoke + navbar + booking modal + login smoke)	2025-10-30T07:33:34.3490927Z 
smoke	Run quick smoke E2E (smoke + navbar + booking modal + login smoke)	2025-10-30T07:33:34.3492924Z Opening Cypress...
smoke	Run quick smoke E2E (smoke + navbar + booking modal + login smoke)	2025-10-30T07:33:34.9835461Z 
smoke	Run quick smoke E2E (smoke + navbar + booking modal + login smoke)	2025-10-30T07:33:34.9837521Z DevTools listening on ws://127.0.0.1:43491/devtools/browser/da120438-82ea-4f15-a4a6-da8e060dbe75
smoke	Run quick smoke E2E (smoke + navbar + booking modal + login smoke)	2025-10-30T07:33:42.7288513Z 
smoke	Run quick smoke E2E (smoke + navbar + booking modal + login smoke)	2025-10-30T07:33:42.7598250Z tput: No value for $TERM and no -T specified
smoke	Run quick smoke E2E (smoke + navbar + booking modal + login smoke)	2025-10-30T07:33:42.7601695Z [90m====================================================================================================[39m
smoke	Run quick smoke E2E (smoke + navbar + booking modal + login smoke)	2025-10-30T07:33:42.7602262Z 
smoke	Run quick smoke E2E (smoke + navbar + booking modal + login smoke)	2025-10-30T07:33:42.7604915Z [0m  ([4m[1mRun Starting[22m[24m)[0m
smoke	Run quick smoke E2E (smoke + navbar + booking modal + login smoke)	2025-10-30T07:33:42.7605231Z 
smoke	Run quick smoke E2E (smoke + navbar + booking modal + login smoke)	2025-10-30T07:33:42.7684247Z [90m  √î√∂√Æ[39m[90m√î√∂√á[39m[90m√î√∂√á[39m[90m√î√∂√á[39m[90m√î√∂√á[39m[90m√î√∂√á[39m[90m√î√∂√á[39m[90m√î√∂√á[39m[90m√î√∂√á[39m[90m√î√∂√á[39m[90m√î√∂√á[39m[90m√î√∂√á[39m[90m√î√∂√á[39m[90m√î√∂√á[39m[90m√î√∂√á[39m[90m√î√∂√á[39m[90m√î√∂√á[39m[90m√î√∂√á[39m[90m√î√∂√á[39m[90m√î√∂√á[39m[90m√î√∂√á[39m[90m√î√∂√á[39m[90m√î√∂√á[39m[90m√î√∂√á[39m[90m√î√∂√á[39m[90m√î√∂√á[39m[90m√î√∂√á[39m[90m√î√∂√á[39m[90m√î√∂√á[39m[90m√î√∂√á[39m[90m√î√∂√á[39m[90m√î√∂√á[39m[90m√î√∂√á[39m[90m√î√∂√á[39m[90m√î√∂√á[39m[90m√î√∂√á[39m[90m√î√∂√á[39m[90m√î√∂√á[39m[90m√î√∂√á[39m[90m√î√∂√á[39m[90m√î√∂√á[39m[90m√î√∂√á[39m[90m√î√∂√á[39m[90m√î√∂√á[39m[90m√î√∂√á[39m[90m√î√∂√á[39m[90m√î√∂√á[39m[90m√î√∂√á[39m[90m√î√∂√á[39m[90m√î√∂√á[39m[90m√î√∂√á[39m[90m√î√∂√á[39m[90m√î√∂√á[39m[90m√î√∂√á[39m[90m√î√∂√á[39m[90m√î√∂√á[39m[90m√î√∂√á[39m[90m√î√∂√á[39m[90m√î√∂√á[39m[90m√î√∂√á[39m[90m√î√∂√á[39m[90m√î√∂√á[39m[90m√î√∂√á[39m[90m√î√∂√á[39m[90m√î√∂√á[39m[90m√î√∂√á[39m[90m√î√∂√á[39m[90m√î√∂√á[39m[90m√î√∂√á[39m[90m√î√∂√á[39m[90m√î√∂√á[39m[90m√î√∂√á[39m[90m√î√∂√á[39m[90m√î√∂√á[39m[90m√î√∂√á[39m[90m√î√∂√á[39m[90m√î√∂√á[39m[90m√î√∂√á[39m[90m√î√∂√á[39m[90m√î√∂√á[39m[90m√î√∂√á[39m[90m√î√∂√á[39m[90m√î√∂√á[39m[90m√î√∂√á[39m[90m√î√∂√á[39m[90m√î√∂√á[39m[90m√î√∂√á[39m[90m√î√∂√á[39m[90m√î√∂√á[39m[90m√î√∂√á[39m[90m√î√∂√á[39m[90m√î√∂√á[39m[90m√î√∂√á[39m[90m√î√∂√á[39m[90m√î√∂√á[39m[90m√î√∂√á[39m[90m√î√∂√á[39m[90m√î√∂√â[39m
smoke	Run quick smoke E2E (smoke + navbar + booking modal + login smoke)	2025-10-30T07:33:42.7687002Z [90m  √î√∂√©[39m [90mCypress:[39m        13.17.0                                                                        [90m√î√∂√©[39m
smoke	Run quick smoke E2E (smoke + navbar + booking modal + login smoke)	2025-10-30T07:33:42.7687897Z [90m  √î√∂√©[39m [90mBrowser:[39m        Electron 118 [90m(headless)[39m                                                        [90m√î√∂√©[39m
smoke	Run quick smoke E2E (smoke + navbar + booking modal + login smoke)	2025-10-30T07:33:42.7688959Z [90m  √î√∂√©[39m [90mNode Version:[39m   [0mv20.19.0 [90m(/opt/hostedtoolcache/node/20.19.0/x64/bin/node)[39m[0m                      [90m√î√∂√©[39m
smoke	Run quick smoke E2E (smoke + navbar + booking modal + login smoke)	2025-10-30T07:33:42.7690697Z [90m  √î√∂√©[39m [90mSpecs:[39m          [0m5 found (smoke.cy.js, nav_mobile.cy.js, booking_modal.cy.js, login_register_sm[0m [90m√î√∂√©[39m
smoke	Run quick smoke E2E (smoke + navbar + booking modal + login smoke)	2025-10-30T07:33:42.7691749Z [90m  √î√∂√©[39m                 [0moke.cy.js, login_smoke_minimal.cy.js)[0m                                          [90m√î√∂√©[39m
smoke	Run quick smoke E2E (smoke + navbar + booking modal + login smoke)	2025-10-30T07:33:42.7692823Z [90m  √î√∂√©[39m [90mSearched:[39m       [0mcypress/e2e/smoke.cy.js, cypress/e2e/nav_mobile.cy.js, cypress/e2e/booking_mod[0m [90m√î√∂√©[39m
smoke	Run quick smoke E2E (smoke + navbar + booking modal + login smoke)	2025-10-30T07:33:42.7693724Z [90m  √î√∂√©[39m                 [0mal.cy.js, cypress/e2e/login_register_smoke.cy.js, cypress/e2e/login_smoke_mini[0m [90m√î√∂√©[39m
smoke	Run quick smoke E2E (smoke + navbar + booking modal + login smoke)	2025-10-30T07:33:42.7694456Z [90m  √î√∂√©[39m                 [0mmal.cy.js[0m                                                                      [90m√î√∂√©[39m
smoke	Run quick smoke E2E (smoke + navbar + booking modal + login smoke)	2025-10-30T07:33:42.7700285Z [90m  √î√∂√∂[39m[90m√î√∂√á[39m[90m√î√∂√á[39m[90m√î√∂√á[39m[90m√î√∂√á[39m[90m√î√∂√á[39m[90m√î√∂√á[39m[90m√î√∂√á[39m[90m√î√∂√á[39m[90m√î√∂√á[39m[90m√î√∂√á[39m[90m√î√∂√á[39m[90m√î√∂√á[39m[90m√î√∂√á[39m[90m√î√∂√á[39m[90m√î√∂√á[39m[90m√î√∂√á[39m[90m√î√∂√á[39m[90m√î√∂√á[39m[90m√î√∂√á[39m[90m√î√∂√á[39m[90m√î√∂√á[39m[90m√î√∂√á[39m[90m√î√∂√á[39m[90m√î√∂√á[39m[90m√î√∂√á[39m[90m√î√∂√á[39m[90m√î√∂√á[39m[90m√î√∂√á[39m[90m√î√∂√á[39m[90m√î√∂√á[39m[90m√î√∂√á[39m[90m√î√∂√á[39m[90m√î√∂√á[39m[90m√î√∂√á[39m[90m√î√∂√á[39m[90m√î√∂√á[39m[90m√î√∂√á[39m[90m√î√∂√á[39m[90m√î√∂√á[39m[90m√î√∂√á[39m[90m√î√∂√á[39m[90m√î√∂√á[39m[90m√î√∂√á[39m[90m√î√∂√á[39m[90m√î√∂√á[39m[90m√î√∂√á[39m[90m√î√∂√á[39m[90m√î√∂√á[39m[90m√î√∂√á[39m[90m√î√∂√á[39m[90m√î√∂√á[39m[90m√î√∂√á[39m[90m√î√∂√á[39m[90m√î√∂√á[39m[90m√î√∂√á[39m[90m√î√∂√á[39m[90m√î√∂√á[39m[90m√î√∂√á[39m[90m√î√∂√á[39m[90m√î√∂√á[39m[90m√î√∂√á[39m[90m√î√∂√á[39m[90m√î√∂√á[39m[90m√î√∂√á[39m[90m√î√∂√á[39m[90m√î√∂√á[39m[90m√î√∂√á[39m[90m√î√∂√á[39m[90m√î√∂√á[39m[90m√î√∂√á[39m[90m√î√∂√á[39m[90m√î√∂√á[39m[90m√î√∂√á[39m[90m√î√∂√á[39m[90m√î√∂√á[39m[90m√î√∂√á[39m[90m√î√∂√á[39m[90m√î√∂√á[39m[90m√î√∂√á[39m[90m√î√∂√á[39m[90m√î√∂√á[39m[90m√î√∂√á[39m[90m√î√∂√á[39m[90m√î√∂√á[39m[90m√î√∂√á[39m[90m√î√∂√á[39m[90m√î√∂√á[39m[90m√î√∂√á[39m[90m√î√∂√á[39m[90m√î√∂√á[39m[90m√î√∂√á[39m[90m√î√∂√á[39m[90m√î√∂√á[39m[90m√î√∂√á[39m[90m√î√∂√á[39m[90m√î√∂√á[39m[90m√î√∂√ø[39m
smoke	Run quick smoke E2E (smoke + navbar + booking modal + login smoke)	2025-10-30T07:33:42.7702410Z 
smoke	Run quick smoke E2E (smoke + navbar + booking modal + login smoke)	2025-10-30T07:33:42.7702419Z 
smoke	Run quick smoke E2E (smoke + navbar + booking modal + login smoke)	2025-10-30T07:33:42.7705879Z [90m√î√∂√á[39m[90m√î√∂√á[39m[90m√î√∂√á[39m[90m√î√∂√á[39m[90m√î√∂√á[39m[90m√î√∂√á[39m[90m√î√∂√á[39m[90m√î√∂√á[39m[90m√î√∂√á[39m[90m√î√∂√á[39m[90m√î√∂√á[39m[90m√î√∂√á[39m[90m√î√∂√á[39m[90m√î√∂√á[39m[90m√î√∂√á[39m[90m√î√∂√á[39m[90m√î√∂√á[39m[90m√î√∂√á[39m[90m√î√∂√á[39m[90m√î√∂√á[39m[90m√î√∂√á[39m[90m√î√∂√á[39m[90m√î√∂√á[39m[90m√î√∂√á[39m[90m√î√∂√á[39m[90m√î√∂√á[39m[90m√î√∂√á[39m[90m√î√∂√á[39m[90m√î√∂√á[39m[90m√î√∂√á[39m[90m√î√∂√á[39m[90m√î√∂√á[39m[90m√î√∂√á[39m[90m√î√∂√á[39m[90m√î√∂√á[39m[90m√î√∂√á[39m[90m√î√∂√á[39m[90m√î√∂√á[39m[90m√î√∂√á[39m[90m√î√∂√á[39m[90m√î√∂√á[39m[90m√î√∂√á[39m[90m√î√∂√á[39m[90m√î√∂√á[39m[90m√î√∂√á[39m[90m√î√∂√á[39m[90m√î√∂√á[39m[90m√î√∂√á[39m[90m√î√∂√á[39m[90m√î√∂√á[39m[90m√î√∂√á[39m[90m√î√∂√á[39m[90m√î√∂√á[39m[90m√î√∂√á[39m[90m√î√∂√á[39m[90m√î√∂√á[39m[90m√î√∂√á[39m[90m√î√∂√á[39m[90m√î√∂√á[39m[90m√î√∂√á[39m[90m√î√∂√á[39m[90m√î√∂√á[39m[90m√î√∂√á[39m[90m√î√∂√á[39m[90m√î√∂√á[39m[90m√î√∂√á[39m[90m√î√∂√á[39m[90m√î√∂√á[39m[90m√î√∂√á[39m[90m√î√∂√á[39m[90m√î√∂√á[39m[90m√î√∂√á[39m[90m√î√∂√á[39m[90m√î√∂√á[39m[90m√î√∂√á[39m[90m√î√∂√á[39m[90m√î√∂√á[39m[90m√î√∂√á[39m[90m√î√∂√á[39m[90m√î√∂√á[39m[90m√î√∂√á[39m[90m√î√∂√á[39m[90m√î√∂√á[39m[90m√î√∂√á[39m[90m√î√∂√á[39m[90m√î√∂√á[39m[90m√î√∂√á[39m[90m√î√∂√á[39m[90m√î√∂√á[39m[90m√î√∂√á[39m[90m√î√∂√á[39m[90m√î√∂√á[39m[90m√î√∂√á[39m[90m√î√∂√á[39m[90m√î√∂√á[39m[90m√î√∂√á[39m[90m√î√∂√á[39m[90m√î√∂√á[39m[90m√î√∂√á[39m[90m√î√∂√á[39m
smoke	Run quick smoke E2E (smoke + navbar + booking modal + login smoke)	2025-10-30T07:33:42.7708192Z                                                                                                     
smoke	Run quick smoke E2E (smoke + navbar + booking modal + login smoke)	2025-10-30T07:33:42.7708747Z   Running:  [90msmoke.cy.js[39m                                                                     [90m(1 of 5)[39m
smoke	Run quick smoke E2E (smoke + navbar + booking modal + login smoke)	2025-10-30T07:33:45.6190858Z 
smoke	Run quick smoke E2E (smoke + navbar + booking modal + login smoke)	2025-10-30T07:33:45.6194334Z [0m[0m
smoke	Run quick smoke E2E (smoke + navbar + booking modal + login smoke)	2025-10-30T07:33:45.6222922Z [0m  Smoke[0m
smoke	Run quick smoke E2E (smoke + navbar + booking modal + login smoke)	2025-10-30T07:33:46.9398378Z   [32m  √î¬£√¥[0m[90m loads home and has visible header and footer[0m[90m (1295ms)[0m
smoke	Run quick smoke E2E (smoke + navbar + booking modal + login smoke)	2025-10-30T07:33:46.9872196Z   [32m  √î¬£√¥[0m[90m backend /health responds[0m[90m (30ms)[0m
smoke	Run quick smoke E2E (smoke + navbar + booking modal + login smoke)	2025-10-30T07:33:46.9875861Z 
smoke	Run quick smoke E2E (smoke + navbar + booking modal + login smoke)	2025-10-30T07:33:47.0001041Z 
smoke	Run quick smoke E2E (smoke + navbar + booking modal + login smoke)	2025-10-30T07:33:47.0003089Z [92m [0m[32m 2 passing[0m[90m (1s)[0m
smoke	Run quick smoke E2E (smoke + navbar + booking modal + login smoke)	2025-10-30T07:33:47.0003718Z 
smoke	Run quick smoke E2E (smoke + navbar + booking modal + login smoke)	2025-10-30T07:33:47.0018656Z 
smoke	Run quick smoke E2E (smoke + navbar + booking modal + login smoke)	2025-10-30T07:33:47.0019598Z [32m  ([4m[1mResults[22m[24m)[39m
smoke	Run quick smoke E2E (smoke + navbar + booking modal + login smoke)	2025-10-30T07:33:47.0025366Z 
smoke	Run quick smoke E2E (smoke + navbar + booking modal + login smoke)	2025-10-30T07:33:47.0044066Z [90m  √î√∂√Æ[39m[90m√î√∂√á[39m[90m√î√∂√á[39m[90m√î√∂√á[39m[90m√î√∂√á[39m[90m√î√∂√á[39m[90m√î√∂√á[39m[90m√î√∂√á[39m[90m√î√∂√á[39m[90m√î√∂√á[39m[90m√î√∂√á[39m[90m√î√∂√á[39m[90m√î√∂√á[39m[90m√î√∂√á[39m[90m√î√∂√á[39m[90m√î√∂√á[39m[90m√î√∂√á[39m[90m√î√∂√á[39m[90m√î√∂√á[39m[90m√î√∂√á[39m[90m√î√∂√á[39m[90m√î√∂√á[39m[90m√î√∂√á[39m[90m√î√∂√á[39m[90m√î√∂√á[39m[90m√î√∂√á[39m[90m√î√∂√á[39m[90m√î√∂√á[39m[90m√î√∂√á[39m[90m√î√∂√á[39m[90m√î√∂√á[39m[90m√î√∂√á[39m[90m√î√∂√á[39m[90m√î√∂√á[39m[90m√î√∂√á[39m[90m√î√∂√á[39m[90m√î√∂√á[39m[90m√î√∂√á[39m[90m√î√∂√á[39m[90m√î√∂√á[39m[90m√î√∂√á[39m[90m√î√∂√á[39m[90m√î√∂√á[39m[90m√î√∂√á[39m[90m√î√∂√á[39m[90m√î√∂√á[39m[90m√î√∂√á[39m[90m√î√∂√á[39m[90m√î√∂√á[39m[90m√î√∂√á[39m[90m√î√∂√á[39m[90m√î√∂√á[39m[90m√î√∂√á[39m[90m√î√∂√á[39m[90m√î√∂√á[39m[90m√î√∂√á[39m[90m√î√∂√á[39m[90m√î√∂√á[39m[90m√î√∂√á[39m[90m√î√∂√á[39m[90m√î√∂√á[39m[90m√î√∂√á[39m[90m√î√∂√á[39m[90m√î√∂√á[39m[90m√î√∂√á[39m[90m√î√∂√á[39m[90m√î√∂√á[39m[90m√î√∂√á[39m[90m√î√∂√á[39m[90m√î√∂√á[39m[90m√î√∂√á[39m[90m√î√∂√á[39m[90m√î√∂√á[39m[90m√î√∂√á[39m[90m√î√∂√á[39m[90m√î√∂√á[39m[90m√î√∂√á[39m[90m√î√∂√á[39m[90m√î√∂√á[39m[90m√î√∂√á[39m[90m√î√∂√á[39m[90m√î√∂√á[39m[90m√î√∂√á[39m[90m√î√∂√á[39m[90m√î√∂√á[39m[90m√î√∂√á[39m[90m√î√∂√á[39m[90m√î√∂√á[39m[90m√î√∂√á[39m[90m√î√∂√á[39m[90m√î√∂√á[39m[90m√î√∂√á[39m[90m√î√∂√á[39m[90m√î√∂√á[39m[90m√î√∂√á[39m[90m√î√∂√á[39m[90m√î√∂√á[39m[90m√î√∂√â[39m
smoke	Run quick smoke E2E (smoke + navbar + booking modal + login smoke)	2025-10-30T07:33:47.0052240Z [90m  √î√∂√©[39m [90mTests:[39m        [32m2[39m                                                                                [90m√î√∂√©[39m
smoke	Run quick smoke E2E (smoke + navbar + booking modal + login smoke)	2025-10-30T07:33:47.0053564Z [90m  √î√∂√©[39m [90mPassing:[39m      [32m2[39m                                                                                [90m√î√∂√©[39m
smoke	Run quick smoke E2E (smoke + navbar + booking modal + login smoke)	2025-10-30T07:33:47.0054777Z [90m  √î√∂√©[39m [90mFailing:[39m      [32m0[39m                                                                                [90m√î√∂√©[39m
smoke	Run quick smoke E2E (smoke + navbar + booking modal + login smoke)	2025-10-30T07:33:47.0056139Z [90m  √î√∂√©[39m [90mPending:[39m      [32m0[39m                                                                                [90m√î√∂√©[39m
smoke	Run quick smoke E2E (smoke + navbar + booking modal + login smoke)	2025-10-30T07:33:47.0057545Z [90m  √î√∂√©[39m [90mSkipped:[39m      [32m0[39m                                                                                [90m√î√∂√©[39m
smoke	Run quick smoke E2E (smoke + navbar + booking modal + login smoke)	2025-10-30T07:33:47.0059055Z [90m  √î√∂√©[39m [90mScreenshots:[39m  [32m0[39m                                                                                [90m√î√∂√©[39m
smoke	Run quick smoke E2E (smoke + navbar + booking modal + login smoke)	2025-10-30T07:33:47.0060495Z [90m  √î√∂√©[39m [90mVideo:[39m        [32mfalse[39m                                                                            [90m√î√∂√©[39m
smoke	Run quick smoke E2E (smoke + navbar + booking modal + login smoke)	2025-10-30T07:33:47.0062444Z [90m  √î√∂√©[39m [90mDuration:[39m     [32m1 second[39m                                                                         [90m√î√∂√©[39m
smoke	Run quick smoke E2E (smoke + navbar + booking modal + login smoke)	2025-10-30T07:33:47.0063975Z [90m  √î√∂√©[39m [90mSpec Ran:[39m     [32m[32msmoke.cy.js[32m[39m                                                                      [90m√î√∂√©[39m
smoke	Run quick smoke E2E (smoke + navbar + booking modal + login smoke)	2025-10-30T07:33:47.0071279Z [90m  √î√∂√∂[39m[90m√î√∂√á[39m[90m√î√∂√á[39m[90m√î√∂√á[39m[90m√î√∂√á[39m[90m√î√∂√á[39m[90m√î√∂√á[39m[90m√î√∂√á[39m[90m√î√∂√á[39m[90m√î√∂√á[39m[90m√î√∂√á[39m[90m√î√∂√á[39m[90m√î√∂√á[39m[90m√î√∂√á[39m[90m√î√∂√á[39m[90m√î√∂√á[39m[90m√î√∂√á[39m[90m√î√∂√á[39m[90m√î√∂√á[39m[90m√î√∂√á[39m[90m√î√∂√á[39m[90m√î√∂√á[39m[90m√î√∂√á[39m[90m√î√∂√á[39m[90m√î√∂√á[39m[90m√î√∂√á[39m[90m√î√∂√á[39m[90m√î√∂√á[39m[90m√î√∂√á[39m[90m√î√∂√á[39m[90m√î√∂√á[39m[90m√î√∂√á[39m[90m√î√∂√á[39m[90m√î√∂√á[39m[90m√î√∂√á[39m[90m√î√∂√á[39m[90m√î√∂√á[39m[90m√î√∂√á[39m[90m√î√∂√á[39m[90m√î√∂√á[39m[90m√î√∂√á[39m[90m√î√∂√á[39m[90m√î√∂√á[39m[90m√î√∂√á[39m[90m√î√∂√á[39m[90m√î√∂√á[39m[90m√î√∂√á[39m[90m√î√∂√á[39m[90m√î√∂√á[39m[90m√î√∂√á[39m[90m√î√∂√á[39m[90m√î√∂√á[39m[90m√î√∂√á[39m[90m√î√∂√á[39m[90m√î√∂√á[39m[90m√î√∂√á[39m[90m√î√∂√á[39m[90m√î√∂√á[39m[90m√î√∂√á[39m[90m√î√∂√á[39m[90m√î√∂√á[39m[90m√î√∂√á[39m[90m√î√∂√á[39m[90m√î√∂√á[39m[90m√î√∂√á[39m[90m√î√∂√á[39m[90m√î√∂√á[39m[90m√î√∂√á[39m[90m√î√∂√á[39m[90m√î√∂√á[39m[90m√î√∂√á[39m[90m√î√∂√á[39m[90m√î√∂√á[39m[90m√î√∂√á[39m[90m√î√∂√á[39m[90m√î√∂√á[39m[90m√î√∂√á[39m[90m√î√∂√á[39m[90m√î√∂√á[39m[90m√î√∂√á[39m[90m√î√∂√á[39m[90m√î√∂√á[39m[90m√î√∂√á[39m[90m√î√∂√á[39m[90m√î√∂√á[39m[90m√î√∂√á[39m[90m√î√∂√á[39m[90m√î√∂√á[39m[90m√î√∂√á[39m[90m√î√∂√á[39m[90m√î√∂√á[39m[90m√î√∂√á[39m[90m√î√∂√á[39m[90m√î√∂√á[39m[90m√î√∂√á[39m[90m√î√∂√á[39m[90m√î√∂√á[39m[90m√î√∂√ø[39m
smoke	Run quick smoke E2E (smoke + navbar + booking modal + login smoke)	2025-10-30T07:33:47.0075214Z 
smoke	Run quick smoke E2E (smoke + navbar + booking modal + login smoke)	2025-10-30T07:33:47.0113790Z 
smoke	Run quick smoke E2E (smoke + navbar + booking modal + login smoke)	2025-10-30T07:33:47.0125976Z [90m√î√∂√á[39m[90m√î√∂√á[39m[90m√î√∂√á[39m[90m√î√∂√á[39m[90m√î√∂√á[39m[90m√î√∂√á[39m[90m√î√∂√á[39m[90m√î√∂√á[39m[90m√î√∂√á[39m[90m√î√∂√á[39m[90m√î√∂√á[39m[90m√î√∂√á[39m[90m√î√∂√á[39m[90m√î√∂√á[39m[90m√î√∂√á[39m[90m√î√∂√á[39m[90m√î√∂√á[39m[90m√î√∂√á[39m[90m√î√∂√á[39m[90m√î√∂√á[39m[90m√î√∂√á[39m[90m√î√∂√á[39m[90m√î√∂√á[39m[90m√î√∂√á[39m[90m√î√∂√á[39m[90m√î√∂√á[39m[90m√î√∂√á[39m[90m√î√∂√á[39m[90m√î√∂√á[39m[90m√î√∂√á[39m[90m√î√∂√á[39m[90m√î√∂√á[39m[90m√î√∂√á[39m[90m√î√∂√á[39m[90m√î√∂√á[39m[90m√î√∂√á[39m[90m√î√∂√á[39m[90m√î√∂√á[39m[90m√î√∂√á[39m[90m√î√∂√á[39m[90m√î√∂√á[39m[90m√î√∂√á[39m[90m√î√∂√á[39m[90m√î√∂√á[39m[90m√î√∂√á[39m[90m√î√∂√á[39m[90m√î√∂√á[39m[90m√î√∂√á[39m[90m√î√∂√á[39m[90m√î√∂√á[39m[90m√î√∂√á[39m[90m√î√∂√á[39m[90m√î√∂√á[39m[90m√î√∂√á[39m[90m√î√∂√á[39m[90m√î√∂√á[39m[90m√î√∂√á[39m[90m√î√∂√á[39m[90m√î√∂√á[39m[90m√î√∂√á[39m[90m√î√∂√á[39m[90m√î√∂√á[39m[90m√î√∂√á[39m[90m√î√∂√á[39m[90m√î√∂√á[39m[90m√î√∂√á[39m[90m√î√∂√á[39m[90m√î√∂√á[39m[90m√î√∂√á[39m[90m√î√∂√á[39m[90m√î√∂√á[39m[90m√î√∂√á[39m[90m√î√∂√á[39m[90m√î√∂√á[39m[90m√î√∂√á[39m[90m√î√∂√á[39m[90m√î√∂√á[39m[90m√î√∂√á[39m[90m√î√∂√á[39m[90m√î√∂√á[39m[90m√î√∂√á[39m[90m√î√∂√á[39m[90m√î√∂√á[39m[90m√î√∂√á[39m[90m√î√∂√á[39m[90m√î√∂√á[39m[90m√î√∂√á[39m[90m√î√∂√á[39m[90m√î√∂√á[39m[90m√î√∂√á[39m[90m√î√∂√á[39m[90m√î√∂√á[39m[90m√î√∂√á[39m[90m√î√∂√á[39m[90m√î√∂√á[39m[90m√î√∂√á[39m[90m√î√∂√á[39m[90m√î√∂√á[39m[90m√î√∂√á[39m[90m√î√∂√á[39m
smoke	Run quick smoke E2E (smoke + navbar + booking modal + login smoke)	2025-10-30T07:33:47.0131007Z                                                                                                     
smoke	Run quick smoke E2E (smoke + navbar + booking modal + login smoke)	2025-10-30T07:33:47.0132290Z   Running:  [90mnav_mobile.cy.js[39m                                                                [90m(2 of 5)[39m
smoke	Run quick smoke E2E (smoke + navbar + booking modal + login smoke)	2025-10-30T07:33:48.5416175Z 
smoke	Run quick smoke E2E (smoke + navbar + booking modal + login smoke)	2025-10-30T07:33:48.5417048Z [0m[0m
smoke	Run quick smoke E2E (smoke + navbar + booking modal + login smoke)	2025-10-30T07:33:48.5446492Z [0m  Mobile navbar[0m
smoke	Run quick smoke E2E (smoke + navbar + booking modal + login smoke)	2025-10-30T07:33:49.6726547Z   [32m  √î¬£√¥[0m[90m does not show Book Now in mobile navbar and has no /book links[0m[90m (1115ms)[0m
smoke	Run quick smoke E2E (smoke + navbar + booking modal + login smoke)	2025-10-30T07:33:49.6845236Z 
smoke	Run quick smoke E2E (smoke + navbar + booking modal + login smoke)	2025-10-30T07:33:49.6846133Z [0m  Mobile Navbar[0m
smoke	Run quick smoke E2E (smoke + navbar + booking modal + login smoke)	2025-10-30T07:33:50.0555027Z   [32m  √î¬£√¥[0m[90m does not show Book Now or quick /book links on mobile[0m[90m (346ms)[0m
smoke	Run quick smoke E2E (smoke + navbar + booking modal + login smoke)	2025-10-30T07:33:50.0555926Z 
smoke	Run quick smoke E2E (smoke + navbar + booking modal + login smoke)	2025-10-30T07:33:50.0680647Z 
smoke	Run quick smoke E2E (smoke + navbar + booking modal + login smoke)	2025-10-30T07:33:50.0684034Z [92m [0m[32m 2 passing[0m[90m (2s)[0m
smoke	Run quick smoke E2E (smoke + navbar + booking modal + login smoke)	2025-10-30T07:33:50.0684541Z 
smoke	Run quick smoke E2E (smoke + navbar + booking modal + login smoke)	2025-10-30T07:33:50.0688424Z 
smoke	Run quick smoke E2E (smoke + navbar + booking modal + login smoke)	2025-10-30T07:33:50.0693406Z [32m  ([4m[1mResults[22m[24m)[39m
smoke	Run quick smoke E2E (smoke + navbar + booking modal + login smoke)	2025-10-30T07:33:50.0702380Z 
smoke	Run quick smoke E2E (smoke + navbar + booking modal + login smoke)	2025-10-30T07:33:50.0709154Z [90m  √î√∂√Æ[39m[90m√î√∂√á[39m[90m√î√∂√á[39m[90m√î√∂√á[39m[90m√î√∂√á[39m[90m√î√∂√á[39m[90m√î√∂√á[39m[90m√î√∂√á[39m[90m√î√∂√á[39m[90m√î√∂√á[39m[90m√î√∂√á[39m[90m√î√∂√á[39m[90m√î√∂√á[39m[90m√î√∂√á[39m[90m√î√∂√á[39m[90m√î√∂√á[39m[90m√î√∂√á[39m[90m√î√∂√á[39m[90m√î√∂√á[39m[90m√î√∂√á[39m[90m√î√∂√á[39m[90m√î√∂√á[39m[90m√î√∂√á[39m[90m√î√∂√á[39m[90m√î√∂√á[39m[90m√î√∂√á[39m[90m√î√∂√á[39m[90m√î√∂√á[39m[90m√î√∂√á[39m[90m√î√∂√á[39m[90m√î√∂√á[39m[90m√î√∂√á[39m[90m√î√∂√á[39m[90m√î√∂√á[39m[90m√î√∂√á[39m[90m√î√∂√á[39m[90m√î√∂√á[39m[90m√î√∂√á[39m[90m√î√∂√á[39m[90m√î√∂√á[39m[90m√î√∂√á[39m[90m√î√∂√á[39m[90m√î√∂√á[39m[90m√î√∂√á[39m[90m√î√∂√á[39m[90m√î√∂√á[39m[90m√î√∂√á[39m[90m√î√∂√á[39m[90m√î√∂√á[39m[90m√î√∂√á[39m[90m√î√∂√á[39m[90m√î√∂√á[39m[90m√î√∂√á[39m[90m√î√∂√á[39m[90m√î√∂√á[39m[90m√î√∂√á[39m[90m√î√∂√á[39m[90m√î√∂√á[39m[90m√î√∂√á[39m[90m√î√∂√á[39m[90m√î√∂√á[39m[90m√î√∂√á[39m[90m√î√∂√á[39m[90m√î√∂√á[39m[90m√î√∂√á[39m[90m√î√∂√á[39m[90m√î√∂√á[39m[90m√î√∂√á[39m[90m√î√∂√á[39m[90m√î√∂√á[39m[90m√î√∂√á[39m[90m√î√∂√á[39m[90m√î√∂√á[39m[90m√î√∂√á[39m[90m√î√∂√á[39m[90m√î√∂√á[39m[90m√î√∂√á[39m[90m√î√∂√á[39m[90m√î√∂√á[39m[90m√î√∂√á[39m[90m√î√∂√á[39m[90m√î√∂√á[39m[90m√î√∂√á[39m[90m√î√∂√á[39m[90m√î√∂√á[39m[90m√î√∂√á[39m[90m√î√∂√á[39m[90m√î√∂√á[39m[90m√î√∂√á[39m[90m√î√∂√á[39m[90m√î√∂√á[39m[90m√î√∂√á[39m[90m√î√∂√á[39m[90m√î√∂√á[39m[90m√î√∂√á[39m[90m√î√∂√á[39m[90m√î√∂√á[39m[90m√î√∂√â[39m
smoke	Run quick smoke E2E (smoke + navbar + booking modal + login smoke)	2025-10-30T07:33:50.0713737Z [90m  √î√∂√©[39m [90mTests:[39m        [32m2[39m                                                                                [90m√î√∂√©[39m
smoke	Run quick smoke E2E (smoke + navbar + booking modal + login smoke)	2025-10-30T07:33:50.0715014Z [90m  √î√∂√©[39m [90mPassing:[39m      [32m2[39m                                                                                [90m√î√∂√©[39m
smoke	Run quick smoke E2E (smoke + navbar + booking modal + login smoke)	2025-10-30T07:33:50.0716442Z [90m  √î√∂√©[39m [90mFailing:[39m      [32m0[39m                                                                                [90m√î√∂√©[39m
smoke	Run quick smoke E2E (smoke + navbar + booking modal + login smoke)	2025-10-30T07:33:50.0717673Z [90m  √î√∂√©[39m [90mPending:[39m      [32m0[39m                                                                                [90m√î√∂√©[39m
smoke	Run quick smoke E2E (smoke + navbar + booking modal + login smoke)	2025-10-30T07:33:50.0718555Z [90m  √î√∂√©[39m [90mSkipped:[39m      [32m0[39m                                                                                [90m√î√∂√©[39m
smoke	Run quick smoke E2E (smoke + navbar + booking modal + login smoke)	2025-10-30T07:33:50.0719270Z [90m  √î√∂√©[39m [90mScreenshots:[39m  [32m0[39m                                                                                [90m√î√∂√©[39m
smoke	Run quick smoke E2E (smoke + navbar + booking modal + login smoke)	2025-10-30T07:33:50.0720381Z [90m  √î√∂√©[39m [90mVideo:[39m        [32mfalse[39m                                                                            [90m√î√∂√©[39m
smoke	Run quick smoke E2E (smoke + navbar + booking modal + login smoke)	2025-10-30T07:33:50.0721090Z [90m  √î√∂√©[39m [90mDuration:[39m     [32m1 second[39m                                                                         [90m√î√∂√©[39m
smoke	Run quick smoke E2E (smoke + navbar + booking modal + login smoke)	2025-10-30T07:33:50.0722379Z [90m  √î√∂√©[39m [90mSpec Ran:[39m     [32m[32mnav_mobile.cy.js[32m[39m                                                                 [90m√î√∂√©[39m
smoke	Run quick smoke E2E (smoke + navbar + booking modal + login smoke)	2025-10-30T07:33:50.0729288Z [90m  √î√∂√∂[39m[90m√î√∂√á[39m[90m√î√∂√á[39m[90m√î√∂√á[39m[90m√î√∂√á[39m[90m√î√∂√á[39m[90m√î√∂√á[39m[90m√î√∂√á[39m[90m√î√∂√á[39m[90m√î√∂√á[39m[90m√î√∂√á[39m[90m√î√∂√á[39m[90m√î√∂√á[39m[90m√î√∂√á[39m[90m√î√∂√á[39m[90m√î√∂√á[39m[90m√î√∂√á[39m[90m√î√∂√á[39m[90m√î√∂√á[39m[90m√î√∂√á[39m[90m√î√∂√á[39m[90m√î√∂√á[39m[90m√î√∂√á[39m[90m√î√∂√á[39m[90m√î√∂√á[39m[90m√î√∂√á[39m[90m√î√∂√á[39m[90m√î√∂√á[39m[90m√î√∂√á[39m[90m√î√∂√á[39m[90m√î√∂√á[39m[90m√î√∂√á[39m[90m√î√∂√á[39m[90m√î√∂√á[39m[90m√î√∂√á[39m[90m√î√∂√á[39m[90m√î√∂√á[39m[90m√î√∂√á[39m[90m√î√∂√á[39m[90m√î√∂√á[39m[90m√î√∂√á[39m[90m√î√∂√á[39m[90m√î√∂√á[39m[90m√î√∂√á[39m[90m√î√∂√á[39m[90m√î√∂√á[39m[90m√î√∂√á[39m[90m√î√∂√á[39m[90m√î√∂√á[39m[90m√î√∂√á[39m[90m√î√∂√á[39m[90m√î√∂√á[39m[90m√î√∂√á[39m[90m√î√∂√á[39m[90m√î√∂√á[39m[90m√î√∂√á[39m[90m√î√∂√á[39m[90m√î√∂√á[39m[90m√î√∂√á[39m[90m√î√∂√á[39m[90m√î√∂√á[39m[90m√î√∂√á[39m[90m√î√∂√á[39m[90m√î√∂√á[39m[90m√î√∂√á[39m[90m√î√∂√á[39m[90m√î√∂√á[39m[90m√î√∂√á[39m[90m√î√∂√á[39m[90m√î√∂√á[39m[90m√î√∂√á[39m[90m√î√∂√á[39m[90m√î√∂√á[39m[90m√î√∂√á[39m[90m√î√∂√á[39m[90m√î√∂√á[39m[90m√î√∂√á[39m[90m√î√∂√á[39m[90m√î√∂√á[39m[90m√î√∂√á[39m[90m√î√∂√á[39m[90m√î√∂√á[39m[90m√î√∂√á[39m[90m√î√∂√á[39m[90m√î√∂√á[39m[90m√î√∂√á[39m[90m√î√∂√á[39m[90m√î√∂√á[39m[90m√î√∂√á[39m[90m√î√∂√á[39m[90m√î√∂√á[39m[90m√î√∂√á[39m[90m√î√∂√á[39m[90m√î√∂√á[39m[90m√î√∂√á[39m[90m√î√∂√á[39m[90m√î√∂√á[39m[90m√î√∂√ø[39m
smoke	Run quick smoke E2E (smoke + navbar + booking modal + login smoke)	2025-10-30T07:33:50.0733340Z 
smoke	Run quick smoke E2E (smoke + navbar + booking modal + login smoke)	2025-10-30T07:33:50.0771533Z 
smoke	Run quick smoke E2E (smoke + navbar + booking modal + login smoke)	2025-10-30T07:33:50.0783202Z [90m√î√∂√á[39m[90m√î√∂√á[39m[90m√î√∂√á[39m[90m√î√∂√á[39m[90m√î√∂√á[39m[90m√î√∂√á[39m[90m√î√∂√á[39m[90m√î√∂√á[39m[90m√î√∂√á[39m[90m√î√∂√á[39m[90m√î√∂√á[39m[90m√î√∂√á[39m[90m√î√∂√á[39m[90m√î√∂√á[39m[90m√î√∂√á[39m[90m√î√∂√á[39m[90m√î√∂√á[39m[90m√î√∂√á[39m[90m√î√∂√á[39m[90m√î√∂√á[39m[90m√î√∂√á[39m[90m√î√∂√á[39m[90m√î√∂√á[39m[90m√î√∂√á[39m[90m√î√∂√á[39m[90m√î√∂√á[39m[90m√î√∂√á[39m[90m√î√∂√á[39m[90m√î√∂√á[39m[90m√î√∂√á[39m[90m√î√∂√á[39m[90m√î√∂√á[39m[90m√î√∂√á[39m[90m√î√∂√á[39m[90m√î√∂√á[39m[90m√î√∂√á[39m[90m√î√∂√á[39m[90m√î√∂√á[39m[90m√î√∂√á[39m[90m√î√∂√á[39m[90m√î√∂√á[39m[90m√î√∂√á[39m[90m√î√∂√á[39m[90m√î√∂√á[39m[90m√î√∂√á[39m[90m√î√∂√á[39m[90m√î√∂√á[39m[90m√î√∂√á[39m[90m√î√∂√á[39m[90m√î√∂√á[39m[90m√î√∂√á[39m[90m√î√∂√á[39m[90m√î√∂√á[39m[90m√î√∂√á[39m[90m√î√∂√á[39m[90m√î√∂√á[39m[90m√î√∂√á[39m[90m√î√∂√á[39m[90m√î√∂√á[39m[90m√î√∂√á[39m[90m√î√∂√á[39m[90m√î√∂√á[39m[90m√î√∂√á[39m[90m√î√∂√á[39m[90m√î√∂√á[39m[90m√î√∂√á[39m[90m√î√∂√á[39m[90m√î√∂√á[39m[90m√î√∂√á[39m[90m√î√∂√á[39m[90m√î√∂√á[39m[90m√î√∂√á[39m[90m√î√∂√á[39m[90m√î√∂√á[39m[90m√î√∂√á[39m[90m√î√∂√á[39m[90m√î√∂√á[39m[90m√î√∂√á[39m[90m√î√∂√á[39m[90m√î√∂√á[39m[90m√î√∂√á[39m[90m√î√∂√á[39m[90m√î√∂√á[39m[90m√î√∂√á[39m[90m√î√∂√á[39m[90m√î√∂√á[39m[90m√î√∂√á[39m[90m√î√∂√á[39m[90m√î√∂√á[39m[90m√î√∂√á[39m[90m√î√∂√á[39m[90m√î√∂√á[39m[90m√î√∂√á[39m[90m√î√∂√á[39m[90m√î√∂√á[39m[90m√î√∂√á[39m[90m√î√∂√á[39m[90m√î√∂√á[39m[90m√î√∂√á[39m[90m√î√∂√á[39m
smoke	Run quick smoke E2E (smoke + navbar + booking modal + login smoke)	2025-10-30T07:33:50.0787126Z                                                                                                     
smoke	Run quick smoke E2E (smoke + navbar + booking modal + login smoke)	2025-10-30T07:33:50.0788218Z   Running:  [90mbooking_modal.cy.js[39m                                                             [90m(3 of 5)[39m
smoke	Run quick smoke E2E (smoke + navbar + booking modal + login smoke)	2025-10-30T07:33:51.6074057Z 
smoke	Run quick smoke E2E (smoke + navbar + booking modal + login smoke)	2025-10-30T07:33:51.6074869Z [0m[0m
smoke	Run quick smoke E2E (smoke + navbar + booking modal + login smoke)	2025-10-30T07:33:51.6109400Z [0m  Booking modal (programmatic open)[0m
smoke	Run quick smoke E2E (smoke + navbar + booking modal + login smoke)	2025-10-30T07:33:52.3283130Z   [32m  √î¬£√¥[0m[90m opens the booking modal via the app test hook and shows dialog controls[0m[90m (704ms)[0m
smoke	Run quick smoke E2E (smoke + navbar + booking modal + login smoke)	2025-10-30T07:33:52.3594869Z 
smoke	Run quick smoke E2E (smoke + navbar + booking modal + login smoke)	2025-10-30T07:33:52.3595742Z [0m  Booking Modal[0m
smoke	Run quick smoke E2E (smoke + navbar + booking modal + login smoke)	2025-10-30T07:33:53.1388874Z   [32m  √î¬£√¥[0m[90m opens modal and creates an accommodation booking[0m[90m (784ms)[0m
smoke	Run quick smoke E2E (smoke + navbar + booking modal + login smoke)	2025-10-30T07:33:53.8409664Z   [32m  √î¬£√¥[0m[90m opens modal and focuses first control, traps focus, and closes on Escape[0m[90m (672ms)[0m
smoke	Run quick smoke E2E (smoke + navbar + booking modal + login smoke)	2025-10-30T07:33:53.8411540Z 
smoke	Run quick smoke E2E (smoke + navbar + booking modal + login smoke)	2025-10-30T07:33:53.8538250Z 
smoke	Run quick smoke E2E (smoke + navbar + booking modal + login smoke)	2025-10-30T07:33:53.8541130Z [92m [0m[32m 3 passing[0m[90m (2s)[0m
smoke	Run quick smoke E2E (smoke + navbar + booking modal + login smoke)	2025-10-30T07:33:53.8541524Z 
smoke	Run quick smoke E2E (smoke + navbar + booking modal + login smoke)	2025-10-30T07:33:53.8546370Z 
smoke	Run quick smoke E2E (smoke + navbar + booking modal + login smoke)	2025-10-30T07:33:53.8547919Z [32m  ([4m[1mResults[22m[24m)[39m
smoke	Run quick smoke E2E (smoke + navbar + booking modal + login smoke)	2025-10-30T07:33:53.8554502Z 
smoke	Run quick smoke E2E (smoke + navbar + booking modal + login smoke)	2025-10-30T07:33:53.8571046Z [90m  √î√∂√Æ[39m[90m√î√∂√á[39m[90m√î√∂√á[39m[90m√î√∂√á[39m[90m√î√∂√á[39m[90m√î√∂√á[39m[90m√î√∂√á[39m[90m√î√∂√á[39m[90m√î√∂√á[39m[90m√î√∂√á[39m[90m√î√∂√á[39m[90m√î√∂√á[39m[90m√î√∂√á[39m[90m√î√∂√á[39m[90m√î√∂√á[39m[90m√î√∂√á[39m[90m√î√∂√á[39m[90m√î√∂√á[39m[90m√î√∂√á[39m[90m√î√∂√á[39m[90m√î√∂√á[39m[90m√î√∂√á[39m[90m√î√∂√á[39m[90m√î√∂√á[39m[90m√î√∂√á[39m[90m√î√∂√á[39m[90m√î√∂√á[39m[90m√î√∂√á[39m[90m√î√∂√á[39m[90m√î√∂√á[39m[90m√î√∂√á[39m[90m√î√∂√á[39m[90m√î√∂√á[39m[90m√î√∂√á[39m[90m√î√∂√á[39m[90m√î√∂√á[39m[90m√î√∂√á[39m[90m√î√∂√á[39m[90m√î√∂√á[39m[90m√î√∂√á[39m[90m√î√∂√á[39m[90m√î√∂√á[39m[90m√î√∂√á[39m[90m√î√∂√á[39m[90m√î√∂√á[39m[90m√î√∂√á[39m[90m√î√∂√á[39m[90m√î√∂√á[39m[90m√î√∂√á[39m[90m√î√∂√á[39m[90m√î√∂√á[39m[90m√î√∂√á[39m[90m√î√∂√á[39m[90m√î√∂√á[39m[90m√î√∂√á[39m[90m√î√∂√á[39m[90m√î√∂√á[39m[90m√î√∂√á[39m[90m√î√∂√á[39m[90m√î√∂√á[39m[90m√î√∂√á[39m[90m√î√∂√á[39m[90m√î√∂√á[39m[90m√î√∂√á[39m[90m√î√∂√á[39m[90m√î√∂√á[39m[90m√î√∂√á[39m[90m√î√∂√á[39m[90m√î√∂√á[39m[90m√î√∂√á[39m[90m√î√∂√á[39m[90m√î√∂√á[39m[90m√î√∂√á[39m[90m√î√∂√á[39m[90m√î√∂√á[39m[90m√î√∂√á[39m[90m√î√∂√á[39m[90m√î√∂√á[39m[90m√î√∂√á[39m[90m√î√∂√á[39m[90m√î√∂√á[39m[90m√î√∂√á[39m[90m√î√∂√á[39m[90m√î√∂√á[39m[90m√î√∂√á[39m[90m√î√∂√á[39m[90m√î√∂√á[39m[90m√î√∂√á[39m[90m√î√∂√á[39m[90m√î√∂√á[39m[90m√î√∂√á[39m[90m√î√∂√á[39m[90m√î√∂√á[39m[90m√î√∂√á[39m[90m√î√∂√á[39m[90m√î√∂√á[39m[90m√î√∂√á[39m[90m√î√∂√â[39m
smoke	Run quick smoke E2E (smoke + navbar + booking modal + login smoke)	2025-10-30T07:33:53.8575849Z [90m  √î√∂√©[39m [90mTests:[39m        [32m3[39m                                                                                [90m√î√∂√©[39m
smoke	Run quick smoke E2E (smoke + navbar + booking modal + login smoke)	2025-10-30T07:33:53.8576876Z [90m  √î√∂√©[39m [90mPassing:[39m      [32m3[39m                                                                                [90m√î√∂√©[39m
smoke	Run quick smoke E2E (smoke + navbar + booking modal + login smoke)	2025-10-30T07:33:53.8577843Z [90m  √î√∂√©[39m [90mFailing:[39m      [32m0[39m                                                                                [90m√î√∂√©[39m
smoke	Run quick smoke E2E (smoke + navbar + booking modal + login smoke)	2025-10-30T07:33:53.8578533Z [90m  √î√∂√©[39m [90mPending:[39m      [32m0[39m                                                                                [90m√î√∂√©[39m
smoke	Run quick smoke E2E (smoke + navbar + booking modal + login smoke)	2025-10-30T07:33:53.8579197Z [90m  √î√∂√©[39m [90mSkipped:[39m      [32m0[39m                                                                                [90m√î√∂√©[39m
smoke	Run quick smoke E2E (smoke + navbar + booking modal + login smoke)	2025-10-30T07:33:53.8579865Z [90m  √î√∂√©[39m [90mScreenshots:[39m  [32m0[39m                                                                                [90m√î√∂√©[39m
smoke	Run quick smoke E2E (smoke + navbar + booking modal + login smoke)	2025-10-30T07:33:53.8581073Z [90m  √î√∂√©[39m [90mVideo:[39m        [32mfalse[39m                                                                            [90m√î√∂√©[39m
smoke	Run quick smoke E2E (smoke + navbar + booking modal + login smoke)	2025-10-30T07:33:53.8582325Z [90m  √î√∂√©[39m [90mDuration:[39m     [32m2 seconds[39m                                                                        [90m√î√∂√©[39m
smoke	Run quick smoke E2E (smoke + navbar + booking modal + login smoke)	2025-10-30T07:33:53.8583742Z [90m  √î√∂√©[39m [90mSpec Ran:[39m     [32m[32mbooking_modal.cy.js[32m[39m                                                              [90m√î√∂√©[39m
smoke	Run quick smoke E2E (smoke + navbar + booking modal + login smoke)	2025-10-30T07:33:53.8598909Z [90m  √î√∂√∂[39m[90m√î√∂√á[39m[90m√î√∂√á[39m[90m√î√∂√á[39m[90m√î√∂√á[39m[90m√î√∂√á[39m[90m√î√∂√á[39m[90m√î√∂√á[39m[90m√î√∂√á[39m[90m√î√∂√á[39m[90m√î√∂√á[39m[90m√î√∂√á[39m[90m√î√∂√á[39m[90m√î√∂√á[39m[90m√î√∂√á[39m[90m√î√∂√á[39m[90m√î√∂√á[39m[90m√î√∂√á[39m[90m√î√∂√á[39m[90m√î√∂√á[39m[90m√î√∂√á[39m[90m√î√∂√á[39m[90m√î√∂√á[39m[90m√î√∂√á[39m[90m√î√∂√á[39m[90m√î√∂√á[39m[90m√î√∂√á[39m[90m√î√∂√á[39m[90m√î√∂√á[39m[90m√î√∂√á[39m[90m√î√∂√á[39m[90m√î√∂√á[39m[90m√î√∂√á[39m[90m√î√∂√á[39m[90m√î√∂√á[39m[90m√î√∂√á[39m[90m√î√∂√á[39m[90m√î√∂√á[39m[90m√î√∂√á[39m[90m√î√∂√á[39m[90m√î√∂√á[39m[90m√î√∂√á[39m[90m√î√∂√á[39m[90m√î√∂√á[39m[90m√î√∂√á[39m[90m√î√∂√á[39m[90m√î√∂√á[39m[90m√î√∂√á[39m[90m√î√∂√á[39m[90m√î√∂√á[39m[90m√î√∂√á[39m[90m√î√∂√á[39m[90m√î√∂√á[39m[90m√î√∂√á[39m[90m√î√∂√á[39m[90m√î√∂√á[39m[90m√î√∂√á[39m[90m√î√∂√á[39m[90m√î√∂√á[39m[90m√î√∂√á[39m[90m√î√∂√á[39m[90m√î√∂√á[39m[90m√î√∂√á[39m[90m√î√∂√á[39m[90m√î√∂√á[39m[90m√î√∂√á[39m[90m√î√∂√á[39m[90m√î√∂√á[39m[90m√î√∂√á[39m[90m√î√∂√á[39m[90m√î√∂√á[39m[90m√î√∂√á[39m[90m√î√∂√á[39m[90m√î√∂√á[39m[90m√î√∂√á[39m[90m√î√∂√á[39m[90m√î√∂√á[39m[90m√î√∂√á[39m[90m√î√∂√á[39m[90m√î√∂√á[39m[90m√î√∂√á[39m[90m√î√∂√á[39m[90m√î√∂√á[39m[90m√î√∂√á[39m[90m√î√∂√á[39m[90m√î√∂√á[39m[90m√î√∂√á[39m[90m√î√∂√á[39m[90m√î√∂√á[39m[90m√î√∂√á[39m[90m√î√∂√á[39m[90m√î√∂√á[39m[90m√î√∂√á[39m[90m√î√∂√á[39m[90m√î√∂√á[39m[90m√î√∂√á[39m[90m√î√∂√á[39m[90m√î√∂√ø[39m
smoke	Run quick smoke E2E (smoke + navbar + booking modal + login smoke)	2025-10-30T07:33:53.8602667Z 
smoke	Run quick smoke E2E (smoke + navbar + booking modal + login smoke)	2025-10-30T07:33:53.8635480Z 
smoke	Run quick smoke E2E (smoke + navbar + booking modal + login smoke)	2025-10-30T07:33:53.8648208Z [90m√î√∂√á[39m[90m√î√∂√á[39m[90m√î√∂√á[39m[90m√î√∂√á[39m[90m√î√∂√á[39m[90m√î√∂√á[39m[90m√î√∂√á[39m[90m√î√∂√á[39m[90m√î√∂√á[39m[90m√î√∂√á[39m[90m√î√∂√á[39m[90m√î√∂√á[39m[90m√î√∂√á[39m[90m√î√∂√á[39m[90m√î√∂√á[39m[90m√î√∂√á[39m[90m√î√∂√á[39m[90m√î√∂√á[39m[90m√î√∂√á[39m[90m√î√∂√á[39m[90m√î√∂√á[39m[90m√î√∂√á[39m[90m√î√∂√á[39m[90m√î√∂√á[39m[90m√î√∂√á[39m[90m√î√∂√á[39m[90m√î√∂√á[39m[90m√î√∂√á[39m[90m√î√∂√á[39m[90m√î√∂√á[39m[90m√î√∂√á[39m[90m√î√∂√á[39m[90m√î√∂√á[39m[90m√î√∂√á[39m[90m√î√∂√á[39m[90m√î√∂√á[39m[90m√î√∂√á[39m[90m√î√∂√á[39m[90m√î√∂√á[39m[90m√î√∂√á[39m[90m√î√∂√á[39m[90m√î√∂√á[39m[90m√î√∂√á[39m[90m√î√∂√á[39m[90m√î√∂√á[39m[90m√î√∂√á[39m[90m√î√∂√á[39m[90m√î√∂√á[39m[90m√î√∂√á[39m[90m√î√∂√á[39m[90m√î√∂√á[39m[90m√î√∂√á[39m[90m√î√∂√á[39m[90m√î√∂√á[39m[90m√î√∂√á[39m[90m√î√∂√á[39m[90m√î√∂√á[39m[90m√î√∂√á[39m[90m√î√∂√á[39m[90m√î√∂√á[39m[90m√î√∂√á[39m[90m√î√∂√á[39m[90m√î√∂√á[39m[90m√î√∂√á[39m[90m√î√∂√á[39m[90m√î√∂√á[39m[90m√î√∂√á[39m[90m√î√∂√á[39m[90m√î√∂√á[39m[90m√î√∂√á[39m[90m√î√∂√á[39m[90m√î√∂√á[39m[90m√î√∂√á[39m[90m√î√∂√á[39m[90m√î√∂√á[39m[90m√î√∂√á[39m[90m√î√∂√á[39m[90m√î√∂√á[39m[90m√î√∂√á[39m[90m√î√∂√á[39m[90m√î√∂√á[39m[90m√î√∂√á[39m[90m√î√∂√á[39m[90m√î√∂√á[39m[90m√î√∂√á[39m[90m√î√∂√á[39m[90m√î√∂√á[39m[90m√î√∂√á[39m[90m√î√∂√á[39m[90m√î√∂√á[39m[90m√î√∂√á[39m[90m√î√∂√á[39m[90m√î√∂√á[39m[90m√î√∂√á[39m[90m√î√∂√á[39m[90m√î√∂√á[39m[90m√î√∂√á[39m[90m√î√∂√á[39m[90m√î√∂√á[39m[90m√î√∂√á[39m
smoke	Run quick smoke E2E (smoke + navbar + booking modal + login smoke)	2025-10-30T07:33:53.8657547Z                                                                                                     
smoke	Run quick smoke E2E (smoke + navbar + booking modal + login smoke)	2025-10-30T07:33:53.8658663Z   Running:  [90mlogin_register_smoke.cy.js[39m                                                      [90m(4 of 5)[39m
smoke	Run quick smoke E2E (smoke + navbar + booking modal + login smoke)	2025-10-30T07:33:55.3984803Z 
smoke	Run quick smoke E2E (smoke + navbar + booking modal + login smoke)	2025-10-30T07:33:55.3985625Z [0m[0m
smoke	Run quick smoke E2E (smoke + navbar + booking modal + login smoke)	2025-10-30T07:33:55.4020923Z [0m  Login/Register smoke[0m
smoke	Run quick smoke E2E (smoke + navbar + booking modal + login smoke)	2025-10-30T07:33:58.3638856Z [cy.task.log] CI-DIAG: IN-APP-E2E-LOGS
smoke	Run quick smoke E2E (smoke + navbar + booking modal + login smoke)	2025-10-30T07:33:58.3647321Z [{"ts":1761809635951,"msg":"__E2E_PROFILE_LOADED__","value":true},{"ts":1761809635952,"msg":"__E2E_PROFILE_LOADED__","value":true},{"ts":1761809638146,"msg":"handleLogin: setUser","email":"e2e_test_1761809635431@example.com"},{"ts":1761809638146,"msg":"handleLogin: set __E2E_USER__ (pre-setUser)","email":"e2e_test_1761809635431@example.com"},{"ts":1761809638146,"msg":"handleLogin: set PROFILE_LOADED and marker"},{"ts":1761809638146,"msg":"handleLogin: setUser called (E2E)"},{"ts":1761809638147,"msg":"handleLogin: navigated synchronously (E2E)"},{"ts":1761809638151,"msg":"__E2E_PROFILE_LOADED__","value":true}]
smoke	Run quick smoke E2E (smoke + navbar + booking modal + login smoke)	2025-10-30T07:33:58.3895312Z [cy.task.log] CI-DIAG: __E2E_PROFILE_LOADED__
smoke	Run quick smoke E2E (smoke + navbar + booking modal + login smoke)	2025-10-30T07:33:58.3897564Z true
smoke	Run quick smoke E2E (smoke + navbar + booking modal + login smoke)	2025-10-30T07:33:58.3971263Z [cy.task.log] CI-DIAG: __E2E_MOUNTED__
smoke	Run quick smoke E2E (smoke + navbar + booking modal + login smoke)	2025-10-30T07:33:58.3972978Z true
smoke	Run quick smoke E2E (smoke + navbar + booking modal + login smoke)	2025-10-30T07:33:58.4009525Z [cy.task.log] CI-DIAG: localStorage.user
smoke	Run quick smoke E2E (smoke + navbar + booking modal + login smoke)	2025-10-30T07:33:58.4010852Z {"email":"e2e_test_1761809635431@example.com","password":"password123","name":"e2e_test_1761809635431"}
smoke	Run quick smoke E2E (smoke + navbar + booking modal + login smoke)	2025-10-30T07:33:58.4164636Z [cy.task.log] CI-DIAG: sessionStorage.user
smoke	Run quick smoke E2E (smoke + navbar + booking modal + login smoke)	2025-10-30T07:33:58.4165428Z null
smoke	Run quick smoke E2E (smoke + navbar + booking modal + login smoke)	2025-10-30T07:33:58.4317161Z [cy.task.log] CI-DIAG: body[data-e2e-login-success]
smoke	Run quick smoke E2E (smoke + navbar + booking modal + login smoke)	2025-10-30T07:33:58.4318589Z null
smoke	Run quick smoke E2E (smoke + navbar + booking modal + login smoke)	2025-10-30T07:33:58.4840148Z [cy.task.log] CI-FINAL-FORM-PATH: localStorage.user
smoke	Run quick smoke E2E (smoke + navbar + booking modal + login smoke)	2025-10-30T07:33:58.4844653Z {"email":"e2e_test_1761809635431@example.com","password":"password123","name":"e2e_test_1761809635431"}
smoke	Run quick smoke E2E (smoke + navbar + booking modal + login smoke)	2025-10-30T07:33:58.5150009Z [cy.task.log] CI-FALLBACK: no profile-ready element; localStorage.user
smoke	Run quick smoke E2E (smoke + navbar + booking modal + login smoke)	2025-10-30T07:33:58.5151420Z {"email":"e2e_test_1761809635431@example.com","password":"password123","name":"e2e_test_1761809635431"}
smoke	Run quick smoke E2E (smoke + navbar + booking modal + login smoke)	2025-10-30T07:33:58.5708887Z [cy.task.log] CI-FALLBACK: success via flag or persisted user
smoke	Run quick smoke E2E (smoke + navbar + booking modal + login smoke)	2025-10-30T07:33:58.5710270Z {"email":"e2e_test_1761809635431@example.com","password":"password123","name":"e2e_test_1761809635431"}
smoke	Run quick smoke E2E (smoke + navbar + booking modal + login smoke)	2025-10-30T07:33:59.0994246Z [cy.task.log] CI-FINAL: localStorage.user
smoke	Run quick smoke E2E (smoke + navbar + booking modal + login smoke)	2025-10-30T07:33:59.0995419Z {"email":"e2e_test_1761809635431@example.com","password":"password123","name":"e2e_test_1761809635431"}
smoke	Run quick smoke E2E (smoke + navbar + booking modal + login smoke)	2025-10-30T07:33:59.7038278Z   [32m  √î¬£√¥[0m[90m can register and login using local-storage auth[0m[90m (4241ms)[0m
smoke	Run quick smoke E2E (smoke + navbar + booking modal + login smoke)	2025-10-30T07:33:59.7039096Z 
smoke	Run quick smoke E2E (smoke + navbar + booking modal + login smoke)	2025-10-30T07:33:59.7447411Z 
smoke	Run quick smoke E2E (smoke + navbar + booking modal + login smoke)	2025-10-30T07:33:59.7451980Z [92m [0m[32m 1 passing[0m[90m (4s)[0m
smoke	Run quick smoke E2E (smoke + navbar + booking modal + login smoke)	2025-10-30T07:33:59.7455652Z 
smoke	Run quick smoke E2E (smoke + navbar + booking modal + login smoke)	2025-10-30T07:33:59.7458780Z 
smoke	Run quick smoke E2E (smoke + navbar + booking modal + login smoke)	2025-10-30T07:33:59.7462298Z [32m  ([4m[1mResults[22m[24m)[39m
smoke	Run quick smoke E2E (smoke + navbar + booking modal + login smoke)	2025-10-30T07:33:59.7471345Z 
smoke	Run quick smoke E2E (smoke + navbar + booking modal + login smoke)	2025-10-30T07:33:59.7489118Z [90m  √î√∂√Æ[39m[90m√î√∂√á[39m[90m√î√∂√á[39m[90m√î√∂√á[39m[90m√î√∂√á[39m[90m√î√∂√á[39m[90m√î√∂√á[39m[90m√î√∂√á[39m[90m√î√∂√á[39m[90m√î√∂√á[39m[90m√î√∂√á[39m[90m√î√∂√á[39m[90m√î√∂√á[39m[90m√î√∂√á[39m[90m√î√∂√á[39m[90m√î√∂√á[39m[90m√î√∂√á[39m[90m√î√∂√á[39m[90m√î√∂√á[39m[90m√î√∂√á[39m[90m√î√∂√á[39m[90m√î√∂√á[39m[90m√î√∂√á[39m[90m√î√∂√á[39m[90m√î√∂√á[39m[90m√î√∂√á[39m[90m√î√∂√á[39m[90m√î√∂√á[39m[90m√î√∂√á[39m[90m√î√∂√á[39m[90m√î√∂√á[39m[90m√î√∂√á[39m[90m√î√∂√á[39m[90m√î√∂√á[39m[90m√î√∂√á[39m[90m√î√∂√á[39m[90m√î√∂√á[39m[90m√î√∂√á[39m[90m√î√∂√á[39m[90m√î√∂√á[39m[90m√î√∂√á[39m[90m√î√∂√á[39m[90m√î√∂√á[39m[90m√î√∂√á[39m[90m√î√∂√á[39m[90m√î√∂√á[39m[90m√î√∂√á[39m[90m√î√∂√á[39m[90m√î√∂√á[39m[90m√î√∂√á[39m[90m√î√∂√á[39m[90m√î√∂√á[39m[90m√î√∂√á[39m[90m√î√∂√á[39m[90m√î√∂√á[39m[90m√î√∂√á[39m[90m√î√∂√á[39m[90m√î√∂√á[39m[90m√î√∂√á[39m[90m√î√∂√á[39m[90m√î√∂√á[39m[90m√î√∂√á[39m[90m√î√∂√á[39m[90m√î√∂√á[39m[90m√î√∂√á[39m[90m√î√∂√á[39m[90m√î√∂√á[39m[90m√î√∂√á[39m[90m√î√∂√á[39m[90m√î√∂√á[39m[90m√î√∂√á[39m[90m√î√∂√á[39m[90m√î√∂√á[39m[90m√î√∂√á[39m[90m√î√∂√á[39m[90m√î√∂√á[39m[90m√î√∂√á[39m[90m√î√∂√á[39m[90m√î√∂√á[39m[90m√î√∂√á[39m[90m√î√∂√á[39m[90m√î√∂√á[39m[90m√î√∂√á[39m[90m√î√∂√á[39m[90m√î√∂√á[39m[90m√î√∂√á[39m[90m√î√∂√á[39m[90m√î√∂√á[39m[90m√î√∂√á[39m[90m√î√∂√á[39m[90m√î√∂√á[39m[90m√î√∂√á[39m[90m√î√∂√á[39m[90m√î√∂√á[39m[90m√î√∂√á[39m[90m√î√∂√á[39m[90m√î√∂√á[39m[90m√î√∂√â[39m
smoke	Run quick smoke E2E (smoke + navbar + booking modal + login smoke)	2025-10-30T07:33:59.7502230Z [90m  √î√∂√©[39m [90mTests:[39m        [32m1[39m                                                                                [90m√î√∂√©[39m
smoke	Run quick smoke E2E (smoke + navbar + booking modal + login smoke)	2025-10-30T07:33:59.7503500Z [90m  √î√∂√©[39m [90mPassing:[39m      [32m1[39m                                                                                [90m√î√∂√©[39m
smoke	Run quick smoke E2E (smoke + navbar + booking modal + login smoke)	2025-10-30T07:33:59.7504689Z [90m  √î√∂√©[39m [90mFailing:[39m      [32m0[39m                                                                                [90m√î√∂√©[39m
smoke	Run quick smoke E2E (smoke + navbar + booking modal + login smoke)	2025-10-30T07:33:59.7520421Z [90m  √î√∂√©[39m [90mPending:[39m      [32m0[39m                                                                                [90m√î√∂√©[39m
smoke	Run quick smoke E2E (smoke + navbar + booking modal + login smoke)	2025-10-30T07:33:59.7521654Z [90m  √î√∂√©[39m [90mSkipped:[39m      [32m0[39m                                                                                [90m√î√∂√©[39m
smoke	Run quick smoke E2E (smoke + navbar + booking modal + login smoke)	2025-10-30T07:33:59.7523061Z [90m  √î√∂√©[39m [90mScreenshots:[39m  [32m3[39m                                                                                [90m√î√∂√©[39m
smoke	Run quick smoke E2E (smoke + navbar + booking modal + login smoke)	2025-10-30T07:33:59.7524298Z [90m  √î√∂√©[39m [90mVideo:[39m        [32mfalse[39m                                                                            [90m√î√∂√©[39m
smoke	Run quick smoke E2E (smoke + navbar + booking modal + login smoke)	2025-10-30T07:33:59.7525561Z [90m  √î√∂√©[39m [90mDuration:[39m     [32m4 seconds[39m                                                                        [90m√î√∂√©[39m
smoke	Run quick smoke E2E (smoke + navbar + booking modal + login smoke)	2025-10-30T07:33:59.7526962Z [90m  √î√∂√©[39m [90mSpec Ran:[39m     [32m[32mlogin_register_smoke.cy.js[32m[39m                                                       [90m√î√∂√©[39m
smoke	Run quick smoke E2E (smoke + navbar + booking modal + login smoke)	2025-10-30T07:33:59.7539902Z [90m  √î√∂√∂[39m[90m√î√∂√á[39m[90m√î√∂√á[39m[90m√î√∂√á[39m[90m√î√∂√á[39m[90m√î√∂√á[39m[90m√î√∂√á[39m[90m√î√∂√á[39m[90m√î√∂√á[39m[90m√î√∂√á[39m[90m√î√∂√á[39m[90m√î√∂√á[39m[90m√î√∂√á[39m[90m√î√∂√á[39m[90m√î√∂√á[39m[90m√î√∂√á[39m[90m√î√∂√á[39m[90m√î√∂√á[39m[90m√î√∂√á[39m[90m√î√∂√á[39m[90m√î√∂√á[39m[90m√î√∂√á[39m[90m√î√∂√á[39m[90m√î√∂√á[39m[90m√î√∂√á[39m[90m√î√∂√á[39m[90m√î√∂√á[39m[90m√î√∂√á[39m[90m√î√∂√á[39m[90m√î√∂√á[39m[90m√î√∂√á[39m[90m√î√∂√á[39m[90m√î√∂√á[39m[90m√î√∂√á[39m[90m√î√∂√á[39m[90m√î√∂√á[39m[90m√î√∂√á[39m[90m√î√∂√á[39m[90m√î√∂√á[39m[90m√î√∂√á[39m[90m√î√∂√á[39m[90m√î√∂√á[39m[90m√î√∂√á[39m[90m√î√∂√á[39m[90m√î√∂√á[39m[90m√î√∂√á[39m[90m√î√∂√á[39m[90m√î√∂√á[39m[90m√î√∂√á[39m[90m√î√∂√á[39m[90m√î√∂√á[39m[90m√î√∂√á[39m[90m√î√∂√á[39m[90m√î√∂√á[39m[90m√î√∂√á[39m[90m√î√∂√á[39m[90m√î√∂√á[39m[90m√î√∂√á[39m[90m√î√∂√á[39m[90m√î√∂√á[39m[90m√î√∂√á[39m[90m√î√∂√á[39m[90m√î√∂√á[39m[90m√î√∂√á[39m[90m√î√∂√á[39m[90m√î√∂√á[39m[90m√î√∂√á[39m[90m√î√∂√á[39m[90m√î√∂√á[39m[90m√î√∂√á[39m[90m√î√∂√á[39m[90m√î√∂√á[39m[90m√î√∂√á[39m[90m√î√∂√á[39m[90m√î√∂√á[39m[90m√î√∂√á[39m[90m√î√∂√á[39m[90m√î√∂√á[39m[90m√î√∂√á[39m[90m√î√∂√á[39m[90m√î√∂√á[39m[90m√î√∂√á[39m[90m√î√∂√á[39m[90m√î√∂√á[39m[90m√î√∂√á[39m[90m√î√∂√á[39m[90m√î√∂√á[39m[90m√î√∂√á[39m[90m√î√∂√á[39m[90m√î√∂√á[39m[90m√î√∂√á[39m[90m√î√∂√á[39m[90m√î√∂√á[39m[90m√î√∂√á[39m[90m√î√∂√á[39m[90m√î√∂√á[39m[90m√î√∂√á[39m[90m√î√∂√ø[39m
smoke	Run quick smoke E2E (smoke + navbar + booking modal + login smoke)	2025-10-30T07:33:59.7543951Z 
smoke	Run quick smoke E2E (smoke + navbar + booking modal + login smoke)	2025-10-30T07:33:59.7543963Z 
smoke	Run quick smoke E2E (smoke + navbar + booking modal + login smoke)	2025-10-30T07:33:59.7544296Z [33m  ([4m[1mScreenshots[22m[24m)[39m
smoke	Run quick smoke E2E (smoke + navbar + booking modal + login smoke)	2025-10-30T07:33:59.7544590Z 
smoke	Run quick smoke E2E (smoke + navbar + booking modal + login smoke)	2025-10-30T07:33:59.7545714Z [90m [39m -  [0m/home/runner/work/colleco-mvp/colleco-mvp/cypress/screenshots/login_register_smo[0m     [90m[90m(1000x672)[90m[39m
smoke	Run quick smoke E2E (smoke + navbar + booking modal + login smoke)	2025-10-30T07:33:59.7547200Z [90m [39m    [0mke.cy.js/login-ready.png[0m                                                                       
smoke	Run quick smoke E2E (smoke + navbar + booking modal + login smoke)	2025-10-30T07:33:59.7548743Z [90m [39m -  [0m/home/runner/work/colleco-mvp/colleco-mvp/cypress/screenshots/login_register_smo[0m     [90m[90m(1000x672)[90m[39m
smoke	Run quick smoke E2E (smoke + navbar + booking modal + login smoke)	2025-10-30T07:33:59.7550198Z [90m [39m    [0mke.cy.js/login-success.png[0m                                                                     
smoke	Run quick smoke E2E (smoke + navbar + booking modal + login smoke)	2025-10-30T07:33:59.7551727Z [90m [39m -  [0m/home/runner/work/colleco-mvp/colleco-mvp/cypress/screenshots/login_register_smo[0m     [90m[90m(1000x672)[90m[39m
smoke	Run quick smoke E2E (smoke + navbar + booking modal + login smoke)	2025-10-30T07:33:59.7553593Z [90m [39m    [0mke.cy.js/login-success (1).png[0m                                                                 
smoke	Run quick smoke E2E (smoke + navbar + booking modal + login smoke)	2025-10-30T07:33:59.7554088Z 
smoke	Run quick smoke E2E (smoke + navbar + booking modal + login smoke)	2025-10-30T07:33:59.7601024Z 
smoke	Run quick smoke E2E (smoke + navbar + booking modal + login smoke)	2025-10-30T07:33:59.7617514Z [90m√î√∂√á[39m[90m√î√∂√á[39m[90m√î√∂√á[39m[90m√î√∂√á[39m[90m√î√∂√á[39m[90m√î√∂√á[39m[90m√î√∂√á[39m[90m√î√∂√á[39m[90m√î√∂√á[39m[90m√î√∂√á[39m[90m√î√∂√á[39m[90m√î√∂√á[39m[90m√î√∂√á[39m[90m√î√∂√á[39m[90m√î√∂√á[39m[90m√î√∂√á[39m[90m√î√∂√á[39m[90m√î√∂√á[39m[90m√î√∂√á[39m[90m√î√∂√á[39m[90m√î√∂√á[39m[90m√î√∂√á[39m[90m√î√∂√á[39m[90m√î√∂√á[39m[90m√î√∂√á[39m[90m√î√∂√á[39m[90m√î√∂√á[39m[90m√î√∂√á[39m[90m√î√∂√á[39m[90m√î√∂√á[39m[90m√î√∂√á[39m[90m√î√∂√á[39m[90m√î√∂√á[39m[90m√î√∂√á[39m[90m√î√∂√á[39m[90m√î√∂√á[39m[90m√î√∂√á[39m[90m√î√∂√á[39m[90m√î√∂√á[39m[90m√î√∂√á[39m[90m√î√∂√á[39m[90m√î√∂√á[39m[90m√î√∂√á[39m[90m√î√∂√á[39m[90m√î√∂√á[39m[90m√î√∂√á[39m[90m√î√∂√á[39m[90m√î√∂√á[39m[90m√î√∂√á[39m[90m√î√∂√á[39m[90m√î√∂√á[39m[90m√î√∂√á[39m[90m√î√∂√á[39m[90m√î√∂√á[39m[90m√î√∂√á[39m[90m√î√∂√á[39m[90m√î√∂√á[39m[90m√î√∂√á[39m[90m√î√∂√á[39m[90m√î√∂√á[39m[90m√î√∂√á[39m[90m√î√∂√á[39m[90m√î√∂√á[39m[90m√î√∂√á[39m[90m√î√∂√á[39m[90m√î√∂√á[39m[90m√î√∂√á[39m[90m√î√∂√á[39m[90m√î√∂√á[39m[90m√î√∂√á[39m[90m√î√∂√á[39m[90m√î√∂√á[39m[90m√î√∂√á[39m[90m√î√∂√á[39m[90m√î√∂√á[39m[90m√î√∂√á[39m[90m√î√∂√á[39m[90m√î√∂√á[39m[90m√î√∂√á[39m[90m√î√∂√á[39m[90m√î√∂√á[39m[90m√î√∂√á[39m[90m√î√∂√á[39m[90m√î√∂√á[39m[90m√î√∂√á[39m[90m√î√∂√á[39m[90m√î√∂√á[39m[90m√î√∂√á[39m[90m√î√∂√á[39m[90m√î√∂√á[39m[90m√î√∂√á[39m[90m√î√∂√á[39m[90m√î√∂√á[39m[90m√î√∂√á[39m[90m√î√∂√á[39m[90m√î√∂√á[39m[90m√î√∂√á[39m[90m√î√∂√á[39m[90m√î√∂√á[39m[90m√î√∂√á[39m
smoke	Run quick smoke E2E (smoke + navbar + booking modal + login smoke)	2025-10-30T07:33:59.7640364Z                                                                                                     
smoke	Run quick smoke E2E (smoke + navbar + booking modal + login smoke)	2025-10-30T07:33:59.7641427Z   Running:  [90mlogin_smoke_minimal.cy.js[39m                                                       [90m(5 of 5)[39m
smoke	Run quick smoke E2E (smoke + navbar + booking modal + login smoke)	2025-10-30T07:34:01.4550889Z 
smoke	Run quick smoke E2E (smoke + navbar + booking modal + login smoke)	2025-10-30T07:34:01.4552973Z [0m[0m
smoke	Run quick smoke E2E (smoke + navbar + booking modal + login smoke)	2025-10-30T07:34:01.4583482Z [0m  Login minimal smoke[0m
smoke	Run quick smoke E2E (smoke + navbar + booking modal + login smoke)	2025-10-30T07:34:32.5379081Z     [33m(Attempt 1 of 3)[0m mounts the login form
smoke	Run quick smoke E2E (smoke + navbar + booking modal + login smoke)	2025-10-30T07:35:03.2897380Z     [33m(Attempt 2 of 3)[0m mounts the login form
smoke	Run quick smoke E2E (smoke + navbar + booking modal + login smoke)	2025-10-30T07:35:34.1063413Z   [31m  1) mounts the login form[0m
smoke	Run quick smoke E2E (smoke + navbar + booking modal + login smoke)	2025-10-30T07:35:34.1074361Z 
smoke	Run quick smoke E2E (smoke + navbar + booking modal + login smoke)	2025-10-30T07:35:34.1572540Z 
smoke	Run quick smoke E2E (smoke + navbar + booking modal + login smoke)	2025-10-30T07:35:34.1573451Z [92m [0m[32m 0 passing[0m[90m (2m)[0m
smoke	Run quick smoke E2E (smoke + navbar + booking modal + login smoke)	2025-10-30T07:35:34.1574096Z [31m  1 failing[0m
smoke	Run quick smoke E2E (smoke + navbar + booking modal + login smoke)	2025-10-30T07:35:34.1575464Z 
smoke	Run quick smoke E2E (smoke + navbar + booking modal + login smoke)	2025-10-30T07:35:34.1576539Z [0m  1) Login minimal smoke
smoke	Run quick smoke E2E (smoke + navbar + booking modal + login smoke)	2025-10-30T07:35:34.1576942Z        mounts the login form:
smoke	Run quick smoke E2E (smoke + navbar + booking modal + login smoke)	2025-10-30T07:35:34.1578355Z [0m[31m     AssertionError: Timed out retrying after 30000ms: Expected to find element: `[data-e2e="login-form"]`, but never found it.[0m[90m
smoke	Run quick smoke E2E (smoke + navbar + booking modal + login smoke)	2025-10-30T07:35:34.1579753Z       at Context.eval (webpack://collecotravel-frontend/./cypress/e2e/login_smoke_minimal.cy.js:37:64)
smoke	Run quick smoke E2E (smoke + navbar + booking modal + login smoke)	2025-10-30T07:35:34.1580624Z [0m
smoke	Run quick smoke E2E (smoke + navbar + booking modal + login smoke)	2025-10-30T07:35:34.1582641Z 
smoke	Run quick smoke E2E (smoke + navbar + booking modal + login smoke)	2025-10-30T07:35:34.1582909Z 
smoke	Run quick smoke E2E (smoke + navbar + booking modal + login smoke)	2025-10-30T07:35:34.1585324Z 
smoke	Run quick smoke E2E (smoke + navbar + booking modal + login smoke)	2025-10-30T07:35:34.1589684Z [31m  ([4m[1mResults[22m[24m)[39m
smoke	Run quick smoke E2E (smoke + navbar + booking modal + login smoke)	2025-10-30T07:35:34.1593497Z 
smoke	Run quick smoke E2E (smoke + navbar + booking modal + login smoke)	2025-10-30T07:35:34.1614185Z [90m  √î√∂√Æ[39m[90m√î√∂√á[39m[90m√î√∂√á[39m[90m√î√∂√á[39m[90m√î√∂√á[39m[90m√î√∂√á[39m[90m√î√∂√á[39m[90m√î√∂√á[39m[90m√î√∂√á[39m[90m√î√∂√á[39m[90m√î√∂√á[39m[90m√î√∂√á[39m[90m√î√∂√á[39m[90m√î√∂√á[39m[90m√î√∂√á[39m[90m√î√∂√á[39m[90m√î√∂√á[39m[90m√î√∂√á[39m[90m√î√∂√á[39m[90m√î√∂√á[39m[90m√î√∂√á[39m[90m√î√∂√á[39m[90m√î√∂√á[39m[90m√î√∂√á[39m[90m√î√∂√á[39m[90m√î√∂√á[39m[90m√î√∂√á[39m[90m√î√∂√á[39m[90m√î√∂√á[39m[90m√î√∂√á[39m[90m√î√∂√á[39m[90m√î√∂√á[39m[90m√î√∂√á[39m[90m√î√∂√á[39m[90m√î√∂√á[39m[90m√î√∂√á[39m[90m√î√∂√á[39m[90m√î√∂√á[39m[90m√î√∂√á[39m[90m√î√∂√á[39m[90m√î√∂√á[39m[90m√î√∂√á[39m[90m√î√∂√á[39m[90m√î√∂√á[39m[90m√î√∂√á[39m[90m√î√∂√á[39m[90m√î√∂√á[39m[90m√î√∂√á[39m[90m√î√∂√á[39m[90m√î√∂√á[39m[90m√î√∂√á[39m[90m√î√∂√á[39m[90m√î√∂√á[39m[90m√î√∂√á[39m[90m√î√∂√á[39m[90m√î√∂√á[39m[90m√î√∂√á[39m[90m√î√∂√á[39m[90m√î√∂√á[39m[90m√î√∂√á[39m[90m√î√∂√á[39m[90m√î√∂√á[39m[90m√î√∂√á[39m[90m√î√∂√á[39m[90m√î√∂√á[39m[90m√î√∂√á[39m[90m√î√∂√á[39m[90m√î√∂√á[39m[90m√î√∂√á[39m[90m√î√∂√á[39m[90m√î√∂√á[39m[90m√î√∂√á[39m[90m√î√∂√á[39m[90m√î√∂√á[39m[90m√î√∂√á[39m[90m√î√∂√á[39m[90m√î√∂√á[39m[90m√î√∂√á[39m[90m√î√∂√á[39m[90m√î√∂√á[39m[90m√î√∂√á[39m[90m√î√∂√á[39m[90m√î√∂√á[39m[90m√î√∂√á[39m[90m√î√∂√á[39m[90m√î√∂√á[39m[90m√î√∂√á[39m[90m√î√∂√á[39m[90m√î√∂√á[39m[90m√î√∂√á[39m[90m√î√∂√á[39m[90m√î√∂√á[39m[90m√î√∂√á[39m[90m√î√∂√á[39m[90m√î√∂√á[39m[90m√î√∂√á[39m[90m√î√∂√á[39m[90m√î√∂√â[39m
smoke	Run quick smoke E2E (smoke + navbar + booking modal + login smoke)	2025-10-30T07:35:34.1619313Z [90m  √î√∂√©[39m [90mTests:[39m        [31m1[39m                                                                                [90m√î√∂√©[39m
smoke	Run quick smoke E2E (smoke + navbar + booking modal + login smoke)	2025-10-30T07:35:34.1620676Z [90m  √î√∂√©[39m [90mPassing:[39m      [31m0[39m                                                                                [90m√î√∂√©[39m
smoke	Run quick smoke E2E (smoke + navbar + booking modal + login smoke)	2025-10-30T07:35:34.1621909Z [90m  √î√∂√©[39m [90mFailing:[39m      [31m1[39m                                                                                [90m√î√∂√©[39m
smoke	Run quick smoke E2E (smoke + navbar + booking modal + login smoke)	2025-10-30T07:35:34.1623475Z [90m  √î√∂√©[39m [90mPending:[39m      [31m0[39m                                                                                [90m√î√∂√©[39m
smoke	Run quick smoke E2E (smoke + navbar + booking modal + login smoke)	2025-10-30T07:35:34.1624786Z [90m  √î√∂√©[39m [90mSkipped:[39m      [31m0[39m                                                                                [90m√î√∂√©[39m
smoke	Run quick smoke E2E (smoke + navbar + booking modal + login smoke)	2025-10-30T07:35:34.1626184Z [90m  √î√∂√©[39m [90mScreenshots:[39m  [31m3[39m                                                                                [90m√î√∂√©[39m
smoke	Run quick smoke E2E (smoke + navbar + booking modal + login smoke)	2025-10-30T07:35:34.1627579Z [90m  √î√∂√©[39m [90mVideo:[39m        [31mfalse[39m                                                                            [90m√î√∂√©[39m
smoke	Run quick smoke E2E (smoke + navbar + booking modal + login smoke)	2025-10-30T07:35:34.1628896Z [90m  √î√∂√©[39m [90mDuration:[39m     [31m1 minute, 32 seconds[39m                                                             [90m√î√∂√©[39m
smoke	Run quick smoke E2E (smoke + navbar + booking modal + login smoke)	2025-10-30T07:35:34.1630404Z [90m  √î√∂√©[39m [90mSpec Ran:[39m     [31m[31mlogin_smoke_minimal.cy.js[31m[39m                                                        [90m√î√∂√©[39m
smoke	Run quick smoke E2E (smoke + navbar + booking modal + login smoke)	2025-10-30T07:35:34.1637814Z [90m  √î√∂√∂[39m[90m√î√∂√á[39m[90m√î√∂√á[39m[90m√î√∂√á[39m[90m√î√∂√á[39m[90m√î√∂√á[39m[90m√î√∂√á[39m[90m√î√∂√á[39m[90m√î√∂√á[39m[90m√î√∂√á[39m[90m√î√∂√á[39m[90m√î√∂√á[39m[90m√î√∂√á[39m[90m√î√∂√á[39m[90m√î√∂√á[39m[90m√î√∂√á[39m[90m√î√∂√á[39m[90m√î√∂√á[39m[90m√î√∂√á[39m[90m√î√∂√á[39m[90m√î√∂√á[39m[90m√î√∂√á[39m[90m√î√∂√á[39m[90m√î√∂√á[39m[90m√î√∂√á[39m[90m√î√∂√á[39m[90m√î√∂√á[39m[90m√î√∂√á[39m[90m√î√∂√á[39m[90m√î√∂√á[39m[90m√î√∂√á[39m[90m√î√∂√á[39m[90m√î√∂√á[39m[90m√î√∂√á[39m[90m√î√∂√á[39m[90m√î√∂√á[39m[90m√î√∂√á[39m[90m√î√∂√á[39m[90m√î√∂√á[39m[90m√î√∂√á[39m[90m√î√∂√á[39m[90m√î√∂√á[39m[90m√î√∂√á[39m[90m√î√∂√á[39m[90m√î√∂√á[39m[90m√î√∂√á[39m[90m√î√∂√á[39m[90m√î√∂√á[39m[90m√î√∂√á[39m[90m√î√∂√á[39m[90m√î√∂√á[39m[90m√î√∂√á[39m[90m√î√∂√á[39m[90m√î√∂√á[39m[90m√î√∂√á[39m[90m√î√∂√á[39m[90m√î√∂√á[39m[90m√î√∂√á[39m[90m√î√∂√á[39m[90m√î√∂√á[39m[90m√î√∂√á[39m[90m√î√∂√á[39m[90m√î√∂√á[39m[90m√î√∂√á[39m[90m√î√∂√á[39m[90m√î√∂√á[39m[90m√î√∂√á[39m[90m√î√∂√á[39m[90m√î√∂√á[39m[90m√î√∂√á[39m[90m√î√∂√á[39m[90m√î√∂√á[39m[90m√î√∂√á[39m[90m√î√∂√á[39m[90m√î√∂√á[39m[90m√î√∂√á[39m[90m√î√∂√á[39m[90m√î√∂√á[39m[90m√î√∂√á[39m[90m√î√∂√á[39m[90m√î√∂√á[39m[90m√î√∂√á[39m[90m√î√∂√á[39m[90m√î√∂√á[39m[90m√î√∂√á[39m[90m√î√∂√á[39m[90m√î√∂√á[39m[90m√î√∂√á[39m[90m√î√∂√á[39m[90m√î√∂√á[39m[90m√î√∂√á[39m[90m√î√∂√á[39m[90m√î√∂√á[39m[90m√î√∂√á[39m[90m√î√∂√á[39m[90m√î√∂√á[39m[90m√î√∂√á[39m[90m√î√∂√ø[39m
smoke	Run quick smoke E2E (smoke + navbar + booking modal + login smoke)	2025-10-30T07:35:34.1641797Z 
smoke	Run quick smoke E2E (smoke + navbar + booking modal + login smoke)	2025-10-30T07:35:34.1641812Z 
smoke	Run quick smoke E2E (smoke + navbar + booking modal + login smoke)	2025-10-30T07:35:34.1642448Z [33m  ([4m[1mScreenshots[22m[24m)[39m
smoke	Run quick smoke E2E (smoke + navbar + booking modal + login smoke)	2025-10-30T07:35:34.1642799Z 
smoke	Run quick smoke E2E (smoke + navbar + booking modal + login smoke)	2025-10-30T07:35:34.1643927Z [90m [39m -  [0m/home/runner/work/colleco-mvp/colleco-mvp/cypress/screenshots/login_smoke_minima[0m     [90m[90m(1280x720)[90m[39m
smoke	Run quick smoke E2E (smoke + navbar + booking modal + login smoke)	2025-10-30T07:35:34.1645557Z [90m [39m    [0ml.cy.js/Login minimal smoke -- mounts the login form (failed).png[0m                              
smoke	Run quick smoke E2E (smoke + navbar + booking modal + login smoke)	2025-10-30T07:35:34.1647631Z [90m [39m -  [0m/home/runner/work/colleco-mvp/colleco-mvp/cypress/screenshots/login_smoke_minima[0m     [90m[90m(1280x720)[90m[39m
smoke	Run quick smoke E2E (smoke + navbar + booking modal + login smoke)	2025-10-30T07:35:34.1649383Z [90m [39m    [0ml.cy.js/Login minimal smoke -- mounts the login form (failed) (attempt 2).png[0m                  
smoke	Run quick smoke E2E (smoke + navbar + booking modal + login smoke)	2025-10-30T07:35:34.1651142Z [90m [39m -  [0m/home/runner/work/colleco-mvp/colleco-mvp/cypress/screenshots/login_smoke_minima[0m     [90m[90m(1280x720)[90m[39m
smoke	Run quick smoke E2E (smoke + navbar + booking modal + login smoke)	2025-10-30T07:35:34.1653238Z [90m [39m    [0ml.cy.js/Login minimal smoke -- mounts the login form (failed) (attempt 3).png[0m                  
smoke	Run quick smoke E2E (smoke + navbar + booking modal + login smoke)	2025-10-30T07:35:34.1653887Z 
smoke	Run quick smoke E2E (smoke + navbar + booking modal + login smoke)	2025-10-30T07:35:34.1692582Z 
smoke	Run quick smoke E2E (smoke + navbar + booking modal + login smoke)	2025-10-30T07:35:34.1998984Z tput: No value for $TERM and no -T specified
smoke	Run quick smoke E2E (smoke + navbar + booking modal + login smoke)	2025-10-30T07:35:34.1999939Z [90m====================================================================================================[39m
smoke	Run quick smoke E2E (smoke + navbar + booking modal + login smoke)	2025-10-30T07:35:34.2000180Z 
smoke	Run quick smoke E2E (smoke + navbar + booking modal + login smoke)	2025-10-30T07:35:34.2000380Z [0m  ([4m[1mRun Finished[22m[24m)[0m
smoke	Run quick smoke E2E (smoke + navbar + booking modal + login smoke)	2025-10-30T07:35:34.2018153Z 
smoke	Run quick smoke E2E (smoke + navbar + booking modal + login smoke)	2025-10-30T07:35:34.2018305Z 
smoke	Run quick smoke E2E (smoke + navbar + booking modal + login smoke)	2025-10-30T07:35:34.2040494Z [90m   [39m    [90mSpec[39m                                              [90mTests[39m  [90mPassing[39m  [90mFailing[39m  [90mPending[39m  [90mSkipped[39m [90m [39m
smoke	Run quick smoke E2E (smoke + navbar + booking modal + login smoke)	2025-10-30T07:35:34.2045112Z [90m  √î√∂√Æ[39m[90m√î√∂√á[39m[90m√î√∂√á[39m[90m√î√∂√á[39m[90m√î√∂√á[39m[90m√î√∂√á[39m[90m√î√∂√á[39m[90m√î√∂√á[39m[90m√î√∂√á[39m[90m√î√∂√á[39m[90m√î√∂√á[39m[90m√î√∂√á[39m[90m√î√∂√á[39m[90m√î√∂√á[39m[90m√î√∂√á[39m[90m√î√∂√á[39m[90m√î√∂√á[39m[90m√î√∂√á[39m[90m√î√∂√á[39m[90m√î√∂√á[39m[90m√î√∂√á[39m[90m√î√∂√á[39m[90m√î√∂√á[39m[90m√î√∂√á[39m[90m√î√∂√á[39m[90m√î√∂√á[39m[90m√î√∂√á[39m[90m√î√∂√á[39m[90m√î√∂√á[39m[90m√î√∂√á[39m[90m√î√∂√á[39m[90m√î√∂√á[39m[90m√î√∂√á[39m[90m√î√∂√á[39m[90m√î√∂√á[39m[90m√î√∂√á[39m[90m√î√∂√á[39m[90m√î√∂√á[39m[90m√î√∂√á[39m[90m√î√∂√á[39m[90m√î√∂√á[39m[90m√î√∂√á[39m[90m√î√∂√á[39m[90m√î√∂√á[39m[90m√î√∂√á[39m[90m√î√∂√á[39m[90m√î√∂√á[39m[90m√î√∂√á[39m[90m√î√∂√á[39m[90m√î√∂√á[39m[90m√î√∂√á[39m[90m√î√∂√á[39m[90m√î√∂√á[39m[90m√î√∂√á[39m[90m√î√∂√á[39m[90m√î√∂√á[39m[90m√î√∂√á[39m[90m√î√∂√á[39m[90m√î√∂√á[39m[90m√î√∂√á[39m[90m√î√∂√á[39m[90m√î√∂√á[39m[90m√î√∂√á[39m[90m√î√∂√á[39m[90m√î√∂√á[39m[90m√î√∂√á[39m[90m√î√∂√á[39m[90m√î√∂√á[39m[90m√î√∂√á[39m[90m√î√∂√á[39m[90m√î√∂√á[39m[90m√î√∂√á[39m[90m√î√∂√á[39m[90m√î√∂√á[39m[90m√î√∂√á[39m[90m√î√∂√á[39m[90m√î√∂√á[39m[90m√î√∂√á[39m[90m√î√∂√á[39m[90m√î√∂√á[39m[90m√î√∂√á[39m[90m√î√∂√á[39m[90m√î√∂√á[39m[90m√î√∂√á[39m[90m√î√∂√á[39m[90m√î√∂√á[39m[90m√î√∂√á[39m[90m√î√∂√á[39m[90m√î√∂√á[39m[90m√î√∂√á[39m[90m√î√∂√á[39m[90m√î√∂√á[39m[90m√î√∂√á[39m[90m√î√∂√á[39m[90m√î√∂√á[39m[90m√î√∂√á[39m[90m√î√∂√á[39m[90m√î√∂√â[39m
smoke	Run quick smoke E2E (smoke + navbar + booking modal + login smoke)	2025-10-30T07:35:34.2048297Z [90m  √î√∂√©[39m [32m√î¬£√∂[39m  [0msmoke.cy.js[0m                              [90m00:01[39m        [0m2[0m        [32m2[39m        [90m-[39m        [90m-[39m        [90m-[39m [90m√î√∂√©[39m
smoke	Run quick smoke E2E (smoke + navbar + booking modal + login smoke)	2025-10-30T07:35:34.2052989Z [90m  √î√∂¬£[39m[90m√î√∂√á[39m[90m√î√∂√á[39m[90m√î√∂√á[39m[90m√î√∂√á[39m[90m√î√∂√á[39m[90m√î√∂√á[39m[90m√î√∂√á[39m[90m√î√∂√á[39m[90m√î√∂√á[39m[90m√î√∂√á[39m[90m√î√∂√á[39m[90m√î√∂√á[39m[90m√î√∂√á[39m[90m√î√∂√á[39m[90m√î√∂√á[39m[90m√î√∂√á[39m[90m√î√∂√á[39m[90m√î√∂√á[39m[90m√î√∂√á[39m[90m√î√∂√á[39m[90m√î√∂√á[39m[90m√î√∂√á[39m[90m√î√∂√á[39m[90m√î√∂√á[39m[90m√î√∂√á[39m[90m√î√∂√á[39m[90m√î√∂√á[39m[90m√î√∂√á[39m[90m√î√∂√á[39m[90m√î√∂√á[39m[90m√î√∂√á[39m[90m√î√∂√á[39m[90m√î√∂√á[39m[90m√î√∂√á[39m[90m√î√∂√á[39m[90m√î√∂√á[39m[90m√î√∂√á[39m[90m√î√∂√á[39m[90m√î√∂√á[39m[90m√î√∂√á[39m[90m√î√∂√á[39m[90m√î√∂√á[39m[90m√î√∂√á[39m[90m√î√∂√á[39m[90m√î√∂√á[39m[90m√î√∂√á[39m[90m√î√∂√á[39m[90m√î√∂√á[39m[90m√î√∂√á[39m[90m√î√∂√á[39m[90m√î√∂√á[39m[90m√î√∂√á[39m[90m√î√∂√á[39m[90m√î√∂√á[39m[90m√î√∂√á[39m[90m√î√∂√á[39m[90m√î√∂√á[39m[90m√î√∂√á[39m[90m√î√∂√á[39m[90m√î√∂√á[39m[90m√î√∂√á[39m[90m√î√∂√á[39m[90m√î√∂√á[39m[90m√î√∂√á[39m[90m√î√∂√á[39m[90m√î√∂√á[39m[90m√î√∂√á[39m[90m√î√∂√á[39m[90m√î√∂√á[39m[90m√î√∂√á[39m[90m√î√∂√á[39m[90m√î√∂√á[39m[90m√î√∂√á[39m[90m√î√∂√á[39m[90m√î√∂√á[39m[90m√î√∂√á[39m[90m√î√∂√á[39m[90m√î√∂√á[39m[90m√î√∂√á[39m[90m√î√∂√á[39m[90m√î√∂√á[39m[90m√î√∂√á[39m[90m√î√∂√á[39m[90m√î√∂√á[39m[90m√î√∂√á[39m[90m√î√∂√á[39m[90m√î√∂√á[39m[90m√î√∂√á[39m[90m√î√∂√á[39m[90m√î√∂√á[39m[90m√î√∂√á[39m[90m√î√∂√á[39m[90m√î√∂√á[39m[90m√î√∂√á[39m[90m√î√∂√á[39m[90m√î√∂√á[39m[90m√î√∂√±[39m
smoke	Run quick smoke E2E (smoke + navbar + booking modal + login smoke)	2025-10-30T07:35:34.2056361Z [90m  √î√∂√©[39m [32m√î¬£√∂[39m  [0mnav_mobile.cy.js[0m                         [90m00:01[39m        [0m2[0m        [32m2[39m        [90m-[39m        [90m-[39m        [90m-[39m [90m√î√∂√©[39m
smoke	Run quick smoke E2E (smoke + navbar + booking modal + login smoke)	2025-10-30T07:35:34.2060158Z [90m  √î√∂¬£[39m[90m√î√∂√á[39m[90m√î√∂√á[39m[90m√î√∂√á[39m[90m√î√∂√á[39m[90m√î√∂√á[39m[90m√î√∂√á[39m[90m√î√∂√á[39m[90m√î√∂√á[39m[90m√î√∂√á[39m[90m√î√∂√á[39m[90m√î√∂√á[39m[90m√î√∂√á[39m[90m√î√∂√á[39m[90m√î√∂√á[39m[90m√î√∂√á[39m[90m√î√∂√á[39m[90m√î√∂√á[39m[90m√î√∂√á[39m[90m√î√∂√á[39m[90m√î√∂√á[39m[90m√î√∂√á[39m[90m√î√∂√á[39m[90m√î√∂√á[39m[90m√î√∂√á[39m[90m√î√∂√á[39m[90m√î√∂√á[39m[90m√î√∂√á[39m[90m√î√∂√á[39m[90m√î√∂√á[39m[90m√î√∂√á[39m[90m√î√∂√á[39m[90m√î√∂√á[39m[90m√î√∂√á[39m[90m√î√∂√á[39m[90m√î√∂√á[39m[90m√î√∂√á[39m[90m√î√∂√á[39m[90m√î√∂√á[39m[90m√î√∂√á[39m[90m√î√∂√á[39m[90m√î√∂√á[39m[90m√î√∂√á[39m[90m√î√∂√á[39m[90m√î√∂√á[39m[90m√î√∂√á[39m[90m√î√∂√á[39m[90m√î√∂√á[39m[90m√î√∂√á[39m[90m√î√∂√á[39m[90m√î√∂√á[39m[90m√î√∂√á[39m[90m√î√∂√á[39m[90m√î√∂√á[39m[90m√î√∂√á[39m[90m√î√∂√á[39m[90m√î√∂√á[39m[90m√î√∂√á[39m[90m√î√∂√á[39m[90m√î√∂√á[39m[90m√î√∂√á[39m[90m√î√∂√á[39m[90m√î√∂√á[39m[90m√î√∂√á[39m[90m√î√∂√á[39m[90m√î√∂√á[39m[90m√î√∂√á[39m[90m√î√∂√á[39m[90m√î√∂√á[39m[90m√î√∂√á[39m[90m√î√∂√á[39m[90m√î√∂√á[39m[90m√î√∂√á[39m[90m√î√∂√á[39m[90m√î√∂√á[39m[90m√î√∂√á[39m[90m√î√∂√á[39m[90m√î√∂√á[39m[90m√î√∂√á[39m[90m√î√∂√á[39m[90m√î√∂√á[39m[90m√î√∂√á[39m[90m√î√∂√á[39m[90m√î√∂√á[39m[90m√î√∂√á[39m[90m√î√∂√á[39m[90m√î√∂√á[39m[90m√î√∂√á[39m[90m√î√∂√á[39m[90m√î√∂√á[39m[90m√î√∂√á[39m[90m√î√∂√á[39m[90m√î√∂√á[39m[90m√î√∂√á[39m[90m√î√∂√á[39m[90m√î√∂√á[39m[90m√î√∂√á[39m[90m√î√∂√±[39m
smoke	Run quick smoke E2E (smoke + navbar + booking modal + login smoke)	2025-10-30T07:35:34.2064070Z [90m  √î√∂√©[39m [32m√î¬£√∂[39m  [0mbooking_modal.cy.js[0m                      [90m00:02[39m        [0m3[0m        [32m3[39m        [90m-[39m        [90m-[39m        [90m-[39m [90m√î√∂√©[39m
smoke	Run quick smoke E2E (smoke + navbar + booking modal + login smoke)	2025-10-30T07:35:34.2069900Z [90m  √î√∂¬£[39m[90m√î√∂√á[39m[90m√î√∂√á[39m[90m√î√∂√á[39m[90m√î√∂√á[39m[90m√î√∂√á[39m[90m√î√∂√á[39m[90m√î√∂√á[39m[90m√î√∂√á[39m[90m√î√∂√á[39m[90m√î√∂√á[39m[90m√î√∂√á[39m[90m√î√∂√á[39m[90m√î√∂√á[39m[90m√î√∂√á[39m[90m√î√∂√á[39m[90m√î√∂√á[39m[90m√î√∂√á[39m[90m√î√∂√á[39m[90m√î√∂√á[39m[90m√î√∂√á[39m[90m√î√∂√á[39m[90m√î√∂√á[39m[90m√î√∂√á[39m[90m√î√∂√á[39m[90m√î√∂√á[39m[90m√î√∂√á[39m[90m√î√∂√á[39m[90m√î√∂√á[39m[90m√î√∂√á[39m[90m√î√∂√á[39m[90m√î√∂√á[39m[90m√î√∂√á[39m[90m√î√∂√á[39m[90m√î√∂√á[39m[90m√î√∂√á[39m[90m√î√∂√á[39m[90m√î√∂√á[39m[90m√î√∂√á[39m[90m√î√∂√á[39m[90m√î√∂√á[39m[90m√î√∂√á[39m[90m√î√∂√á[39m[90m√î√∂√á[39m[90m√î√∂√á[39m[90m√î√∂√á[39m[90m√î√∂√á[39m[90m√î√∂√á[39m[90m√î√∂√á[39m[90m√î√∂√á[39m[90m√î√∂√á[39m[90m√î√∂√á[39m[90m√î√∂√á[39m[90m√î√∂√á[39m[90m√î√∂√á[39m[90m√î√∂√á[39m[90m√î√∂√á[39m[90m√î√∂√á[39m[90m√î√∂√á[39m[90m√î√∂√á[39m[90m√î√∂√á[39m[90m√î√∂√á[39m[90m√î√∂√á[39m[90m√î√∂√á[39m[90m√î√∂√á[39m[90m√î√∂√á[39m[90m√î√∂√á[39m[90m√î√∂√á[39m[90m√î√∂√á[39m[90m√î√∂√á[39m[90m√î√∂√á[39m[90m√î√∂√á[39m[90m√î√∂√á[39m[90m√î√∂√á[39m[90m√î√∂√á[39m[90m√î√∂√á[39m[90m√î√∂√á[39m[90m√î√∂√á[39m[90m√î√∂√á[39m[90m√î√∂√á[39m[90m√î√∂√á[39m[90m√î√∂√á[39m[90m√î√∂√á[39m[90m√î√∂√á[39m[90m√î√∂√á[39m[90m√î√∂√á[39m[90m√î√∂√á[39m[90m√î√∂√á[39m[90m√î√∂√á[39m[90m√î√∂√á[39m[90m√î√∂√á[39m[90m√î√∂√á[39m[90m√î√∂√á[39m[90m√î√∂√á[39m[90m√î√∂√á[39m[90m√î√∂√á[39m[90m√î√∂√á[39m[90m√î√∂√±[39m
smoke	Run quick smoke E2E (smoke + navbar + booking modal + login smoke)	2025-10-30T07:35:34.2073021Z [90m  √î√∂√©[39m [32m√î¬£√∂[39m  [0mlogin_register_smoke.cy.js[0m               [90m00:04[39m        [0m1[0m        [32m1[39m        [90m-[39m        [90m-[39m        [90m-[39m [90m√î√∂√©[39m
smoke	Run quick smoke E2E (smoke + navbar + booking modal + login smoke)	2025-10-30T07:35:34.2077924Z [90m  √î√∂¬£[39m[90m√î√∂√á[39m[90m√î√∂√á[39m[90m√î√∂√á[39m[90m√î√∂√á[39m[90m√î√∂√á[39m[90m√î√∂√á[39m[90m√î√∂√á[39m[90m√î√∂√á[39m[90m√î√∂√á[39m[90m√î√∂√á[39m[90m√î√∂√á[39m[90m√î√∂√á[39m[90m√î√∂√á[39m[90m√î√∂√á[39m[90m√î√∂√á[39m[90m√î√∂√á[39m[90m√î√∂√á[39m[90m√î√∂√á[39m[90m√î√∂√á[39m[90m√î√∂√á[39m[90m√î√∂√á[39m[90m√î√∂√á[39m[90m√î√∂√á[39m[90m√î√∂√á[39m[90m√î√∂√á[39m[90m√î√∂√á[39m[90m√î√∂√á[39m[90m√î√∂√á[39m[90m√î√∂√á[39m[90m√î√∂√á[39m[90m√î√∂√á[39m[90m√î√∂√á[39m[90m√î√∂√á[39m[90m√î√∂√á[39m[90m√î√∂√á[39m[90m√î√∂√á[39m[90m√î√∂√á[39m[90m√î√∂√á[39m[90m√î√∂√á[39m[90m√î√∂√á[39m[90m√î√∂√á[39m[90m√î√∂√á[39m[90m√î√∂√á[39m[90m√î√∂√á[39m[90m√î√∂√á[39m[90m√î√∂√á[39m[90m√î√∂√á[39m[90m√î√∂√á[39m[90m√î√∂√á[39m[90m√î√∂√á[39m[90m√î√∂√á[39m[90m√î√∂√á[39m[90m√î√∂√á[39m[90m√î√∂√á[39m[90m√î√∂√á[39m[90m√î√∂√á[39m[90m√î√∂√á[39m[90m√î√∂√á[39m[90m√î√∂√á[39m[90m√î√∂√á[39m[90m√î√∂√á[39m[90m√î√∂√á[39m[90m√î√∂√á[39m[90m√î√∂√á[39m[90m√î√∂√á[39m[90m√î√∂√á[39m[90m√î√∂√á[39m[90m√î√∂√á[39m[90m√î√∂√á[39m[90m√î√∂√á[39m[90m√î√∂√á[39m[90m√î√∂√á[39m[90m√î√∂√á[39m[90m√î√∂√á[39m[90m√î√∂√á[39m[90m√î√∂√á[39m[90m√î√∂√á[39m[90m√î√∂√á[39m[90m√î√∂√á[39m[90m√î√∂√á[39m[90m√î√∂√á[39m[90m√î√∂√á[39m[90m√î√∂√á[39m[90m√î√∂√á[39m[90m√î√∂√á[39m[90m√î√∂√á[39m[90m√î√∂√á[39m[90m√î√∂√á[39m[90m√î√∂√á[39m[90m√î√∂√á[39m[90m√î√∂√á[39m[90m√î√∂√á[39m[90m√î√∂√á[39m[90m√î√∂√á[39m[90m√î√∂√á[39m[90m√î√∂√á[39m[90m√î√∂√±[39m
smoke	Run quick smoke E2E (smoke + navbar + booking modal + login smoke)	2025-10-30T07:35:34.2081037Z [90m  √î√∂√©[39m [31m√î¬£√ª[39m  [0mlogin_smoke_minimal.cy.js[0m                [90m01:32[39m        [0m1[0m        [90m-[39m        [31m1[39m        [90m-[39m        [90m-[39m [90m√î√∂√©[39m
smoke	Run quick smoke E2E (smoke + navbar + booking modal + login smoke)	2025-10-30T07:35:34.2085407Z [90m  √î√∂√∂[39m[90m√î√∂√á[39m[90m√î√∂√á[39m[90m√î√∂√á[39m[90m√î√∂√á[39m[90m√î√∂√á[39m[90m√î√∂√á[39m[90m√î√∂√á[39m[90m√î√∂√á[39m[90m√î√∂√á[39m[90m√î√∂√á[39m[90m√î√∂√á[39m[90m√î√∂√á[39m[90m√î√∂√á[39m[90m√î√∂√á[39m[90m√î√∂√á[39m[90m√î√∂√á[39m[90m√î√∂√á[39m[90m√î√∂√á[39m[90m√î√∂√á[39m[90m√î√∂√á[39m[90m√î√∂√á[39m[90m√î√∂√á[39m[90m√î√∂√á[39m[90m√î√∂√á[39m[90m√î√∂√á[39m[90m√î√∂√á[39m[90m√î√∂√á[39m[90m√î√∂√á[39m[90m√î√∂√á[39m[90m√î√∂√á[39m[90m√î√∂√á[39m[90m√î√∂√á[39m[90m√î√∂√á[39m[90m√î√∂√á[39m[90m√î√∂√á[39m[90m√î√∂√á[39m[90m√î√∂√á[39m[90m√î√∂√á[39m[90m√î√∂√á[39m[90m√î√∂√á[39m[90m√î√∂√á[39m[90m√î√∂√á[39m[90m√î√∂√á[39m[90m√î√∂√á[39m[90m√î√∂√á[39m[90m√î√∂√á[39m[90m√î√∂√á[39m[90m√î√∂√á[39m[90m√î√∂√á[39m[90m√î√∂√á[39m[90m√î√∂√á[39m[90m√î√∂√á[39m[90m√î√∂√á[39m[90m√î√∂√á[39m[90m√î√∂√á[39m[90m√î√∂√á[39m[90m√î√∂√á[39m[90m√î√∂√á[39m[90m√î√∂√á[39m[90m√î√∂√á[39m[90m√î√∂√á[39m[90m√î√∂√á[39m[90m√î√∂√á[39m[90m√î√∂√á[39m[90m√î√∂√á[39m[90m√î√∂√á[39m[90m√î√∂√á[39m[90m√î√∂√á[39m[90m√î√∂√á[39m[90m√î√∂√á[39m[90m√î√∂√á[39m[90m√î√∂√á[39m[90m√î√∂√á[39m[90m√î√∂√á[39m[90m√î√∂√á[39m[90m√î√∂√á[39m[90m√î√∂√á[39m[90m√î√∂√á[39m[90m√î√∂√á[39m[90m√î√∂√á[39m[90m√î√∂√á[39m[90m√î√∂√á[39m[90m√î√∂√á[39m[90m√î√∂√á[39m[90m√î√∂√á[39m[90m√î√∂√á[39m[90m√î√∂√á[39m[90m√î√∂√á[39m[90m√î√∂√á[39m[90m√î√∂√á[39m[90m√î√∂√á[39m[90m√î√∂√á[39m[90m√î√∂√á[39m[90m√î√∂√á[39m[90m√î√∂√á[39m[90m√î√∂√á[39m[90m√î√∂√ø[39m
smoke	Run quick smoke E2E (smoke + navbar + booking modal + login smoke)	2025-10-30T07:35:34.2088068Z [90m   [39m [31m√î¬£√ª[39m  [31m1 of 5 failed (20%)[39m                      [90m01:42[39m        [0m9[0m        [32m8[39m        [31m1[39m        [90m-[39m        [90m-[39m [90m [39m
smoke	Run quick smoke E2E (smoke + navbar + booking modal + login smoke)	2025-10-30T07:35:34.2088454Z 
smoke	Run quick smoke E2E (smoke + navbar + booking modal + login smoke)	2025-10-30T07:35:34.2997868Z ##[error]Process completed with exit code 1.
smoke	Upload artifacts	¬¥‚ïó‚îê2025-10-30T07:35:34.3090552Z ##[group]Run actions/upload-artifact@v4
smoke	Upload artifacts	2025-10-30T07:35:34.3090827Z with:
smoke	Upload artifacts	2025-10-30T07:35:34.3091002Z   name: cypress-smoke-artifacts
smoke	Upload artifacts	2025-10-30T07:35:34.3091417Z   path: cypress/screenshots
smoke	Upload artifacts	cypress/videos
smoke	Upload artifacts	cypress/logs
smoke	Upload artifacts	server.log
smoke	Upload artifacts	vite.log
smoke	Upload artifacts	backend.pid
smoke	Upload artifacts	vite.pid
smoke	Upload artifacts	
smoke	Upload artifacts	2025-10-30T07:35:34.3091849Z   if-no-files-found: warn
smoke	Upload artifacts	2025-10-30T07:35:34.3092257Z   compression-level: 6
smoke	Upload artifacts	2025-10-30T07:35:34.3092463Z   overwrite: false
smoke	Upload artifacts	2025-10-30T07:35:34.3092650Z   include-hidden-files: false
smoke	Upload artifacts	2025-10-30T07:35:34.3092855Z env:
smoke	Upload artifacts	2025-10-30T07:35:34.3093007Z   SITEMINDER_USE_MOCK: 1
smoke	Upload artifacts	2025-10-30T07:35:34.3093208Z   SITEMINDER_MOCK_PORT: 4015
smoke	Upload artifacts	2025-10-30T07:35:34.3093436Z   CYPRESS_BASE_URL: http://127.0.0.1:5173
smoke	Upload artifacts	2025-10-30T07:35:34.3093687Z   API_BASE: http://127.0.0.1:4000
smoke	Upload artifacts	2025-10-30T07:35:34.3093894Z ##[endgroup]
smoke	Upload artifacts	2025-10-30T07:35:34.5302994Z Multiple search paths detected. Calculating the least common ancestor of all paths
smoke	Upload artifacts	2025-10-30T07:35:34.5307134Z The least common ancestor is /home/runner/work/colleco-mvp/colleco-mvp. This will be the root directory of the artifact
smoke	Upload artifacts	2025-10-30T07:35:34.5308042Z With the provided path, there will be 17 files uploaded
smoke	Upload artifacts	2025-10-30T07:35:34.5311759Z Artifact name is valid!
smoke	Upload artifacts	2025-10-30T07:35:34.5313379Z Root directory input is valid!
smoke	Upload artifacts	2025-10-30T07:35:34.6479522Z Beginning upload of artifact content to blob storage
smoke	Upload artifacts	2025-10-30T07:35:34.9662967Z Uploaded bytes 609074
smoke	Upload artifacts	2025-10-30T07:35:35.0050451Z Finished uploading artifact content to blob storage!
smoke	Upload artifacts	2025-10-30T07:35:35.0054370Z SHA256 digest of uploaded artifact zip is 9c618edb3a062c8b88b806c2dd939c6442b19d3bc807c805a94705867000af27
smoke	Upload artifacts	2025-10-30T07:35:35.0056124Z Finalizing artifact upload
smoke	Upload artifacts	2025-10-30T07:35:35.1118473Z Artifact cypress-smoke-artifacts.zip successfully finalized. Artifact ID 4414617574
smoke	Upload artifacts	2025-10-30T07:35:35.1119574Z Artifact cypress-smoke-artifacts has been successfully uploaded! Final size is 609074 bytes. Artifact ID is 4414617574
smoke	Upload artifacts	2025-10-30T07:35:35.1126422Z Artifact download URL: https://github.com/collecokzn-creator/colleco-mvp/actions/runs/18933260328/artifacts/4414617574
smoke	Post Checkout	¬¥‚ïó‚îê2025-10-30T07:35:35.1256772Z Post job cleanup.
smoke	Post Checkout	2025-10-30T07:35:35.2206885Z [command]/usr/bin/git version
smoke	Post Checkout	2025-10-30T07:35:35.2248294Z git version 2.51.0
smoke	Post Checkout	2025-10-30T07:35:35.2298948Z Temporarily overriding HOME='/home/runner/work/_temp/4857f50b-7c8c-47c6-8adb-622d10686386' before making global git config changes
smoke	Post Checkout	2025-10-30T07:35:35.2300415Z Adding repository directory to the temporary git global config as a safe directory
smoke	Post Checkout	2025-10-30T07:35:35.2315179Z [command]/usr/bin/git config --global --add safe.directory /home/runner/work/colleco-mvp/colleco-mvp
smoke	Post Checkout	2025-10-30T07:35:35.2352887Z [command]/usr/bin/git config --local --name-only --get-regexp core\.sshCommand
smoke	Post Checkout	2025-10-30T07:35:35.2386336Z [command]/usr/bin/git submodule foreach --recursive sh -c "git config --local --name-only --get-regexp 'core\.sshCommand' && git config --local --unset-all 'core.sshCommand' || :"
smoke	Post Checkout	2025-10-30T07:35:35.2621081Z [command]/usr/bin/git config --local --name-only --get-regexp http\.https\:\/\/github\.com\/\.extraheader
smoke	Post Checkout	2025-10-30T07:35:35.2641883Z http.https://github.com/.extraheader
smoke	Post Checkout	2025-10-30T07:35:35.2654283Z [command]/usr/bin/git config --local --unset-all http.https://github.com/.extraheader
smoke	Post Checkout	2025-10-30T07:35:35.2685322Z [command]/usr/bin/git submodule foreach --recursive sh -c "git config --local --name-only --get-regexp 'http\.https\:\/\/github\.com\/\.extraheader' && git config --local --unset-all 'http.https://github.com/.extraheader' || :"
smoke	Complete job	¬¥‚ïó‚îê2025-10-30T07:35:35.3014783Z Cleaning up orphan processes
smoke	Complete job	2025-10-30T07:35:35.3300094Z Terminate orphan process: pid (2180) (node)
smoke	Complete job	2025-10-30T07:35:35.3317556Z Terminate orphan process: pid (2187) (npm exec cross-)
smoke	Complete job	2025-10-30T07:35:35.3340217Z Terminate orphan process: pid (2318) (sh)
smoke	Complete job	2025-10-30T07:35:35.3363297Z Terminate orphan process: pid (2319) (node)
smoke	Complete job	2025-10-30T07:35:35.3401080Z Terminate orphan process: pid (2326) (npm run dev --host 127.0.0.1 --port 5173)
smoke	Complete job	2025-10-30T07:35:35.3424612Z Terminate orphan process: pid (2337) (sh)
smoke	Complete job	2025-10-30T07:35:35.3447138Z Terminate orphan process: pid (2396) (node)
smoke	Complete job	2025-10-30T07:35:35.3470887Z Terminate orphan process: pid (2407) (esbuild)
