smoke	Set up job	´╗┐2025-10-30T06:34:39.4273710Z Current runner version: '2.328.0'
smoke	Set up job	2025-10-30T06:34:39.4300630Z ##[group]Runner Image Provisioner
smoke	Set up job	2025-10-30T06:34:39.4301497Z Hosted Compute Agent
smoke	Set up job	2025-10-30T06:34:39.4302063Z Version: 20250912.392
smoke	Set up job	2025-10-30T06:34:39.4302620Z Commit: d921fda672a98b64f4f82364647e2f10b2267d0b
smoke	Set up job	2025-10-30T06:34:39.4303328Z Build Date: 2025-09-12T15:23:14Z
smoke	Set up job	2025-10-30T06:34:39.4303884Z ##[endgroup]
smoke	Set up job	2025-10-30T06:34:39.4304489Z ##[group]Operating System
smoke	Set up job	2025-10-30T06:34:39.4305041Z Ubuntu
smoke	Set up job	2025-10-30T06:34:39.4305531Z 24.04.3
smoke	Set up job	2025-10-30T06:34:39.4306039Z LTS
smoke	Set up job	2025-10-30T06:34:39.4306481Z ##[endgroup]
smoke	Set up job	2025-10-30T06:34:39.4306976Z ##[group]Runner Image
smoke	Set up job	2025-10-30T06:34:39.4307506Z Image: ubuntu-24.04
smoke	Set up job	2025-10-30T06:34:39.4308403Z Version: 20250929.60.1
smoke	Set up job	2025-10-30T06:34:39.4309392Z Included Software: https://github.com/actions/runner-images/blob/ubuntu24/20250929.60/images/ubuntu/Ubuntu2404-Readme.md
smoke	Set up job	2025-10-30T06:34:39.4310749Z Image Release: https://github.com/actions/runner-images/releases/tag/ubuntu24%2F20250929.60
smoke	Set up job	2025-10-30T06:34:39.4311965Z ##[endgroup]
smoke	Set up job	2025-10-30T06:34:39.4313117Z ##[group]GITHUB_TOKEN Permissions
smoke	Set up job	2025-10-30T06:34:39.4315184Z Contents: read
smoke	Set up job	2025-10-30T06:34:39.4315741Z Metadata: read
smoke	Set up job	2025-10-30T06:34:39.4316341Z Packages: read
smoke	Set up job	2025-10-30T06:34:39.4316803Z ##[endgroup]
smoke	Set up job	2025-10-30T06:34:39.4319359Z Secret source: Actions
smoke	Set up job	2025-10-30T06:34:39.4320846Z Prepare workflow directory
smoke	Set up job	2025-10-30T06:34:39.4697322Z Prepare all required actions
smoke	Set up job	2025-10-30T06:34:39.4735069Z Getting action download info
smoke	Set up job	2025-10-30T06:34:39.8082477Z Download action repository 'actions/checkout@v4' (SHA:08eba0b27e820071cde6df949e0beb9ba4906955)
smoke	Set up job	2025-10-30T06:34:40.0043905Z Download action repository 'actions/setup-node@v4' (SHA:49933ea5288caeca8642d1e84afbd3f7d6820020)
smoke	Set up job	2025-10-30T06:34:40.1469487Z Download action repository 'actions/upload-artifact@v4' (SHA:ea165f8d65b6e75b540449e92b4886f43607fa02)
smoke	Set up job	2025-10-30T06:34:40.3320379Z Complete job name: smoke
smoke	Checkout	´╗┐2025-10-30T06:34:40.4001715Z ##[group]Run actions/checkout@v4
smoke	Checkout	2025-10-30T06:34:40.4002540Z with:
smoke	Checkout	2025-10-30T06:34:40.4002993Z   repository: collecokzn-creator/colleco-mvp
smoke	Checkout	2025-10-30T06:34:40.4003709Z   token: ***
smoke	Checkout	2025-10-30T06:34:40.4004079Z   ssh-strict: true
smoke	Checkout	2025-10-30T06:34:40.4004465Z   ssh-user: git
smoke	Checkout	2025-10-30T06:34:40.4004852Z   persist-credentials: true
smoke	Checkout	2025-10-30T06:34:40.4005287Z   clean: true
smoke	Checkout	2025-10-30T06:34:40.4005667Z   sparse-checkout-cone-mode: true
smoke	Checkout	2025-10-30T06:34:40.4006182Z   fetch-depth: 1
smoke	Checkout	2025-10-30T06:34:40.4006556Z   fetch-tags: false
smoke	Checkout	2025-10-30T06:34:40.4006950Z   show-progress: true
smoke	Checkout	2025-10-30T06:34:40.4007343Z   lfs: false
smoke	Checkout	2025-10-30T06:34:40.4007863Z   submodules: false
smoke	Checkout	2025-10-30T06:34:40.4008272Z   set-safe-directory: true
smoke	Checkout	2025-10-30T06:34:40.4009044Z env:
smoke	Checkout	2025-10-30T06:34:40.4009428Z   SITEMINDER_USE_MOCK: 1
smoke	Checkout	2025-10-30T06:34:40.4009860Z   SITEMINDER_MOCK_PORT: 4015
smoke	Checkout	2025-10-30T06:34:40.4010295Z ##[endgroup]
smoke	Checkout	2025-10-30T06:34:40.5089476Z Syncing repository: collecokzn-creator/colleco-mvp
smoke	Checkout	2025-10-30T06:34:40.5091304Z ##[group]Getting Git version info
smoke	Checkout	2025-10-30T06:34:40.5092029Z Working directory is '/home/runner/work/colleco-mvp/colleco-mvp'
smoke	Checkout	2025-10-30T06:34:40.5092998Z [command]/usr/bin/git version
smoke	Checkout	2025-10-30T06:34:40.5182585Z git version 2.51.0
smoke	Checkout	2025-10-30T06:34:40.5208767Z ##[endgroup]
smoke	Checkout	2025-10-30T06:34:40.5222529Z Temporarily overriding HOME='/home/runner/work/_temp/04a6a6aa-3693-4d88-b633-198668d68425' before making global git config changes
smoke	Checkout	2025-10-30T06:34:40.5224913Z Adding repository directory to the temporary git global config as a safe directory
smoke	Checkout	2025-10-30T06:34:40.5227910Z [command]/usr/bin/git config --global --add safe.directory /home/runner/work/colleco-mvp/colleco-mvp
smoke	Checkout	2025-10-30T06:34:40.5264182Z Deleting the contents of '/home/runner/work/colleco-mvp/colleco-mvp'
smoke	Checkout	2025-10-30T06:34:40.5267443Z ##[group]Initializing the repository
smoke	Checkout	2025-10-30T06:34:40.5271484Z [command]/usr/bin/git init /home/runner/work/colleco-mvp/colleco-mvp
smoke	Checkout	2025-10-30T06:34:40.5392381Z hint: Using 'master' as the name for the initial branch. This default branch name
smoke	Checkout	2025-10-30T06:34:40.5393655Z hint: is subject to change. To configure the initial branch name to use in all
smoke	Checkout	2025-10-30T06:34:40.5395238Z hint: of your new repositories, which will suppress this warning, call:
smoke	Checkout	2025-10-30T06:34:40.5396384Z hint:
smoke	Checkout	2025-10-30T06:34:40.5397191Z hint: 	git config --global init.defaultBranch <name>
smoke	Checkout	2025-10-30T06:34:40.5398281Z hint:
smoke	Checkout	2025-10-30T06:34:40.5399159Z hint: Names commonly chosen instead of 'master' are 'main', 'trunk' and
smoke	Checkout	2025-10-30T06:34:40.5400300Z hint: 'development'. The just-created branch can be renamed via this command:
smoke	Checkout	2025-10-30T06:34:40.5400996Z hint:
smoke	Checkout	2025-10-30T06:34:40.5401397Z hint: 	git branch -m <name>
smoke	Checkout	2025-10-30T06:34:40.5401825Z hint:
smoke	Checkout	2025-10-30T06:34:40.5402385Z hint: Disable this message with "git config set advice.defaultBranchName false"
smoke	Checkout	2025-10-30T06:34:40.5403351Z Initialized empty Git repository in /home/runner/work/colleco-mvp/colleco-mvp/.git/
smoke	Checkout	2025-10-30T06:34:40.5409674Z [command]/usr/bin/git remote add origin https://github.com/collecokzn-creator/colleco-mvp
smoke	Checkout	2025-10-30T06:34:40.5444278Z ##[endgroup]
smoke	Checkout	2025-10-30T06:34:40.5444992Z ##[group]Disabling automatic garbage collection
smoke	Checkout	2025-10-30T06:34:40.5448231Z [command]/usr/bin/git config --local gc.auto 0
smoke	Checkout	2025-10-30T06:34:40.5475119Z ##[endgroup]
smoke	Checkout	2025-10-30T06:34:40.5475781Z ##[group]Setting up auth
smoke	Checkout	2025-10-30T06:34:40.5481549Z [command]/usr/bin/git config --local --name-only --get-regexp core\.sshCommand
smoke	Checkout	2025-10-30T06:34:40.5511315Z [command]/usr/bin/git submodule foreach --recursive sh -c "git config --local --name-only --get-regexp 'core\.sshCommand' && git config --local --unset-all 'core.sshCommand' || :"
smoke	Checkout	2025-10-30T06:34:40.5849105Z [command]/usr/bin/git config --local --name-only --get-regexp http\.https\:\/\/github\.com\/\.extraheader
smoke	Checkout	2025-10-30T06:34:40.5877270Z [command]/usr/bin/git submodule foreach --recursive sh -c "git config --local --name-only --get-regexp 'http\.https\:\/\/github\.com\/\.extraheader' && git config --local --unset-all 'http.https://github.com/.extraheader' || :"
smoke	Checkout	2025-10-30T06:34:40.6094031Z [command]/usr/bin/git config --local http.https://github.com/.extraheader AUTHORIZATION: basic ***
smoke	Checkout	2025-10-30T06:34:40.6134800Z ##[endgroup]
smoke	Checkout	2025-10-30T06:34:40.6135587Z ##[group]Fetching the repository
smoke	Checkout	2025-10-30T06:34:40.6144619Z [command]/usr/bin/git -c protocol.version=2 fetch --no-tags --prune --no-recurse-submodules --depth=1 origin +6aa434970203085633efe540a32bb17d621cccb6:refs/remotes/pull/15/merge
smoke	Checkout	2025-10-30T06:34:41.0298220Z From https://github.com/collecokzn-creator/colleco-mvp
smoke	Checkout	2025-10-30T06:34:41.0300136Z  * [new ref]         6aa434970203085633efe540a32bb17d621cccb6 -> pull/15/merge
smoke	Checkout	2025-10-30T06:34:41.0340022Z ##[endgroup]
smoke	Checkout	2025-10-30T06:34:41.0341320Z ##[group]Determining the checkout info
smoke	Checkout	2025-10-30T06:34:41.0342837Z ##[endgroup]
smoke	Checkout	2025-10-30T06:34:41.0348491Z [command]/usr/bin/git sparse-checkout disable
smoke	Checkout	2025-10-30T06:34:41.0394752Z [command]/usr/bin/git config --local --unset-all extensions.worktreeConfig
smoke	Checkout	2025-10-30T06:34:41.0425552Z ##[group]Checking out the ref
smoke	Checkout	2025-10-30T06:34:41.0431063Z [command]/usr/bin/git checkout --progress --force refs/remotes/pull/15/merge
smoke	Checkout	2025-10-30T06:34:41.0912784Z Note: switching to 'refs/remotes/pull/15/merge'.
smoke	Checkout	2025-10-30T06:34:41.0913791Z 
smoke	Checkout	2025-10-30T06:34:41.0914337Z You are in 'detached HEAD' state. You can look around, make experimental
smoke	Checkout	2025-10-30T06:34:41.0915523Z changes and commit them, and you can discard any commits you make in this
smoke	Checkout	2025-10-30T06:34:41.0917169Z state without impacting any branches by switching back to a branch.
smoke	Checkout	2025-10-30T06:34:41.0918629Z 
smoke	Checkout	2025-10-30T06:34:41.0919518Z If you want to create a new branch to retain commits you create, you may
smoke	Checkout	2025-10-30T06:34:41.0921280Z do so (now or later) by using -c with the switch command. Example:
smoke	Checkout	2025-10-30T06:34:41.0922356Z 
smoke	Checkout	2025-10-30T06:34:41.0922867Z   git switch -c <new-branch-name>
smoke	Checkout	2025-10-30T06:34:41.0923662Z 
smoke	Checkout	2025-10-30T06:34:41.0924159Z Or undo this operation with:
smoke	Checkout	2025-10-30T06:34:41.0924899Z 
smoke	Checkout	2025-10-30T06:34:41.0925326Z   git switch -
smoke	Checkout	2025-10-30T06:34:41.0926011Z 
smoke	Checkout	2025-10-30T06:34:41.0927080Z Turn off this advice by setting config variable advice.detachedHead to false
smoke	Checkout	2025-10-30T06:34:41.0929086Z 
smoke	Checkout	2025-10-30T06:34:41.0930585Z HEAD is now at 6aa4349 Merge 26e18fec4c7a5ea9c8e41289ac9767f6dfaa7974 into 71f5be630d527d24b1bd80413cd09b752e1167ae
smoke	Checkout	2025-10-30T06:34:41.0935219Z ##[endgroup]
smoke	Checkout	2025-10-30T06:34:41.0964060Z [command]/usr/bin/git log -1 --format=%H
smoke	Checkout	2025-10-30T06:34:41.0986864Z 6aa434970203085633efe540a32bb17d621cccb6
smoke	Use Node.js	´╗┐2025-10-30T06:34:41.1276617Z ##[group]Run actions/setup-node@v4
smoke	Use Node.js	2025-10-30T06:34:41.1277933Z with:
smoke	Use Node.js	2025-10-30T06:34:41.1278755Z   node-version: 20
smoke	Use Node.js	2025-10-30T06:34:41.1279645Z   always-auth: false
smoke	Use Node.js	2025-10-30T06:34:41.1280541Z   check-latest: false
smoke	Use Node.js	2025-10-30T06:34:41.1281721Z   token: ***
smoke	Use Node.js	2025-10-30T06:34:41.1282556Z env:
smoke	Use Node.js	2025-10-30T06:34:41.1283366Z   SITEMINDER_USE_MOCK: 1
smoke	Use Node.js	2025-10-30T06:34:41.1284354Z   SITEMINDER_MOCK_PORT: 4015
smoke	Use Node.js	2025-10-30T06:34:41.1285340Z ##[endgroup]
smoke	Use Node.js	2025-10-30T06:34:41.3034347Z Found in cache @ /opt/hostedtoolcache/node/20.19.5/x64
smoke	Use Node.js	2025-10-30T06:34:41.3040575Z ##[group]Environment details
smoke	Use Node.js	2025-10-30T06:34:44.4917303Z node: v20.19.5
smoke	Use Node.js	2025-10-30T06:34:44.4918421Z npm: 10.8.2
smoke	Use Node.js	2025-10-30T06:34:44.4918755Z yarn: 1.22.22
smoke	Use Node.js	2025-10-30T06:34:44.4919698Z ##[endgroup]
smoke	Install dependencies	´╗┐2025-10-30T06:34:44.5095969Z ##[group]Run npm ci
smoke	Install dependencies	2025-10-30T06:34:44.5096325Z [36;1mnpm ci[0m
smoke	Install dependencies	2025-10-30T06:34:44.5232534Z shell: /usr/bin/bash -e {0}
smoke	Install dependencies	2025-10-30T06:34:44.5232827Z env:
smoke	Install dependencies	2025-10-30T06:34:44.5233043Z   SITEMINDER_USE_MOCK: 1
smoke	Install dependencies	2025-10-30T06:34:44.5233304Z   SITEMINDER_MOCK_PORT: 4015
smoke	Install dependencies	2025-10-30T06:34:44.5233560Z ##[endgroup]
smoke	Install dependencies	2025-10-30T06:34:52.1892923Z npm warn deprecated rimraf@3.0.2: Rimraf versions prior to v4 are no longer supported
smoke	Install dependencies	2025-10-30T06:34:52.9891167Z npm warn deprecated inflight@1.0.6: This module is not supported, and leaks memory. Do not use it. Check out lru-cache if you want a good and tested way to coalesce async requests by a key value, which is much more comprehensive and powerful.
smoke	Install dependencies	2025-10-30T06:34:53.6312260Z npm warn deprecated fstream@1.0.12: This package is no longer supported.
smoke	Install dependencies	2025-10-30T06:34:54.3151376Z npm warn deprecated @humanwhocodes/config-array@0.13.0: Use @eslint/config-array instead
smoke	Install dependencies	2025-10-30T06:34:54.3864741Z npm warn deprecated @humanwhocodes/object-schema@2.0.3: Use @eslint/object-schema instead
smoke	Install dependencies	2025-10-30T06:34:54.8170214Z npm warn deprecated glob@7.2.3: Glob versions prior to v9 are no longer supported
smoke	Install dependencies	2025-10-30T06:34:54.9014353Z npm warn deprecated glob@7.2.3: Glob versions prior to v9 are no longer supported
smoke	Install dependencies	2025-10-30T06:34:54.9250064Z npm warn deprecated rimraf@2.7.1: Rimraf versions prior to v4 are no longer supported
smoke	Install dependencies	2025-10-30T06:34:57.5816347Z npm warn deprecated eslint@8.57.1: This version is no longer supported. Please see https://eslint.org/version-support for other options.
smoke	Install dependencies	2025-10-30T06:35:12.8434120Z 
smoke	Install dependencies	2025-10-30T06:35:12.8435203Z added 910 packages, and audited 911 packages in 28s
smoke	Install dependencies	2025-10-30T06:35:12.8435835Z 
smoke	Install dependencies	2025-10-30T06:35:12.8436171Z 224 packages are looking for funding
smoke	Install dependencies	2025-10-30T06:35:12.8437380Z   run `npm fund` for details
smoke	Install dependencies	2025-10-30T06:35:12.8667200Z 
smoke	Install dependencies	2025-10-30T06:35:12.8668073Z 9 moderate severity vulnerabilities
smoke	Install dependencies	2025-10-30T06:35:12.8668519Z 
smoke	Install dependencies	2025-10-30T06:35:12.8668977Z To address issues that do not require attention, run:
smoke	Install dependencies	2025-10-30T06:35:12.8669702Z   npm audit fix
smoke	Install dependencies	2025-10-30T06:35:12.8670013Z 
smoke	Install dependencies	2025-10-30T06:35:12.8670377Z To address all issues (including breaking changes), run:
smoke	Install dependencies	2025-10-30T06:35:12.8670913Z   npm audit fix --force
smoke	Install dependencies	2025-10-30T06:35:12.8671180Z 
smoke	Install dependencies	2025-10-30T06:35:12.8671376Z Run `npm audit` for details.
smoke	Build	´╗┐2025-10-30T06:35:12.9000264Z ##[group]Run npm run build
smoke	Build	2025-10-30T06:35:12.9000555Z [36;1mnpm run build[0m
smoke	Build	2025-10-30T06:35:12.9041581Z shell: /usr/bin/bash -e {0}
smoke	Build	2025-10-30T06:35:12.9041806Z env:
smoke	Build	2025-10-30T06:35:12.9041967Z   SITEMINDER_USE_MOCK: 1
smoke	Build	2025-10-30T06:35:12.9042171Z   SITEMINDER_MOCK_PORT: 4015
smoke	Build	2025-10-30T06:35:12.9042368Z ##[endgroup]
smoke	Build	2025-10-30T06:35:13.0194406Z 
smoke	Build	2025-10-30T06:35:13.0194940Z > collecotravel-frontend@0.1.0 prebuild
smoke	Build	2025-10-30T06:35:13.0195975Z > node scripts/copy-branding.mjs && node scripts/generate-icons.mjs && node scripts/generate-favicon.mjs
smoke	Build	2025-10-30T06:35:13.0196863Z 
smoke	Build	2025-10-30T06:35:13.0498211Z [branding] Copied src/assets/colleco-logo.png -> public/assets/colleco-logo.png
smoke	Build	2025-10-30T06:35:13.0514502Z [branding] Copied src/assets/Globeicon.png -> public/assets/Globeicon.png
smoke	Build	2025-10-30T06:35:13.4360578Z Generated PWA icons: 16, 32, 180, 192, 256, 384, 512, 1024
smoke	Build	2025-10-30T06:35:13.6022097Z [favicon] Generated favicon.ico
smoke	Build	2025-10-30T06:35:13.6078294Z 
smoke	Build	2025-10-30T06:35:13.6078875Z > collecotravel-frontend@0.1.0 build
smoke	Build	2025-10-30T06:35:13.6079371Z > vite build
smoke	Build	2025-10-30T06:35:13.6079533Z 
smoke	Build	2025-10-30T06:35:13.8034728Z [36mvite v7.1.7 [32mbuilding for production...[36m[39m
smoke	Build	2025-10-30T06:35:14.0871083Z transforming...
smoke	Build	2025-10-30T06:35:20.3700206Z [32mÔ£ô[39m 2878 modules transformed.
smoke	Build	2025-10-30T06:35:20.7380410Z rendering chunks...
smoke	Build	2025-10-30T06:35:20.7915609Z [33m[esbuild css minify]
smoke	Build	2025-10-30T06:35:20.7926056Z Ôû▓ [WARNING] Unexpected "{" [css-syntax-error]
smoke	Build	2025-10-30T06:35:20.7926704Z 
smoke	Build	2025-10-30T06:35:20.7927102Z     <stdin>:2650:0:
smoke	Build	2025-10-30T06:35:20.7927604Z       2650 Ôöé {
smoke	Build	2025-10-30T06:35:20.7928285Z            ÔòÁ ^
smoke	Build	2025-10-30T06:35:20.7928604Z 
smoke	Build	2025-10-30T06:35:20.7928890Z [39m
smoke	Build	2025-10-30T06:35:21.0006693Z computing gzip size...
smoke	Build	2025-10-30T06:35:21.0265988Z [2mdist/[22m[2massets/[22m[32mcolleco-logo-DW3uDFYR.png               [39m[1m[2m    8.85 kB[22m[1m[22m
smoke	Build	2025-10-30T06:35:21.0269415Z [2mdist/[22m[32mindex.html                                     [39m[1m[2m    9.32 kB[22m[1m[22m[2m Ôöé gzip:   3.38 kB[22m
smoke	Build	2025-10-30T06:35:21.0271059Z [2mdist/[22m[2massets/[22m[32mGlobeicon-Czs_EUAD.png                  [39m[1m[2m1,069.68 kB[22m[1m[22m
smoke	Build	2025-10-30T06:35:21.0272715Z [2mdist/[22m[2massets/[22m[35mHome-ComhdInD.css                       [39m[1m[2m    4.61 kB[22m[1m[22m[2m Ôöé gzip:   1.24 kB[22m
smoke	Build	2025-10-30T06:35:21.0274361Z [2mdist/[22m[2massets/[22m[35mindex-DjRAA6So.css                      [39m[1m[2m   58.16 kB[22m[1m[22m[2m Ôöé gzip:   9.99 kB[22m
smoke	Build	2025-10-30T06:35:21.0276168Z [2mdist/[22m[2massets/[22m[36mAdminPackageForm-KjrLlwlB.js            [39m[1m[2m    0.22 kB[22m[1m[22m[2m Ôöé gzip:   0.18 kB[22m
smoke	Build	2025-10-30T06:35:21.0278100Z [2mdist/[22m[2massets/[22m[36mcheck-circle-2-DRetKRaz.js              [39m[1m[2m    0.23 kB[22m[1m[22m[2m Ôöé gzip:   0.19 kB[22m
smoke	Build	2025-10-30T06:35:21.0279782Z [2mdist/[22m[2massets/[22m[36mcurrency-SRo7-frQ.js                    [39m[1m[2m    0.23 kB[22m[1m[22m[2m Ôöé gzip:   0.19 kB[22m
smoke	Build	2025-10-30T06:35:21.0281428Z [2mdist/[22m[2massets/[22m[36mAnalytics-CbXNtE0D.js                   [39m[1m[2m    0.30 kB[22m[1m[22m[2m Ôöé gzip:   0.23 kB[22m
smoke	Build	2025-10-30T06:35:21.0283066Z [2mdist/[22m[2massets/[22m[36mPartners-BzL8qXKQ.js                    [39m[1m[2m    0.31 kB[22m[1m[22m[2m Ôöé gzip:   0.23 kB[22m
smoke	Build	2025-10-30T06:35:21.0284705Z [2mdist/[22m[2massets/[22m[36mSupport-Bdt8wQS1.js                     [39m[1m[2m    0.42 kB[22m[1m[22m[2m Ôöé gzip:   0.30 kB[22m
smoke	Build	2025-10-30T06:35:21.0286280Z [2mdist/[22m[2massets/[22m[36mTrips-D087XlOe.js                       [39m[1m[2m    0.42 kB[22m[1m[22m[2m Ôöé gzip:   0.30 kB[22m
smoke	Build	2025-10-30T06:35:21.0288084Z [2mdist/[22m[2massets/[22m[36mTerms-Bctxug0d.js                       [39m[1m[2m    0.46 kB[22m[1m[22m[2m Ôöé gzip:   0.30 kB[22m
smoke	Build	2025-10-30T06:35:21.0289728Z [2mdist/[22m[2massets/[22m[36mAutoSyncBanner-DREzCSjW.js              [39m[1m[2m    0.47 kB[22m[1m[22m[2m Ôöé gzip:   0.33 kB[22m
smoke	Build	2025-10-30T06:35:21.0292084Z [2mdist/[22m[2massets/[22m[36mUnauthorized-D9iHMdxS.js                [39m[1m[2m    0.50 kB[22m[1m[22m[2m Ôöé gzip:   0.33 kB[22m
smoke	Build	2025-10-30T06:35:21.0293860Z [2mdist/[22m[2massets/[22m[36mSafety-Cy8oTSkN.js                      [39m[1m[2m    0.50 kB[22m[1m[22m[2m Ôöé gzip:   0.33 kB[22m
smoke	Build	2025-10-30T06:35:21.0295274Z [2mdist/[22m[2massets/[22m[36mdefineProperty-CussRzss.js              [39m[1m[2m    0.51 kB[22m[1m[22m[2m Ôöé gzip:   0.34 kB[22m
smoke	Build	2025-10-30T06:35:21.0296969Z [2mdist/[22m[2massets/[22m[36mReports-DF2M6LgZ.js                     [39m[1m[2m    0.53 kB[22m[1m[22m[2m Ôöé gzip:   0.33 kB[22m
smoke	Build	2025-10-30T06:35:21.0298785Z [2mdist/[22m[2massets/[22m[36mAbout-DECV7XNC.js                       [39m[1m[2m    0.55 kB[22m[1m[22m[2m Ôöé gzip:   0.36 kB[22m
smoke	Build	2025-10-30T06:35:21.0300191Z [2mdist/[22m[2massets/[22m[36mPackages-CmuSAdLG.js                    [39m[1m[2m    0.59 kB[22m[1m[22m[2m Ôöé gzip:   0.38 kB[22m
smoke	Build	2025-10-30T06:35:21.0301650Z [2mdist/[22m[2massets/[22m[36mTransportDispatch-Ic2W8mbL.js           [39m[1m[2m    0.63 kB[22m[1m[22m[2m Ôöé gzip:   0.38 kB[22m
smoke	Build	2025-10-30T06:35:21.0303224Z [2mdist/[22m[2massets/[22m[36munsupportedIterableToArray-4EWRbQKi.js  [39m[1m[2m    0.65 kB[22m[1m[22m[2m Ôöé gzip:   0.39 kB[22m
smoke	Build	2025-10-30T06:35:21.0304638Z [2mdist/[22m[2massets/[22m[36mComplianceStatusCard-DmzjdPR8.js        [39m[1m[2m    0.89 kB[22m[1m[22m[2m Ôöé gzip:   0.45 kB[22m
smoke	Build	2025-10-30T06:35:21.0306025Z [2mdist/[22m[2massets/[22m[36mLiveStatCard-DZgi5yhJ.js                [39m[1m[2m    0.92 kB[22m[1m[22m[2m Ôöé gzip:   0.47 kB[22m
smoke	Build	2025-10-30T06:35:21.0307427Z [2mdist/[22m[2massets/[22m[36mProfile-nYoCwxKC.js                     [39m[1m[2m    0.99 kB[22m[1m[22m[2m Ôöé gzip:   0.52 kB[22m
smoke	Build	2025-10-30T06:35:21.0309130Z [2mdist/[22m[2massets/[22m[36museBasketState-BA_4o9q-.js              [39m[1m[2m    0.99 kB[22m[1m[22m[2m Ôöé gzip:   0.50 kB[22m
smoke	Build	2025-10-30T06:35:21.0310658Z [2mdist/[22m[2massets/[22m[36mPromotionsBalanceCard-DCiSlrZ_.js       [39m[1m[2m    1.09 kB[22m[1m[22m[2m Ôöé gzip:   0.56 kB[22m
smoke	Build	2025-10-30T06:35:21.0312146Z [2mdist/[22m[2massets/[22m[36mPromotions-CXlffvWw.js                  [39m[1m[2m    1.12 kB[22m[1m[22m[2m Ôöé gzip:   0.57 kB[22m
smoke	Build	2025-10-30T06:35:21.0313550Z [2mdist/[22m[2massets/[22m[36mpayments-B5qOTW8F.js                    [39m[1m[2m    1.26 kB[22m[1m[22m[2m Ôöé gzip:   0.64 kB[22m
smoke	Build	2025-10-30T06:35:21.0314926Z [2mdist/[22m[2massets/[22m[36mPayouts-Ckz-HETu.js                     [39m[1m[2m    1.36 kB[22m[1m[22m[2m Ôöé gzip:   0.45 kB[22m
smoke	Build	2025-10-30T06:35:21.0316299Z [2mdist/[22m[2massets/[22m[36mCarBooking-Dr5s9ZSY.js                  [39m[1m[2m    1.47 kB[22m[1m[22m[2m Ôöé gzip:   0.68 kB[22m
smoke	Build	2025-10-30T06:35:21.0317957Z [2mdist/[22m[2massets/[22m[36mAccommodationBooking-DYLtue2s.js        [39m[1m[2m    1.53 kB[22m[1m[22m[2m Ôöé gzip:   0.69 kB[22m
smoke	Build	2025-10-30T06:35:21.0319572Z [2mdist/[22m[2massets/[22m[36museClickOutside-D1W7v3m5.js             [39m[1m[2m    1.83 kB[22m[1m[22m[2m Ôöé gzip:   0.84 kB[22m
smoke	Build	2025-10-30T06:35:21.0321089Z [2mdist/[22m[2massets/[22m[36mDirectBooking-BtXQmeLo.js               [39m[1m[2m    1.98 kB[22m[1m[22m[2m Ôöé gzip:   0.73 kB[22m
smoke	Build	2025-10-30T06:35:21.0322580Z [2mdist/[22m[2massets/[22m[36mContact-C8tKCAzG.js                     [39m[1m[2m    2.14 kB[22m[1m[22m[2m Ôöé gzip:   0.92 kB[22m
smoke	Build	2025-10-30T06:35:21.0324037Z [2mdist/[22m[2massets/[22m[36mAdminAccommodation-DMCx3uQD.js          [39m[1m[2m    2.52 kB[22m[1m[22m[2m Ôöé gzip:   0.98 kB[22m
smoke	Build	2025-10-30T06:35:21.0325550Z [2mdist/[22m[2massets/[22m[36mTransfers-CXybymnw.js                   [39m[1m[2m    2.55 kB[22m[1m[22m[2m Ôöé gzip:   0.90 kB[22m
smoke	Build	2025-10-30T06:35:21.0327110Z [2mdist/[22m[2massets/[22m[36mFlightBooking-DmDxr178.js               [39m[1m[2m    2.83 kB[22m[1m[22m[2m Ôöé gzip:   1.08 kB[22m
smoke	Build	2025-10-30T06:35:21.0329080Z [2mdist/[22m[2massets/[22m[36mQuotes-CNFTYRSi.js                      [39m[1m[2m    2.92 kB[22m[1m[22m[2m Ôöé gzip:   1.22 kB[22m
smoke	Build	2025-10-30T06:35:21.0330555Z [2mdist/[22m[2massets/[22m[36mPaymentSuccess-U671xEux.js              [39m[1m[2m    3.44 kB[22m[1m[22m[2m Ôöé gzip:   1.26 kB[22m
smoke	Build	2025-10-30T06:35:21.0331983Z [2mdist/[22m[2massets/[22m[36mindex-kYCHX8Oh.js                       [39m[1m[2m    3.48 kB[22m[1m[22m[2m Ôöé gzip:   1.67 kB[22m
smoke	Build	2025-10-30T06:35:21.0333569Z [2mdist/[22m[2massets/[22m[36mCompliance-BulZnLs5.js                  [39m[1m[2m    3.57 kB[22m[1m[22m[2m Ôöé gzip:   1.52 kB[22m
smoke	Build	2025-10-30T06:35:21.0335105Z [2mdist/[22m[2massets/[22m[36mcollabStore-BfLSXAgm.js                 [39m[1m[2m    3.66 kB[22m[1m[22m[2m Ôöé gzip:   1.59 kB[22m
smoke	Build	2025-10-30T06:35:21.0336621Z [2mdist/[22m[2massets/[22m[36mBookings-8F7UdGKE.js                    [39m[1m[2m    3.71 kB[22m[1m[22m[2m Ôöé gzip:   1.31 kB[22m
smoke	Build	2025-10-30T06:35:21.0338259Z [2mdist/[22m[2massets/[22m[36mclient-DmVibFEL.js                      [39m[1m[2m    3.80 kB[22m[1m[22m[2m Ôöé gzip:   1.10 kB[22m
smoke	Build	2025-10-30T06:35:21.0339758Z [2mdist/[22m[2massets/[22m[36mAdminConsole-Bcss9UI0.js                [39m[1m[2m    4.33 kB[22m[1m[22m[2m Ôöé gzip:   1.48 kB[22m
smoke	Build	2025-10-30T06:35:21.0341302Z [2mdist/[22m[2massets/[22m[36mPaymentButton-AjnLsOlH.js               [39m[1m[2m    4.56 kB[22m[1m[22m[2m Ôöé gzip:   1.75 kB[22m
smoke	Build	2025-10-30T06:35:21.0342817Z [2mdist/[22m[2massets/[22m[36mLogin-B7mCmEhg.js                       [39m[1m[2m    6.92 kB[22m[1m[22m[2m Ôöé gzip:   1.96 kB[22m
smoke	Build	2025-10-30T06:35:21.0344335Z [2mdist/[22m[2massets/[22m[36mCollabAnalytics-D6WNpuHa.js             [39m[1m[2m    9.27 kB[22m[1m[22m[2m Ôöé gzip:   2.77 kB[22m
smoke	Build	2025-10-30T06:35:21.0345920Z [2mdist/[22m[2massets/[22m[36mAIMetricsPage-Cd0lnHw2.js               [39m[1m[2m   10.37 kB[22m[1m[22m[2m Ôöé gzip:   2.92 kB[22m
smoke	Build	2025-10-30T06:35:21.0347491Z [2mdist/[22m[2massets/[22m[36mPartnerDashboard-BGf1BN6o.js            [39m[1m[2m   10.47 kB[22m[1m[22m[2m Ôöé gzip:   3.52 kB[22m
smoke	Build	2025-10-30T06:35:21.0349240Z [2mdist/[22m[2massets/[22m[36mSettings-DRZ8YbKE.js                    [39m[1m[2m   11.16 kB[22m[1m[22m[2m Ôöé gzip:   3.16 kB[22m
smoke	Build	2025-10-30T06:35:21.0350823Z [2mdist/[22m[2massets/[22m[36mAdminConsoleEnhanced-DM5ES4cA.js        [39m[1m[2m   11.63 kB[22m[1m[22m[2m Ôöé gzip:   3.26 kB[22m
smoke	Build	2025-10-30T06:35:21.0352427Z [2mdist/[22m[2massets/[22m[36mNewQuote-BlA9Dn97.js                    [39m[1m[2m   12.96 kB[22m[1m[22m[2m Ôöé gzip:   3.17 kB[22m
smoke	Build	2025-10-30T06:35:21.0353962Z [2mdist/[22m[2massets/[22m[36mCollaboration-D7XPGfX2.js               [39m[1m[2m   15.93 kB[22m[1m[22m[2m Ôöé gzip:   4.75 kB[22m
smoke	Build	2025-10-30T06:35:21.0355529Z [2mdist/[22m[2massets/[22m[36mWorkspacePage-7pEIVfUJ.js               [39m[1m[2m   19.72 kB[22m[1m[22m[2m Ôöé gzip:   6.24 kB[22m
smoke	Build	2025-10-30T06:35:21.0357074Z [2mdist/[22m[2massets/[22m[36mpurify.es-aGzT-_H7.js                   [39m[1m[2m   22.15 kB[22m[1m[22m[2m Ôöé gzip:   8.67 kB[22m
smoke	Build	2025-10-30T06:35:21.0358691Z [2mdist/[22m[2massets/[22m[36mItinerary-BS_493Pz.js                   [39m[1m[2m   26.42 kB[22m[1m[22m[2m Ôöé gzip:   7.84 kB[22m
smoke	Build	2025-10-30T06:35:21.0360241Z [2mdist/[22m[2massets/[22m[36mAIGeneratorPage-DjwKpbBw.js             [39m[1m[2m   29.66 kB[22m[1m[22m[2m Ôöé gzip:   8.09 kB[22m
smoke	Build	2025-10-30T06:35:21.0361788Z [2mdist/[22m[2massets/[22m[36mquotes-CJLNU-xA.js                      [39m[1m[2m   33.63 kB[22m[1m[22m[2m Ôöé gzip:  11.05 kB[22m
smoke	Build	2025-10-30T06:35:21.0363263Z [2mdist/[22m[2massets/[22m[36mHome-DREpMS5t.js                        [39m[1m[2m   52.27 kB[22m[1m[22m[2m Ôöé gzip:  15.69 kB[22m
smoke	Build	2025-10-30T06:35:21.0364750Z [2mdist/[22m[2massets/[22m[36mPlanTrip-BvRxNaIT.js                    [39m[1m[2m   60.23 kB[22m[1m[22m[2m Ôöé gzip:  14.58 kB[22m
smoke	Build	2025-10-30T06:35:21.0366251Z [2mdist/[22m[2massets/[22m[36mindex.esm-CxrLPpFl.js                   [39m[1m[2m   95.90 kB[22m[1m[22m[2m Ôöé gzip:  23.03 kB[22m
smoke	Build	2025-10-30T06:35:21.0368083Z [2mdist/[22m[2massets/[22m[36mindex.es-DEpydDc2.js                    [39m[1m[2m  158.98 kB[22m[1m[22m[2m Ôöé gzip:  53.25 kB[22m
smoke	Build	2025-10-30T06:35:21.0369790Z [2mdist/[22m[2massets/[22m[36mhtml2canvas.esm-B0tyYwQk.js             [39m[1m[2m  202.36 kB[22m[1m[22m[2m Ôöé gzip:  48.04 kB[22m
smoke	Build	2025-10-30T06:35:21.0371397Z [2mdist/[22m[2massets/[22m[36mjspdf.es.min-Bn-8S_mY.js                [39m[1m[2m  386.83 kB[22m[1m[22m[2m Ôöé gzip: 126.82 kB[22m
smoke	Build	2025-10-30T06:35:21.0373042Z [2mdist/[22m[2massets/[22m[36mindex-9eYr-cVl.js                       [39m[1m[2m  406.78 kB[22m[1m[22m[2m Ôöé gzip: 129.29 kB[22m
smoke	Build	2025-10-30T06:35:21.0373880Z [32mÔ£ô built in 7.20s[39m
smoke	Start backend server	´╗┐2025-10-30T06:35:21.1102093Z ##[group]Run # start the demo backend on port 4001 so the workflow health check matches
smoke	Start backend server	2025-10-30T06:35:21.1102649Z [36;1m# start the demo backend on port 4001 so the workflow health check matches[0m
smoke	Start backend server	2025-10-30T06:35:21.1103098Z [36;1mPORT=4001 nohup node server/server.js > server.log 2>&1 &[0m
smoke	Start backend server	2025-10-30T06:35:21.1103405Z [36;1mecho $! > backend.pid[0m
smoke	Start backend server	2025-10-30T06:35:21.1141714Z shell: /usr/bin/bash -e {0}
smoke	Start backend server	2025-10-30T06:35:21.1141949Z env:
smoke	Start backend server	2025-10-30T06:35:21.1142110Z   SITEMINDER_USE_MOCK: 1
smoke	Start backend server	2025-10-30T06:35:21.1142321Z   SITEMINDER_MOCK_PORT: 4015
smoke	Start backend server	2025-10-30T06:35:21.1142518Z ##[endgroup]
smoke	Start preview server	´╗┐2025-10-30T06:35:21.1229954Z ##[group]Run # bind to loopback and use port 5173 (matches local preview)
smoke	Start preview server	2025-10-30T06:35:21.1230764Z [36;1m# bind to loopback and use port 5173 (matches local preview)[0m
smoke	Start preview server	2025-10-30T06:35:21.1231435Z [36;1mnohup npx serve -s dist -l 5173 > preview.log 2>&1 &[0m
smoke	Start preview server	2025-10-30T06:35:21.1231959Z [36;1mecho $! > preview.pid[0m
smoke	Start preview server	2025-10-30T06:35:21.1274314Z shell: /usr/bin/bash -e {0}
smoke	Start preview server	2025-10-30T06:35:21.1274680Z env:
smoke	Start preview server	2025-10-30T06:35:21.1274976Z   SITEMINDER_USE_MOCK: 1
smoke	Start preview server	2025-10-30T06:35:21.1275337Z   SITEMINDER_MOCK_PORT: 4015
smoke	Start preview server	2025-10-30T06:35:21.1275710Z ##[endgroup]
smoke	Wait for services	´╗┐2025-10-30T06:35:21.1388178Z ##[group]Run set -e
smoke	Wait for services	2025-10-30T06:35:21.1388635Z [36;1mset -e[0m
smoke	Wait for services	2025-10-30T06:35:21.1389145Z [36;1m# more verbose wait loop: report per-attempt which endpoint responds[0m
smoke	Wait for services	2025-10-30T06:35:21.1389759Z [36;1mBACKEND_OK=0[0m
smoke	Wait for services	2025-10-30T06:35:21.1390101Z [36;1mPREVIEW_OK=0[0m
smoke	Wait for services	2025-10-30T06:35:21.1390453Z [36;1mfor i in $(seq 1 120); do[0m
smoke	Wait for services	2025-10-30T06:35:21.1390918Z [36;1m  echo "try=$i: checking backend:4001 preview:5173"[0m
smoke	Wait for services	2025-10-30T06:35:21.1391584Z [36;1m  if curl -fsS http://127.0.0.1:4001/health >/dev/null 2>&1; then[0m
smoke	Wait for services	2025-10-30T06:35:21.1392190Z [36;1m    echo "backend 4001 OK"; BACKEND_OK=1[0m
smoke	Wait for services	2025-10-30T06:35:21.1392616Z [36;1m  else[0m
smoke	Wait for services	2025-10-30T06:35:21.1392936Z [36;1m    echo "backend not ready"[0m
smoke	Wait for services	2025-10-30T06:35:21.1393317Z [36;1m  fi[0m
smoke	Wait for services	2025-10-30T06:35:21.1393601Z [36;1m[0m
smoke	Wait for services	2025-10-30T06:35:21.1393992Z [36;1m  if curl -fsS http://127.0.0.1:5173 >/dev/null 2>&1; then[0m
smoke	Wait for services	2025-10-30T06:35:21.1394542Z [36;1m    echo "preview 5173 OK"; PREVIEW_OK=1[0m
smoke	Wait for services	2025-10-30T06:35:21.1395004Z [36;1m  else[0m
smoke	Wait for services	2025-10-30T06:35:21.1395333Z [36;1m    echo "preview not ready"[0m
smoke	Wait for services	2025-10-30T06:35:21.1395722Z [36;1m  fi[0m
smoke	Wait for services	2025-10-30T06:35:21.1395997Z [36;1m[0m
smoke	Wait for services	2025-10-30T06:35:21.1396372Z [36;1m  if [ "$BACKEND_OK" -eq 1 ] && [ "$PREVIEW_OK" -eq 1 ]; then[0m
smoke	Wait for services	2025-10-30T06:35:21.1396891Z [36;1m    echo "services up"; exit 0[0m
smoke	Wait for services	2025-10-30T06:35:21.1397254Z [36;1m  fi[0m
smoke	Wait for services	2025-10-30T06:35:21.1397506Z [36;1m[0m
smoke	Wait for services	2025-10-30T06:35:21.1398052Z [36;1m  echo "waiting for services... ($i)"; sleep 1[0m
smoke	Wait for services	2025-10-30T06:35:21.1398481Z [36;1mdone[0m
smoke	Wait for services	2025-10-30T06:35:21.1398742Z [36;1m[0m
smoke	Wait for services	2025-10-30T06:35:21.1399383Z [36;1mecho "ERROR: services did not become ready after timeout. Last 200 lines of server.log and preview.log follow:" >&2[0m
smoke	Wait for services	2025-10-30T06:35:21.1400195Z [36;1mecho "--- server.log ---" >&2[0m
smoke	Wait for services	2025-10-30T06:35:21.1400618Z [36;1mtail -n 200 server.log || true[0m
smoke	Wait for services	2025-10-30T06:35:21.1401067Z [36;1mecho "--- preview.log ---" >&2[0m
smoke	Wait for services	2025-10-30T06:35:21.1401499Z [36;1mtail -n 200 preview.log || true[0m
smoke	Wait for services	2025-10-30T06:35:21.1401908Z [36;1mexit 1[0m
smoke	Wait for services	2025-10-30T06:35:21.1446289Z shell: /usr/bin/bash -e {0}
smoke	Wait for services	2025-10-30T06:35:21.1446673Z env:
smoke	Wait for services	2025-10-30T06:35:21.1446954Z   SITEMINDER_USE_MOCK: 1
smoke	Wait for services	2025-10-30T06:35:21.1447319Z   SITEMINDER_MOCK_PORT: 4015
smoke	Wait for services	2025-10-30T06:35:21.1447939Z ##[endgroup]
smoke	Wait for services	2025-10-30T06:35:21.1689950Z try=1: checking backend:4001 preview:5173
smoke	Wait for services	2025-10-30T06:35:21.1825676Z backend not ready
smoke	Wait for services	2025-10-30T06:35:21.2016650Z preview not ready
smoke	Wait for services	2025-10-30T06:35:21.2021605Z waiting for services... (1)
smoke	Wait for services	2025-10-30T06:35:22.2050238Z try=2: checking backend:4001 preview:5173
smoke	Wait for services	2025-10-30T06:35:22.2188404Z backend 4001 OK
smoke	Wait for services	2025-10-30T06:35:22.2385615Z preview 5173 OK
smoke	Wait for services	2025-10-30T06:35:22.2387038Z services up
smoke	Cypress run (smoke)	´╗┐2025-10-30T06:35:22.2418260Z ##[group]Run SPECS="cypress/e2e/smoke.cy.js"
smoke	Cypress run (smoke)	2025-10-30T06:35:22.2418614Z [36;1mSPECS="cypress/e2e/smoke.cy.js"[0m
smoke	Cypress run (smoke)	2025-10-30T06:35:22.2418994Z [36;1mnpx cypress run --browser electron --config video=false --spec "$SPECS"[0m
smoke	Cypress run (smoke)	2025-10-30T06:35:22.2451133Z shell: /usr/bin/bash -e {0}
smoke	Cypress run (smoke)	2025-10-30T06:35:22.2451348Z env:
smoke	Cypress run (smoke)	2025-10-30T06:35:22.2451516Z   SITEMINDER_USE_MOCK: 1
smoke	Cypress run (smoke)	2025-10-30T06:35:22.2451719Z   SITEMINDER_MOCK_PORT: 4015
smoke	Cypress run (smoke)	2025-10-30T06:35:22.2451944Z   API_BASE: http://127.0.0.1:4001
smoke	Cypress run (smoke)	2025-10-30T06:35:22.2452158Z   CI: true
smoke	Cypress run (smoke)	2025-10-30T06:35:22.2452316Z ##[endgroup]
smoke	Cypress run (smoke)	2025-10-30T06:35:22.7643782Z It looks like this is your first time using Cypress: 13.17.0
smoke	Cypress run (smoke)	2025-10-30T06:35:22.7648130Z 
smoke	Cypress run (smoke)	2025-10-30T06:35:22.7671940Z [STARTED] Task without title.
smoke	Cypress run (smoke)	2025-10-30T06:35:27.9339927Z [SUCCESS] Task without title.
smoke	Cypress run (smoke)	2025-10-30T06:35:27.9343236Z 
smoke	Cypress run (smoke)	2025-10-30T06:35:27.9343701Z Opening Cypress...
smoke	Cypress run (smoke)	2025-10-30T06:35:28.5553798Z 
smoke	Cypress run (smoke)	2025-10-30T06:35:28.5554962Z DevTools listening on ws://127.0.0.1:38145/devtools/browser/a15b8ee5-99fb-4093-9a82-9edcb5c39ca4
smoke	Cypress run (smoke)	2025-10-30T06:35:36.3254235Z [33mCypress could not verify that this server is running:[39m
smoke	Cypress run (smoke)	2025-10-30T06:35:36.3254954Z [33m[39m
smoke	Cypress run (smoke)	2025-10-30T06:35:36.3255659Z [33m[90m  > [33m[94mhttp://localhost:5174[33m[39m
smoke	Cypress run (smoke)	2025-10-30T06:35:36.3255991Z [33m[39m
smoke	Cypress run (smoke)	2025-10-30T06:35:36.3256505Z [33mWe are verifying this server because it has been configured as your [33mbaseUrl[33m.[39m
smoke	Cypress run (smoke)	2025-10-30T06:35:36.3256907Z [33m[39m
smoke	Cypress run (smoke)	2025-10-30T06:35:36.3257384Z [33mCypress automatically waits until your server is accessible before running tests.[39m
smoke	Cypress run (smoke)	2025-10-30T06:35:36.3258023Z [33m[39m
smoke	Cypress run (smoke)	2025-10-30T06:35:36.3258385Z [33m[90mWe will try connecting to it 3 more times...[33m[39m
smoke	Cypress run (smoke)	2025-10-30T06:35:39.3310327Z [33m[90mWe will try connecting to it 2 more times...[33m[39m
smoke	Cypress run (smoke)	2025-10-30T06:35:42.3360771Z [33m[90mWe will try connecting to it 1 more time...[33m[39m
smoke	Cypress run (smoke)	2025-10-30T06:35:42.3361204Z [33m[90m[33m[39m
smoke	Cypress run (smoke)	2025-10-30T06:35:46.3400159Z [31mCypress failed to verify that your server is running.[39m
smoke	Cypress run (smoke)	2025-10-30T06:35:46.3400910Z [31m[39m
smoke	Cypress run (smoke)	2025-10-30T06:35:46.3401573Z [31mPlease start this server and then run Cypress again.[39m
smoke	Cypress run (smoke)	2025-10-30T06:35:46.4143626Z ##[error]Process completed with exit code 1.
smoke	Upload artifacts	´╗┐2025-10-30T06:35:46.4212425Z ##[group]Run actions/upload-artifact@v4
smoke	Upload artifacts	2025-10-30T06:35:46.4212687Z with:
smoke	Upload artifacts	2025-10-30T06:35:46.4212855Z   name: cypress-smoke-artifacts
smoke	Upload artifacts	2025-10-30T06:35:46.4213154Z   path: cypress/videos
smoke	Upload artifacts	cypress/screenshots
smoke	Upload artifacts	server.log
smoke	Upload artifacts	preview.log
smoke	Upload artifacts	
smoke	Upload artifacts	2025-10-30T06:35:46.4213471Z   if-no-files-found: ignore
smoke	Upload artifacts	2025-10-30T06:35:46.4213673Z   compression-level: 6
smoke	Upload artifacts	2025-10-30T06:35:46.4213855Z   overwrite: false
smoke	Upload artifacts	2025-10-30T06:35:46.4214056Z   include-hidden-files: false
smoke	Upload artifacts	2025-10-30T06:35:46.4214257Z env:
smoke	Upload artifacts	2025-10-30T06:35:46.4214418Z   SITEMINDER_USE_MOCK: 1
smoke	Upload artifacts	2025-10-30T06:35:46.4214619Z   SITEMINDER_MOCK_PORT: 4015
smoke	Upload artifacts	2025-10-30T06:35:46.4214808Z ##[endgroup]
smoke	Upload artifacts	2025-10-30T06:35:46.6337055Z Multiple search paths detected. Calculating the least common ancestor of all paths
smoke	Upload artifacts	2025-10-30T06:35:46.6343440Z The least common ancestor is /home/runner/work/colleco-mvp/colleco-mvp. This will be the root directory of the artifact
smoke	Upload artifacts	2025-10-30T06:35:46.6344588Z With the provided path, there will be 2 files uploaded
smoke	Upload artifacts	2025-10-30T06:35:46.6349622Z Artifact name is valid!
smoke	Upload artifacts	2025-10-30T06:35:46.6350851Z Root directory input is valid!
smoke	Upload artifacts	2025-10-30T06:35:46.7277857Z Beginning upload of artifact content to blob storage
smoke	Upload artifacts	2025-10-30T06:35:46.7917099Z Uploaded bytes 412
smoke	Upload artifacts	2025-10-30T06:35:46.8104980Z Finished uploading artifact content to blob storage!
smoke	Upload artifacts	2025-10-30T06:35:46.8108300Z SHA256 digest of uploaded artifact zip is b06b539f97a1d1f07912a03fcca16fe44e206f3bcd88967882374047ad694d68
smoke	Upload artifacts	2025-10-30T06:35:46.8109823Z Finalizing artifact upload
smoke	Upload artifacts	2025-10-30T06:35:46.8965845Z Artifact cypress-smoke-artifacts.zip successfully finalized. Artifact ID 4414250815
smoke	Upload artifacts	2025-10-30T06:35:46.8967329Z Artifact cypress-smoke-artifacts has been successfully uploaded! Final size is 412 bytes. Artifact ID is 4414250815
smoke	Upload artifacts	2025-10-30T06:35:46.8973826Z Artifact download URL: https://github.com/collecokzn-creator/colleco-mvp/actions/runs/18932086219/artifacts/4414250815
smoke	Post Checkout	´╗┐2025-10-30T06:35:46.9123636Z Post job cleanup.
smoke	Post Checkout	2025-10-30T06:35:47.0048043Z [command]/usr/bin/git version
smoke	Post Checkout	2025-10-30T06:35:47.0083226Z git version 2.51.0
smoke	Post Checkout	2025-10-30T06:35:47.0132742Z Temporarily overriding HOME='/home/runner/work/_temp/fb84fb0c-4307-44aa-8d58-1210e3095743' before making global git config changes
smoke	Post Checkout	2025-10-30T06:35:47.0134181Z Adding repository directory to the temporary git global config as a safe directory
smoke	Post Checkout	2025-10-30T06:35:47.0138729Z [command]/usr/bin/git config --global --add safe.directory /home/runner/work/colleco-mvp/colleco-mvp
smoke	Post Checkout	2025-10-30T06:35:47.0172485Z [command]/usr/bin/git config --local --name-only --get-regexp core\.sshCommand
smoke	Post Checkout	2025-10-30T06:35:47.0204625Z [command]/usr/bin/git submodule foreach --recursive sh -c "git config --local --name-only --get-regexp 'core\.sshCommand' && git config --local --unset-all 'core.sshCommand' || :"
smoke	Post Checkout	2025-10-30T06:35:47.0430094Z [command]/usr/bin/git config --local --name-only --get-regexp http\.https\:\/\/github\.com\/\.extraheader
smoke	Post Checkout	2025-10-30T06:35:47.0450021Z http.https://github.com/.extraheader
smoke	Post Checkout	2025-10-30T06:35:47.0461747Z [command]/usr/bin/git config --local --unset-all http.https://github.com/.extraheader
smoke	Post Checkout	2025-10-30T06:35:47.0490620Z [command]/usr/bin/git submodule foreach --recursive sh -c "git config --local --name-only --get-regexp 'http\.https\:\/\/github\.com\/\.extraheader' && git config --local --unset-all 'http.https://github.com/.extraheader' || :"
smoke	Complete job	´╗┐2025-10-30T06:35:47.0813824Z Cleaning up orphan processes
smoke	Complete job	2025-10-30T06:35:47.1083047Z Terminate orphan process: pid (2260) (node)
smoke	Complete job	2025-10-30T06:35:47.1099624Z Terminate orphan process: pid (2268) (npm exec serve -s dist -l 5173)
smoke	Complete job	2025-10-30T06:35:47.1132426Z Terminate orphan process: pid (2285) (sh)
smoke	Complete job	2025-10-30T06:35:47.1153917Z Terminate orphan process: pid (2286) (node)
