smoke	UNKNOWN STEP	´╗┐2025-10-30T06:51:01.1568601Z Current runner version: '2.328.0'
smoke	UNKNOWN STEP	2025-10-30T06:51:01.1606170Z ##[group]Runner Image Provisioner
smoke	UNKNOWN STEP	2025-10-30T06:51:01.1607645Z Hosted Compute Agent
smoke	UNKNOWN STEP	2025-10-30T06:51:01.1608564Z Version: 20250912.392
smoke	UNKNOWN STEP	2025-10-30T06:51:01.1609635Z Commit: d921fda672a98b64f4f82364647e2f10b2267d0b
smoke	UNKNOWN STEP	2025-10-30T06:51:01.1611016Z Build Date: 2025-09-12T15:23:14Z
smoke	UNKNOWN STEP	2025-10-30T06:51:01.1612108Z ##[endgroup]
smoke	UNKNOWN STEP	2025-10-30T06:51:01.1613589Z ##[group]Operating System
smoke	UNKNOWN STEP	2025-10-30T06:51:01.1614933Z Ubuntu
smoke	UNKNOWN STEP	2025-10-30T06:51:01.1615799Z 24.04.3
smoke	UNKNOWN STEP	2025-10-30T06:51:01.1616649Z LTS
smoke	UNKNOWN STEP	2025-10-30T06:51:01.1617650Z ##[endgroup]
smoke	UNKNOWN STEP	2025-10-30T06:51:01.1618536Z ##[group]Runner Image
smoke	UNKNOWN STEP	2025-10-30T06:51:01.1619576Z Image: ubuntu-24.04
smoke	UNKNOWN STEP	2025-10-30T06:51:01.1620764Z Version: 20250929.60.1
smoke	UNKNOWN STEP	2025-10-30T06:51:01.1622916Z Included Software: https://github.com/actions/runner-images/blob/ubuntu24/20250929.60/images/ubuntu/Ubuntu2404-Readme.md
smoke	UNKNOWN STEP	2025-10-30T06:51:01.1625788Z Image Release: https://github.com/actions/runner-images/releases/tag/ubuntu24%2F20250929.60
smoke	UNKNOWN STEP	2025-10-30T06:51:01.1627527Z ##[endgroup]
smoke	UNKNOWN STEP	2025-10-30T06:51:01.1629627Z ##[group]GITHUB_TOKEN Permissions
smoke	UNKNOWN STEP	2025-10-30T06:51:01.1632975Z Contents: read
smoke	UNKNOWN STEP	2025-10-30T06:51:01.1633953Z Metadata: read
smoke	UNKNOWN STEP	2025-10-30T06:51:01.1634889Z Packages: read
smoke	UNKNOWN STEP	2025-10-30T06:51:01.1635866Z ##[endgroup]
smoke	UNKNOWN STEP	2025-10-30T06:51:01.1638905Z Secret source: Actions
smoke	UNKNOWN STEP	2025-10-30T06:51:01.1640263Z Prepare workflow directory
smoke	UNKNOWN STEP	2025-10-30T06:51:01.2137206Z Prepare all required actions
smoke	UNKNOWN STEP	2025-10-30T06:51:01.2193559Z Getting action download info
smoke	UNKNOWN STEP	2025-10-30T06:51:01.5494917Z Download action repository 'actions/checkout@v4' (SHA:08eba0b27e820071cde6df949e0beb9ba4906955)
smoke	UNKNOWN STEP	2025-10-30T06:51:01.7311889Z Download action repository 'actions/setup-node@v4' (SHA:49933ea5288caeca8642d1e84afbd3f7d6820020)
smoke	UNKNOWN STEP	2025-10-30T06:51:01.8756152Z Download action repository 'actions/upload-artifact@v4' (SHA:ea165f8d65b6e75b540449e92b4886f43607fa02)
smoke	UNKNOWN STEP	2025-10-30T06:51:02.1251639Z Complete job name: smoke
smoke	UNKNOWN STEP	2025-10-30T06:51:02.1959773Z ##[group]Run actions/checkout@v4
smoke	UNKNOWN STEP	2025-10-30T06:51:02.1960639Z with:
smoke	UNKNOWN STEP	2025-10-30T06:51:02.1961103Z   repository: collecokzn-creator/colleco-mvp
smoke	UNKNOWN STEP	2025-10-30T06:51:02.1961828Z   token: ***
smoke	UNKNOWN STEP	2025-10-30T06:51:02.1962365Z   ssh-strict: true
smoke	UNKNOWN STEP	2025-10-30T06:51:02.1962775Z   ssh-user: git
smoke	UNKNOWN STEP	2025-10-30T06:51:02.1963154Z   persist-credentials: true
smoke	UNKNOWN STEP	2025-10-30T06:51:02.1963582Z   clean: true
smoke	UNKNOWN STEP	2025-10-30T06:51:02.1963980Z   sparse-checkout-cone-mode: true
smoke	UNKNOWN STEP	2025-10-30T06:51:02.1964448Z   fetch-depth: 1
smoke	UNKNOWN STEP	2025-10-30T06:51:02.1964825Z   fetch-tags: false
smoke	UNKNOWN STEP	2025-10-30T06:51:02.1965218Z   show-progress: true
smoke	UNKNOWN STEP	2025-10-30T06:51:02.1965623Z   lfs: false
smoke	UNKNOWN STEP	2025-10-30T06:51:02.1965982Z   submodules: false
smoke	UNKNOWN STEP	2025-10-30T06:51:02.1966369Z   set-safe-directory: true
smoke	UNKNOWN STEP	2025-10-30T06:51:02.1967047Z env:
smoke	UNKNOWN STEP	2025-10-30T06:51:02.1967426Z   SITEMINDER_USE_MOCK: 1
smoke	UNKNOWN STEP	2025-10-30T06:51:02.1967854Z   SITEMINDER_MOCK_PORT: 4015
smoke	UNKNOWN STEP	2025-10-30T06:51:02.1968288Z ##[endgroup]
smoke	UNKNOWN STEP	2025-10-30T06:51:02.3092711Z Syncing repository: collecokzn-creator/colleco-mvp
smoke	UNKNOWN STEP	2025-10-30T06:51:02.3095620Z ##[group]Getting Git version info
smoke	UNKNOWN STEP	2025-10-30T06:51:02.3096793Z Working directory is '/home/runner/work/colleco-mvp/colleco-mvp'
smoke	UNKNOWN STEP	2025-10-30T06:51:02.3098415Z [command]/usr/bin/git version
smoke	UNKNOWN STEP	2025-10-30T06:51:02.3160896Z git version 2.51.0
smoke	UNKNOWN STEP	2025-10-30T06:51:02.3188224Z ##[endgroup]
smoke	UNKNOWN STEP	2025-10-30T06:51:02.3204195Z Temporarily overriding HOME='/home/runner/work/_temp/fda5aa75-b243-4ca1-a6ea-fdaa5dd9567f' before making global git config changes
smoke	UNKNOWN STEP	2025-10-30T06:51:02.3206630Z Adding repository directory to the temporary git global config as a safe directory
smoke	UNKNOWN STEP	2025-10-30T06:51:02.3210825Z [command]/usr/bin/git config --global --add safe.directory /home/runner/work/colleco-mvp/colleco-mvp
smoke	UNKNOWN STEP	2025-10-30T06:51:02.3248619Z Deleting the contents of '/home/runner/work/colleco-mvp/colleco-mvp'
smoke	UNKNOWN STEP	2025-10-30T06:51:02.3254417Z ##[group]Initializing the repository
smoke	UNKNOWN STEP	2025-10-30T06:51:02.3259256Z [command]/usr/bin/git init /home/runner/work/colleco-mvp/colleco-mvp
smoke	UNKNOWN STEP	2025-10-30T06:51:02.3363395Z hint: Using 'master' as the name for the initial branch. This default branch name
smoke	UNKNOWN STEP	2025-10-30T06:51:02.3364693Z hint: is subject to change. To configure the initial branch name to use in all
smoke	UNKNOWN STEP	2025-10-30T06:51:02.3366071Z hint: of your new repositories, which will suppress this warning, call:
smoke	UNKNOWN STEP	2025-10-30T06:51:02.3366751Z hint:
smoke	UNKNOWN STEP	2025-10-30T06:51:02.3367332Z hint: 	git config --global init.defaultBranch <name>
smoke	UNKNOWN STEP	2025-10-30T06:51:02.3368367Z hint:
smoke	UNKNOWN STEP	2025-10-30T06:51:02.3369045Z hint: Names commonly chosen instead of 'master' are 'main', 'trunk' and
smoke	UNKNOWN STEP	2025-10-30T06:51:02.3370399Z hint: 'development'. The just-created branch can be renamed via this command:
smoke	UNKNOWN STEP	2025-10-30T06:51:02.3371695Z hint:
smoke	UNKNOWN STEP	2025-10-30T06:51:02.3372648Z hint: 	git branch -m <name>
smoke	UNKNOWN STEP	2025-10-30T06:51:02.3373475Z hint:
smoke	UNKNOWN STEP	2025-10-30T06:51:02.3374537Z hint: Disable this message with "git config set advice.defaultBranchName false"
smoke	UNKNOWN STEP	2025-10-30T06:51:02.3376391Z Initialized empty Git repository in /home/runner/work/colleco-mvp/colleco-mvp/.git/
smoke	UNKNOWN STEP	2025-10-30T06:51:02.3382798Z [command]/usr/bin/git remote add origin https://github.com/collecokzn-creator/colleco-mvp
smoke	UNKNOWN STEP	2025-10-30T06:51:02.3419361Z ##[endgroup]
smoke	UNKNOWN STEP	2025-10-30T06:51:02.3420110Z ##[group]Disabling automatic garbage collection
smoke	UNKNOWN STEP	2025-10-30T06:51:02.3423602Z [command]/usr/bin/git config --local gc.auto 0
smoke	UNKNOWN STEP	2025-10-30T06:51:02.3451683Z ##[endgroup]
smoke	UNKNOWN STEP	2025-10-30T06:51:02.3452704Z ##[group]Setting up auth
smoke	UNKNOWN STEP	2025-10-30T06:51:02.3458954Z [command]/usr/bin/git config --local --name-only --get-regexp core\.sshCommand
smoke	UNKNOWN STEP	2025-10-30T06:51:02.3491850Z [command]/usr/bin/git submodule foreach --recursive sh -c "git config --local --name-only --get-regexp 'core\.sshCommand' && git config --local --unset-all 'core.sshCommand' || :"
smoke	UNKNOWN STEP	2025-10-30T06:51:02.3813509Z [command]/usr/bin/git config --local --name-only --get-regexp http\.https\:\/\/github\.com\/\.extraheader
smoke	UNKNOWN STEP	2025-10-30T06:51:02.3841691Z [command]/usr/bin/git submodule foreach --recursive sh -c "git config --local --name-only --get-regexp 'http\.https\:\/\/github\.com\/\.extraheader' && git config --local --unset-all 'http.https://github.com/.extraheader' || :"
smoke	UNKNOWN STEP	2025-10-30T06:51:02.4063325Z [command]/usr/bin/git config --local http.https://github.com/.extraheader AUTHORIZATION: basic ***
smoke	UNKNOWN STEP	2025-10-30T06:51:02.4108233Z ##[endgroup]
smoke	UNKNOWN STEP	2025-10-30T06:51:02.4109574Z ##[group]Fetching the repository
smoke	UNKNOWN STEP	2025-10-30T06:51:02.4119483Z [command]/usr/bin/git -c protocol.version=2 fetch --no-tags --prune --no-recurse-submodules --depth=1 origin +e61a61d0714a1caa66d4fdd906e941eed7ce52c5:refs/remotes/pull/15/merge
smoke	UNKNOWN STEP	2025-10-30T06:51:02.8211508Z From https://github.com/collecokzn-creator/colleco-mvp
smoke	UNKNOWN STEP	2025-10-30T06:51:02.8213124Z  * [new ref]         e61a61d0714a1caa66d4fdd906e941eed7ce52c5 -> pull/15/merge
smoke	UNKNOWN STEP	2025-10-30T06:51:02.8244091Z ##[endgroup]
smoke	UNKNOWN STEP	2025-10-30T06:51:02.8245416Z ##[group]Determining the checkout info
smoke	UNKNOWN STEP	2025-10-30T06:51:02.8246745Z ##[endgroup]
smoke	UNKNOWN STEP	2025-10-30T06:51:02.8250957Z [command]/usr/bin/git sparse-checkout disable
smoke	UNKNOWN STEP	2025-10-30T06:51:02.8292009Z [command]/usr/bin/git config --local --unset-all extensions.worktreeConfig
smoke	UNKNOWN STEP	2025-10-30T06:51:02.8320265Z ##[group]Checking out the ref
smoke	UNKNOWN STEP	2025-10-30T06:51:02.8323710Z [command]/usr/bin/git checkout --progress --force refs/remotes/pull/15/merge
smoke	UNKNOWN STEP	2025-10-30T06:51:02.8798289Z Note: switching to 'refs/remotes/pull/15/merge'.
smoke	UNKNOWN STEP	2025-10-30T06:51:02.8799453Z 
smoke	UNKNOWN STEP	2025-10-30T06:51:02.8800389Z You are in 'detached HEAD' state. You can look around, make experimental
smoke	UNKNOWN STEP	2025-10-30T06:51:02.8803192Z changes and commit them, and you can discard any commits you make in this
smoke	UNKNOWN STEP	2025-10-30T06:51:02.8805293Z state without impacting any branches by switching back to a branch.
smoke	UNKNOWN STEP	2025-10-30T06:51:02.8806251Z 
smoke	UNKNOWN STEP	2025-10-30T06:51:02.8806846Z If you want to create a new branch to retain commits you create, you may
smoke	UNKNOWN STEP	2025-10-30T06:51:02.8808577Z do so (now or later) by using -c with the switch command. Example:
smoke	UNKNOWN STEP	2025-10-30T06:51:02.8809694Z 
smoke	UNKNOWN STEP	2025-10-30T06:51:02.8810084Z   git switch -c <new-branch-name>
smoke	UNKNOWN STEP	2025-10-30T06:51:02.8810699Z 
smoke	UNKNOWN STEP	2025-10-30T06:51:02.8811037Z Or undo this operation with:
smoke	UNKNOWN STEP	2025-10-30T06:51:02.8811575Z 
smoke	UNKNOWN STEP	2025-10-30T06:51:02.8811904Z   git switch -
smoke	UNKNOWN STEP	2025-10-30T06:51:02.8812792Z 
smoke	UNKNOWN STEP	2025-10-30T06:51:02.8813686Z Turn off this advice by setting config variable advice.detachedHead to false
smoke	UNKNOWN STEP	2025-10-30T06:51:02.8815388Z 
smoke	UNKNOWN STEP	2025-10-30T06:51:02.8816662Z HEAD is now at e61a61d Merge 1edfd9b87efe35cf2332a12bc732921802ada3c7 into 71f5be630d527d24b1bd80413cd09b752e1167ae
smoke	UNKNOWN STEP	2025-10-30T06:51:02.8820584Z ##[endgroup]
smoke	UNKNOWN STEP	2025-10-30T06:51:02.8852364Z [command]/usr/bin/git log -1 --format=%H
smoke	UNKNOWN STEP	2025-10-30T06:51:02.8875332Z e61a61d0714a1caa66d4fdd906e941eed7ce52c5
smoke	UNKNOWN STEP	2025-10-30T06:51:02.9175370Z ##[group]Run actions/setup-node@v4
smoke	UNKNOWN STEP	2025-10-30T06:51:02.9176502Z with:
smoke	UNKNOWN STEP	2025-10-30T06:51:02.9177284Z   node-version: 20.19.0
smoke	UNKNOWN STEP	2025-10-30T06:51:02.9178226Z   always-auth: false
smoke	UNKNOWN STEP	2025-10-30T06:51:02.9179139Z   check-latest: false
smoke	UNKNOWN STEP	2025-10-30T06:51:02.9180329Z   token: ***
smoke	UNKNOWN STEP	2025-10-30T06:51:02.9181143Z env:
smoke	UNKNOWN STEP	2025-10-30T06:51:02.9181913Z   SITEMINDER_USE_MOCK: 1
smoke	UNKNOWN STEP	2025-10-30T06:51:02.9183050Z   SITEMINDER_MOCK_PORT: 4015
smoke	UNKNOWN STEP	2025-10-30T06:51:02.9184053Z ##[endgroup]
smoke	UNKNOWN STEP	2025-10-30T06:51:03.0984495Z Attempting to download 20.19.0...
smoke	UNKNOWN STEP	2025-10-30T06:51:03.5857780Z Acquiring 20.19.0 - x64 from https://github.com/actions/node-versions/releases/download/20.19.0-13838090974/node-20.19.0-linux-x64.tar.gz
smoke	UNKNOWN STEP	2025-10-30T06:51:04.0100948Z Extracting ...
smoke	UNKNOWN STEP	2025-10-30T06:51:04.0203839Z [command]/usr/bin/tar xz --strip 1 --warning=no-unknown-keyword --overwrite -C /home/runner/work/_temp/75e073cb-ae01-4168-8488-20d3b4c6924a -f /home/runner/work/_temp/b0c0199c-54b9-4110-9487-e835215ec2c1
smoke	UNKNOWN STEP	2025-10-30T06:51:05.0579412Z Adding to the cache ...
smoke	UNKNOWN STEP	2025-10-30T06:51:06.7665037Z ##[group]Environment details
smoke	UNKNOWN STEP	2025-10-30T06:51:07.1287271Z node: v20.19.0
smoke	UNKNOWN STEP	2025-10-30T06:51:07.1287980Z npm: 10.8.2
smoke	UNKNOWN STEP	2025-10-30T06:51:07.1288627Z yarn: 1.22.22
smoke	UNKNOWN STEP	2025-10-30T06:51:07.1289442Z ##[endgroup]
smoke	UNKNOWN STEP	2025-10-30T06:51:07.1518949Z ##[group]Run npm ci
smoke	UNKNOWN STEP	2025-10-30T06:51:07.1519272Z [36;1mnpm ci[0m
smoke	UNKNOWN STEP	2025-10-30T06:51:07.1559456Z shell: /usr/bin/bash -e {0}
smoke	UNKNOWN STEP	2025-10-30T06:51:07.1559750Z env:
smoke	UNKNOWN STEP	2025-10-30T06:51:07.1559983Z   SITEMINDER_USE_MOCK: 1
smoke	UNKNOWN STEP	2025-10-30T06:51:07.1560239Z   SITEMINDER_MOCK_PORT: 4015
smoke	UNKNOWN STEP	2025-10-30T06:51:07.1560494Z ##[endgroup]
smoke	UNKNOWN STEP	2025-10-30T06:51:10.4900577Z npm warn deprecated rimraf@3.0.2: Rimraf versions prior to v4 are no longer supported
smoke	UNKNOWN STEP	2025-10-30T06:51:11.1761989Z npm warn deprecated inflight@1.0.6: This module is not supported, and leaks memory. Do not use it. Check out lru-cache if you want a good and tested way to coalesce async requests by a key value, which is much more comprehensive and powerful.
smoke	UNKNOWN STEP	2025-10-30T06:51:12.0003325Z npm warn deprecated fstream@1.0.12: This package is no longer supported.
smoke	UNKNOWN STEP	2025-10-30T06:51:12.7406423Z npm warn deprecated @humanwhocodes/config-array@0.13.0: Use @eslint/config-array instead
smoke	UNKNOWN STEP	2025-10-30T06:51:12.7696162Z npm warn deprecated @humanwhocodes/object-schema@2.0.3: Use @eslint/object-schema instead
smoke	UNKNOWN STEP	2025-10-30T06:51:13.2253469Z npm warn deprecated glob@7.2.3: Glob versions prior to v9 are no longer supported
smoke	UNKNOWN STEP	2025-10-30T06:51:13.3364139Z npm warn deprecated rimraf@2.7.1: Rimraf versions prior to v4 are no longer supported
smoke	UNKNOWN STEP	2025-10-30T06:51:13.3365574Z npm warn deprecated glob@7.2.3: Glob versions prior to v9 are no longer supported
smoke	UNKNOWN STEP	2025-10-30T06:51:16.0682153Z npm warn deprecated eslint@8.57.1: This version is no longer supported. Please see https://eslint.org/version-support for other options.
smoke	UNKNOWN STEP	2025-10-30T06:51:31.2200015Z 
smoke	UNKNOWN STEP	2025-10-30T06:51:31.2200843Z added 910 packages, and audited 911 packages in 24s
smoke	UNKNOWN STEP	2025-10-30T06:51:31.2201386Z 
smoke	UNKNOWN STEP	2025-10-30T06:51:31.2201744Z 224 packages are looking for funding
smoke	UNKNOWN STEP	2025-10-30T06:51:31.2202619Z   run `npm fund` for details
smoke	UNKNOWN STEP	2025-10-30T06:51:31.2390853Z 
smoke	UNKNOWN STEP	2025-10-30T06:51:31.2391360Z 9 moderate severity vulnerabilities
smoke	UNKNOWN STEP	2025-10-30T06:51:31.2391797Z 
smoke	UNKNOWN STEP	2025-10-30T06:51:31.2392464Z To address issues that do not require attention, run:
smoke	UNKNOWN STEP	2025-10-30T06:51:31.2393079Z   npm audit fix
smoke	UNKNOWN STEP	2025-10-30T06:51:31.2393320Z 
smoke	UNKNOWN STEP	2025-10-30T06:51:31.2393693Z To address all issues (including breaking changes), run:
smoke	UNKNOWN STEP	2025-10-30T06:51:31.2394282Z   npm audit fix --force
smoke	UNKNOWN STEP	2025-10-30T06:51:31.2394550Z 
smoke	UNKNOWN STEP	2025-10-30T06:51:31.2394759Z Run `npm audit` for details.
smoke	UNKNOWN STEP	2025-10-30T06:51:31.2771210Z ##[group]Run nohup node server/server.js > server.log 2>&1 &
smoke	UNKNOWN STEP	2025-10-30T06:51:31.2771920Z [36;1mnohup node server/server.js > server.log 2>&1 &[0m
smoke	UNKNOWN STEP	2025-10-30T06:51:31.2772520Z [36;1mecho $! > backend.pid[0m
smoke	UNKNOWN STEP	2025-10-30T06:51:31.2805364Z shell: /usr/bin/bash -e {0}
smoke	UNKNOWN STEP	2025-10-30T06:51:31.2805606Z env:
smoke	UNKNOWN STEP	2025-10-30T06:51:31.2805800Z   SITEMINDER_USE_MOCK: 1
smoke	UNKNOWN STEP	2025-10-30T06:51:31.2806041Z   SITEMINDER_MOCK_PORT: 4015
smoke	UNKNOWN STEP	2025-10-30T06:51:31.2806271Z ##[endgroup]
smoke	UNKNOWN STEP	2025-10-30T06:51:31.2890818Z ##[group]Run nohup bash -lc "npx cross-env VITE_API_BASE=http://127.0.0.1:4000 npm run dev -- --host 127.0.0.1 --port 5173" > vite.log 2>&1 &
smoke	UNKNOWN STEP	2025-10-30T06:51:31.2891624Z [36;1mnohup bash -lc "npx cross-env VITE_API_BASE=http://127.0.0.1:4000 npm run dev -- --host 127.0.0.1 --port 5173" > vite.log 2>&1 &[0m
smoke	UNKNOWN STEP	2025-10-30T06:51:31.2892122Z [36;1mecho $! > vite.pid[0m
smoke	UNKNOWN STEP	2025-10-30T06:51:31.2921026Z shell: /usr/bin/bash -e {0}
smoke	UNKNOWN STEP	2025-10-30T06:51:31.2921250Z env:
smoke	UNKNOWN STEP	2025-10-30T06:51:31.2921434Z   SITEMINDER_USE_MOCK: 1
smoke	UNKNOWN STEP	2025-10-30T06:51:31.2921646Z   SITEMINDER_MOCK_PORT: 4015
smoke	UNKNOWN STEP	2025-10-30T06:51:31.2921875Z ##[endgroup]
smoke	UNKNOWN STEP	2025-10-30T06:51:31.3007092Z ##[group]Run n=0; until curl -fsS http://127.0.0.1:5173/ >/dev/null 2>&1 && curl -fsS http://127.0.0.1:4000/health >/dev/null 2>&1 || [ $n -ge 120 ]; do n=$((n+1)); echo "waiting... $n"; sleep 1; done
smoke	UNKNOWN STEP	2025-10-30T06:51:31.3008480Z [36;1mn=0; until curl -fsS http://127.0.0.1:5173/ >/dev/null 2>&1 && curl -fsS http://127.0.0.1:4000/health >/dev/null 2>&1 || [ $n -ge 120 ]; do n=$((n+1)); echo "waiting... $n"; sleep 1; done[0m
smoke	UNKNOWN STEP	2025-10-30T06:51:31.3041433Z shell: /usr/bin/bash -e {0}
smoke	UNKNOWN STEP	2025-10-30T06:51:31.3041814Z env:
smoke	UNKNOWN STEP	2025-10-30T06:51:31.3042110Z   SITEMINDER_USE_MOCK: 1
smoke	UNKNOWN STEP	2025-10-30T06:51:31.3042744Z   SITEMINDER_MOCK_PORT: 4015
smoke	UNKNOWN STEP	2025-10-30T06:51:31.3043125Z ##[endgroup]
smoke	UNKNOWN STEP	2025-10-30T06:51:31.3174170Z waiting... 1
smoke	UNKNOWN STEP	2025-10-30T06:51:32.3256215Z waiting... 2
smoke	UNKNOWN STEP	2025-10-30T06:51:33.7185609Z ##[group]Run npx cypress run --browser electron --config video=false --spec "cypress/e2e/smoke.cy.js,cypress/e2e/nav_mobile.cy.js,cypress/e2e/booking_modal.cy.js,cypress/e2e/login_register_smoke.cy.js,cypress/e2e/login_smoke_minimal.cy.js"
smoke	UNKNOWN STEP	2025-10-30T06:51:33.7188135Z [36;1mnpx cypress run --browser electron --config video=false --spec "cypress/e2e/smoke.cy.js,cypress/e2e/nav_mobile.cy.js,cypress/e2e/booking_modal.cy.js,cypress/e2e/login_register_smoke.cy.js,cypress/e2e/login_smoke_minimal.cy.js"[0m
smoke	UNKNOWN STEP	2025-10-30T06:51:33.7231491Z shell: /usr/bin/bash -e {0}
smoke	UNKNOWN STEP	2025-10-30T06:51:33.7231829Z env:
smoke	UNKNOWN STEP	2025-10-30T06:51:33.7232100Z   SITEMINDER_USE_MOCK: 1
smoke	UNKNOWN STEP	2025-10-30T06:51:33.7232640Z   SITEMINDER_MOCK_PORT: 4015
smoke	UNKNOWN STEP	2025-10-30T06:51:33.7232981Z ##[endgroup]
smoke	UNKNOWN STEP	2025-10-30T06:51:34.4263981Z It looks like this is your first time using Cypress: 13.17.0
smoke	UNKNOWN STEP	2025-10-30T06:51:34.4272090Z 
smoke	UNKNOWN STEP	2025-10-30T06:51:34.4283361Z [STARTED] Task without title.
smoke	UNKNOWN STEP	2025-10-30T06:51:38.9554453Z [SUCCESS] Task without title.
smoke	UNKNOWN STEP	2025-10-30T06:51:38.9556679Z 
smoke	UNKNOWN STEP	2025-10-30T06:51:38.9557050Z Opening Cypress...
smoke	UNKNOWN STEP	2025-10-30T06:51:39.5936464Z 
smoke	UNKNOWN STEP	2025-10-30T06:51:39.5939141Z DevTools listening on ws://127.0.0.1:35665/devtools/browser/e6e52fcf-7f66-416b-b9d0-3a3a0341a467
smoke	UNKNOWN STEP	2025-10-30T06:51:44.3088861Z 
smoke	UNKNOWN STEP	2025-10-30T06:51:44.3376515Z tput: No value for $TERM and no -T specified
smoke	UNKNOWN STEP	2025-10-30T06:51:44.3378606Z [90m====================================================================================================[39m
smoke	UNKNOWN STEP	2025-10-30T06:51:44.3379254Z 
smoke	UNKNOWN STEP	2025-10-30T06:51:44.3381631Z [0m  ([4m[1mRun Starting[22m[24m)[0m
smoke	UNKNOWN STEP	2025-10-30T06:51:44.3382880Z 
smoke	UNKNOWN STEP	2025-10-30T06:51:44.3468095Z [90m  Ôöî[39m[90mÔöÇ[39m[90mÔöÇ[39m[90mÔöÇ[39m[90mÔöÇ[39m[90mÔöÇ[39m[90mÔöÇ[39m[90mÔöÇ[39m[90mÔöÇ[39m[90mÔöÇ[39m[90mÔöÇ[39m[90mÔöÇ[39m[90mÔöÇ[39m[90mÔöÇ[39m[90mÔöÇ[39m[90mÔöÇ[39m[90mÔöÇ[39m[90mÔöÇ[39m[90mÔöÇ[39m[90mÔöÇ[39m[90mÔöÇ[39m[90mÔöÇ[39m[90mÔöÇ[39m[90mÔöÇ[39m[90mÔöÇ[39m[90mÔöÇ[39m[90mÔöÇ[39m[90mÔöÇ[39m[90mÔöÇ[39m[90mÔöÇ[39m[90mÔöÇ[39m[90mÔöÇ[39m[90mÔöÇ[39m[90mÔöÇ[39m[90mÔöÇ[39m[90mÔöÇ[39m[90mÔöÇ[39m[90mÔöÇ[39m[90mÔöÇ[39m[90mÔöÇ[39m[90mÔöÇ[39m[90mÔöÇ[39m[90mÔöÇ[39m[90mÔöÇ[39m[90mÔöÇ[39m[90mÔöÇ[39m[90mÔöÇ[39m[90mÔöÇ[39m[90mÔöÇ[39m[90mÔöÇ[39m[90mÔöÇ[39m[90mÔöÇ[39m[90mÔöÇ[39m[90mÔöÇ[39m[90mÔöÇ[39m[90mÔöÇ[39m[90mÔöÇ[39m[90mÔöÇ[39m[90mÔöÇ[39m[90mÔöÇ[39m[90mÔöÇ[39m[90mÔöÇ[39m[90mÔöÇ[39m[90mÔöÇ[39m[90mÔöÇ[39m[90mÔöÇ[39m[90mÔöÇ[39m[90mÔöÇ[39m[90mÔöÇ[39m[90mÔöÇ[39m[90mÔöÇ[39m[90mÔöÇ[39m[90mÔöÇ[39m[90mÔöÇ[39m[90mÔöÇ[39m[90mÔöÇ[39m[90mÔöÇ[39m[90mÔöÇ[39m[90mÔöÇ[39m[90mÔöÇ[39m[90mÔöÇ[39m[90mÔöÇ[39m[90mÔöÇ[39m[90mÔöÇ[39m[90mÔöÇ[39m[90mÔöÇ[39m[90mÔöÇ[39m[90mÔöÇ[39m[90mÔöÇ[39m[90mÔöÇ[39m[90mÔöÇ[39m[90mÔöÇ[39m[90mÔöÇ[39m[90mÔöÇ[39m[90mÔöÇ[39m[90mÔöÇ[39m[90mÔöÇ[39m[90mÔöÉ[39m
smoke	UNKNOWN STEP	2025-10-30T06:51:44.3472461Z [90m  Ôöé[39m [90mCypress:[39m        13.17.0                                                                        [90mÔöé[39m
smoke	UNKNOWN STEP	2025-10-30T06:51:44.3473968Z [90m  Ôöé[39m [90mBrowser:[39m        Electron 118 [90m(headless)[39m                                                        [90mÔöé[39m
smoke	UNKNOWN STEP	2025-10-30T06:51:44.3475228Z [90m  Ôöé[39m [90mNode Version:[39m   [0mv20.19.0 [90m(/opt/hostedtoolcache/node/20.19.0/x64/bin/node)[39m[0m                      [90mÔöé[39m
smoke	UNKNOWN STEP	2025-10-30T06:51:44.3476488Z [90m  Ôöé[39m [90mSpecs:[39m          [0m5 found (smoke.cy.js, nav_mobile.cy.js, booking_modal.cy.js, login_register_sm[0m [90mÔöé[39m
smoke	UNKNOWN STEP	2025-10-30T06:51:44.3477798Z [90m  Ôöé[39m                 [0moke.cy.js, login_smoke_minimal.cy.js)[0m                                          [90mÔöé[39m
smoke	UNKNOWN STEP	2025-10-30T06:51:44.3479182Z [90m  Ôöé[39m [90mSearched:[39m       [0mcypress/e2e/smoke.cy.js, cypress/e2e/nav_mobile.cy.js, cypress/e2e/booking_mod[0m [90mÔöé[39m
smoke	UNKNOWN STEP	2025-10-30T06:51:44.3480674Z [90m  Ôöé[39m                 [0mal.cy.js, cypress/e2e/login_register_smoke.cy.js, cypress/e2e/login_smoke_mini[0m [90mÔöé[39m
smoke	UNKNOWN STEP	2025-10-30T06:51:44.3481520Z [90m  Ôöé[39m                 [0mmal.cy.js[0m                                                                      [90mÔöé[39m
smoke	UNKNOWN STEP	2025-10-30T06:51:44.3485869Z [90m  Ôöö[39m[90mÔöÇ[39m[90mÔöÇ[39m[90mÔöÇ[39m[90mÔöÇ[39m[90mÔöÇ[39m[90mÔöÇ[39m[90mÔöÇ[39m[90mÔöÇ[39m[90mÔöÇ[39m[90mÔöÇ[39m[90mÔöÇ[39m[90mÔöÇ[39m[90mÔöÇ[39m[90mÔöÇ[39m[90mÔöÇ[39m[90mÔöÇ[39m[90mÔöÇ[39m[90mÔöÇ[39m[90mÔöÇ[39m[90mÔöÇ[39m[90mÔöÇ[39m[90mÔöÇ[39m[90mÔöÇ[39m[90mÔöÇ[39m[90mÔöÇ[39m[90mÔöÇ[39m[90mÔöÇ[39m[90mÔöÇ[39m[90mÔöÇ[39m[90mÔöÇ[39m[90mÔöÇ[39m[90mÔöÇ[39m[90mÔöÇ[39m[90mÔöÇ[39m[90mÔöÇ[39m[90mÔöÇ[39m[90mÔöÇ[39m[90mÔöÇ[39m[90mÔöÇ[39m[90mÔöÇ[39m[90mÔöÇ[39m[90mÔöÇ[39m[90mÔöÇ[39m[90mÔöÇ[39m[90mÔöÇ[39m[90mÔöÇ[39m[90mÔöÇ[39m[90mÔöÇ[39m[90mÔöÇ[39m[90mÔöÇ[39m[90mÔöÇ[39m[90mÔöÇ[39m[90mÔöÇ[39m[90mÔöÇ[39m[90mÔöÇ[39m[90mÔöÇ[39m[90mÔöÇ[39m[90mÔöÇ[39m[90mÔöÇ[39m[90mÔöÇ[39m[90mÔöÇ[39m[90mÔöÇ[39m[90mÔöÇ[39m[90mÔöÇ[39m[90mÔöÇ[39m[90mÔöÇ[39m[90mÔöÇ[39m[90mÔöÇ[39m[90mÔöÇ[39m[90mÔöÇ[39m[90mÔöÇ[39m[90mÔöÇ[39m[90mÔöÇ[39m[90mÔöÇ[39m[90mÔöÇ[39m[90mÔöÇ[39m[90mÔöÇ[39m[90mÔöÇ[39m[90mÔöÇ[39m[90mÔöÇ[39m[90mÔöÇ[39m[90mÔöÇ[39m[90mÔöÇ[39m[90mÔöÇ[39m[90mÔöÇ[39m[90mÔöÇ[39m[90mÔöÇ[39m[90mÔöÇ[39m[90mÔöÇ[39m[90mÔöÇ[39m[90mÔöÇ[39m[90mÔöÇ[39m[90mÔöÇ[39m[90mÔöÇ[39m[90mÔöÇ[39m[90mÔöÇ[39m[90mÔöÿ[39m
smoke	UNKNOWN STEP	2025-10-30T06:51:44.3487860Z 
smoke	UNKNOWN STEP	2025-10-30T06:51:44.3487867Z 
smoke	UNKNOWN STEP	2025-10-30T06:51:44.3491320Z [90mÔöÇ[39m[90mÔöÇ[39m[90mÔöÇ[39m[90mÔöÇ[39m[90mÔöÇ[39m[90mÔöÇ[39m[90mÔöÇ[39m[90mÔöÇ[39m[90mÔöÇ[39m[90mÔöÇ[39m[90mÔöÇ[39m[90mÔöÇ[39m[90mÔöÇ[39m[90mÔöÇ[39m[90mÔöÇ[39m[90mÔöÇ[39m[90mÔöÇ[39m[90mÔöÇ[39m[90mÔöÇ[39m[90mÔöÇ[39m[90mÔöÇ[39m[90mÔöÇ[39m[90mÔöÇ[39m[90mÔöÇ[39m[90mÔöÇ[39m[90mÔöÇ[39m[90mÔöÇ[39m[90mÔöÇ[39m[90mÔöÇ[39m[90mÔöÇ[39m[90mÔöÇ[39m[90mÔöÇ[39m[90mÔöÇ[39m[90mÔöÇ[39m[90mÔöÇ[39m[90mÔöÇ[39m[90mÔöÇ[39m[90mÔöÇ[39m[90mÔöÇ[39m[90mÔöÇ[39m[90mÔöÇ[39m[90mÔöÇ[39m[90mÔöÇ[39m[90mÔöÇ[39m[90mÔöÇ[39m[90mÔöÇ[39m[90mÔöÇ[39m[90mÔöÇ[39m[90mÔöÇ[39m[90mÔöÇ[39m[90mÔöÇ[39m[90mÔöÇ[39m[90mÔöÇ[39m[90mÔöÇ[39m[90mÔöÇ[39m[90mÔöÇ[39m[90mÔöÇ[39m[90mÔöÇ[39m[90mÔöÇ[39m[90mÔöÇ[39m[90mÔöÇ[39m[90mÔöÇ[39m[90mÔöÇ[39m[90mÔöÇ[39m[90mÔöÇ[39m[90mÔöÇ[39m[90mÔöÇ[39m[90mÔöÇ[39m[90mÔöÇ[39m[90mÔöÇ[39m[90mÔöÇ[39m[90mÔöÇ[39m[90mÔöÇ[39m[90mÔöÇ[39m[90mÔöÇ[39m[90mÔöÇ[39m[90mÔöÇ[39m[90mÔöÇ[39m[90mÔöÇ[39m[90mÔöÇ[39m[90mÔöÇ[39m[90mÔöÇ[39m[90mÔöÇ[39m[90mÔöÇ[39m[90mÔöÇ[39m[90mÔöÇ[39m[90mÔöÇ[39m[90mÔöÇ[39m[90mÔöÇ[39m[90mÔöÇ[39m[90mÔöÇ[39m[90mÔöÇ[39m[90mÔöÇ[39m[90mÔöÇ[39m[90mÔöÇ[39m[90mÔöÇ[39m[90mÔöÇ[39m[90mÔöÇ[39m[90mÔöÇ[39m[90mÔöÇ[39m
smoke	UNKNOWN STEP	2025-10-30T06:51:44.3493850Z                                                                                                     
smoke	UNKNOWN STEP	2025-10-30T06:51:44.3494409Z   Running:  [90msmoke.cy.js[39m                                                                     [90m(1 of 5)[39m
smoke	UNKNOWN STEP	2025-10-30T06:51:47.3640075Z 
smoke	UNKNOWN STEP	2025-10-30T06:51:47.3643511Z [0m[0m
smoke	UNKNOWN STEP	2025-10-30T06:51:47.3740323Z [0m  Smoke[0m
smoke	UNKNOWN STEP	2025-10-30T06:51:48.6061412Z   [32m  Ô£ô[0m[90m loads home and has visible header and footer[0m[90m (1219ms)[0m
smoke	UNKNOWN STEP	2025-10-30T06:51:48.6586122Z   [32m  Ô£ô[0m[90m backend /health responds[0m[90m (32ms)[0m
smoke	UNKNOWN STEP	2025-10-30T06:51:48.6586620Z 
smoke	UNKNOWN STEP	2025-10-30T06:51:48.6730284Z 
smoke	UNKNOWN STEP	2025-10-30T06:51:48.6733475Z [92m [0m[32m 2 passing[0m[90m (1s)[0m
smoke	UNKNOWN STEP	2025-10-30T06:51:48.6733883Z 
smoke	UNKNOWN STEP	2025-10-30T06:51:48.6754327Z 
smoke	UNKNOWN STEP	2025-10-30T06:51:48.6756009Z [32m  ([4m[1mResults[22m[24m)[39m
smoke	UNKNOWN STEP	2025-10-30T06:51:48.6762384Z 
smoke	UNKNOWN STEP	2025-10-30T06:51:48.6778476Z [90m  Ôöî[39m[90mÔöÇ[39m[90mÔöÇ[39m[90mÔöÇ[39m[90mÔöÇ[39m[90mÔöÇ[39m[90mÔöÇ[39m[90mÔöÇ[39m[90mÔöÇ[39m[90mÔöÇ[39m[90mÔöÇ[39m[90mÔöÇ[39m[90mÔöÇ[39m[90mÔöÇ[39m[90mÔöÇ[39m[90mÔöÇ[39m[90mÔöÇ[39m[90mÔöÇ[39m[90mÔöÇ[39m[90mÔöÇ[39m[90mÔöÇ[39m[90mÔöÇ[39m[90mÔöÇ[39m[90mÔöÇ[39m[90mÔöÇ[39m[90mÔöÇ[39m[90mÔöÇ[39m[90mÔöÇ[39m[90mÔöÇ[39m[90mÔöÇ[39m[90mÔöÇ[39m[90mÔöÇ[39m[90mÔöÇ[39m[90mÔöÇ[39m[90mÔöÇ[39m[90mÔöÇ[39m[90mÔöÇ[39m[90mÔöÇ[39m[90mÔöÇ[39m[90mÔöÇ[39m[90mÔöÇ[39m[90mÔöÇ[39m[90mÔöÇ[39m[90mÔöÇ[39m[90mÔöÇ[39m[90mÔöÇ[39m[90mÔöÇ[39m[90mÔöÇ[39m[90mÔöÇ[39m[90mÔöÇ[39m[90mÔöÇ[39m[90mÔöÇ[39m[90mÔöÇ[39m[90mÔöÇ[39m[90mÔöÇ[39m[90mÔöÇ[39m[90mÔöÇ[39m[90mÔöÇ[39m[90mÔöÇ[39m[90mÔöÇ[39m[90mÔöÇ[39m[90mÔöÇ[39m[90mÔöÇ[39m[90mÔöÇ[39m[90mÔöÇ[39m[90mÔöÇ[39m[90mÔöÇ[39m[90mÔöÇ[39m[90mÔöÇ[39m[90mÔöÇ[39m[90mÔöÇ[39m[90mÔöÇ[39m[90mÔöÇ[39m[90mÔöÇ[39m[90mÔöÇ[39m[90mÔöÇ[39m[90mÔöÇ[39m[90mÔöÇ[39m[90mÔöÇ[39m[90mÔöÇ[39m[90mÔöÇ[39m[90mÔöÇ[39m[90mÔöÇ[39m[90mÔöÇ[39m[90mÔöÇ[39m[90mÔöÇ[39m[90mÔöÇ[39m[90mÔöÇ[39m[90mÔöÇ[39m[90mÔöÇ[39m[90mÔöÇ[39m[90mÔöÇ[39m[90mÔöÇ[39m[90mÔöÇ[39m[90mÔöÇ[39m[90mÔöÇ[39m[90mÔöÇ[39m[90mÔöÉ[39m
smoke	UNKNOWN STEP	2025-10-30T06:51:48.6784349Z [90m  Ôöé[39m [90mTests:[39m        [32m2[39m                                                                                [90mÔöé[39m
smoke	UNKNOWN STEP	2025-10-30T06:51:48.6785678Z [90m  Ôöé[39m [90mPassing:[39m      [32m2[39m                                                                                [90mÔöé[39m
smoke	UNKNOWN STEP	2025-10-30T06:51:48.6786987Z [90m  Ôöé[39m [90mFailing:[39m      [32m0[39m                                                                                [90mÔöé[39m
smoke	UNKNOWN STEP	2025-10-30T06:51:48.6788276Z [90m  Ôöé[39m [90mPending:[39m      [32m0[39m                                                                                [90mÔöé[39m
smoke	UNKNOWN STEP	2025-10-30T06:51:48.6789602Z [90m  Ôöé[39m [90mSkipped:[39m      [32m0[39m                                                                                [90mÔöé[39m
smoke	UNKNOWN STEP	2025-10-30T06:51:48.6791043Z [90m  Ôöé[39m [90mScreenshots:[39m  [32m0[39m                                                                                [90mÔöé[39m
smoke	UNKNOWN STEP	2025-10-30T06:51:48.6794584Z [90m  Ôöé[39m [90mVideo:[39m        [32mfalse[39m                                                                            [90mÔöé[39m
smoke	UNKNOWN STEP	2025-10-30T06:51:48.6796149Z [90m  Ôöé[39m [90mDuration:[39m     [32m1 second[39m                                                                         [90mÔöé[39m
smoke	UNKNOWN STEP	2025-10-30T06:51:48.6797679Z [90m  Ôöé[39m [90mSpec Ran:[39m     [32m[32msmoke.cy.js[32m[39m                                                                      [90mÔöé[39m
smoke	UNKNOWN STEP	2025-10-30T06:51:48.6804189Z [90m  Ôöö[39m[90mÔöÇ[39m[90mÔöÇ[39m[90mÔöÇ[39m[90mÔöÇ[39m[90mÔöÇ[39m[90mÔöÇ[39m[90mÔöÇ[39m[90mÔöÇ[39m[90mÔöÇ[39m[90mÔöÇ[39m[90mÔöÇ[39m[90mÔöÇ[39m[90mÔöÇ[39m[90mÔöÇ[39m[90mÔöÇ[39m[90mÔöÇ[39m[90mÔöÇ[39m[90mÔöÇ[39m[90mÔöÇ[39m[90mÔöÇ[39m[90mÔöÇ[39m[90mÔöÇ[39m[90mÔöÇ[39m[90mÔöÇ[39m[90mÔöÇ[39m[90mÔöÇ[39m[90mÔöÇ[39m[90mÔöÇ[39m[90mÔöÇ[39m[90mÔöÇ[39m[90mÔöÇ[39m[90mÔöÇ[39m[90mÔöÇ[39m[90mÔöÇ[39m[90mÔöÇ[39m[90mÔöÇ[39m[90mÔöÇ[39m[90mÔöÇ[39m[90mÔöÇ[39m[90mÔöÇ[39m[90mÔöÇ[39m[90mÔöÇ[39m[90mÔöÇ[39m[90mÔöÇ[39m[90mÔöÇ[39m[90mÔöÇ[39m[90mÔöÇ[39m[90mÔöÇ[39m[90mÔöÇ[39m[90mÔöÇ[39m[90mÔöÇ[39m[90mÔöÇ[39m[90mÔöÇ[39m[90mÔöÇ[39m[90mÔöÇ[39m[90mÔöÇ[39m[90mÔöÇ[39m[90mÔöÇ[39m[90mÔöÇ[39m[90mÔöÇ[39m[90mÔöÇ[39m[90mÔöÇ[39m[90mÔöÇ[39m[90mÔöÇ[39m[90mÔöÇ[39m[90mÔöÇ[39m[90mÔöÇ[39m[90mÔöÇ[39m[90mÔöÇ[39m[90mÔöÇ[39m[90mÔöÇ[39m[90mÔöÇ[39m[90mÔöÇ[39m[90mÔöÇ[39m[90mÔöÇ[39m[90mÔöÇ[39m[90mÔöÇ[39m[90mÔöÇ[39m[90mÔöÇ[39m[90mÔöÇ[39m[90mÔöÇ[39m[90mÔöÇ[39m[90mÔöÇ[39m[90mÔöÇ[39m[90mÔöÇ[39m[90mÔöÇ[39m[90mÔöÇ[39m[90mÔöÇ[39m[90mÔöÇ[39m[90mÔöÇ[39m[90mÔöÇ[39m[90mÔöÇ[39m[90mÔöÇ[39m[90mÔöÇ[39m[90mÔöÇ[39m[90mÔöÇ[39m[90mÔöÿ[39m
smoke	UNKNOWN STEP	2025-10-30T06:51:48.6807253Z 
smoke	UNKNOWN STEP	2025-10-30T06:51:48.6869785Z 
smoke	UNKNOWN STEP	2025-10-30T06:51:48.6883510Z [90mÔöÇ[39m[90mÔöÇ[39m[90mÔöÇ[39m[90mÔöÇ[39m[90mÔöÇ[39m[90mÔöÇ[39m[90mÔöÇ[39m[90mÔöÇ[39m[90mÔöÇ[39m[90mÔöÇ[39m[90mÔöÇ[39m[90mÔöÇ[39m[90mÔöÇ[39m[90mÔöÇ[39m[90mÔöÇ[39m[90mÔöÇ[39m[90mÔöÇ[39m[90mÔöÇ[39m[90mÔöÇ[39m[90mÔöÇ[39m[90mÔöÇ[39m[90mÔöÇ[39m[90mÔöÇ[39m[90mÔöÇ[39m[90mÔöÇ[39m[90mÔöÇ[39m[90mÔöÇ[39m[90mÔöÇ[39m[90mÔöÇ[39m[90mÔöÇ[39m[90mÔöÇ[39m[90mÔöÇ[39m[90mÔöÇ[39m[90mÔöÇ[39m[90mÔöÇ[39m[90mÔöÇ[39m[90mÔöÇ[39m[90mÔöÇ[39m[90mÔöÇ[39m[90mÔöÇ[39m[90mÔöÇ[39m[90mÔöÇ[39m[90mÔöÇ[39m[90mÔöÇ[39m[90mÔöÇ[39m[90mÔöÇ[39m[90mÔöÇ[39m[90mÔöÇ[39m[90mÔöÇ[39m[90mÔöÇ[39m[90mÔöÇ[39m[90mÔöÇ[39m[90mÔöÇ[39m[90mÔöÇ[39m[90mÔöÇ[39m[90mÔöÇ[39m[90mÔöÇ[39m[90mÔöÇ[39m[90mÔöÇ[39m[90mÔöÇ[39m[90mÔöÇ[39m[90mÔöÇ[39m[90mÔöÇ[39m[90mÔöÇ[39m[90mÔöÇ[39m[90mÔöÇ[39m[90mÔöÇ[39m[90mÔöÇ[39m[90mÔöÇ[39m[90mÔöÇ[39m[90mÔöÇ[39m[90mÔöÇ[39m[90mÔöÇ[39m[90mÔöÇ[39m[90mÔöÇ[39m[90mÔöÇ[39m[90mÔöÇ[39m[90mÔöÇ[39m[90mÔöÇ[39m[90mÔöÇ[39m[90mÔöÇ[39m[90mÔöÇ[39m[90mÔöÇ[39m[90mÔöÇ[39m[90mÔöÇ[39m[90mÔöÇ[39m[90mÔöÇ[39m[90mÔöÇ[39m[90mÔöÇ[39m[90mÔöÇ[39m[90mÔöÇ[39m[90mÔöÇ[39m[90mÔöÇ[39m[90mÔöÇ[39m[90mÔöÇ[39m[90mÔöÇ[39m[90mÔöÇ[39m[90mÔöÇ[39m[90mÔöÇ[39m[90mÔöÇ[39m
smoke	UNKNOWN STEP	2025-10-30T06:51:48.6888509Z                                                                                                     
smoke	UNKNOWN STEP	2025-10-30T06:51:48.6889947Z   Running:  [90mnav_mobile.cy.js[39m                                                                [90m(2 of 5)[39m
smoke	UNKNOWN STEP	2025-10-30T06:51:50.3232038Z 
smoke	UNKNOWN STEP	2025-10-30T06:51:50.3233098Z [0m[0m
smoke	UNKNOWN STEP	2025-10-30T06:51:50.3265136Z [0m  Mobile navbar[0m
smoke	UNKNOWN STEP	2025-10-30T06:51:51.5087582Z   [32m  Ô£ô[0m[90m does not show Book Now in mobile navbar and has no /book links[0m[90m (1170ms)[0m
smoke	UNKNOWN STEP	2025-10-30T06:51:51.5225482Z 
smoke	UNKNOWN STEP	2025-10-30T06:51:51.5226238Z [0m  Mobile Navbar[0m
smoke	UNKNOWN STEP	2025-10-30T06:51:52.0206189Z   [32m  Ô£ô[0m[90m does not show Book Now or quick /book links on mobile[0m[90m (463ms)[0m
smoke	UNKNOWN STEP	2025-10-30T06:51:52.0207473Z 
smoke	UNKNOWN STEP	2025-10-30T06:51:52.0370496Z 
smoke	UNKNOWN STEP	2025-10-30T06:51:52.0371679Z [92m [0m[32m 2 passing[0m[90m (2s)[0m
smoke	UNKNOWN STEP	2025-10-30T06:51:52.0373311Z 
smoke	UNKNOWN STEP	2025-10-30T06:51:52.0378148Z 
smoke	UNKNOWN STEP	2025-10-30T06:51:52.0379479Z [32m  ([4m[1mResults[22m[24m)[39m
smoke	UNKNOWN STEP	2025-10-30T06:51:52.0384213Z 
smoke	UNKNOWN STEP	2025-10-30T06:51:52.0417665Z [90m  Ôöî[39m[90mÔöÇ[39m[90mÔöÇ[39m[90mÔöÇ[39m[90mÔöÇ[39m[90mÔöÇ[39m[90mÔöÇ[39m[90mÔöÇ[39m[90mÔöÇ[39m[90mÔöÇ[39m[90mÔöÇ[39m[90mÔöÇ[39m[90mÔöÇ[39m[90mÔöÇ[39m[90mÔöÇ[39m[90mÔöÇ[39m[90mÔöÇ[39m[90mÔöÇ[39m[90mÔöÇ[39m[90mÔöÇ[39m[90mÔöÇ[39m[90mÔöÇ[39m[90mÔöÇ[39m[90mÔöÇ[39m[90mÔöÇ[39m[90mÔöÇ[39m[90mÔöÇ[39m[90mÔöÇ[39m[90mÔöÇ[39m[90mÔöÇ[39m[90mÔöÇ[39m[90mÔöÇ[39m[90mÔöÇ[39m[90mÔöÇ[39m[90mÔöÇ[39m[90mÔöÇ[39m[90mÔöÇ[39m[90mÔöÇ[39m[90mÔöÇ[39m[90mÔöÇ[39m[90mÔöÇ[39m[90mÔöÇ[39m[90mÔöÇ[39m[90mÔöÇ[39m[90mÔöÇ[39m[90mÔöÇ[39m[90mÔöÇ[39m[90mÔöÇ[39m[90mÔöÇ[39m[90mÔöÇ[39m[90mÔöÇ[39m[90mÔöÇ[39m[90mÔöÇ[39m[90mÔöÇ[39m[90mÔöÇ[39m[90mÔöÇ[39m[90mÔöÇ[39m[90mÔöÇ[39m[90mÔöÇ[39m[90mÔöÇ[39m[90mÔöÇ[39m[90mÔöÇ[39m[90mÔöÇ[39m[90mÔöÇ[39m[90mÔöÇ[39m[90mÔöÇ[39m[90mÔöÇ[39m[90mÔöÇ[39m[90mÔöÇ[39m[90mÔöÇ[39m[90mÔöÇ[39m[90mÔöÇ[39m[90mÔöÇ[39m[90mÔöÇ[39m[90mÔöÇ[39m[90mÔöÇ[39m[90mÔöÇ[39m[90mÔöÇ[39m[90mÔöÇ[39m[90mÔöÇ[39m[90mÔöÇ[39m[90mÔöÇ[39m[90mÔöÇ[39m[90mÔöÇ[39m[90mÔöÇ[39m[90mÔöÇ[39m[90mÔöÇ[39m[90mÔöÇ[39m[90mÔöÇ[39m[90mÔöÇ[39m[90mÔöÇ[39m[90mÔöÇ[39m[90mÔöÇ[39m[90mÔöÇ[39m[90mÔöÇ[39m[90mÔöÇ[39m[90mÔöÇ[39m[90mÔöÉ[39m
smoke	UNKNOWN STEP	2025-10-30T06:51:52.0430617Z [90m  Ôöé[39m [90mTests:[39m        [32m2[39m                                                                                [90mÔöé[39m
smoke	UNKNOWN STEP	2025-10-30T06:51:52.0431971Z [90m  Ôöé[39m [90mPassing:[39m      [32m2[39m                                                                                [90mÔöé[39m
smoke	UNKNOWN STEP	2025-10-30T06:51:52.0433567Z [90m  Ôöé[39m [90mFailing:[39m      [32m0[39m                                                                                [90mÔöé[39m
smoke	UNKNOWN STEP	2025-10-30T06:51:52.0437498Z [90m  Ôöé[39m [90mPending:[39m      [32m0[39m                                                                                [90mÔöé[39m
smoke	UNKNOWN STEP	2025-10-30T06:51:52.0438872Z [90m  Ôöé[39m [90mSkipped:[39m      [32m0[39m                                                                                [90mÔöé[39m
smoke	UNKNOWN STEP	2025-10-30T06:51:52.0440467Z [90m  Ôöé[39m [90mScreenshots:[39m  [32m0[39m                                                                                [90mÔöé[39m
smoke	UNKNOWN STEP	2025-10-30T06:51:52.0441772Z [90m  Ôöé[39m [90mVideo:[39m        [32mfalse[39m                                                                            [90mÔöé[39m
smoke	UNKNOWN STEP	2025-10-30T06:51:52.0443273Z [90m  Ôöé[39m [90mDuration:[39m     [32m1 second[39m                                                                         [90mÔöé[39m
smoke	UNKNOWN STEP	2025-10-30T06:51:52.0444627Z [90m  Ôöé[39m [90mSpec Ran:[39m     [32m[32mnav_mobile.cy.js[32m[39m                                                                 [90mÔöé[39m
smoke	UNKNOWN STEP	2025-10-30T06:51:52.0451127Z [90m  Ôöö[39m[90mÔöÇ[39m[90mÔöÇ[39m[90mÔöÇ[39m[90mÔöÇ[39m[90mÔöÇ[39m[90mÔöÇ[39m[90mÔöÇ[39m[90mÔöÇ[39m[90mÔöÇ[39m[90mÔöÇ[39m[90mÔöÇ[39m[90mÔöÇ[39m[90mÔöÇ[39m[90mÔöÇ[39m[90mÔöÇ[39m[90mÔöÇ[39m[90mÔöÇ[39m[90mÔöÇ[39m[90mÔöÇ[39m[90mÔöÇ[39m[90mÔöÇ[39m[90mÔöÇ[39m[90mÔöÇ[39m[90mÔöÇ[39m[90mÔöÇ[39m[90mÔöÇ[39m[90mÔöÇ[39m[90mÔöÇ[39m[90mÔöÇ[39m[90mÔöÇ[39m[90mÔöÇ[39m[90mÔöÇ[39m[90mÔöÇ[39m[90mÔöÇ[39m[90mÔöÇ[39m[90mÔöÇ[39m[90mÔöÇ[39m[90mÔöÇ[39m[90mÔöÇ[39m[90mÔöÇ[39m[90mÔöÇ[39m[90mÔöÇ[39m[90mÔöÇ[39m[90mÔöÇ[39m[90mÔöÇ[39m[90mÔöÇ[39m[90mÔöÇ[39m[90mÔöÇ[39m[90mÔöÇ[39m[90mÔöÇ[39m[90mÔöÇ[39m[90mÔöÇ[39m[90mÔöÇ[39m[90mÔöÇ[39m[90mÔöÇ[39m[90mÔöÇ[39m[90mÔöÇ[39m[90mÔöÇ[39m[90mÔöÇ[39m[90mÔöÇ[39m[90mÔöÇ[39m[90mÔöÇ[39m[90mÔöÇ[39m[90mÔöÇ[39m[90mÔöÇ[39m[90mÔöÇ[39m[90mÔöÇ[39m[90mÔöÇ[39m[90mÔöÇ[39m[90mÔöÇ[39m[90mÔöÇ[39m[90mÔöÇ[39m[90mÔöÇ[39m[90mÔöÇ[39m[90mÔöÇ[39m[90mÔöÇ[39m[90mÔöÇ[39m[90mÔöÇ[39m[90mÔöÇ[39m[90mÔöÇ[39m[90mÔöÇ[39m[90mÔöÇ[39m[90mÔöÇ[39m[90mÔöÇ[39m[90mÔöÇ[39m[90mÔöÇ[39m[90mÔöÇ[39m[90mÔöÇ[39m[90mÔöÇ[39m[90mÔöÇ[39m[90mÔöÇ[39m[90mÔöÇ[39m[90mÔöÇ[39m[90mÔöÇ[39m[90mÔöÇ[39m[90mÔöÇ[39m[90mÔöÿ[39m
smoke	UNKNOWN STEP	2025-10-30T06:51:52.0458014Z 
smoke	UNKNOWN STEP	2025-10-30T06:51:52.0491266Z 
smoke	UNKNOWN STEP	2025-10-30T06:51:52.0503784Z [90mÔöÇ[39m[90mÔöÇ[39m[90mÔöÇ[39m[90mÔöÇ[39m[90mÔöÇ[39m[90mÔöÇ[39m[90mÔöÇ[39m[90mÔöÇ[39m[90mÔöÇ[39m[90mÔöÇ[39m[90mÔöÇ[39m[90mÔöÇ[39m[90mÔöÇ[39m[90mÔöÇ[39m[90mÔöÇ[39m[90mÔöÇ[39m[90mÔöÇ[39m[90mÔöÇ[39m[90mÔöÇ[39m[90mÔöÇ[39m[90mÔöÇ[39m[90mÔöÇ[39m[90mÔöÇ[39m[90mÔöÇ[39m[90mÔöÇ[39m[90mÔöÇ[39m[90mÔöÇ[39m[90mÔöÇ[39m[90mÔöÇ[39m[90mÔöÇ[39m[90mÔöÇ[39m[90mÔöÇ[39m[90mÔöÇ[39m[90mÔöÇ[39m[90mÔöÇ[39m[90mÔöÇ[39m[90mÔöÇ[39m[90mÔöÇ[39m[90mÔöÇ[39m[90mÔöÇ[39m[90mÔöÇ[39m[90mÔöÇ[39m[90mÔöÇ[39m[90mÔöÇ[39m[90mÔöÇ[39m[90mÔöÇ[39m[90mÔöÇ[39m[90mÔöÇ[39m[90mÔöÇ[39m[90mÔöÇ[39m[90mÔöÇ[39m[90mÔöÇ[39m[90mÔöÇ[39m[90mÔöÇ[39m[90mÔöÇ[39m[90mÔöÇ[39m[90mÔöÇ[39m[90mÔöÇ[39m[90mÔöÇ[39m[90mÔöÇ[39m[90mÔöÇ[39m[90mÔöÇ[39m[90mÔöÇ[39m[90mÔöÇ[39m[90mÔöÇ[39m[90mÔöÇ[39m[90mÔöÇ[39m[90mÔöÇ[39m[90mÔöÇ[39m[90mÔöÇ[39m[90mÔöÇ[39m[90mÔöÇ[39m[90mÔöÇ[39m[90mÔöÇ[39m[90mÔöÇ[39m[90mÔöÇ[39m[90mÔöÇ[39m[90mÔöÇ[39m[90mÔöÇ[39m[90mÔöÇ[39m[90mÔöÇ[39m[90mÔöÇ[39m[90mÔöÇ[39m[90mÔöÇ[39m[90mÔöÇ[39m[90mÔöÇ[39m[90mÔöÇ[39m[90mÔöÇ[39m[90mÔöÇ[39m[90mÔöÇ[39m[90mÔöÇ[39m[90mÔöÇ[39m[90mÔöÇ[39m[90mÔöÇ[39m[90mÔöÇ[39m[90mÔöÇ[39m[90mÔöÇ[39m[90mÔöÇ[39m[90mÔöÇ[39m[90mÔöÇ[39m
smoke	UNKNOWN STEP	2025-10-30T06:51:52.0517511Z                                                                                                     
smoke	UNKNOWN STEP	2025-10-30T06:51:52.0518565Z   Running:  [90mbooking_modal.cy.js[39m                                                             [90m(3 of 5)[39m
smoke	UNKNOWN STEP	2025-10-30T06:51:53.6329255Z 
smoke	UNKNOWN STEP	2025-10-30T06:51:53.6329932Z [0m[0m
smoke	UNKNOWN STEP	2025-10-30T06:51:53.6365569Z [0m  Booking modal (programmatic open)[0m
smoke	UNKNOWN STEP	2025-10-30T06:51:54.4283544Z   [32m  Ô£ô[0m[90m opens the booking modal via the app test hook and shows dialog controls[0m[90m (780ms)[0m
smoke	UNKNOWN STEP	2025-10-30T06:51:54.4763913Z 
smoke	UNKNOWN STEP	2025-10-30T06:51:54.4768831Z [0m  Booking Modal[0m
smoke	UNKNOWN STEP	2025-10-30T06:51:55.7746477Z   [32m  Ô£ô[0m[90m opens modal and creates an accommodation booking[0m[90m (1283ms)[0m
smoke	UNKNOWN STEP	2025-10-30T06:51:56.6492845Z   [32m  Ô£ô[0m[90m opens modal and focuses first control, traps focus, and closes on Escape[0m[90m (828ms)[0m
smoke	UNKNOWN STEP	2025-10-30T06:51:56.6496769Z 
smoke	UNKNOWN STEP	2025-10-30T06:51:56.6634359Z 
smoke	UNKNOWN STEP	2025-10-30T06:51:56.6635091Z [92m [0m[32m 3 passing[0m[90m (3s)[0m
smoke	UNKNOWN STEP	2025-10-30T06:51:56.6635494Z 
smoke	UNKNOWN STEP	2025-10-30T06:51:56.6647393Z 
smoke	UNKNOWN STEP	2025-10-30T06:51:56.6647898Z [32m  ([4m[1mResults[22m[24m)[39m
smoke	UNKNOWN STEP	2025-10-30T06:51:56.6648241Z 
smoke	UNKNOWN STEP	2025-10-30T06:51:56.6659702Z [90m  Ôöî[39m[90mÔöÇ[39m[90mÔöÇ[39m[90mÔöÇ[39m[90mÔöÇ[39m[90mÔöÇ[39m[90mÔöÇ[39m[90mÔöÇ[39m[90mÔöÇ[39m[90mÔöÇ[39m[90mÔöÇ[39m[90mÔöÇ[39m[90mÔöÇ[39m[90mÔöÇ[39m[90mÔöÇ[39m[90mÔöÇ[39m[90mÔöÇ[39m[90mÔöÇ[39m[90mÔöÇ[39m[90mÔöÇ[39m[90mÔöÇ[39m[90mÔöÇ[39m[90mÔöÇ[39m[90mÔöÇ[39m[90mÔöÇ[39m[90mÔöÇ[39m[90mÔöÇ[39m[90mÔöÇ[39m[90mÔöÇ[39m[90mÔöÇ[39m[90mÔöÇ[39m[90mÔöÇ[39m[90mÔöÇ[39m[90mÔöÇ[39m[90mÔöÇ[39m[90mÔöÇ[39m[90mÔöÇ[39m[90mÔöÇ[39m[90mÔöÇ[39m[90mÔöÇ[39m[90mÔöÇ[39m[90mÔöÇ[39m[90mÔöÇ[39m[90mÔöÇ[39m[90mÔöÇ[39m[90mÔöÇ[39m[90mÔöÇ[39m[90mÔöÇ[39m[90mÔöÇ[39m[90mÔöÇ[39m[90mÔöÇ[39m[90mÔöÇ[39m[90mÔöÇ[39m[90mÔöÇ[39m[90mÔöÇ[39m[90mÔöÇ[39m[90mÔöÇ[39m[90mÔöÇ[39m[90mÔöÇ[39m[90mÔöÇ[39m[90mÔöÇ[39m[90mÔöÇ[39m[90mÔöÇ[39m[90mÔöÇ[39m[90mÔöÇ[39m[90mÔöÇ[39m[90mÔöÇ[39m[90mÔöÇ[39m[90mÔöÇ[39m[90mÔöÇ[39m[90mÔöÇ[39m[90mÔöÇ[39m[90mÔöÇ[39m[90mÔöÇ[39m[90mÔöÇ[39m[90mÔöÇ[39m[90mÔöÇ[39m[90mÔöÇ[39m[90mÔöÇ[39m[90mÔöÇ[39m[90mÔöÇ[39m[90mÔöÇ[39m[90mÔöÇ[39m[90mÔöÇ[39m[90mÔöÇ[39m[90mÔöÇ[39m[90mÔöÇ[39m[90mÔöÇ[39m[90mÔöÇ[39m[90mÔöÇ[39m[90mÔöÇ[39m[90mÔöÇ[39m[90mÔöÇ[39m[90mÔöÇ[39m[90mÔöÇ[39m[90mÔöÇ[39m[90mÔöÇ[39m[90mÔöÉ[39m
smoke	UNKNOWN STEP	2025-10-30T06:51:56.6664289Z [90m  Ôöé[39m [90mTests:[39m        [32m3[39m                                                                                [90mÔöé[39m
smoke	UNKNOWN STEP	2025-10-30T06:51:56.6665989Z [90m  Ôöé[39m [90mPassing:[39m      [32m3[39m                                                                                [90mÔöé[39m
smoke	UNKNOWN STEP	2025-10-30T06:51:56.6667339Z [90m  Ôöé[39m [90mFailing:[39m      [32m0[39m                                                                                [90mÔöé[39m
smoke	UNKNOWN STEP	2025-10-30T06:51:56.6668621Z [90m  Ôöé[39m [90mPending:[39m      [32m0[39m                                                                                [90mÔöé[39m
smoke	UNKNOWN STEP	2025-10-30T06:51:56.6669910Z [90m  Ôöé[39m [90mSkipped:[39m      [32m0[39m                                                                                [90mÔöé[39m
smoke	UNKNOWN STEP	2025-10-30T06:51:56.6671295Z [90m  Ôöé[39m [90mScreenshots:[39m  [32m0[39m                                                                                [90mÔöé[39m
smoke	UNKNOWN STEP	2025-10-30T06:51:56.6678498Z [90m  Ôöé[39m [90mVideo:[39m        [32mfalse[39m                                                                            [90mÔöé[39m
smoke	UNKNOWN STEP	2025-10-30T06:51:56.6679962Z [90m  Ôöé[39m [90mDuration:[39m     [32m3 seconds[39m                                                                        [90mÔöé[39m
smoke	UNKNOWN STEP	2025-10-30T06:51:56.6682896Z [90m  Ôöé[39m [90mSpec Ran:[39m     [32m[32mbooking_modal.cy.js[32m[39m                                                              [90mÔöé[39m
smoke	UNKNOWN STEP	2025-10-30T06:51:56.6691560Z [90m  Ôöö[39m[90mÔöÇ[39m[90mÔöÇ[39m[90mÔöÇ[39m[90mÔöÇ[39m[90mÔöÇ[39m[90mÔöÇ[39m[90mÔöÇ[39m[90mÔöÇ[39m[90mÔöÇ[39m[90mÔöÇ[39m[90mÔöÇ[39m[90mÔöÇ[39m[90mÔöÇ[39m[90mÔöÇ[39m[90mÔöÇ[39m[90mÔöÇ[39m[90mÔöÇ[39m[90mÔöÇ[39m[90mÔöÇ[39m[90mÔöÇ[39m[90mÔöÇ[39m[90mÔöÇ[39m[90mÔöÇ[39m[90mÔöÇ[39m[90mÔöÇ[39m[90mÔöÇ[39m[90mÔöÇ[39m[90mÔöÇ[39m[90mÔöÇ[39m[90mÔöÇ[39m[90mÔöÇ[39m[90mÔöÇ[39m[90mÔöÇ[39m[90mÔöÇ[39m[90mÔöÇ[39m[90mÔöÇ[39m[90mÔöÇ[39m[90mÔöÇ[39m[90mÔöÇ[39m[90mÔöÇ[39m[90mÔöÇ[39m[90mÔöÇ[39m[90mÔöÇ[39m[90mÔöÇ[39m[90mÔöÇ[39m[90mÔöÇ[39m[90mÔöÇ[39m[90mÔöÇ[39m[90mÔöÇ[39m[90mÔöÇ[39m[90mÔöÇ[39m[90mÔöÇ[39m[90mÔöÇ[39m[90mÔöÇ[39m[90mÔöÇ[39m[90mÔöÇ[39m[90mÔöÇ[39m[90mÔöÇ[39m[90mÔöÇ[39m[90mÔöÇ[39m[90mÔöÇ[39m[90mÔöÇ[39m[90mÔöÇ[39m[90mÔöÇ[39m[90mÔöÇ[39m[90mÔöÇ[39m[90mÔöÇ[39m[90mÔöÇ[39m[90mÔöÇ[39m[90mÔöÇ[39m[90mÔöÇ[39m[90mÔöÇ[39m[90mÔöÇ[39m[90mÔöÇ[39m[90mÔöÇ[39m[90mÔöÇ[39m[90mÔöÇ[39m[90mÔöÇ[39m[90mÔöÇ[39m[90mÔöÇ[39m[90mÔöÇ[39m[90mÔöÇ[39m[90mÔöÇ[39m[90mÔöÇ[39m[90mÔöÇ[39m[90mÔöÇ[39m[90mÔöÇ[39m[90mÔöÇ[39m[90mÔöÇ[39m[90mÔöÇ[39m[90mÔöÇ[39m[90mÔöÇ[39m[90mÔöÇ[39m[90mÔöÇ[39m[90mÔöÇ[39m[90mÔöÇ[39m[90mÔöÿ[39m
smoke	UNKNOWN STEP	2025-10-30T06:51:56.6695311Z 
smoke	UNKNOWN STEP	2025-10-30T06:51:56.6738459Z 
smoke	UNKNOWN STEP	2025-10-30T06:51:56.6754565Z [90mÔöÇ[39m[90mÔöÇ[39m[90mÔöÇ[39m[90mÔöÇ[39m[90mÔöÇ[39m[90mÔöÇ[39m[90mÔöÇ[39m[90mÔöÇ[39m[90mÔöÇ[39m[90mÔöÇ[39m[90mÔöÇ[39m[90mÔöÇ[39m[90mÔöÇ[39m[90mÔöÇ[39m[90mÔöÇ[39m[90mÔöÇ[39m[90mÔöÇ[39m[90mÔöÇ[39m[90mÔöÇ[39m[90mÔöÇ[39m[90mÔöÇ[39m[90mÔöÇ[39m[90mÔöÇ[39m[90mÔöÇ[39m[90mÔöÇ[39m[90mÔöÇ[39m[90mÔöÇ[39m[90mÔöÇ[39m[90mÔöÇ[39m[90mÔöÇ[39m[90mÔöÇ[39m[90mÔöÇ[39m[90mÔöÇ[39m[90mÔöÇ[39m[90mÔöÇ[39m[90mÔöÇ[39m[90mÔöÇ[39m[90mÔöÇ[39m[90mÔöÇ[39m[90mÔöÇ[39m[90mÔöÇ[39m[90mÔöÇ[39m[90mÔöÇ[39m[90mÔöÇ[39m[90mÔöÇ[39m[90mÔöÇ[39m[90mÔöÇ[39m[90mÔöÇ[39m[90mÔöÇ[39m[90mÔöÇ[39m[90mÔöÇ[39m[90mÔöÇ[39m[90mÔöÇ[39m[90mÔöÇ[39m[90mÔöÇ[39m[90mÔöÇ[39m[90mÔöÇ[39m[90mÔöÇ[39m[90mÔöÇ[39m[90mÔöÇ[39m[90mÔöÇ[39m[90mÔöÇ[39m[90mÔöÇ[39m[90mÔöÇ[39m[90mÔöÇ[39m[90mÔöÇ[39m[90mÔöÇ[39m[90mÔöÇ[39m[90mÔöÇ[39m[90mÔöÇ[39m[90mÔöÇ[39m[90mÔöÇ[39m[90mÔöÇ[39m[90mÔöÇ[39m[90mÔöÇ[39m[90mÔöÇ[39m[90mÔöÇ[39m[90mÔöÇ[39m[90mÔöÇ[39m[90mÔöÇ[39m[90mÔöÇ[39m[90mÔöÇ[39m[90mÔöÇ[39m[90mÔöÇ[39m[90mÔöÇ[39m[90mÔöÇ[39m[90mÔöÇ[39m[90mÔöÇ[39m[90mÔöÇ[39m[90mÔöÇ[39m[90mÔöÇ[39m[90mÔöÇ[39m[90mÔöÇ[39m[90mÔöÇ[39m[90mÔöÇ[39m[90mÔöÇ[39m[90mÔöÇ[39m[90mÔöÇ[39m[90mÔöÇ[39m[90mÔöÇ[39m
smoke	UNKNOWN STEP	2025-10-30T06:51:56.6758730Z                                                                                                     
smoke	UNKNOWN STEP	2025-10-30T06:51:56.6759988Z   Running:  [90mlogin_register_smoke.cy.js[39m                                                      [90m(4 of 5)[39m
smoke	UNKNOWN STEP	2025-10-30T06:51:58.5112641Z 
smoke	UNKNOWN STEP	2025-10-30T06:51:58.5115228Z [0m[0m
smoke	UNKNOWN STEP	2025-10-30T06:51:58.5153190Z [0m  Login/Register smoke[0m
smoke	UNKNOWN STEP	2025-10-30T06:52:01.4899456Z [cy.task.log] CI-DIAG: IN-APP-E2E-LOGS
smoke	UNKNOWN STEP	2025-10-30T06:52:01.4902655Z [{"ts":1761807119105,"msg":"__E2E_PROFILE_LOADED__","value":true},{"ts":1761807119106,"msg":"__E2E_PROFILE_LOADED__","value":true},{"ts":1761807121284,"msg":"handleLogin: setUser","email":"e2e_test_1761807118548@example.com"},{"ts":1761807121284,"msg":"handleLogin: set __E2E_USER__ (pre-setUser)","email":"e2e_test_1761807118548@example.com"},{"ts":1761807121284,"msg":"handleLogin: set PROFILE_LOADED and marker"},{"ts":1761807121284,"msg":"handleLogin: setUser called (E2E)"},{"ts":1761807121285,"msg":"handleLogin: navigated synchronously (E2E)"},{"ts":1761807121289,"msg":"__E2E_PROFILE_LOADED__","value":true}]
smoke	UNKNOWN STEP	2025-10-30T06:52:01.5125148Z [cy.task.log] CI-DIAG: __E2E_PROFILE_LOADED__
smoke	UNKNOWN STEP	2025-10-30T06:52:01.5125769Z true
smoke	UNKNOWN STEP	2025-10-30T06:52:01.5271097Z [cy.task.log] CI-DIAG: __E2E_MOUNTED__
smoke	UNKNOWN STEP	2025-10-30T06:52:01.5272519Z true
smoke	UNKNOWN STEP	2025-10-30T06:52:01.5304503Z [cy.task.log] CI-DIAG: localStorage.user
smoke	UNKNOWN STEP	2025-10-30T06:52:01.5305577Z {"email":"e2e_test_1761807118548@example.com","password":"password123","name":"e2e_test_1761807118548"}
smoke	UNKNOWN STEP	2025-10-30T06:52:01.5437801Z [cy.task.log] CI-DIAG: sessionStorage.user
smoke	UNKNOWN STEP	2025-10-30T06:52:01.5438324Z null
smoke	UNKNOWN STEP	2025-10-30T06:52:01.5474695Z [cy.task.log] CI-DIAG: body[data-e2e-login-success]
smoke	UNKNOWN STEP	2025-10-30T06:52:01.5477249Z null
smoke	UNKNOWN STEP	2025-10-30T06:52:01.5916859Z [cy.task.log] CI-FINAL-FORM-PATH: localStorage.user
smoke	UNKNOWN STEP	2025-10-30T06:52:01.5922541Z {"email":"e2e_test_1761807118548@example.com","password":"password123","name":"e2e_test_1761807118548"}
smoke	UNKNOWN STEP	2025-10-30T06:52:01.6321774Z [cy.task.log] CI-FALLBACK: no profile-ready element; localStorage.user
smoke	UNKNOWN STEP	2025-10-30T06:52:01.6323153Z {"email":"e2e_test_1761807118548@example.com","password":"password123","name":"e2e_test_1761807118548"}
smoke	UNKNOWN STEP	2025-10-30T06:52:01.6790334Z [cy.task.log] CI-FALLBACK: success via flag or persisted user
smoke	UNKNOWN STEP	2025-10-30T06:52:01.6793467Z {"email":"e2e_test_1761807118548@example.com","password":"password123","name":"e2e_test_1761807118548"}
smoke	UNKNOWN STEP	2025-10-30T06:52:02.2000967Z [cy.task.log] CI-FINAL: localStorage.user
smoke	UNKNOWN STEP	2025-10-30T06:52:02.2005474Z {"email":"e2e_test_1761807118548@example.com","password":"password123","name":"e2e_test_1761807118548"}
smoke	UNKNOWN STEP	2025-10-30T06:52:02.7692576Z   [32m  Ô£ô[0m[90m can register and login using local-storage auth[0m[90m (4191ms)[0m
smoke	UNKNOWN STEP	2025-10-30T06:52:02.7693173Z 
smoke	UNKNOWN STEP	2025-10-30T06:52:02.7965387Z 
smoke	UNKNOWN STEP	2025-10-30T06:52:02.7970540Z [92m [0m[32m 1 passing[0m[90m (4s)[0m
smoke	UNKNOWN STEP	2025-10-30T06:52:02.7974452Z 
smoke	UNKNOWN STEP	2025-10-30T06:52:02.7976716Z 
smoke	UNKNOWN STEP	2025-10-30T06:52:02.7978444Z [32m  ([4m[1mResults[22m[24m)[39m
smoke	UNKNOWN STEP	2025-10-30T06:52:02.7980962Z 
smoke	UNKNOWN STEP	2025-10-30T06:52:02.7993079Z [90m  Ôöî[39m[90mÔöÇ[39m[90mÔöÇ[39m[90mÔöÇ[39m[90mÔöÇ[39m[90mÔöÇ[39m[90mÔöÇ[39m[90mÔöÇ[39m[90mÔöÇ[39m[90mÔöÇ[39m[90mÔöÇ[39m[90mÔöÇ[39m[90mÔöÇ[39m[90mÔöÇ[39m[90mÔöÇ[39m[90mÔöÇ[39m[90mÔöÇ[39m[90mÔöÇ[39m[90mÔöÇ[39m[90mÔöÇ[39m[90mÔöÇ[39m[90mÔöÇ[39m[90mÔöÇ[39m[90mÔöÇ[39m[90mÔöÇ[39m[90mÔöÇ[39m[90mÔöÇ[39m[90mÔöÇ[39m[90mÔöÇ[39m[90mÔöÇ[39m[90mÔöÇ[39m[90mÔöÇ[39m[90mÔöÇ[39m[90mÔöÇ[39m[90mÔöÇ[39m[90mÔöÇ[39m[90mÔöÇ[39m[90mÔöÇ[39m[90mÔöÇ[39m[90mÔöÇ[39m[90mÔöÇ[39m[90mÔöÇ[39m[90mÔöÇ[39m[90mÔöÇ[39m[90mÔöÇ[39m[90mÔöÇ[39m[90mÔöÇ[39m[90mÔöÇ[39m[90mÔöÇ[39m[90mÔöÇ[39m[90mÔöÇ[39m[90mÔöÇ[39m[90mÔöÇ[39m[90mÔöÇ[39m[90mÔöÇ[39m[90mÔöÇ[39m[90mÔöÇ[39m[90mÔöÇ[39m[90mÔöÇ[39m[90mÔöÇ[39m[90mÔöÇ[39m[90mÔöÇ[39m[90mÔöÇ[39m[90mÔöÇ[39m[90mÔöÇ[39m[90mÔöÇ[39m[90mÔöÇ[39m[90mÔöÇ[39m[90mÔöÇ[39m[90mÔöÇ[39m[90mÔöÇ[39m[90mÔöÇ[39m[90mÔöÇ[39m[90mÔöÇ[39m[90mÔöÇ[39m[90mÔöÇ[39m[90mÔöÇ[39m[90mÔöÇ[39m[90mÔöÇ[39m[90mÔöÇ[39m[90mÔöÇ[39m[90mÔöÇ[39m[90mÔöÇ[39m[90mÔöÇ[39m[90mÔöÇ[39m[90mÔöÇ[39m[90mÔöÇ[39m[90mÔöÇ[39m[90mÔöÇ[39m[90mÔöÇ[39m[90mÔöÇ[39m[90mÔöÇ[39m[90mÔöÇ[39m[90mÔöÇ[39m[90mÔöÇ[39m[90mÔöÇ[39m[90mÔöÇ[39m[90mÔöÉ[39m
smoke	UNKNOWN STEP	2025-10-30T06:52:02.7997988Z [90m  Ôöé[39m [90mTests:[39m        [32m1[39m                                                                                [90mÔöé[39m
smoke	UNKNOWN STEP	2025-10-30T06:52:02.7999479Z [90m  Ôöé[39m [90mPassing:[39m      [32m1[39m                                                                                [90mÔöé[39m
smoke	UNKNOWN STEP	2025-10-30T06:52:02.8005106Z [90m  Ôöé[39m [90mFailing:[39m      [32m0[39m                                                                                [90mÔöé[39m
smoke	UNKNOWN STEP	2025-10-30T06:52:02.8007950Z [90m  Ôöé[39m [90mPending:[39m      [32m0[39m                                                                                [90mÔöé[39m
smoke	UNKNOWN STEP	2025-10-30T06:52:02.8009227Z [90m  Ôöé[39m [90mSkipped:[39m      [32m0[39m                                                                                [90mÔöé[39m
smoke	UNKNOWN STEP	2025-10-30T06:52:02.8010494Z [90m  Ôöé[39m [90mScreenshots:[39m  [32m3[39m                                                                                [90mÔöé[39m
smoke	UNKNOWN STEP	2025-10-30T06:52:02.8011751Z [90m  Ôöé[39m [90mVideo:[39m        [32mfalse[39m                                                                            [90mÔöé[39m
smoke	UNKNOWN STEP	2025-10-30T06:52:02.8013257Z [90m  Ôöé[39m [90mDuration:[39m     [32m4 seconds[39m                                                                        [90mÔöé[39m
smoke	UNKNOWN STEP	2025-10-30T06:52:02.8014701Z [90m  Ôöé[39m [90mSpec Ran:[39m     [32m[32mlogin_register_smoke.cy.js[32m[39m                                                       [90mÔöé[39m
smoke	UNKNOWN STEP	2025-10-30T06:52:02.8021859Z [90m  Ôöö[39m[90mÔöÇ[39m[90mÔöÇ[39m[90mÔöÇ[39m[90mÔöÇ[39m[90mÔöÇ[39m[90mÔöÇ[39m[90mÔöÇ[39m[90mÔöÇ[39m[90mÔöÇ[39m[90mÔöÇ[39m[90mÔöÇ[39m[90mÔöÇ[39m[90mÔöÇ[39m[90mÔöÇ[39m[90mÔöÇ[39m[90mÔöÇ[39m[90mÔöÇ[39m[90mÔöÇ[39m[90mÔöÇ[39m[90mÔöÇ[39m[90mÔöÇ[39m[90mÔöÇ[39m[90mÔöÇ[39m[90mÔöÇ[39m[90mÔöÇ[39m[90mÔöÇ[39m[90mÔöÇ[39m[90mÔöÇ[39m[90mÔöÇ[39m[90mÔöÇ[39m[90mÔöÇ[39m[90mÔöÇ[39m[90mÔöÇ[39m[90mÔöÇ[39m[90mÔöÇ[39m[90mÔöÇ[39m[90mÔöÇ[39m[90mÔöÇ[39m[90mÔöÇ[39m[90mÔöÇ[39m[90mÔöÇ[39m[90mÔöÇ[39m[90mÔöÇ[39m[90mÔöÇ[39m[90mÔöÇ[39m[90mÔöÇ[39m[90mÔöÇ[39m[90mÔöÇ[39m[90mÔöÇ[39m[90mÔöÇ[39m[90mÔöÇ[39m[90mÔöÇ[39m[90mÔöÇ[39m[90mÔöÇ[39m[90mÔöÇ[39m[90mÔöÇ[39m[90mÔöÇ[39m[90mÔöÇ[39m[90mÔöÇ[39m[90mÔöÇ[39m[90mÔöÇ[39m[90mÔöÇ[39m[90mÔöÇ[39m[90mÔöÇ[39m[90mÔöÇ[39m[90mÔöÇ[39m[90mÔöÇ[39m[90mÔöÇ[39m[90mÔöÇ[39m[90mÔöÇ[39m[90mÔöÇ[39m[90mÔöÇ[39m[90mÔöÇ[39m[90mÔöÇ[39m[90mÔöÇ[39m[90mÔöÇ[39m[90mÔöÇ[39m[90mÔöÇ[39m[90mÔöÇ[39m[90mÔöÇ[39m[90mÔöÇ[39m[90mÔöÇ[39m[90mÔöÇ[39m[90mÔöÇ[39m[90mÔöÇ[39m[90mÔöÇ[39m[90mÔöÇ[39m[90mÔöÇ[39m[90mÔöÇ[39m[90mÔöÇ[39m[90mÔöÇ[39m[90mÔöÇ[39m[90mÔöÇ[39m[90mÔöÇ[39m[90mÔöÇ[39m[90mÔöÇ[39m[90mÔöÿ[39m
smoke	UNKNOWN STEP	2025-10-30T06:52:02.8025511Z 
smoke	UNKNOWN STEP	2025-10-30T06:52:02.8025522Z 
smoke	UNKNOWN STEP	2025-10-30T06:52:02.8025958Z [33m  ([4m[1mScreenshots[22m[24m)[39m
smoke	UNKNOWN STEP	2025-10-30T06:52:02.8026288Z 
smoke	UNKNOWN STEP	2025-10-30T06:52:02.8027427Z [90m [39m -  [0m/home/runner/work/colleco-mvp/colleco-mvp/cypress/screenshots/login_register_smo[0m     [90m[90m(1000x672)[90m[39m
smoke	UNKNOWN STEP	2025-10-30T06:52:02.8028981Z [90m [39m    [0mke.cy.js/login-ready.png[0m                                                                       
smoke	UNKNOWN STEP	2025-10-30T06:52:02.8030680Z [90m [39m -  [0m/home/runner/work/colleco-mvp/colleco-mvp/cypress/screenshots/login_register_smo[0m     [90m[90m(1000x672)[90m[39m
smoke	UNKNOWN STEP	2025-10-30T06:52:02.8032516Z [90m [39m    [0mke.cy.js/login-success.png[0m                                                                     
smoke	UNKNOWN STEP	2025-10-30T06:52:02.8034255Z [90m [39m -  [0m/home/runner/work/colleco-mvp/colleco-mvp/cypress/screenshots/login_register_smo[0m     [90m[90m(1000x672)[90m[39m
smoke	UNKNOWN STEP	2025-10-30T06:52:02.8035861Z [90m [39m    [0mke.cy.js/login-success (1).png[0m                                                                 
smoke	UNKNOWN STEP	2025-10-30T06:52:02.8036367Z 
smoke	UNKNOWN STEP	2025-10-30T06:52:02.8073101Z 
smoke	UNKNOWN STEP	2025-10-30T06:52:02.8085008Z [90mÔöÇ[39m[90mÔöÇ[39m[90mÔöÇ[39m[90mÔöÇ[39m[90mÔöÇ[39m[90mÔöÇ[39m[90mÔöÇ[39m[90mÔöÇ[39m[90mÔöÇ[39m[90mÔöÇ[39m[90mÔöÇ[39m[90mÔöÇ[39m[90mÔöÇ[39m[90mÔöÇ[39m[90mÔöÇ[39m[90mÔöÇ[39m[90mÔöÇ[39m[90mÔöÇ[39m[90mÔöÇ[39m[90mÔöÇ[39m[90mÔöÇ[39m[90mÔöÇ[39m[90mÔöÇ[39m[90mÔöÇ[39m[90mÔöÇ[39m[90mÔöÇ[39m[90mÔöÇ[39m[90mÔöÇ[39m[90mÔöÇ[39m[90mÔöÇ[39m[90mÔöÇ[39m[90mÔöÇ[39m[90mÔöÇ[39m[90mÔöÇ[39m[90mÔöÇ[39m[90mÔöÇ[39m[90mÔöÇ[39m[90mÔöÇ[39m[90mÔöÇ[39m[90mÔöÇ[39m[90mÔöÇ[39m[90mÔöÇ[39m[90mÔöÇ[39m[90mÔöÇ[39m[90mÔöÇ[39m[90mÔöÇ[39m[90mÔöÇ[39m[90mÔöÇ[39m[90mÔöÇ[39m[90mÔöÇ[39m[90mÔöÇ[39m[90mÔöÇ[39m[90mÔöÇ[39m[90mÔöÇ[39m[90mÔöÇ[39m[90mÔöÇ[39m[90mÔöÇ[39m[90mÔöÇ[39m[90mÔöÇ[39m[90mÔöÇ[39m[90mÔöÇ[39m[90mÔöÇ[39m[90mÔöÇ[39m[90mÔöÇ[39m[90mÔöÇ[39m[90mÔöÇ[39m[90mÔöÇ[39m[90mÔöÇ[39m[90mÔöÇ[39m[90mÔöÇ[39m[90mÔöÇ[39m[90mÔöÇ[39m[90mÔöÇ[39m[90mÔöÇ[39m[90mÔöÇ[39m[90mÔöÇ[39m[90mÔöÇ[39m[90mÔöÇ[39m[90mÔöÇ[39m[90mÔöÇ[39m[90mÔöÇ[39m[90mÔöÇ[39m[90mÔöÇ[39m[90mÔöÇ[39m[90mÔöÇ[39m[90mÔöÇ[39m[90mÔöÇ[39m[90mÔöÇ[39m[90mÔöÇ[39m[90mÔöÇ[39m[90mÔöÇ[39m[90mÔöÇ[39m[90mÔöÇ[39m[90mÔöÇ[39m[90mÔöÇ[39m[90mÔöÇ[39m[90mÔöÇ[39m[90mÔöÇ[39m[90mÔöÇ[39m[90mÔöÇ[39m
smoke	UNKNOWN STEP	2025-10-30T06:52:02.8089289Z                                                                                                     
smoke	UNKNOWN STEP	2025-10-30T06:52:02.8090392Z   Running:  [90mlogin_smoke_minimal.cy.js[39m                                                       [90m(5 of 5)[39m
smoke	UNKNOWN STEP	2025-10-30T06:52:04.4349827Z 
smoke	UNKNOWN STEP	2025-10-30T06:52:04.4350677Z [0m[0m
smoke	UNKNOWN STEP	2025-10-30T06:52:04.4379868Z [0m  Login minimal smoke[0m
smoke	UNKNOWN STEP	2025-10-30T06:52:35.3637187Z     [33m(Attempt 1 of 3)[0m mounts the login form
smoke	UNKNOWN STEP	2025-10-30T06:53:06.2193923Z     [33m(Attempt 2 of 3)[0m mounts the login form
smoke	UNKNOWN STEP	2025-10-30T06:53:37.0211060Z   [31m  1) mounts the login form[0m
smoke	UNKNOWN STEP	2025-10-30T06:53:37.0226775Z 
smoke	UNKNOWN STEP	2025-10-30T06:53:37.0845775Z 
smoke	UNKNOWN STEP	2025-10-30T06:53:37.0846920Z [92m [0m[32m 0 passing[0m[90m (2m)[0m
smoke	UNKNOWN STEP	2025-10-30T06:53:37.0847710Z [31m  1 failing[0m
smoke	UNKNOWN STEP	2025-10-30T06:53:37.0848134Z 
smoke	UNKNOWN STEP	2025-10-30T06:53:37.0851384Z [0m  1) Login minimal smoke
smoke	UNKNOWN STEP	2025-10-30T06:53:37.0851936Z        mounts the login form:
smoke	UNKNOWN STEP	2025-10-30T06:53:37.0854216Z [0m[31m     AssertionError: Timed out retrying after 30000ms: Expected to find element: `[data-e2e="login-form"]`, but never found it.[0m[90m
smoke	UNKNOWN STEP	2025-10-30T06:53:37.0855925Z       at Context.eval (webpack://collecotravel-frontend/./cypress/e2e/login_smoke_minimal.cy.js:37:64)
smoke	UNKNOWN STEP	2025-10-30T06:53:37.0856978Z [0m
smoke	UNKNOWN STEP	2025-10-30T06:53:37.0857191Z 
smoke	UNKNOWN STEP	2025-10-30T06:53:37.0857200Z 
smoke	UNKNOWN STEP	2025-10-30T06:53:37.0860967Z 
smoke	UNKNOWN STEP	2025-10-30T06:53:37.0862459Z [31m  ([4m[1mResults[22m[24m)[39m
smoke	UNKNOWN STEP	2025-10-30T06:53:37.0868219Z 
smoke	UNKNOWN STEP	2025-10-30T06:53:37.0883592Z [90m  Ôöî[39m[90mÔöÇ[39m[90mÔöÇ[39m[90mÔöÇ[39m[90mÔöÇ[39m[90mÔöÇ[39m[90mÔöÇ[39m[90mÔöÇ[39m[90mÔöÇ[39m[90mÔöÇ[39m[90mÔöÇ[39m[90mÔöÇ[39m[90mÔöÇ[39m[90mÔöÇ[39m[90mÔöÇ[39m[90mÔöÇ[39m[90mÔöÇ[39m[90mÔöÇ[39m[90mÔöÇ[39m[90mÔöÇ[39m[90mÔöÇ[39m[90mÔöÇ[39m[90mÔöÇ[39m[90mÔöÇ[39m[90mÔöÇ[39m[90mÔöÇ[39m[90mÔöÇ[39m[90mÔöÇ[39m[90mÔöÇ[39m[90mÔöÇ[39m[90mÔöÇ[39m[90mÔöÇ[39m[90mÔöÇ[39m[90mÔöÇ[39m[90mÔöÇ[39m[90mÔöÇ[39m[90mÔöÇ[39m[90mÔöÇ[39m[90mÔöÇ[39m[90mÔöÇ[39m[90mÔöÇ[39m[90mÔöÇ[39m[90mÔöÇ[39m[90mÔöÇ[39m[90mÔöÇ[39m[90mÔöÇ[39m[90mÔöÇ[39m[90mÔöÇ[39m[90mÔöÇ[39m[90mÔöÇ[39m[90mÔöÇ[39m[90mÔöÇ[39m[90mÔöÇ[39m[90mÔöÇ[39m[90mÔöÇ[39m[90mÔöÇ[39m[90mÔöÇ[39m[90mÔöÇ[39m[90mÔöÇ[39m[90mÔöÇ[39m[90mÔöÇ[39m[90mÔöÇ[39m[90mÔöÇ[39m[90mÔöÇ[39m[90mÔöÇ[39m[90mÔöÇ[39m[90mÔöÇ[39m[90mÔöÇ[39m[90mÔöÇ[39m[90mÔöÇ[39m[90mÔöÇ[39m[90mÔöÇ[39m[90mÔöÇ[39m[90mÔöÇ[39m[90mÔöÇ[39m[90mÔöÇ[39m[90mÔöÇ[39m[90mÔöÇ[39m[90mÔöÇ[39m[90mÔöÇ[39m[90mÔöÇ[39m[90mÔöÇ[39m[90mÔöÇ[39m[90mÔöÇ[39m[90mÔöÇ[39m[90mÔöÇ[39m[90mÔöÇ[39m[90mÔöÇ[39m[90mÔöÇ[39m[90mÔöÇ[39m[90mÔöÇ[39m[90mÔöÇ[39m[90mÔöÇ[39m[90mÔöÇ[39m[90mÔöÇ[39m[90mÔöÇ[39m[90mÔöÇ[39m[90mÔöÉ[39m
smoke	UNKNOWN STEP	2025-10-30T06:53:37.0888664Z [90m  Ôöé[39m [90mTests:[39m        [31m1[39m                                                                                [90mÔöé[39m
smoke	UNKNOWN STEP	2025-10-30T06:53:37.0889990Z [90m  Ôöé[39m [90mPassing:[39m      [31m0[39m                                                                                [90mÔöé[39m
smoke	UNKNOWN STEP	2025-10-30T06:53:37.0891488Z [90m  Ôöé[39m [90mFailing:[39m      [31m1[39m                                                                                [90mÔöé[39m
smoke	UNKNOWN STEP	2025-10-30T06:53:37.0893103Z [90m  Ôöé[39m [90mPending:[39m      [31m0[39m                                                                                [90mÔöé[39m
smoke	UNKNOWN STEP	2025-10-30T06:53:37.0895475Z [90m  Ôöé[39m [90mSkipped:[39m      [31m0[39m                                                                                [90mÔöé[39m
smoke	UNKNOWN STEP	2025-10-30T06:53:37.0896918Z [90m  Ôöé[39m [90mScreenshots:[39m  [31m3[39m                                                                                [90mÔöé[39m
smoke	UNKNOWN STEP	2025-10-30T06:53:37.0898295Z [90m  Ôöé[39m [90mVideo:[39m        [31mfalse[39m                                                                            [90mÔöé[39m
smoke	UNKNOWN STEP	2025-10-30T06:53:37.0899579Z [90m  Ôöé[39m [90mDuration:[39m     [31m1 minute, 32 seconds[39m                                                             [90mÔöé[39m
smoke	UNKNOWN STEP	2025-10-30T06:53:37.0901076Z [90m  Ôöé[39m [90mSpec Ran:[39m     [31m[31mlogin_smoke_minimal.cy.js[31m[39m                                                        [90mÔöé[39m
smoke	UNKNOWN STEP	2025-10-30T06:53:37.0908599Z [90m  Ôöö[39m[90mÔöÇ[39m[90mÔöÇ[39m[90mÔöÇ[39m[90mÔöÇ[39m[90mÔöÇ[39m[90mÔöÇ[39m[90mÔöÇ[39m[90mÔöÇ[39m[90mÔöÇ[39m[90mÔöÇ[39m[90mÔöÇ[39m[90mÔöÇ[39m[90mÔöÇ[39m[90mÔöÇ[39m[90mÔöÇ[39m[90mÔöÇ[39m[90mÔöÇ[39m[90mÔöÇ[39m[90mÔöÇ[39m[90mÔöÇ[39m[90mÔöÇ[39m[90mÔöÇ[39m[90mÔöÇ[39m[90mÔöÇ[39m[90mÔöÇ[39m[90mÔöÇ[39m[90mÔöÇ[39m[90mÔöÇ[39m[90mÔöÇ[39m[90mÔöÇ[39m[90mÔöÇ[39m[90mÔöÇ[39m[90mÔöÇ[39m[90mÔöÇ[39m[90mÔöÇ[39m[90mÔöÇ[39m[90mÔöÇ[39m[90mÔöÇ[39m[90mÔöÇ[39m[90mÔöÇ[39m[90mÔöÇ[39m[90mÔöÇ[39m[90mÔöÇ[39m[90mÔöÇ[39m[90mÔöÇ[39m[90mÔöÇ[39m[90mÔöÇ[39m[90mÔöÇ[39m[90mÔöÇ[39m[90mÔöÇ[39m[90mÔöÇ[39m[90mÔöÇ[39m[90mÔöÇ[39m[90mÔöÇ[39m[90mÔöÇ[39m[90mÔöÇ[39m[90mÔöÇ[39m[90mÔöÇ[39m[90mÔöÇ[39m[90mÔöÇ[39m[90mÔöÇ[39m[90mÔöÇ[39m[90mÔöÇ[39m[90mÔöÇ[39m[90mÔöÇ[39m[90mÔöÇ[39m[90mÔöÇ[39m[90mÔöÇ[39m[90mÔöÇ[39m[90mÔöÇ[39m[90mÔöÇ[39m[90mÔöÇ[39m[90mÔöÇ[39m[90mÔöÇ[39m[90mÔöÇ[39m[90mÔöÇ[39m[90mÔöÇ[39m[90mÔöÇ[39m[90mÔöÇ[39m[90mÔöÇ[39m[90mÔöÇ[39m[90mÔöÇ[39m[90mÔöÇ[39m[90mÔöÇ[39m[90mÔöÇ[39m[90mÔöÇ[39m[90mÔöÇ[39m[90mÔöÇ[39m[90mÔöÇ[39m[90mÔöÇ[39m[90mÔöÇ[39m[90mÔöÇ[39m[90mÔöÇ[39m[90mÔöÇ[39m[90mÔöÇ[39m[90mÔöÇ[39m[90mÔöÿ[39m
smoke	UNKNOWN STEP	2025-10-30T06:53:37.0912587Z 
smoke	UNKNOWN STEP	2025-10-30T06:53:37.0912599Z 
smoke	UNKNOWN STEP	2025-10-30T06:53:37.0913024Z [33m  ([4m[1mScreenshots[22m[24m)[39m
smoke	UNKNOWN STEP	2025-10-30T06:53:37.0913344Z 
smoke	UNKNOWN STEP	2025-10-30T06:53:37.0914518Z [90m [39m -  [0m/home/runner/work/colleco-mvp/colleco-mvp/cypress/screenshots/login_smoke_minima[0m     [90m[90m(1280x720)[90m[39m
smoke	UNKNOWN STEP	2025-10-30T06:53:37.0916161Z [90m [39m    [0ml.cy.js/Login minimal smoke -- mounts the login form (failed).png[0m                              
smoke	UNKNOWN STEP	2025-10-30T06:53:37.0917898Z [90m [39m -  [0m/home/runner/work/colleco-mvp/colleco-mvp/cypress/screenshots/login_smoke_minima[0m     [90m[90m(1280x720)[90m[39m
smoke	UNKNOWN STEP	2025-10-30T06:53:37.0919670Z [90m [39m    [0ml.cy.js/Login minimal smoke -- mounts the login form (failed) (attempt 2).png[0m                  
smoke	UNKNOWN STEP	2025-10-30T06:53:37.0921434Z [90m [39m -  [0m/home/runner/work/colleco-mvp/colleco-mvp/cypress/screenshots/login_smoke_minima[0m     [90m[90m(1280x720)[90m[39m
smoke	UNKNOWN STEP	2025-10-30T06:53:37.0923375Z [90m [39m    [0ml.cy.js/Login minimal smoke -- mounts the login form (failed) (attempt 3).png[0m                  
smoke	UNKNOWN STEP	2025-10-30T06:53:37.0923998Z 
smoke	UNKNOWN STEP	2025-10-30T06:53:37.1031030Z 
smoke	UNKNOWN STEP	2025-10-30T06:53:37.1472559Z tput: No value for $TERM and no -T specified
smoke	UNKNOWN STEP	2025-10-30T06:53:37.1474017Z [90m====================================================================================================[39m
smoke	UNKNOWN STEP	2025-10-30T06:53:37.1474417Z 
smoke	UNKNOWN STEP	2025-10-30T06:53:37.1475024Z [0m  ([4m[1mRun Finished[22m[24m)[0m
smoke	UNKNOWN STEP	2025-10-30T06:53:37.1492940Z 
smoke	UNKNOWN STEP	2025-10-30T06:53:37.1493006Z 
smoke	UNKNOWN STEP	2025-10-30T06:53:37.1515212Z [90m   [39m    [90mSpec[39m                                              [90mTests[39m  [90mPassing[39m  [90mFailing[39m  [90mPending[39m  [90mSkipped[39m [90m [39m
smoke	UNKNOWN STEP	2025-10-30T06:53:37.1521992Z [90m  Ôöî[39m[90mÔöÇ[39m[90mÔöÇ[39m[90mÔöÇ[39m[90mÔöÇ[39m[90mÔöÇ[39m[90mÔöÇ[39m[90mÔöÇ[39m[90mÔöÇ[39m[90mÔöÇ[39m[90mÔöÇ[39m[90mÔöÇ[39m[90mÔöÇ[39m[90mÔöÇ[39m[90mÔöÇ[39m[90mÔöÇ[39m[90mÔöÇ[39m[90mÔöÇ[39m[90mÔöÇ[39m[90mÔöÇ[39m[90mÔöÇ[39m[90mÔöÇ[39m[90mÔöÇ[39m[90mÔöÇ[39m[90mÔöÇ[39m[90mÔöÇ[39m[90mÔöÇ[39m[90mÔöÇ[39m[90mÔöÇ[39m[90mÔöÇ[39m[90mÔöÇ[39m[90mÔöÇ[39m[90mÔöÇ[39m[90mÔöÇ[39m[90mÔöÇ[39m[90mÔöÇ[39m[90mÔöÇ[39m[90mÔöÇ[39m[90mÔöÇ[39m[90mÔöÇ[39m[90mÔöÇ[39m[90mÔöÇ[39m[90mÔöÇ[39m[90mÔöÇ[39m[90mÔöÇ[39m[90mÔöÇ[39m[90mÔöÇ[39m[90mÔöÇ[39m[90mÔöÇ[39m[90mÔöÇ[39m[90mÔöÇ[39m[90mÔöÇ[39m[90mÔöÇ[39m[90mÔöÇ[39m[90mÔöÇ[39m[90mÔöÇ[39m[90mÔöÇ[39m[90mÔöÇ[39m[90mÔöÇ[39m[90mÔöÇ[39m[90mÔöÇ[39m[90mÔöÇ[39m[90mÔöÇ[39m[90mÔöÇ[39m[90mÔöÇ[39m[90mÔöÇ[39m[90mÔöÇ[39m[90mÔöÇ[39m[90mÔöÇ[39m[90mÔöÇ[39m[90mÔöÇ[39m[90mÔöÇ[39m[90mÔöÇ[39m[90mÔöÇ[39m[90mÔöÇ[39m[90mÔöÇ[39m[90mÔöÇ[39m[90mÔöÇ[39m[90mÔöÇ[39m[90mÔöÇ[39m[90mÔöÇ[39m[90mÔöÇ[39m[90mÔöÇ[39m[90mÔöÇ[39m[90mÔöÇ[39m[90mÔöÇ[39m[90mÔöÇ[39m[90mÔöÇ[39m[90mÔöÇ[39m[90mÔöÇ[39m[90mÔöÇ[39m[90mÔöÇ[39m[90mÔöÇ[39m[90mÔöÇ[39m[90mÔöÇ[39m[90mÔöÇ[39m[90mÔöÇ[39m[90mÔöÉ[39m
smoke	UNKNOWN STEP	2025-10-30T06:53:37.1528257Z [90m  Ôöé[39m [32mÔ£ö[39m  [0msmoke.cy.js[0m                              [90m00:01[39m        [0m2[0m        [32m2[39m        [90m-[39m        [90m-[39m        [90m-[39m [90mÔöé[39m
smoke	UNKNOWN STEP	2025-10-30T06:53:37.1535841Z [90m  Ôö£[39m[90mÔöÇ[39m[90mÔöÇ[39m[90mÔöÇ[39m[90mÔöÇ[39m[90mÔöÇ[39m[90mÔöÇ[39m[90mÔöÇ[39m[90mÔöÇ[39m[90mÔöÇ[39m[90mÔöÇ[39m[90mÔöÇ[39m[90mÔöÇ[39m[90mÔöÇ[39m[90mÔöÇ[39m[90mÔöÇ[39m[90mÔöÇ[39m[90mÔöÇ[39m[90mÔöÇ[39m[90mÔöÇ[39m[90mÔöÇ[39m[90mÔöÇ[39m[90mÔöÇ[39m[90mÔöÇ[39m[90mÔöÇ[39m[90mÔöÇ[39m[90mÔöÇ[39m[90mÔöÇ[39m[90mÔöÇ[39m[90mÔöÇ[39m[90mÔöÇ[39m[90mÔöÇ[39m[90mÔöÇ[39m[90mÔöÇ[39m[90mÔöÇ[39m[90mÔöÇ[39m[90mÔöÇ[39m[90mÔöÇ[39m[90mÔöÇ[39m[90mÔöÇ[39m[90mÔöÇ[39m[90mÔöÇ[39m[90mÔöÇ[39m[90mÔöÇ[39m[90mÔöÇ[39m[90mÔöÇ[39m[90mÔöÇ[39m[90mÔöÇ[39m[90mÔöÇ[39m[90mÔöÇ[39m[90mÔöÇ[39m[90mÔöÇ[39m[90mÔöÇ[39m[90mÔöÇ[39m[90mÔöÇ[39m[90mÔöÇ[39m[90mÔöÇ[39m[90mÔöÇ[39m[90mÔöÇ[39m[90mÔöÇ[39m[90mÔöÇ[39m[90mÔöÇ[39m[90mÔöÇ[39m[90mÔöÇ[39m[90mÔöÇ[39m[90mÔöÇ[39m[90mÔöÇ[39m[90mÔöÇ[39m[90mÔöÇ[39m[90mÔöÇ[39m[90mÔöÇ[39m[90mÔöÇ[39m[90mÔöÇ[39m[90mÔöÇ[39m[90mÔöÇ[39m[90mÔöÇ[39m[90mÔöÇ[39m[90mÔöÇ[39m[90mÔöÇ[39m[90mÔöÇ[39m[90mÔöÇ[39m[90mÔöÇ[39m[90mÔöÇ[39m[90mÔöÇ[39m[90mÔöÇ[39m[90mÔöÇ[39m[90mÔöÇ[39m[90mÔöÇ[39m[90mÔöÇ[39m[90mÔöÇ[39m[90mÔöÇ[39m[90mÔöÇ[39m[90mÔöÇ[39m[90mÔöÇ[39m[90mÔöÇ[39m[90mÔöÇ[39m[90mÔöÇ[39m[90mÔöñ[39m
smoke	UNKNOWN STEP	2025-10-30T06:53:37.1540541Z [90m  Ôöé[39m [32mÔ£ö[39m  [0mnav_mobile.cy.js[0m                         [90m00:01[39m        [0m2[0m        [32m2[39m        [90m-[39m        [90m-[39m        [90m-[39m [90mÔöé[39m
smoke	UNKNOWN STEP	2025-10-30T06:53:37.1548059Z [90m  Ôö£[39m[90mÔöÇ[39m[90mÔöÇ[39m[90mÔöÇ[39m[90mÔöÇ[39m[90mÔöÇ[39m[90mÔöÇ[39m[90mÔöÇ[39m[90mÔöÇ[39m[90mÔöÇ[39m[90mÔöÇ[39m[90mÔöÇ[39m[90mÔöÇ[39m[90mÔöÇ[39m[90mÔöÇ[39m[90mÔöÇ[39m[90mÔöÇ[39m[90mÔöÇ[39m[90mÔöÇ[39m[90mÔöÇ[39m[90mÔöÇ[39m[90mÔöÇ[39m[90mÔöÇ[39m[90mÔöÇ[39m[90mÔöÇ[39m[90mÔöÇ[39m[90mÔöÇ[39m[90mÔöÇ[39m[90mÔöÇ[39m[90mÔöÇ[39m[90mÔöÇ[39m[90mÔöÇ[39m[90mÔöÇ[39m[90mÔöÇ[39m[90mÔöÇ[39m[90mÔöÇ[39m[90mÔöÇ[39m[90mÔöÇ[39m[90mÔöÇ[39m[90mÔöÇ[39m[90mÔöÇ[39m[90mÔöÇ[39m[90mÔöÇ[39m[90mÔöÇ[39m[90mÔöÇ[39m[90mÔöÇ[39m[90mÔöÇ[39m[90mÔöÇ[39m[90mÔöÇ[39m[90mÔöÇ[39m[90mÔöÇ[39m[90mÔöÇ[39m[90mÔöÇ[39m[90mÔöÇ[39m[90mÔöÇ[39m[90mÔöÇ[39m[90mÔöÇ[39m[90mÔöÇ[39m[90mÔöÇ[39m[90mÔöÇ[39m[90mÔöÇ[39m[90mÔöÇ[39m[90mÔöÇ[39m[90mÔöÇ[39m[90mÔöÇ[39m[90mÔöÇ[39m[90mÔöÇ[39m[90mÔöÇ[39m[90mÔöÇ[39m[90mÔöÇ[39m[90mÔöÇ[39m[90mÔöÇ[39m[90mÔöÇ[39m[90mÔöÇ[39m[90mÔöÇ[39m[90mÔöÇ[39m[90mÔöÇ[39m[90mÔöÇ[39m[90mÔöÇ[39m[90mÔöÇ[39m[90mÔöÇ[39m[90mÔöÇ[39m[90mÔöÇ[39m[90mÔöÇ[39m[90mÔöÇ[39m[90mÔöÇ[39m[90mÔöÇ[39m[90mÔöÇ[39m[90mÔöÇ[39m[90mÔöÇ[39m[90mÔöÇ[39m[90mÔöÇ[39m[90mÔöÇ[39m[90mÔöÇ[39m[90mÔöÇ[39m[90mÔöÇ[39m[90mÔöÇ[39m[90mÔöñ[39m
smoke	UNKNOWN STEP	2025-10-30T06:53:37.1553103Z [90m  Ôöé[39m [32mÔ£ö[39m  [0mbooking_modal.cy.js[0m                      [90m00:03[39m        [0m3[0m        [32m3[39m        [90m-[39m        [90m-[39m        [90m-[39m [90mÔöé[39m
smoke	UNKNOWN STEP	2025-10-30T06:53:37.1563313Z [90m  Ôö£[39m[90mÔöÇ[39m[90mÔöÇ[39m[90mÔöÇ[39m[90mÔöÇ[39m[90mÔöÇ[39m[90mÔöÇ[39m[90mÔöÇ[39m[90mÔöÇ[39m[90mÔöÇ[39m[90mÔöÇ[39m[90mÔöÇ[39m[90mÔöÇ[39m[90mÔöÇ[39m[90mÔöÇ[39m[90mÔöÇ[39m[90mÔöÇ[39m[90mÔöÇ[39m[90mÔöÇ[39m[90mÔöÇ[39m[90mÔöÇ[39m[90mÔöÇ[39m[90mÔöÇ[39m[90mÔöÇ[39m[90mÔöÇ[39m[90mÔöÇ[39m[90mÔöÇ[39m[90mÔöÇ[39m[90mÔöÇ[39m[90mÔöÇ[39m[90mÔöÇ[39m[90mÔöÇ[39m[90mÔöÇ[39m[90mÔöÇ[39m[90mÔöÇ[39m[90mÔöÇ[39m[90mÔöÇ[39m[90mÔöÇ[39m[90mÔöÇ[39m[90mÔöÇ[39m[90mÔöÇ[39m[90mÔöÇ[39m[90mÔöÇ[39m[90mÔöÇ[39m[90mÔöÇ[39m[90mÔöÇ[39m[90mÔöÇ[39m[90mÔöÇ[39m[90mÔöÇ[39m[90mÔöÇ[39m[90mÔöÇ[39m[90mÔöÇ[39m[90mÔöÇ[39m[90mÔöÇ[39m[90mÔöÇ[39m[90mÔöÇ[39m[90mÔöÇ[39m[90mÔöÇ[39m[90mÔöÇ[39m[90mÔöÇ[39m[90mÔöÇ[39m[90mÔöÇ[39m[90mÔöÇ[39m[90mÔöÇ[39m[90mÔöÇ[39m[90mÔöÇ[39m[90mÔöÇ[39m[90mÔöÇ[39m[90mÔöÇ[39m[90mÔöÇ[39m[90mÔöÇ[39m[90mÔöÇ[39m[90mÔöÇ[39m[90mÔöÇ[39m[90mÔöÇ[39m[90mÔöÇ[39m[90mÔöÇ[39m[90mÔöÇ[39m[90mÔöÇ[39m[90mÔöÇ[39m[90mÔöÇ[39m[90mÔöÇ[39m[90mÔöÇ[39m[90mÔöÇ[39m[90mÔöÇ[39m[90mÔöÇ[39m[90mÔöÇ[39m[90mÔöÇ[39m[90mÔöÇ[39m[90mÔöÇ[39m[90mÔöÇ[39m[90mÔöÇ[39m[90mÔöÇ[39m[90mÔöÇ[39m[90mÔöÇ[39m[90mÔöÇ[39m[90mÔöÇ[39m[90mÔöñ[39m
smoke	UNKNOWN STEP	2025-10-30T06:53:37.1568911Z [90m  Ôöé[39m [32mÔ£ö[39m  [0mlogin_register_smoke.cy.js[0m               [90m00:04[39m        [0m1[0m        [32m1[39m        [90m-[39m        [90m-[39m        [90m-[39m [90mÔöé[39m
smoke	UNKNOWN STEP	2025-10-30T06:53:37.1578410Z [90m  Ôö£[39m[90mÔöÇ[39m[90mÔöÇ[39m[90mÔöÇ[39m[90mÔöÇ[39m[90mÔöÇ[39m[90mÔöÇ[39m[90mÔöÇ[39m[90mÔöÇ[39m[90mÔöÇ[39m[90mÔöÇ[39m[90mÔöÇ[39m[90mÔöÇ[39m[90mÔöÇ[39m[90mÔöÇ[39m[90mÔöÇ[39m[90mÔöÇ[39m[90mÔöÇ[39m[90mÔöÇ[39m[90mÔöÇ[39m[90mÔöÇ[39m[90mÔöÇ[39m[90mÔöÇ[39m[90mÔöÇ[39m[90mÔöÇ[39m[90mÔöÇ[39m[90mÔöÇ[39m[90mÔöÇ[39m[90mÔöÇ[39m[90mÔöÇ[39m[90mÔöÇ[39m[90mÔöÇ[39m[90mÔöÇ[39m[90mÔöÇ[39m[90mÔöÇ[39m[90mÔöÇ[39m[90mÔöÇ[39m[90mÔöÇ[39m[90mÔöÇ[39m[90mÔöÇ[39m[90mÔöÇ[39m[90mÔöÇ[39m[90mÔöÇ[39m[90mÔöÇ[39m[90mÔöÇ[39m[90mÔöÇ[39m[90mÔöÇ[39m[90mÔöÇ[39m[90mÔöÇ[39m[90mÔöÇ[39m[90mÔöÇ[39m[90mÔöÇ[39m[90mÔöÇ[39m[90mÔöÇ[39m[90mÔöÇ[39m[90mÔöÇ[39m[90mÔöÇ[39m[90mÔöÇ[39m[90mÔöÇ[39m[90mÔöÇ[39m[90mÔöÇ[39m[90mÔöÇ[39m[90mÔöÇ[39m[90mÔöÇ[39m[90mÔöÇ[39m[90mÔöÇ[39m[90mÔöÇ[39m[90mÔöÇ[39m[90mÔöÇ[39m[90mÔöÇ[39m[90mÔöÇ[39m[90mÔöÇ[39m[90mÔöÇ[39m[90mÔöÇ[39m[90mÔöÇ[39m[90mÔöÇ[39m[90mÔöÇ[39m[90mÔöÇ[39m[90mÔöÇ[39m[90mÔöÇ[39m[90mÔöÇ[39m[90mÔöÇ[39m[90mÔöÇ[39m[90mÔöÇ[39m[90mÔöÇ[39m[90mÔöÇ[39m[90mÔöÇ[39m[90mÔöÇ[39m[90mÔöÇ[39m[90mÔöÇ[39m[90mÔöÇ[39m[90mÔöÇ[39m[90mÔöÇ[39m[90mÔöÇ[39m[90mÔöÇ[39m[90mÔöÇ[39m[90mÔöÇ[39m[90mÔöñ[39m
smoke	UNKNOWN STEP	2025-10-30T06:53:37.1583280Z [90m  Ôöé[39m [31mÔ£û[39m  [0mlogin_smoke_minimal.cy.js[0m                [90m01:32[39m        [0m1[0m        [90m-[39m        [31m1[39m        [90m-[39m        [90m-[39m [90mÔöé[39m
smoke	UNKNOWN STEP	2025-10-30T06:53:37.1590288Z [90m  Ôöö[39m[90mÔöÇ[39m[90mÔöÇ[39m[90mÔöÇ[39m[90mÔöÇ[39m[90mÔöÇ[39m[90mÔöÇ[39m[90mÔöÇ[39m[90mÔöÇ[39m[90mÔöÇ[39m[90mÔöÇ[39m[90mÔöÇ[39m[90mÔöÇ[39m[90mÔöÇ[39m[90mÔöÇ[39m[90mÔöÇ[39m[90mÔöÇ[39m[90mÔöÇ[39m[90mÔöÇ[39m[90mÔöÇ[39m[90mÔöÇ[39m[90mÔöÇ[39m[90mÔöÇ[39m[90mÔöÇ[39m[90mÔöÇ[39m[90mÔöÇ[39m[90mÔöÇ[39m[90mÔöÇ[39m[90mÔöÇ[39m[90mÔöÇ[39m[90mÔöÇ[39m[90mÔöÇ[39m[90mÔöÇ[39m[90mÔöÇ[39m[90mÔöÇ[39m[90mÔöÇ[39m[90mÔöÇ[39m[90mÔöÇ[39m[90mÔöÇ[39m[90mÔöÇ[39m[90mÔöÇ[39m[90mÔöÇ[39m[90mÔöÇ[39m[90mÔöÇ[39m[90mÔöÇ[39m[90mÔöÇ[39m[90mÔöÇ[39m[90mÔöÇ[39m[90mÔöÇ[39m[90mÔöÇ[39m[90mÔöÇ[39m[90mÔöÇ[39m[90mÔöÇ[39m[90mÔöÇ[39m[90mÔöÇ[39m[90mÔöÇ[39m[90mÔöÇ[39m[90mÔöÇ[39m[90mÔöÇ[39m[90mÔöÇ[39m[90mÔöÇ[39m[90mÔöÇ[39m[90mÔöÇ[39m[90mÔöÇ[39m[90mÔöÇ[39m[90mÔöÇ[39m[90mÔöÇ[39m[90mÔöÇ[39m[90mÔöÇ[39m[90mÔöÇ[39m[90mÔöÇ[39m[90mÔöÇ[39m[90mÔöÇ[39m[90mÔöÇ[39m[90mÔöÇ[39m[90mÔöÇ[39m[90mÔöÇ[39m[90mÔöÇ[39m[90mÔöÇ[39m[90mÔöÇ[39m[90mÔöÇ[39m[90mÔöÇ[39m[90mÔöÇ[39m[90mÔöÇ[39m[90mÔöÇ[39m[90mÔöÇ[39m[90mÔöÇ[39m[90mÔöÇ[39m[90mÔöÇ[39m[90mÔöÇ[39m[90mÔöÇ[39m[90mÔöÇ[39m[90mÔöÇ[39m[90mÔöÇ[39m[90mÔöÇ[39m[90mÔöÇ[39m[90mÔöÇ[39m[90mÔöÿ[39m
smoke	UNKNOWN STEP	2025-10-30T06:53:37.1597293Z [90m   [39m [31mÔ£û[39m  [31m1 of 5 failed (20%)[39m                      [90m01:42[39m        [0m9[0m        [32m8[39m        [31m1[39m        [90m-[39m        [90m-[39m [90m [39m
smoke	UNKNOWN STEP	2025-10-30T06:53:37.1597927Z 
smoke	UNKNOWN STEP	2025-10-30T06:53:37.2470661Z ##[error]Process completed with exit code 1.
smoke	UNKNOWN STEP	2025-10-30T06:53:37.2570192Z ##[group]Run actions/upload-artifact@v4
smoke	UNKNOWN STEP	2025-10-30T06:53:37.2570477Z with:
smoke	UNKNOWN STEP	2025-10-30T06:53:37.2570678Z   name: cypress-smoke-artifacts
smoke	UNKNOWN STEP	2025-10-30T06:53:37.2571116Z   path: cypress/screenshots
smoke	UNKNOWN STEP	cypress/videos
smoke	UNKNOWN STEP	cypress/logs
smoke	UNKNOWN STEP	server.log
smoke	UNKNOWN STEP	vite.log
smoke	UNKNOWN STEP	backend.pid
smoke	UNKNOWN STEP	vite.pid
smoke	UNKNOWN STEP	
smoke	UNKNOWN STEP	2025-10-30T06:53:37.2571566Z   if-no-files-found: warn
smoke	UNKNOWN STEP	2025-10-30T06:53:37.2571781Z   compression-level: 6
smoke	UNKNOWN STEP	2025-10-30T06:53:37.2571983Z   overwrite: false
smoke	UNKNOWN STEP	2025-10-30T06:53:37.2572176Z   include-hidden-files: false
smoke	UNKNOWN STEP	2025-10-30T06:53:37.2572557Z env:
smoke	UNKNOWN STEP	2025-10-30T06:53:37.2572724Z   SITEMINDER_USE_MOCK: 1
smoke	UNKNOWN STEP	2025-10-30T06:53:37.2572937Z   SITEMINDER_MOCK_PORT: 4015
smoke	UNKNOWN STEP	2025-10-30T06:53:37.2573142Z ##[endgroup]
smoke	UNKNOWN STEP	2025-10-30T06:53:37.4865355Z Multiple search paths detected. Calculating the least common ancestor of all paths
smoke	UNKNOWN STEP	2025-10-30T06:53:37.4869758Z The least common ancestor is /home/runner/work/colleco-mvp/colleco-mvp. This will be the root directory of the artifact
smoke	UNKNOWN STEP	2025-10-30T06:53:37.4871008Z With the provided path, there will be 17 files uploaded
smoke	UNKNOWN STEP	2025-10-30T06:53:37.4875675Z Artifact name is valid!
smoke	UNKNOWN STEP	2025-10-30T06:53:37.4876801Z Root directory input is valid!
smoke	UNKNOWN STEP	2025-10-30T06:53:37.6197344Z Beginning upload of artifact content to blob storage
smoke	UNKNOWN STEP	2025-10-30T06:53:37.9658280Z Uploaded bytes 609243
smoke	UNKNOWN STEP	2025-10-30T06:53:37.9989457Z Finished uploading artifact content to blob storage!
smoke	UNKNOWN STEP	2025-10-30T06:53:37.9993297Z SHA256 digest of uploaded artifact zip is a34b196b95f2e6d7578910ba0b7b48e74fcffd878115aa0e897beb1c6c52891e
smoke	UNKNOWN STEP	2025-10-30T06:53:37.9995276Z Finalizing artifact upload
smoke	UNKNOWN STEP	2025-10-30T06:53:38.0855872Z Artifact cypress-smoke-artifacts.zip successfully finalized. Artifact ID 4414350907
smoke	UNKNOWN STEP	2025-10-30T06:53:38.0858182Z Artifact cypress-smoke-artifacts has been successfully uploaded! Final size is 609243 bytes. Artifact ID is 4414350907
smoke	UNKNOWN STEP	2025-10-30T06:53:38.0866371Z Artifact download URL: https://github.com/collecokzn-creator/colleco-mvp/actions/runs/18932378343/artifacts/4414350907
smoke	UNKNOWN STEP	2025-10-30T06:53:38.1014391Z Post job cleanup.
smoke	UNKNOWN STEP	2025-10-30T06:53:38.1952161Z [command]/usr/bin/git version
smoke	UNKNOWN STEP	2025-10-30T06:53:38.1990019Z git version 2.51.0
smoke	UNKNOWN STEP	2025-10-30T06:53:38.2042156Z Temporarily overriding HOME='/home/runner/work/_temp/f66898fd-781d-4206-aac4-40c9a022245e' before making global git config changes
smoke	UNKNOWN STEP	2025-10-30T06:53:38.2043846Z Adding repository directory to the temporary git global config as a safe directory
smoke	UNKNOWN STEP	2025-10-30T06:53:38.2048527Z [command]/usr/bin/git config --global --add safe.directory /home/runner/work/colleco-mvp/colleco-mvp
smoke	UNKNOWN STEP	2025-10-30T06:53:38.2083757Z [command]/usr/bin/git config --local --name-only --get-regexp core\.sshCommand
smoke	UNKNOWN STEP	2025-10-30T06:53:38.2117592Z [command]/usr/bin/git submodule foreach --recursive sh -c "git config --local --name-only --get-regexp 'core\.sshCommand' && git config --local --unset-all 'core.sshCommand' || :"
smoke	UNKNOWN STEP	2025-10-30T06:53:38.2344756Z [command]/usr/bin/git config --local --name-only --get-regexp http\.https\:\/\/github\.com\/\.extraheader
smoke	UNKNOWN STEP	2025-10-30T06:53:38.2364999Z http.https://github.com/.extraheader
smoke	UNKNOWN STEP	2025-10-30T06:53:38.2377779Z [command]/usr/bin/git config --local --unset-all http.https://github.com/.extraheader
smoke	UNKNOWN STEP	2025-10-30T06:53:38.2411054Z [command]/usr/bin/git submodule foreach --recursive sh -c "git config --local --name-only --get-regexp 'http\.https\:\/\/github\.com\/\.extraheader' && git config --local --unset-all 'http.https://github.com/.extraheader' || :"
smoke	UNKNOWN STEP	2025-10-30T06:53:38.2744117Z Cleaning up orphan processes
smoke	UNKNOWN STEP	2025-10-30T06:53:38.3025418Z Terminate orphan process: pid (2178) (node)
smoke	UNKNOWN STEP	2025-10-30T06:53:38.3052084Z Terminate orphan process: pid (2185) (npm exec cross-)
smoke	UNKNOWN STEP	2025-10-30T06:53:38.3075553Z Terminate orphan process: pid (2316) (sh)
smoke	UNKNOWN STEP	2025-10-30T06:53:38.3097053Z Terminate orphan process: pid (2317) (node)
smoke	UNKNOWN STEP	2025-10-30T06:53:38.3137044Z Terminate orphan process: pid (2324) (npm run dev --host 127.0.0.1 --port 5173)
smoke	UNKNOWN STEP	2025-10-30T06:53:38.3160826Z Terminate orphan process: pid (2335) (sh)
smoke	UNKNOWN STEP	2025-10-30T06:53:38.3183573Z Terminate orphan process: pid (2394) (node)
smoke	UNKNOWN STEP	2025-10-30T06:53:38.3206978Z Terminate orphan process: pid (2405) (esbuild)
