smoke	Set up job	¬¥‚ïó‚îê2025-10-30T07:44:15.3210143Z Current runner version: '2.328.0'
smoke	Set up job	2025-10-30T07:44:15.3238346Z ##[group]Runner Image Provisioner
smoke	Set up job	2025-10-30T07:44:15.3239163Z Hosted Compute Agent
smoke	Set up job	2025-10-30T07:44:15.3239840Z Version: 20250912.392
smoke	Set up job	2025-10-30T07:44:15.3240438Z Commit: d921fda672a98b64f4f82364647e2f10b2267d0b
smoke	Set up job	2025-10-30T07:44:15.3241449Z Build Date: 2025-09-12T15:23:14Z
smoke	Set up job	2025-10-30T07:44:15.3242212Z ##[endgroup]
smoke	Set up job	2025-10-30T07:44:15.3242771Z ##[group]Operating System
smoke	Set up job	2025-10-30T07:44:15.3243350Z Ubuntu
smoke	Set up job	2025-10-30T07:44:15.3243892Z 24.04.3
smoke	Set up job	2025-10-30T07:44:15.3244398Z LTS
smoke	Set up job	2025-10-30T07:44:15.3244861Z ##[endgroup]
smoke	Set up job	2025-10-30T07:44:15.3245440Z ##[group]Runner Image
smoke	Set up job	2025-10-30T07:44:15.3246021Z Image: ubuntu-24.04
smoke	Set up job	2025-10-30T07:44:15.3246560Z Version: 20250929.60.1
smoke	Set up job	2025-10-30T07:44:15.3247598Z Included Software: https://github.com/actions/runner-images/blob/ubuntu24/20250929.60/images/ubuntu/Ubuntu2404-Readme.md
smoke	Set up job	2025-10-30T07:44:15.3249213Z Image Release: https://github.com/actions/runner-images/releases/tag/ubuntu24%2F20250929.60
smoke	Set up job	2025-10-30T07:44:15.3250483Z ##[endgroup]
smoke	Set up job	2025-10-30T07:44:15.3251973Z ##[group]GITHUB_TOKEN Permissions
smoke	Set up job	2025-10-30T07:44:15.3254480Z Contents: read
smoke	Set up job	2025-10-30T07:44:15.3255090Z Metadata: read
smoke	Set up job	2025-10-30T07:44:15.3255603Z Packages: read
smoke	Set up job	2025-10-30T07:44:15.3256262Z ##[endgroup]
smoke	Set up job	2025-10-30T07:44:15.3258334Z Secret source: Actions
smoke	Set up job	2025-10-30T07:44:15.3259501Z Prepare workflow directory
smoke	Set up job	2025-10-30T07:44:15.3656427Z Prepare all required actions
smoke	Set up job	2025-10-30T07:44:15.3694405Z Getting action download info
smoke	Set up job	2025-10-30T07:44:15.7155928Z Download action repository 'actions/checkout@v4' (SHA:08eba0b27e820071cde6df949e0beb9ba4906955)
smoke	Set up job	2025-10-30T07:44:15.8369089Z Download action repository 'actions/setup-node@v4' (SHA:49933ea5288caeca8642d1e84afbd3f7d6820020)
smoke	Set up job	2025-10-30T07:44:16.1909759Z Download action repository 'actions/upload-artifact@v4' (SHA:ea165f8d65b6e75b540449e92b4886f43607fa02)
smoke	Set up job	2025-10-30T07:44:16.3982315Z Complete job name: smoke
smoke	Checkout	¬¥‚ïó‚îê2025-10-30T07:44:16.4804427Z ##[group]Run actions/checkout@v4
smoke	Checkout	2025-10-30T07:44:16.4805789Z with:
smoke	Checkout	2025-10-30T07:44:16.4806647Z   repository: collecokzn-creator/colleco-mvp
smoke	Checkout	2025-10-30T07:44:16.4807997Z   token: ***
smoke	Checkout	2025-10-30T07:44:16.4808725Z   ssh-strict: true
smoke	Checkout	2025-10-30T07:44:16.4809475Z   ssh-user: git
smoke	Checkout	2025-10-30T07:44:16.4810269Z   persist-credentials: true
smoke	Checkout	2025-10-30T07:44:16.4811410Z   clean: true
smoke	Checkout	2025-10-30T07:44:16.4812200Z   sparse-checkout-cone-mode: true
smoke	Checkout	2025-10-30T07:44:16.4813145Z   fetch-depth: 1
smoke	Checkout	2025-10-30T07:44:16.4813904Z   fetch-tags: false
smoke	Checkout	2025-10-30T07:44:16.4814693Z   show-progress: true
smoke	Checkout	2025-10-30T07:44:16.4815491Z   lfs: false
smoke	Checkout	2025-10-30T07:44:16.4816210Z   submodules: false
smoke	Checkout	2025-10-30T07:44:16.4817000Z   set-safe-directory: true
smoke	Checkout	2025-10-30T07:44:16.4818111Z env:
smoke	Checkout	2025-10-30T07:44:16.4818808Z   SITEMINDER_USE_MOCK: 1
smoke	Checkout	2025-10-30T07:44:16.4819671Z   SITEMINDER_MOCK_PORT: 4015
smoke	Checkout	2025-10-30T07:44:16.4820649Z   CYPRESS_BASE_URL: http://127.0.0.1:5173
smoke	Checkout	2025-10-30T07:44:16.4821857Z   API_BASE: http://127.0.0.1:4000
smoke	Checkout	2025-10-30T07:44:16.4822831Z ##[endgroup]
smoke	Checkout	2025-10-30T07:44:16.5934711Z Syncing repository: collecokzn-creator/colleco-mvp
smoke	Checkout	2025-10-30T07:44:16.5937453Z ##[group]Getting Git version info
smoke	Checkout	2025-10-30T07:44:16.5938836Z Working directory is '/home/runner/work/colleco-mvp/colleco-mvp'
smoke	Checkout	2025-10-30T07:44:16.5940988Z [command]/usr/bin/git version
smoke	Checkout	2025-10-30T07:44:16.6002651Z git version 2.51.0
smoke	Checkout	2025-10-30T07:44:16.6028623Z ##[endgroup]
smoke	Checkout	2025-10-30T07:44:16.6043232Z Temporarily overriding HOME='/home/runner/work/_temp/a0e99def-1ba0-420f-9666-3f826510ee09' before making global git config changes
smoke	Checkout	2025-10-30T07:44:16.6045968Z Adding repository directory to the temporary git global config as a safe directory
smoke	Checkout	2025-10-30T07:44:16.6048681Z [command]/usr/bin/git config --global --add safe.directory /home/runner/work/colleco-mvp/colleco-mvp
smoke	Checkout	2025-10-30T07:44:16.6086743Z Deleting the contents of '/home/runner/work/colleco-mvp/colleco-mvp'
smoke	Checkout	2025-10-30T07:44:16.6090371Z ##[group]Initializing the repository
smoke	Checkout	2025-10-30T07:44:16.6094685Z [command]/usr/bin/git init /home/runner/work/colleco-mvp/colleco-mvp
smoke	Checkout	2025-10-30T07:44:16.6228464Z hint: Using 'master' as the name for the initial branch. This default branch name
smoke	Checkout	2025-10-30T07:44:16.6231580Z hint: is subject to change. To configure the initial branch name to use in all
smoke	Checkout	2025-10-30T07:44:16.6234901Z hint: of your new repositories, which will suppress this warning, call:
smoke	Checkout	2025-10-30T07:44:16.6236395Z hint:
smoke	Checkout	2025-10-30T07:44:16.6237375Z hint: 	git config --global init.defaultBranch <name>
smoke	Checkout	2025-10-30T07:44:16.6238569Z hint:
smoke	Checkout	2025-10-30T07:44:16.6240167Z hint: Names commonly chosen instead of 'master' are 'main', 'trunk' and
smoke	Checkout	2025-10-30T07:44:16.6242345Z hint: 'development'. The just-created branch can be renamed via this command:
smoke	Checkout	2025-10-30T07:44:16.6243949Z hint:
smoke	Checkout	2025-10-30T07:44:16.6244867Z hint: 	git branch -m <name>
smoke	Checkout	2025-10-30T07:44:16.6246013Z hint:
smoke	Checkout	2025-10-30T07:44:16.6247182Z hint: Disable this message with "git config set advice.defaultBranchName false"
smoke	Checkout	2025-10-30T07:44:16.6249169Z Initialized empty Git repository in /home/runner/work/colleco-mvp/colleco-mvp/.git/
smoke	Checkout	2025-10-30T07:44:16.6252813Z [command]/usr/bin/git remote add origin https://github.com/collecokzn-creator/colleco-mvp
smoke	Checkout	2025-10-30T07:44:16.6284841Z ##[endgroup]
smoke	Checkout	2025-10-30T07:44:16.6286206Z ##[group]Disabling automatic garbage collection
smoke	Checkout	2025-10-30T07:44:16.6288162Z [command]/usr/bin/git config --local gc.auto 0
smoke	Checkout	2025-10-30T07:44:16.6317713Z ##[endgroup]
smoke	Checkout	2025-10-30T07:44:16.6318995Z ##[group]Setting up auth
smoke	Checkout	2025-10-30T07:44:16.6324241Z [command]/usr/bin/git config --local --name-only --get-regexp core\.sshCommand
smoke	Checkout	2025-10-30T07:44:16.6354791Z [command]/usr/bin/git submodule foreach --recursive sh -c "git config --local --name-only --get-regexp 'core\.sshCommand' && git config --local --unset-all 'core.sshCommand' || :"
smoke	Checkout	2025-10-30T07:44:16.6673742Z [command]/usr/bin/git config --local --name-only --get-regexp http\.https\:\/\/github\.com\/\.extraheader
smoke	Checkout	2025-10-30T07:44:16.6703745Z [command]/usr/bin/git submodule foreach --recursive sh -c "git config --local --name-only --get-regexp 'http\.https\:\/\/github\.com\/\.extraheader' && git config --local --unset-all 'http.https://github.com/.extraheader' || :"
smoke	Checkout	2025-10-30T07:44:16.6926732Z [command]/usr/bin/git config --local http.https://github.com/.extraheader AUTHORIZATION: basic ***
smoke	Checkout	2025-10-30T07:44:16.6973132Z ##[endgroup]
smoke	Checkout	2025-10-30T07:44:16.6974648Z ##[group]Fetching the repository
smoke	Checkout	2025-10-30T07:44:16.6983279Z [command]/usr/bin/git -c protocol.version=2 fetch --no-tags --prune --no-recurse-submodules --depth=1 origin +8aa239968d082b009bd288ff38b8243faeb3051f:refs/remotes/pull/15/merge
smoke	Checkout	2025-10-30T07:44:17.3428817Z From https://github.com/collecokzn-creator/colleco-mvp
smoke	Checkout	2025-10-30T07:44:17.3430132Z  * [new ref]         8aa239968d082b009bd288ff38b8243faeb3051f -> pull/15/merge
smoke	Checkout	2025-10-30T07:44:17.3461213Z ##[endgroup]
smoke	Checkout	2025-10-30T07:44:17.3462394Z ##[group]Determining the checkout info
smoke	Checkout	2025-10-30T07:44:17.3463648Z ##[endgroup]
smoke	Checkout	2025-10-30T07:44:17.3468365Z [command]/usr/bin/git sparse-checkout disable
smoke	Checkout	2025-10-30T07:44:17.3516501Z [command]/usr/bin/git config --local --unset-all extensions.worktreeConfig
smoke	Checkout	2025-10-30T07:44:17.3548347Z ##[group]Checking out the ref
smoke	Checkout	2025-10-30T07:44:17.3552355Z [command]/usr/bin/git checkout --progress --force refs/remotes/pull/15/merge
smoke	Checkout	2025-10-30T07:44:17.4036956Z Note: switching to 'refs/remotes/pull/15/merge'.
smoke	Checkout	2025-10-30T07:44:17.4038992Z 
smoke	Checkout	2025-10-30T07:44:17.4039927Z You are in 'detached HEAD' state. You can look around, make experimental
smoke	Checkout	2025-10-30T07:44:17.4041926Z changes and commit them, and you can discard any commits you make in this
smoke	Checkout	2025-10-30T07:44:17.4043616Z state without impacting any branches by switching back to a branch.
smoke	Checkout	2025-10-30T07:44:17.4044678Z 
smoke	Checkout	2025-10-30T07:44:17.4045525Z If you want to create a new branch to retain commits you create, you may
smoke	Checkout	2025-10-30T07:44:17.4047133Z do so (now or later) by using -c with the switch command. Example:
smoke	Checkout	2025-10-30T07:44:17.4048080Z 
smoke	Checkout	2025-10-30T07:44:17.4048642Z   git switch -c <new-branch-name>
smoke	Checkout	2025-10-30T07:44:17.4049395Z 
smoke	Checkout	2025-10-30T07:44:17.4050017Z Or undo this operation with:
smoke	Checkout	2025-10-30T07:44:17.4051451Z 
smoke	Checkout	2025-10-30T07:44:17.4051973Z   git switch -
smoke	Checkout	2025-10-30T07:44:17.4053118Z 
smoke	Checkout	2025-10-30T07:44:17.4054254Z Turn off this advice by setting config variable advice.detachedHead to false
smoke	Checkout	2025-10-30T07:44:17.4055293Z 
smoke	Checkout	2025-10-30T07:44:17.4056372Z HEAD is now at 8aa2399 Merge f462522d8be9e21c13ba2c38f1764956e93e45e5 into 71f5be630d527d24b1bd80413cd09b752e1167ae
smoke	Checkout	2025-10-30T07:44:17.4061412Z ##[endgroup]
smoke	Checkout	2025-10-30T07:44:17.4089898Z [command]/usr/bin/git log -1 --format=%H
smoke	Checkout	2025-10-30T07:44:17.4113061Z 8aa239968d082b009bd288ff38b8243faeb3051f
smoke	Use Node.js (explicit)	¬¥‚ïó‚îê2025-10-30T07:44:17.4362721Z ##[group]Run actions/setup-node@v4
smoke	Use Node.js (explicit)	2025-10-30T07:44:17.4363481Z with:
smoke	Use Node.js (explicit)	2025-10-30T07:44:17.4364085Z   node-version: 20.19.0
smoke	Use Node.js (explicit)	2025-10-30T07:44:17.4364715Z   always-auth: false
smoke	Use Node.js (explicit)	2025-10-30T07:44:17.4365350Z   check-latest: false
smoke	Use Node.js (explicit)	2025-10-30T07:44:17.4366130Z   token: ***
smoke	Use Node.js (explicit)	2025-10-30T07:44:17.4366730Z env:
smoke	Use Node.js (explicit)	2025-10-30T07:44:17.4367321Z   SITEMINDER_USE_MOCK: 1
smoke	Use Node.js (explicit)	2025-10-30T07:44:17.4367968Z   SITEMINDER_MOCK_PORT: 4015
smoke	Use Node.js (explicit)	2025-10-30T07:44:17.4368661Z   CYPRESS_BASE_URL: http://127.0.0.1:5173
smoke	Use Node.js (explicit)	2025-10-30T07:44:17.4369407Z   API_BASE: http://127.0.0.1:4000
smoke	Use Node.js (explicit)	2025-10-30T07:44:17.4370078Z ##[endgroup]
smoke	Use Node.js (explicit)	2025-10-30T07:44:17.6115712Z Attempting to download 20.19.0...
smoke	Use Node.js (explicit)	2025-10-30T07:44:18.2060293Z Acquiring 20.19.0 - x64 from https://github.com/actions/node-versions/releases/download/20.19.0-13838090974/node-20.19.0-linux-x64.tar.gz
smoke	Use Node.js (explicit)	2025-10-30T07:44:18.7285216Z Extracting ...
smoke	Use Node.js (explicit)	2025-10-30T07:44:18.7390352Z [command]/usr/bin/tar xz --strip 1 --warning=no-unknown-keyword --overwrite -C /home/runner/work/_temp/e3dfd6c0-e60f-4361-bbfa-016d7a8a5c20 -f /home/runner/work/_temp/bb7514e5-663f-4f09-affc-0e5e379a50b8
smoke	Use Node.js (explicit)	2025-10-30T07:44:19.7465751Z Adding to the cache ...
smoke	Use Node.js (explicit)	2025-10-30T07:44:21.4779693Z ##[group]Environment details
smoke	Use Node.js (explicit)	2025-10-30T07:44:21.7037493Z node: v20.19.0
smoke	Use Node.js (explicit)	2025-10-30T07:44:21.7038058Z npm: 10.8.2
smoke	Use Node.js (explicit)	2025-10-30T07:44:21.7038395Z yarn: 1.22.22
smoke	Use Node.js (explicit)	2025-10-30T07:44:21.7039148Z ##[endgroup]
smoke	Install dependencies	¬¥‚ïó‚îê2025-10-30T07:44:21.7202945Z ##[group]Run npm ci
smoke	Install dependencies	2025-10-30T07:44:21.7203281Z [36;1mnpm ci[0m
smoke	Install dependencies	2025-10-30T07:44:21.7242783Z shell: /usr/bin/bash -e {0}
smoke	Install dependencies	2025-10-30T07:44:21.7243072Z env:
smoke	Install dependencies	2025-10-30T07:44:21.7243272Z   SITEMINDER_USE_MOCK: 1
smoke	Install dependencies	2025-10-30T07:44:21.7243513Z   SITEMINDER_MOCK_PORT: 4015
smoke	Install dependencies	2025-10-30T07:44:21.7243840Z   CYPRESS_BASE_URL: http://127.0.0.1:5173
smoke	Install dependencies	2025-10-30T07:44:21.7244137Z   API_BASE: http://127.0.0.1:4000
smoke	Install dependencies	2025-10-30T07:44:21.7244395Z ##[endgroup]
smoke	Install dependencies	2025-10-30T07:44:24.8462928Z npm warn deprecated rimraf@3.0.2: Rimraf versions prior to v4 are no longer supported
smoke	Install dependencies	2025-10-30T07:44:25.7679487Z npm warn deprecated inflight@1.0.6: This module is not supported, and leaks memory. Do not use it. Check out lru-cache if you want a good and tested way to coalesce async requests by a key value, which is much more comprehensive and powerful.
smoke	Install dependencies	2025-10-30T07:44:26.4454698Z npm warn deprecated fstream@1.0.12: This package is no longer supported.
smoke	Install dependencies	2025-10-30T07:44:27.2669775Z npm warn deprecated @humanwhocodes/config-array@0.13.0: Use @eslint/config-array instead
smoke	Install dependencies	2025-10-30T07:44:27.3033204Z npm warn deprecated @humanwhocodes/object-schema@2.0.3: Use @eslint/object-schema instead
smoke	Install dependencies	2025-10-30T07:44:27.7583755Z npm warn deprecated glob@7.2.3: Glob versions prior to v9 are no longer supported
smoke	Install dependencies	2025-10-30T07:44:27.8880915Z npm warn deprecated rimraf@2.7.1: Rimraf versions prior to v4 are no longer supported
smoke	Install dependencies	2025-10-30T07:44:27.8889995Z npm warn deprecated glob@7.2.3: Glob versions prior to v9 are no longer supported
smoke	Install dependencies	2025-10-30T07:44:30.4781957Z npm warn deprecated eslint@8.57.1: This version is no longer supported. Please see https://eslint.org/version-support for other options.
smoke	Install dependencies	2025-10-30T07:44:45.6385778Z 
smoke	Install dependencies	2025-10-30T07:44:45.6386778Z added 910 packages, and audited 911 packages in 24s
smoke	Install dependencies	2025-10-30T07:44:45.6387328Z 
smoke	Install dependencies	2025-10-30T07:44:45.6387657Z 224 packages are looking for funding
smoke	Install dependencies	2025-10-30T07:44:45.6388170Z   run `npm fund` for details
smoke	Install dependencies	2025-10-30T07:44:45.6589052Z 
smoke	Install dependencies	2025-10-30T07:44:45.6589746Z 9 moderate severity vulnerabilities
smoke	Install dependencies	2025-10-30T07:44:45.6590238Z 
smoke	Install dependencies	2025-10-30T07:44:45.6590599Z To address issues that do not require attention, run:
smoke	Install dependencies	2025-10-30T07:44:45.6591786Z   npm audit fix
smoke	Install dependencies	2025-10-30T07:44:45.6591967Z 
smoke	Install dependencies	2025-10-30T07:44:45.6592271Z To address all issues (including breaking changes), run:
smoke	Install dependencies	2025-10-30T07:44:45.6592688Z   npm audit fix --force
smoke	Install dependencies	2025-10-30T07:44:45.6592889Z 
smoke	Install dependencies	2025-10-30T07:44:45.6593053Z Run `npm audit` for details.
smoke	Start API server	¬¥‚ïó‚îê2025-10-30T07:44:45.6922268Z ##[group]Run nohup node server/server.js > server.log 2>&1 &
smoke	Start API server	2025-10-30T07:44:45.6922751Z [36;1mnohup node server/server.js > server.log 2>&1 &[0m
smoke	Start API server	2025-10-30T07:44:45.6923056Z [36;1mecho $! > backend.pid[0m
smoke	Start API server	2025-10-30T07:44:45.6961603Z shell: /usr/bin/bash -e {0}
smoke	Start API server	2025-10-30T07:44:45.6961865Z env:
smoke	Start API server	2025-10-30T07:44:45.6962044Z   SITEMINDER_USE_MOCK: 1
smoke	Start API server	2025-10-30T07:44:45.6962271Z   SITEMINDER_MOCK_PORT: 4015
smoke	Start API server	2025-10-30T07:44:45.6962528Z   CYPRESS_BASE_URL: http://127.0.0.1:5173
smoke	Start API server	2025-10-30T07:44:45.6962795Z   API_BASE: http://127.0.0.1:4000
smoke	Start API server	2025-10-30T07:44:45.6963028Z ##[endgroup]
smoke	Start Vite dev server	¬¥‚ïó‚îê2025-10-30T07:44:45.7051450Z ##[group]Run nohup bash -lc "npx cross-env VITE_API_BASE=http://127.0.0.1:4000 npm run dev -- --host 127.0.0.1 --port 5173" > vite.log 2>&1 &
smoke	Start Vite dev server	2025-10-30T07:44:45.7052325Z [36;1mnohup bash -lc "npx cross-env VITE_API_BASE=http://127.0.0.1:4000 npm run dev -- --host 127.0.0.1 --port 5173" > vite.log 2>&1 &[0m
smoke	Start Vite dev server	2025-10-30T07:44:45.7052820Z [36;1mecho $! > vite.pid[0m
smoke	Start Vite dev server	2025-10-30T07:44:45.7084281Z shell: /usr/bin/bash -e {0}
smoke	Start Vite dev server	2025-10-30T07:44:45.7084518Z env:
smoke	Start Vite dev server	2025-10-30T07:44:45.7084700Z   SITEMINDER_USE_MOCK: 1
smoke	Start Vite dev server	2025-10-30T07:44:45.7084913Z   SITEMINDER_MOCK_PORT: 4015
smoke	Start Vite dev server	2025-10-30T07:44:45.7085157Z   CYPRESS_BASE_URL: http://127.0.0.1:5173
smoke	Start Vite dev server	2025-10-30T07:44:45.7085427Z   API_BASE: http://127.0.0.1:4000
smoke	Start Vite dev server	2025-10-30T07:44:45.7085648Z ##[endgroup]
smoke	Wait for dev server and API	¬¥‚ïó‚îê2025-10-30T07:44:45.7175309Z ##[group]Run n=0; until curl -fsS http://127.0.0.1:5173/ >/dev/null 2>&1 && curl -fsS http://127.0.0.1:4000/health >/dev/null 2>&1 || [ $n -ge 120 ]; do n=$((n+1)); echo "waiting... $n"; sleep 1; done
smoke	Wait for dev server and API	2025-10-30T07:44:45.7176275Z [36;1mn=0; until curl -fsS http://127.0.0.1:5173/ >/dev/null 2>&1 && curl -fsS http://127.0.0.1:4000/health >/dev/null 2>&1 || [ $n -ge 120 ]; do n=$((n+1)); echo "waiting... $n"; sleep 1; done[0m
smoke	Wait for dev server and API	2025-10-30T07:44:45.7210416Z shell: /usr/bin/bash -e {0}
smoke	Wait for dev server and API	2025-10-30T07:44:45.7210805Z env:
smoke	Wait for dev server and API	2025-10-30T07:44:45.7211338Z   SITEMINDER_USE_MOCK: 1
smoke	Wait for dev server and API	2025-10-30T07:44:45.7211704Z   SITEMINDER_MOCK_PORT: 4015
smoke	Wait for dev server and API	2025-10-30T07:44:45.7212105Z   CYPRESS_BASE_URL: http://127.0.0.1:5173
smoke	Wait for dev server and API	2025-10-30T07:44:45.7212557Z   API_BASE: http://127.0.0.1:4000
smoke	Wait for dev server and API	2025-10-30T07:44:45.7212938Z ##[endgroup]
smoke	Wait for dev server and API	2025-10-30T07:44:45.7352432Z waiting... 1
smoke	Wait for dev server and API	2025-10-30T07:44:46.7458066Z waiting... 2
smoke	Run quick smoke E2E (smoke + navbar + booking modal + login smoke)	¬¥‚ïó‚îê2025-10-30T07:44:48.1298355Z ##[group]Run npx cypress run --browser electron --config video=false --spec "cypress/e2e/smoke.cy.js,cypress/e2e/nav_mobile.cy.js,cypress/e2e/booking_modal.cy.js,cypress/e2e/login_register_smoke.cy.js,cypress/e2e/login_smoke_minimal.cy.js"
smoke	Run quick smoke E2E (smoke + navbar + booking modal + login smoke)	2025-10-30T07:44:48.1299909Z [36;1mnpx cypress run --browser electron --config video=false --spec "cypress/e2e/smoke.cy.js,cypress/e2e/nav_mobile.cy.js,cypress/e2e/booking_modal.cy.js,cypress/e2e/login_register_smoke.cy.js,cypress/e2e/login_smoke_minimal.cy.js"[0m
smoke	Run quick smoke E2E (smoke + navbar + booking modal + login smoke)	2025-10-30T07:44:48.1333310Z shell: /usr/bin/bash -e {0}
smoke	Run quick smoke E2E (smoke + navbar + booking modal + login smoke)	2025-10-30T07:44:48.1333551Z env:
smoke	Run quick smoke E2E (smoke + navbar + booking modal + login smoke)	2025-10-30T07:44:48.1333742Z   SITEMINDER_USE_MOCK: 1
smoke	Run quick smoke E2E (smoke + navbar + booking modal + login smoke)	2025-10-30T07:44:48.1333960Z   SITEMINDER_MOCK_PORT: 4015
smoke	Run quick smoke E2E (smoke + navbar + booking modal + login smoke)	2025-10-30T07:44:48.1334220Z   CYPRESS_BASE_URL: http://127.0.0.1:5173
smoke	Run quick smoke E2E (smoke + navbar + booking modal + login smoke)	2025-10-30T07:44:48.1334486Z   API_BASE: http://127.0.0.1:4000
smoke	Run quick smoke E2E (smoke + navbar + booking modal + login smoke)	2025-10-30T07:44:48.1334713Z ##[endgroup]
smoke	Run quick smoke E2E (smoke + navbar + booking modal + login smoke)	2025-10-30T07:44:48.8418543Z It looks like this is your first time using Cypress: 13.17.0
smoke	Run quick smoke E2E (smoke + navbar + booking modal + login smoke)	2025-10-30T07:44:48.8419068Z 
smoke	Run quick smoke E2E (smoke + navbar + booking modal + login smoke)	2025-10-30T07:44:48.8448347Z [STARTED] Task without title.
smoke	Run quick smoke E2E (smoke + navbar + booking modal + login smoke)	2025-10-30T07:44:53.3797565Z [SUCCESS] Task without title.
smoke	Run quick smoke E2E (smoke + navbar + booking modal + login smoke)	2025-10-30T07:44:53.3801327Z 
smoke	Run quick smoke E2E (smoke + navbar + booking modal + login smoke)	2025-10-30T07:44:53.3802136Z Opening Cypress...
smoke	Run quick smoke E2E (smoke + navbar + booking modal + login smoke)	2025-10-30T07:44:54.0093401Z 
smoke	Run quick smoke E2E (smoke + navbar + booking modal + login smoke)	2025-10-30T07:44:54.0094765Z DevTools listening on ws://127.0.0.1:42663/devtools/browser/fea1acba-af3f-49b2-a301-5b79a9dfeff4
smoke	Run quick smoke E2E (smoke + navbar + booking modal + login smoke)	2025-10-30T07:45:00.0088530Z 
smoke	Run quick smoke E2E (smoke + navbar + booking modal + login smoke)	2025-10-30T07:45:00.0355396Z tput: No value for $TERM and no -T specified
smoke	Run quick smoke E2E (smoke + navbar + booking modal + login smoke)	2025-10-30T07:45:00.0358790Z [90m====================================================================================================[39m
smoke	Run quick smoke E2E (smoke + navbar + booking modal + login smoke)	2025-10-30T07:45:00.0359292Z 
smoke	Run quick smoke E2E (smoke + navbar + booking modal + login smoke)	2025-10-30T07:45:00.0361818Z [0m  ([4m[1mRun Starting[22m[24m)[0m
smoke	Run quick smoke E2E (smoke + navbar + booking modal + login smoke)	2025-10-30T07:45:00.0362262Z 
smoke	Run quick smoke E2E (smoke + navbar + booking modal + login smoke)	2025-10-30T07:45:00.0439005Z [90m  √î√∂√Æ[39m[90m√î√∂√á[39m[90m√î√∂√á[39m[90m√î√∂√á[39m[90m√î√∂√á[39m[90m√î√∂√á[39m[90m√î√∂√á[39m[90m√î√∂√á[39m[90m√î√∂√á[39m[90m√î√∂√á[39m[90m√î√∂√á[39m[90m√î√∂√á[39m[90m√î√∂√á[39m[90m√î√∂√á[39m[90m√î√∂√á[39m[90m√î√∂√á[39m[90m√î√∂√á[39m[90m√î√∂√á[39m[90m√î√∂√á[39m[90m√î√∂√á[39m[90m√î√∂√á[39m[90m√î√∂√á[39m[90m√î√∂√á[39m[90m√î√∂√á[39m[90m√î√∂√á[39m[90m√î√∂√á[39m[90m√î√∂√á[39m[90m√î√∂√á[39m[90m√î√∂√á[39m[90m√î√∂√á[39m[90m√î√∂√á[39m[90m√î√∂√á[39m[90m√î√∂√á[39m[90m√î√∂√á[39m[90m√î√∂√á[39m[90m√î√∂√á[39m[90m√î√∂√á[39m[90m√î√∂√á[39m[90m√î√∂√á[39m[90m√î√∂√á[39m[90m√î√∂√á[39m[90m√î√∂√á[39m[90m√î√∂√á[39m[90m√î√∂√á[39m[90m√î√∂√á[39m[90m√î√∂√á[39m[90m√î√∂√á[39m[90m√î√∂√á[39m[90m√î√∂√á[39m[90m√î√∂√á[39m[90m√î√∂√á[39m[90m√î√∂√á[39m[90m√î√∂√á[39m[90m√î√∂√á[39m[90m√î√∂√á[39m[90m√î√∂√á[39m[90m√î√∂√á[39m[90m√î√∂√á[39m[90m√î√∂√á[39m[90m√î√∂√á[39m[90m√î√∂√á[39m[90m√î√∂√á[39m[90m√î√∂√á[39m[90m√î√∂√á[39m[90m√î√∂√á[39m[90m√î√∂√á[39m[90m√î√∂√á[39m[90m√î√∂√á[39m[90m√î√∂√á[39m[90m√î√∂√á[39m[90m√î√∂√á[39m[90m√î√∂√á[39m[90m√î√∂√á[39m[90m√î√∂√á[39m[90m√î√∂√á[39m[90m√î√∂√á[39m[90m√î√∂√á[39m[90m√î√∂√á[39m[90m√î√∂√á[39m[90m√î√∂√á[39m[90m√î√∂√á[39m[90m√î√∂√á[39m[90m√î√∂√á[39m[90m√î√∂√á[39m[90m√î√∂√á[39m[90m√î√∂√á[39m[90m√î√∂√á[39m[90m√î√∂√á[39m[90m√î√∂√á[39m[90m√î√∂√á[39m[90m√î√∂√á[39m[90m√î√∂√á[39m[90m√î√∂√á[39m[90m√î√∂√á[39m[90m√î√∂√á[39m[90m√î√∂√á[39m[90m√î√∂√á[39m[90m√î√∂√â[39m
smoke	Run quick smoke E2E (smoke + navbar + booking modal + login smoke)	2025-10-30T07:45:00.0443786Z [90m  √î√∂√©[39m [90mCypress:[39m        13.17.0                                                                        [90m√î√∂√©[39m
smoke	Run quick smoke E2E (smoke + navbar + booking modal + login smoke)	2025-10-30T07:45:00.0445329Z [90m  √î√∂√©[39m [90mBrowser:[39m        Electron 118 [90m(headless)[39m                                                        [90m√î√∂√©[39m
smoke	Run quick smoke E2E (smoke + navbar + booking modal + login smoke)	2025-10-30T07:45:00.0447121Z [90m  √î√∂√©[39m [90mNode Version:[39m   [0mv20.19.0 [90m(/opt/hostedtoolcache/node/20.19.0/x64/bin/node)[39m[0m                      [90m√î√∂√©[39m
smoke	Run quick smoke E2E (smoke + navbar + booking modal + login smoke)	2025-10-30T07:45:00.0448890Z [90m  √î√∂√©[39m [90mSpecs:[39m          [0m5 found (smoke.cy.js, nav_mobile.cy.js, booking_modal.cy.js, login_register_sm[0m [90m√î√∂√©[39m
smoke	Run quick smoke E2E (smoke + navbar + booking modal + login smoke)	2025-10-30T07:45:00.0450449Z [90m  √î√∂√©[39m                 [0moke.cy.js, login_smoke_minimal.cy.js)[0m                                          [90m√î√∂√©[39m
smoke	Run quick smoke E2E (smoke + navbar + booking modal + login smoke)	2025-10-30T07:45:00.0452217Z [90m  √î√∂√©[39m [90mSearched:[39m       [0mcypress/e2e/smoke.cy.js, cypress/e2e/nav_mobile.cy.js, cypress/e2e/booking_mod[0m [90m√î√∂√©[39m
smoke	Run quick smoke E2E (smoke + navbar + booking modal + login smoke)	2025-10-30T07:45:00.0453860Z [90m  √î√∂√©[39m                 [0mal.cy.js, cypress/e2e/login_register_smoke.cy.js, cypress/e2e/login_smoke_mini[0m [90m√î√∂√©[39m
smoke	Run quick smoke E2E (smoke + navbar + booking modal + login smoke)	2025-10-30T07:45:00.0455148Z [90m  √î√∂√©[39m                 [0mmal.cy.js[0m                                                                      [90m√î√∂√©[39m
smoke	Run quick smoke E2E (smoke + navbar + booking modal + login smoke)	2025-10-30T07:45:00.0462615Z [90m  √î√∂√∂[39m[90m√î√∂√á[39m[90m√î√∂√á[39m[90m√î√∂√á[39m[90m√î√∂√á[39m[90m√î√∂√á[39m[90m√î√∂√á[39m[90m√î√∂√á[39m[90m√î√∂√á[39m[90m√î√∂√á[39m[90m√î√∂√á[39m[90m√î√∂√á[39m[90m√î√∂√á[39m[90m√î√∂√á[39m[90m√î√∂√á[39m[90m√î√∂√á[39m[90m√î√∂√á[39m[90m√î√∂√á[39m[90m√î√∂√á[39m[90m√î√∂√á[39m[90m√î√∂√á[39m[90m√î√∂√á[39m[90m√î√∂√á[39m[90m√î√∂√á[39m[90m√î√∂√á[39m[90m√î√∂√á[39m[90m√î√∂√á[39m[90m√î√∂√á[39m[90m√î√∂√á[39m[90m√î√∂√á[39m[90m√î√∂√á[39m[90m√î√∂√á[39m[90m√î√∂√á[39m[90m√î√∂√á[39m[90m√î√∂√á[39m[90m√î√∂√á[39m[90m√î√∂√á[39m[90m√î√∂√á[39m[90m√î√∂√á[39m[90m√î√∂√á[39m[90m√î√∂√á[39m[90m√î√∂√á[39m[90m√î√∂√á[39m[90m√î√∂√á[39m[90m√î√∂√á[39m[90m√î√∂√á[39m[90m√î√∂√á[39m[90m√î√∂√á[39m[90m√î√∂√á[39m[90m√î√∂√á[39m[90m√î√∂√á[39m[90m√î√∂√á[39m[90m√î√∂√á[39m[90m√î√∂√á[39m[90m√î√∂√á[39m[90m√î√∂√á[39m[90m√î√∂√á[39m[90m√î√∂√á[39m[90m√î√∂√á[39m[90m√î√∂√á[39m[90m√î√∂√á[39m[90m√î√∂√á[39m[90m√î√∂√á[39m[90m√î√∂√á[39m[90m√î√∂√á[39m[90m√î√∂√á[39m[90m√î√∂√á[39m[90m√î√∂√á[39m[90m√î√∂√á[39m[90m√î√∂√á[39m[90m√î√∂√á[39m[90m√î√∂√á[39m[90m√î√∂√á[39m[90m√î√∂√á[39m[90m√î√∂√á[39m[90m√î√∂√á[39m[90m√î√∂√á[39m[90m√î√∂√á[39m[90m√î√∂√á[39m[90m√î√∂√á[39m[90m√î√∂√á[39m[90m√î√∂√á[39m[90m√î√∂√á[39m[90m√î√∂√á[39m[90m√î√∂√á[39m[90m√î√∂√á[39m[90m√î√∂√á[39m[90m√î√∂√á[39m[90m√î√∂√á[39m[90m√î√∂√á[39m[90m√î√∂√á[39m[90m√î√∂√á[39m[90m√î√∂√á[39m[90m√î√∂√á[39m[90m√î√∂√á[39m[90m√î√∂√á[39m[90m√î√∂√á[39m[90m√î√∂√ø[39m
smoke	Run quick smoke E2E (smoke + navbar + booking modal + login smoke)	2025-10-30T07:45:00.0466252Z 
smoke	Run quick smoke E2E (smoke + navbar + booking modal + login smoke)	2025-10-30T07:45:00.0466282Z 
smoke	Run quick smoke E2E (smoke + navbar + booking modal + login smoke)	2025-10-30T07:45:00.0472903Z [90m√î√∂√á[39m[90m√î√∂√á[39m[90m√î√∂√á[39m[90m√î√∂√á[39m[90m√î√∂√á[39m[90m√î√∂√á[39m[90m√î√∂√á[39m[90m√î√∂√á[39m[90m√î√∂√á[39m[90m√î√∂√á[39m[90m√î√∂√á[39m[90m√î√∂√á[39m[90m√î√∂√á[39m[90m√î√∂√á[39m[90m√î√∂√á[39m[90m√î√∂√á[39m[90m√î√∂√á[39m[90m√î√∂√á[39m[90m√î√∂√á[39m[90m√î√∂√á[39m[90m√î√∂√á[39m[90m√î√∂√á[39m[90m√î√∂√á[39m[90m√î√∂√á[39m[90m√î√∂√á[39m[90m√î√∂√á[39m[90m√î√∂√á[39m[90m√î√∂√á[39m[90m√î√∂√á[39m[90m√î√∂√á[39m[90m√î√∂√á[39m[90m√î√∂√á[39m[90m√î√∂√á[39m[90m√î√∂√á[39m[90m√î√∂√á[39m[90m√î√∂√á[39m[90m√î√∂√á[39m[90m√î√∂√á[39m[90m√î√∂√á[39m[90m√î√∂√á[39m[90m√î√∂√á[39m[90m√î√∂√á[39m[90m√î√∂√á[39m[90m√î√∂√á[39m[90m√î√∂√á[39m[90m√î√∂√á[39m[90m√î√∂√á[39m[90m√î√∂√á[39m[90m√î√∂√á[39m[90m√î√∂√á[39m[90m√î√∂√á[39m[90m√î√∂√á[39m[90m√î√∂√á[39m[90m√î√∂√á[39m[90m√î√∂√á[39m[90m√î√∂√á[39m[90m√î√∂√á[39m[90m√î√∂√á[39m[90m√î√∂√á[39m[90m√î√∂√á[39m[90m√î√∂√á[39m[90m√î√∂√á[39m[90m√î√∂√á[39m[90m√î√∂√á[39m[90m√î√∂√á[39m[90m√î√∂√á[39m[90m√î√∂√á[39m[90m√î√∂√á[39m[90m√î√∂√á[39m[90m√î√∂√á[39m[90m√î√∂√á[39m[90m√î√∂√á[39m[90m√î√∂√á[39m[90m√î√∂√á[39m[90m√î√∂√á[39m[90m√î√∂√á[39m[90m√î√∂√á[39m[90m√î√∂√á[39m[90m√î√∂√á[39m[90m√î√∂√á[39m[90m√î√∂√á[39m[90m√î√∂√á[39m[90m√î√∂√á[39m[90m√î√∂√á[39m[90m√î√∂√á[39m[90m√î√∂√á[39m[90m√î√∂√á[39m[90m√î√∂√á[39m[90m√î√∂√á[39m[90m√î√∂√á[39m[90m√î√∂√á[39m[90m√î√∂√á[39m[90m√î√∂√á[39m[90m√î√∂√á[39m[90m√î√∂√á[39m[90m√î√∂√á[39m[90m√î√∂√á[39m[90m√î√∂√á[39m[90m√î√∂√á[39m[90m√î√∂√á[39m
smoke	Run quick smoke E2E (smoke + navbar + booking modal + login smoke)	2025-10-30T07:45:00.0477198Z                                                                                                     
smoke	Run quick smoke E2E (smoke + navbar + booking modal + login smoke)	2025-10-30T07:45:00.0478330Z   Running:  [90msmoke.cy.js[39m                                                                     [90m(1 of 5)[39m
smoke	Run quick smoke E2E (smoke + navbar + booking modal + login smoke)	2025-10-30T07:45:02.9049213Z 
smoke	Run quick smoke E2E (smoke + navbar + booking modal + login smoke)	2025-10-30T07:45:02.9052827Z [0m[0m
smoke	Run quick smoke E2E (smoke + navbar + booking modal + login smoke)	2025-10-30T07:45:02.9081728Z [0m  Smoke[0m
smoke	Run quick smoke E2E (smoke + navbar + booking modal + login smoke)	2025-10-30T07:45:04.1123485Z   [32m  √î¬£√¥[0m[90m loads home and has visible header and footer[0m[90m (1196ms)[0m
smoke	Run quick smoke E2E (smoke + navbar + booking modal + login smoke)	2025-10-30T07:45:04.1648711Z   [32m  √î¬£√¥[0m[90m backend /health responds[0m[90m (34ms)[0m
smoke	Run quick smoke E2E (smoke + navbar + booking modal + login smoke)	2025-10-30T07:45:04.1650170Z 
smoke	Run quick smoke E2E (smoke + navbar + booking modal + login smoke)	2025-10-30T07:45:04.1778878Z 
smoke	Run quick smoke E2E (smoke + navbar + booking modal + login smoke)	2025-10-30T07:45:04.1781716Z [92m [0m[32m 2 passing[0m[90m (1s)[0m
smoke	Run quick smoke E2E (smoke + navbar + booking modal + login smoke)	2025-10-30T07:45:04.1782121Z 
smoke	Run quick smoke E2E (smoke + navbar + booking modal + login smoke)	2025-10-30T07:45:04.1801542Z 
smoke	Run quick smoke E2E (smoke + navbar + booking modal + login smoke)	2025-10-30T07:45:04.1803456Z [32m  ([4m[1mResults[22m[24m)[39m
smoke	Run quick smoke E2E (smoke + navbar + booking modal + login smoke)	2025-10-30T07:45:04.1810275Z 
smoke	Run quick smoke E2E (smoke + navbar + booking modal + login smoke)	2025-10-30T07:45:04.1830581Z [90m  √î√∂√Æ[39m[90m√î√∂√á[39m[90m√î√∂√á[39m[90m√î√∂√á[39m[90m√î√∂√á[39m[90m√î√∂√á[39m[90m√î√∂√á[39m[90m√î√∂√á[39m[90m√î√∂√á[39m[90m√î√∂√á[39m[90m√î√∂√á[39m[90m√î√∂√á[39m[90m√î√∂√á[39m[90m√î√∂√á[39m[90m√î√∂√á[39m[90m√î√∂√á[39m[90m√î√∂√á[39m[90m√î√∂√á[39m[90m√î√∂√á[39m[90m√î√∂√á[39m[90m√î√∂√á[39m[90m√î√∂√á[39m[90m√î√∂√á[39m[90m√î√∂√á[39m[90m√î√∂√á[39m[90m√î√∂√á[39m[90m√î√∂√á[39m[90m√î√∂√á[39m[90m√î√∂√á[39m[90m√î√∂√á[39m[90m√î√∂√á[39m[90m√î√∂√á[39m[90m√î√∂√á[39m[90m√î√∂√á[39m[90m√î√∂√á[39m[90m√î√∂√á[39m[90m√î√∂√á[39m[90m√î√∂√á[39m[90m√î√∂√á[39m[90m√î√∂√á[39m[90m√î√∂√á[39m[90m√î√∂√á[39m[90m√î√∂√á[39m[90m√î√∂√á[39m[90m√î√∂√á[39m[90m√î√∂√á[39m[90m√î√∂√á[39m[90m√î√∂√á[39m[90m√î√∂√á[39m[90m√î√∂√á[39m[90m√î√∂√á[39m[90m√î√∂√á[39m[90m√î√∂√á[39m[90m√î√∂√á[39m[90m√î√∂√á[39m[90m√î√∂√á[39m[90m√î√∂√á[39m[90m√î√∂√á[39m[90m√î√∂√á[39m[90m√î√∂√á[39m[90m√î√∂√á[39m[90m√î√∂√á[39m[90m√î√∂√á[39m[90m√î√∂√á[39m[90m√î√∂√á[39m[90m√î√∂√á[39m[90m√î√∂√á[39m[90m√î√∂√á[39m[90m√î√∂√á[39m[90m√î√∂√á[39m[90m√î√∂√á[39m[90m√î√∂√á[39m[90m√î√∂√á[39m[90m√î√∂√á[39m[90m√î√∂√á[39m[90m√î√∂√á[39m[90m√î√∂√á[39m[90m√î√∂√á[39m[90m√î√∂√á[39m[90m√î√∂√á[39m[90m√î√∂√á[39m[90m√î√∂√á[39m[90m√î√∂√á[39m[90m√î√∂√á[39m[90m√î√∂√á[39m[90m√î√∂√á[39m[90m√î√∂√á[39m[90m√î√∂√á[39m[90m√î√∂√á[39m[90m√î√∂√á[39m[90m√î√∂√á[39m[90m√î√∂√á[39m[90m√î√∂√á[39m[90m√î√∂√á[39m[90m√î√∂√á[39m[90m√î√∂√á[39m[90m√î√∂√á[39m[90m√î√∂√â[39m
smoke	Run quick smoke E2E (smoke + navbar + booking modal + login smoke)	2025-10-30T07:45:04.1835834Z [90m  √î√∂√©[39m [90mTests:[39m        [32m2[39m                                                                                [90m√î√∂√©[39m
smoke	Run quick smoke E2E (smoke + navbar + booking modal + login smoke)	2025-10-30T07:45:04.1837124Z [90m  √î√∂√©[39m [90mPassing:[39m      [32m2[39m                                                                                [90m√î√∂√©[39m
smoke	Run quick smoke E2E (smoke + navbar + booking modal + login smoke)	2025-10-30T07:45:04.1838373Z [90m  √î√∂√©[39m [90mFailing:[39m      [32m0[39m                                                                                [90m√î√∂√©[39m
smoke	Run quick smoke E2E (smoke + navbar + booking modal + login smoke)	2025-10-30T07:45:04.1839633Z [90m  √î√∂√©[39m [90mPending:[39m      [32m0[39m                                                                                [90m√î√∂√©[39m
smoke	Run quick smoke E2E (smoke + navbar + booking modal + login smoke)	2025-10-30T07:45:04.1840832Z [90m  √î√∂√©[39m [90mSkipped:[39m      [32m0[39m                                                                                [90m√î√∂√©[39m
smoke	Run quick smoke E2E (smoke + navbar + booking modal + login smoke)	2025-10-30T07:45:04.1842311Z [90m  √î√∂√©[39m [90mScreenshots:[39m  [32m0[39m                                                                                [90m√î√∂√©[39m
smoke	Run quick smoke E2E (smoke + navbar + booking modal + login smoke)	2025-10-30T07:45:04.1843599Z [90m  √î√∂√©[39m [90mVideo:[39m        [32mfalse[39m                                                                            [90m√î√∂√©[39m
smoke	Run quick smoke E2E (smoke + navbar + booking modal + login smoke)	2025-10-30T07:45:04.1845277Z [90m  √î√∂√©[39m [90mDuration:[39m     [32m1 second[39m                                                                         [90m√î√∂√©[39m
smoke	Run quick smoke E2E (smoke + navbar + booking modal + login smoke)	2025-10-30T07:45:04.1846715Z [90m  √î√∂√©[39m [90mSpec Ran:[39m     [32m[32msmoke.cy.js[32m[39m                                                                      [90m√î√∂√©[39m
smoke	Run quick smoke E2E (smoke + navbar + booking modal + login smoke)	2025-10-30T07:45:04.1853641Z [90m  √î√∂√∂[39m[90m√î√∂√á[39m[90m√î√∂√á[39m[90m√î√∂√á[39m[90m√î√∂√á[39m[90m√î√∂√á[39m[90m√î√∂√á[39m[90m√î√∂√á[39m[90m√î√∂√á[39m[90m√î√∂√á[39m[90m√î√∂√á[39m[90m√î√∂√á[39m[90m√î√∂√á[39m[90m√î√∂√á[39m[90m√î√∂√á[39m[90m√î√∂√á[39m[90m√î√∂√á[39m[90m√î√∂√á[39m[90m√î√∂√á[39m[90m√î√∂√á[39m[90m√î√∂√á[39m[90m√î√∂√á[39m[90m√î√∂√á[39m[90m√î√∂√á[39m[90m√î√∂√á[39m[90m√î√∂√á[39m[90m√î√∂√á[39m[90m√î√∂√á[39m[90m√î√∂√á[39m[90m√î√∂√á[39m[90m√î√∂√á[39m[90m√î√∂√á[39m[90m√î√∂√á[39m[90m√î√∂√á[39m[90m√î√∂√á[39m[90m√î√∂√á[39m[90m√î√∂√á[39m[90m√î√∂√á[39m[90m√î√∂√á[39m[90m√î√∂√á[39m[90m√î√∂√á[39m[90m√î√∂√á[39m[90m√î√∂√á[39m[90m√î√∂√á[39m[90m√î√∂√á[39m[90m√î√∂√á[39m[90m√î√∂√á[39m[90m√î√∂√á[39m[90m√î√∂√á[39m[90m√î√∂√á[39m[90m√î√∂√á[39m[90m√î√∂√á[39m[90m√î√∂√á[39m[90m√î√∂√á[39m[90m√î√∂√á[39m[90m√î√∂√á[39m[90m√î√∂√á[39m[90m√î√∂√á[39m[90m√î√∂√á[39m[90m√î√∂√á[39m[90m√î√∂√á[39m[90m√î√∂√á[39m[90m√î√∂√á[39m[90m√î√∂√á[39m[90m√î√∂√á[39m[90m√î√∂√á[39m[90m√î√∂√á[39m[90m√î√∂√á[39m[90m√î√∂√á[39m[90m√î√∂√á[39m[90m√î√∂√á[39m[90m√î√∂√á[39m[90m√î√∂√á[39m[90m√î√∂√á[39m[90m√î√∂√á[39m[90m√î√∂√á[39m[90m√î√∂√á[39m[90m√î√∂√á[39m[90m√î√∂√á[39m[90m√î√∂√á[39m[90m√î√∂√á[39m[90m√î√∂√á[39m[90m√î√∂√á[39m[90m√î√∂√á[39m[90m√î√∂√á[39m[90m√î√∂√á[39m[90m√î√∂√á[39m[90m√î√∂√á[39m[90m√î√∂√á[39m[90m√î√∂√á[39m[90m√î√∂√á[39m[90m√î√∂√á[39m[90m√î√∂√á[39m[90m√î√∂√á[39m[90m√î√∂√á[39m[90m√î√∂√á[39m[90m√î√∂√á[39m[90m√î√∂√ø[39m
smoke	Run quick smoke E2E (smoke + navbar + booking modal + login smoke)	2025-10-30T07:45:04.1857273Z 
smoke	Run quick smoke E2E (smoke + navbar + booking modal + login smoke)	2025-10-30T07:45:04.1903901Z 
smoke	Run quick smoke E2E (smoke + navbar + booking modal + login smoke)	2025-10-30T07:45:04.1917359Z [90m√î√∂√á[39m[90m√î√∂√á[39m[90m√î√∂√á[39m[90m√î√∂√á[39m[90m√î√∂√á[39m[90m√î√∂√á[39m[90m√î√∂√á[39m[90m√î√∂√á[39m[90m√î√∂√á[39m[90m√î√∂√á[39m[90m√î√∂√á[39m[90m√î√∂√á[39m[90m√î√∂√á[39m[90m√î√∂√á[39m[90m√î√∂√á[39m[90m√î√∂√á[39m[90m√î√∂√á[39m[90m√î√∂√á[39m[90m√î√∂√á[39m[90m√î√∂√á[39m[90m√î√∂√á[39m[90m√î√∂√á[39m[90m√î√∂√á[39m[90m√î√∂√á[39m[90m√î√∂√á[39m[90m√î√∂√á[39m[90m√î√∂√á[39m[90m√î√∂√á[39m[90m√î√∂√á[39m[90m√î√∂√á[39m[90m√î√∂√á[39m[90m√î√∂√á[39m[90m√î√∂√á[39m[90m√î√∂√á[39m[90m√î√∂√á[39m[90m√î√∂√á[39m[90m√î√∂√á[39m[90m√î√∂√á[39m[90m√î√∂√á[39m[90m√î√∂√á[39m[90m√î√∂√á[39m[90m√î√∂√á[39m[90m√î√∂√á[39m[90m√î√∂√á[39m[90m√î√∂√á[39m[90m√î√∂√á[39m[90m√î√∂√á[39m[90m√î√∂√á[39m[90m√î√∂√á[39m[90m√î√∂√á[39m[90m√î√∂√á[39m[90m√î√∂√á[39m[90m√î√∂√á[39m[90m√î√∂√á[39m[90m√î√∂√á[39m[90m√î√∂√á[39m[90m√î√∂√á[39m[90m√î√∂√á[39m[90m√î√∂√á[39m[90m√î√∂√á[39m[90m√î√∂√á[39m[90m√î√∂√á[39m[90m√î√∂√á[39m[90m√î√∂√á[39m[90m√î√∂√á[39m[90m√î√∂√á[39m[90m√î√∂√á[39m[90m√î√∂√á[39m[90m√î√∂√á[39m[90m√î√∂√á[39m[90m√î√∂√á[39m[90m√î√∂√á[39m[90m√î√∂√á[39m[90m√î√∂√á[39m[90m√î√∂√á[39m[90m√î√∂√á[39m[90m√î√∂√á[39m[90m√î√∂√á[39m[90m√î√∂√á[39m[90m√î√∂√á[39m[90m√î√∂√á[39m[90m√î√∂√á[39m[90m√î√∂√á[39m[90m√î√∂√á[39m[90m√î√∂√á[39m[90m√î√∂√á[39m[90m√î√∂√á[39m[90m√î√∂√á[39m[90m√î√∂√á[39m[90m√î√∂√á[39m[90m√î√∂√á[39m[90m√î√∂√á[39m[90m√î√∂√á[39m[90m√î√∂√á[39m[90m√î√∂√á[39m[90m√î√∂√á[39m[90m√î√∂√á[39m[90m√î√∂√á[39m[90m√î√∂√á[39m[90m√î√∂√á[39m
smoke	Run quick smoke E2E (smoke + navbar + booking modal + login smoke)	2025-10-30T07:45:04.1921906Z                                                                                                     
smoke	Run quick smoke E2E (smoke + navbar + booking modal + login smoke)	2025-10-30T07:45:04.1922973Z   Running:  [90mnav_mobile.cy.js[39m                                                                [90m(2 of 5)[39m
smoke	Run quick smoke E2E (smoke + navbar + booking modal + login smoke)	2025-10-30T07:45:05.6973432Z 
smoke	Run quick smoke E2E (smoke + navbar + booking modal + login smoke)	2025-10-30T07:45:05.6979831Z [0m[0m
smoke	Run quick smoke E2E (smoke + navbar + booking modal + login smoke)	2025-10-30T07:45:05.7018093Z [0m  Mobile navbar[0m
smoke	Run quick smoke E2E (smoke + navbar + booking modal + login smoke)	2025-10-30T07:45:06.8902362Z   [32m  √î¬£√¥[0m[90m does not show Book Now in mobile navbar and has no /book links[0m[90m (1177ms)[0m
smoke	Run quick smoke E2E (smoke + navbar + booking modal + login smoke)	2025-10-30T07:45:06.9020641Z 
smoke	Run quick smoke E2E (smoke + navbar + booking modal + login smoke)	2025-10-30T07:45:06.9021748Z [0m  Mobile Navbar[0m
smoke	Run quick smoke E2E (smoke + navbar + booking modal + login smoke)	2025-10-30T07:45:07.2676620Z   [32m  √î¬£√¥[0m[90m does not show Book Now or quick /book links on mobile[0m[90m (340ms)[0m
smoke	Run quick smoke E2E (smoke + navbar + booking modal + login smoke)	2025-10-30T07:45:07.2677660Z 
smoke	Run quick smoke E2E (smoke + navbar + booking modal + login smoke)	2025-10-30T07:45:07.2802927Z 
smoke	Run quick smoke E2E (smoke + navbar + booking modal + login smoke)	2025-10-30T07:45:07.2804629Z [92m [0m[32m 2 passing[0m[90m (2s)[0m
smoke	Run quick smoke E2E (smoke + navbar + booking modal + login smoke)	2025-10-30T07:45:07.2806412Z 
smoke	Run quick smoke E2E (smoke + navbar + booking modal + login smoke)	2025-10-30T07:45:07.2811403Z 
smoke	Run quick smoke E2E (smoke + navbar + booking modal + login smoke)	2025-10-30T07:45:07.2812488Z [32m  ([4m[1mResults[22m[24m)[39m
smoke	Run quick smoke E2E (smoke + navbar + booking modal + login smoke)	2025-10-30T07:45:07.2817700Z 
smoke	Run quick smoke E2E (smoke + navbar + booking modal + login smoke)	2025-10-30T07:45:07.2831836Z [90m  √î√∂√Æ[39m[90m√î√∂√á[39m[90m√î√∂√á[39m[90m√î√∂√á[39m[90m√î√∂√á[39m[90m√î√∂√á[39m[90m√î√∂√á[39m[90m√î√∂√á[39m[90m√î√∂√á[39m[90m√î√∂√á[39m[90m√î√∂√á[39m[90m√î√∂√á[39m[90m√î√∂√á[39m[90m√î√∂√á[39m[90m√î√∂√á[39m[90m√î√∂√á[39m[90m√î√∂√á[39m[90m√î√∂√á[39m[90m√î√∂√á[39m[90m√î√∂√á[39m[90m√î√∂√á[39m[90m√î√∂√á[39m[90m√î√∂√á[39m[90m√î√∂√á[39m[90m√î√∂√á[39m[90m√î√∂√á[39m[90m√î√∂√á[39m[90m√î√∂√á[39m[90m√î√∂√á[39m[90m√î√∂√á[39m[90m√î√∂√á[39m[90m√î√∂√á[39m[90m√î√∂√á[39m[90m√î√∂√á[39m[90m√î√∂√á[39m[90m√î√∂√á[39m[90m√î√∂√á[39m[90m√î√∂√á[39m[90m√î√∂√á[39m[90m√î√∂√á[39m[90m√î√∂√á[39m[90m√î√∂√á[39m[90m√î√∂√á[39m[90m√î√∂√á[39m[90m√î√∂√á[39m[90m√î√∂√á[39m[90m√î√∂√á[39m[90m√î√∂√á[39m[90m√î√∂√á[39m[90m√î√∂√á[39m[90m√î√∂√á[39m[90m√î√∂√á[39m[90m√î√∂√á[39m[90m√î√∂√á[39m[90m√î√∂√á[39m[90m√î√∂√á[39m[90m√î√∂√á[39m[90m√î√∂√á[39m[90m√î√∂√á[39m[90m√î√∂√á[39m[90m√î√∂√á[39m[90m√î√∂√á[39m[90m√î√∂√á[39m[90m√î√∂√á[39m[90m√î√∂√á[39m[90m√î√∂√á[39m[90m√î√∂√á[39m[90m√î√∂√á[39m[90m√î√∂√á[39m[90m√î√∂√á[39m[90m√î√∂√á[39m[90m√î√∂√á[39m[90m√î√∂√á[39m[90m√î√∂√á[39m[90m√î√∂√á[39m[90m√î√∂√á[39m[90m√î√∂√á[39m[90m√î√∂√á[39m[90m√î√∂√á[39m[90m√î√∂√á[39m[90m√î√∂√á[39m[90m√î√∂√á[39m[90m√î√∂√á[39m[90m√î√∂√á[39m[90m√î√∂√á[39m[90m√î√∂√á[39m[90m√î√∂√á[39m[90m√î√∂√á[39m[90m√î√∂√á[39m[90m√î√∂√á[39m[90m√î√∂√á[39m[90m√î√∂√á[39m[90m√î√∂√á[39m[90m√î√∂√á[39m[90m√î√∂√á[39m[90m√î√∂√á[39m[90m√î√∂√á[39m[90m√î√∂√â[39m
smoke	Run quick smoke E2E (smoke + navbar + booking modal + login smoke)	2025-10-30T07:45:07.2835839Z [90m  √î√∂√©[39m [90mTests:[39m        [32m2[39m                                                                                [90m√î√∂√©[39m
smoke	Run quick smoke E2E (smoke + navbar + booking modal + login smoke)	2025-10-30T07:45:07.2836574Z [90m  √î√∂√©[39m [90mPassing:[39m      [32m2[39m                                                                                [90m√î√∂√©[39m
smoke	Run quick smoke E2E (smoke + navbar + booking modal + login smoke)	2025-10-30T07:45:07.2837676Z [90m  √î√∂√©[39m [90mFailing:[39m      [32m0[39m                                                                                [90m√î√∂√©[39m
smoke	Run quick smoke E2E (smoke + navbar + booking modal + login smoke)	2025-10-30T07:45:07.2839026Z [90m  √î√∂√©[39m [90mPending:[39m      [32m0[39m                                                                                [90m√î√∂√©[39m
smoke	Run quick smoke E2E (smoke + navbar + booking modal + login smoke)	2025-10-30T07:45:07.2840373Z [90m  √î√∂√©[39m [90mSkipped:[39m      [32m0[39m                                                                                [90m√î√∂√©[39m
smoke	Run quick smoke E2E (smoke + navbar + booking modal + login smoke)	2025-10-30T07:45:07.2841985Z [90m  √î√∂√©[39m [90mScreenshots:[39m  [32m0[39m                                                                                [90m√î√∂√©[39m
smoke	Run quick smoke E2E (smoke + navbar + booking modal + login smoke)	2025-10-30T07:45:07.2844012Z [90m  √î√∂√©[39m [90mVideo:[39m        [32mfalse[39m                                                                            [90m√î√∂√©[39m
smoke	Run quick smoke E2E (smoke + navbar + booking modal + login smoke)	2025-10-30T07:45:07.2845294Z [90m  √î√∂√©[39m [90mDuration:[39m     [32m1 second[39m                                                                         [90m√î√∂√©[39m
smoke	Run quick smoke E2E (smoke + navbar + booking modal + login smoke)	2025-10-30T07:45:07.2846724Z [90m  √î√∂√©[39m [90mSpec Ran:[39m     [32m[32mnav_mobile.cy.js[32m[39m                                                                 [90m√î√∂√©[39m
smoke	Run quick smoke E2E (smoke + navbar + booking modal + login smoke)	2025-10-30T07:45:07.2854646Z [90m  √î√∂√∂[39m[90m√î√∂√á[39m[90m√î√∂√á[39m[90m√î√∂√á[39m[90m√î√∂√á[39m[90m√î√∂√á[39m[90m√î√∂√á[39m[90m√î√∂√á[39m[90m√î√∂√á[39m[90m√î√∂√á[39m[90m√î√∂√á[39m[90m√î√∂√á[39m[90m√î√∂√á[39m[90m√î√∂√á[39m[90m√î√∂√á[39m[90m√î√∂√á[39m[90m√î√∂√á[39m[90m√î√∂√á[39m[90m√î√∂√á[39m[90m√î√∂√á[39m[90m√î√∂√á[39m[90m√î√∂√á[39m[90m√î√∂√á[39m[90m√î√∂√á[39m[90m√î√∂√á[39m[90m√î√∂√á[39m[90m√î√∂√á[39m[90m√î√∂√á[39m[90m√î√∂√á[39m[90m√î√∂√á[39m[90m√î√∂√á[39m[90m√î√∂√á[39m[90m√î√∂√á[39m[90m√î√∂√á[39m[90m√î√∂√á[39m[90m√î√∂√á[39m[90m√î√∂√á[39m[90m√î√∂√á[39m[90m√î√∂√á[39m[90m√î√∂√á[39m[90m√î√∂√á[39m[90m√î√∂√á[39m[90m√î√∂√á[39m[90m√î√∂√á[39m[90m√î√∂√á[39m[90m√î√∂√á[39m[90m√î√∂√á[39m[90m√î√∂√á[39m[90m√î√∂√á[39m[90m√î√∂√á[39m[90m√î√∂√á[39m[90m√î√∂√á[39m[90m√î√∂√á[39m[90m√î√∂√á[39m[90m√î√∂√á[39m[90m√î√∂√á[39m[90m√î√∂√á[39m[90m√î√∂√á[39m[90m√î√∂√á[39m[90m√î√∂√á[39m[90m√î√∂√á[39m[90m√î√∂√á[39m[90m√î√∂√á[39m[90m√î√∂√á[39m[90m√î√∂√á[39m[90m√î√∂√á[39m[90m√î√∂√á[39m[90m√î√∂√á[39m[90m√î√∂√á[39m[90m√î√∂√á[39m[90m√î√∂√á[39m[90m√î√∂√á[39m[90m√î√∂√á[39m[90m√î√∂√á[39m[90m√î√∂√á[39m[90m√î√∂√á[39m[90m√î√∂√á[39m[90m√î√∂√á[39m[90m√î√∂√á[39m[90m√î√∂√á[39m[90m√î√∂√á[39m[90m√î√∂√á[39m[90m√î√∂√á[39m[90m√î√∂√á[39m[90m√î√∂√á[39m[90m√î√∂√á[39m[90m√î√∂√á[39m[90m√î√∂√á[39m[90m√î√∂√á[39m[90m√î√∂√á[39m[90m√î√∂√á[39m[90m√î√∂√á[39m[90m√î√∂√á[39m[90m√î√∂√á[39m[90m√î√∂√á[39m[90m√î√∂√á[39m[90m√î√∂√á[39m[90m√î√∂√ø[39m
smoke	Run quick smoke E2E (smoke + navbar + booking modal + login smoke)	2025-10-30T07:45:07.2858560Z 
smoke	Run quick smoke E2E (smoke + navbar + booking modal + login smoke)	2025-10-30T07:45:07.2896960Z 
smoke	Run quick smoke E2E (smoke + navbar + booking modal + login smoke)	2025-10-30T07:45:07.2920725Z [90m√î√∂√á[39m[90m√î√∂√á[39m[90m√î√∂√á[39m[90m√î√∂√á[39m[90m√î√∂√á[39m[90m√î√∂√á[39m[90m√î√∂√á[39m[90m√î√∂√á[39m[90m√î√∂√á[39m[90m√î√∂√á[39m[90m√î√∂√á[39m[90m√î√∂√á[39m[90m√î√∂√á[39m[90m√î√∂√á[39m[90m√î√∂√á[39m[90m√î√∂√á[39m[90m√î√∂√á[39m[90m√î√∂√á[39m[90m√î√∂√á[39m[90m√î√∂√á[39m[90m√î√∂√á[39m[90m√î√∂√á[39m[90m√î√∂√á[39m[90m√î√∂√á[39m[90m√î√∂√á[39m[90m√î√∂√á[39m[90m√î√∂√á[39m[90m√î√∂√á[39m[90m√î√∂√á[39m[90m√î√∂√á[39m[90m√î√∂√á[39m[90m√î√∂√á[39m[90m√î√∂√á[39m[90m√î√∂√á[39m[90m√î√∂√á[39m[90m√î√∂√á[39m[90m√î√∂√á[39m[90m√î√∂√á[39m[90m√î√∂√á[39m[90m√î√∂√á[39m[90m√î√∂√á[39m[90m√î√∂√á[39m[90m√î√∂√á[39m[90m√î√∂√á[39m[90m√î√∂√á[39m[90m√î√∂√á[39m[90m√î√∂√á[39m[90m√î√∂√á[39m[90m√î√∂√á[39m[90m√î√∂√á[39m[90m√î√∂√á[39m[90m√î√∂√á[39m[90m√î√∂√á[39m[90m√î√∂√á[39m[90m√î√∂√á[39m[90m√î√∂√á[39m[90m√î√∂√á[39m[90m√î√∂√á[39m[90m√î√∂√á[39m[90m√î√∂√á[39m[90m√î√∂√á[39m[90m√î√∂√á[39m[90m√î√∂√á[39m[90m√î√∂√á[39m[90m√î√∂√á[39m[90m√î√∂√á[39m[90m√î√∂√á[39m[90m√î√∂√á[39m[90m√î√∂√á[39m[90m√î√∂√á[39m[90m√î√∂√á[39m[90m√î√∂√á[39m[90m√î√∂√á[39m[90m√î√∂√á[39m[90m√î√∂√á[39m[90m√î√∂√á[39m[90m√î√∂√á[39m[90m√î√∂√á[39m[90m√î√∂√á[39m[90m√î√∂√á[39m[90m√î√∂√á[39m[90m√î√∂√á[39m[90m√î√∂√á[39m[90m√î√∂√á[39m[90m√î√∂√á[39m[90m√î√∂√á[39m[90m√î√∂√á[39m[90m√î√∂√á[39m[90m√î√∂√á[39m[90m√î√∂√á[39m[90m√î√∂√á[39m[90m√î√∂√á[39m[90m√î√∂√á[39m[90m√î√∂√á[39m[90m√î√∂√á[39m[90m√î√∂√á[39m[90m√î√∂√á[39m[90m√î√∂√á[39m[90m√î√∂√á[39m[90m√î√∂√á[39m
smoke	Run quick smoke E2E (smoke + navbar + booking modal + login smoke)	2025-10-30T07:45:07.2924896Z                                                                                                     
smoke	Run quick smoke E2E (smoke + navbar + booking modal + login smoke)	2025-10-30T07:45:07.2926334Z   Running:  [90mbooking_modal.cy.js[39m                                                             [90m(3 of 5)[39m
smoke	Run quick smoke E2E (smoke + navbar + booking modal + login smoke)	2025-10-30T07:45:08.9763863Z 
smoke	Run quick smoke E2E (smoke + navbar + booking modal + login smoke)	2025-10-30T07:45:08.9768148Z [0m[0m
smoke	Run quick smoke E2E (smoke + navbar + booking modal + login smoke)	2025-10-30T07:45:08.9806970Z [0m  Booking modal (programmatic open)[0m
smoke	Run quick smoke E2E (smoke + navbar + booking modal + login smoke)	2025-10-30T07:45:09.7612963Z   [32m  √î¬£√¥[0m[90m opens the booking modal via the app test hook and shows dialog controls[0m[90m (768ms)[0m
smoke	Run quick smoke E2E (smoke + navbar + booking modal + login smoke)	2025-10-30T07:45:09.7771734Z 
smoke	Run quick smoke E2E (smoke + navbar + booking modal + login smoke)	2025-10-30T07:45:09.7775344Z [0m  Booking Modal[0m
smoke	Run quick smoke E2E (smoke + navbar + booking modal + login smoke)	2025-10-30T07:45:10.6607556Z   [32m  √î¬£√¥[0m[90m opens modal and creates an accommodation booking[0m[90m (868ms)[0m
smoke	Run quick smoke E2E (smoke + navbar + booking modal + login smoke)	2025-10-30T07:45:11.4151365Z   [32m  √î¬£√¥[0m[90m opens modal and focuses first control, traps focus, and closes on Escape[0m[90m (722ms)[0m
smoke	Run quick smoke E2E (smoke + navbar + booking modal + login smoke)	2025-10-30T07:45:11.4155894Z 
smoke	Run quick smoke E2E (smoke + navbar + booking modal + login smoke)	2025-10-30T07:45:11.4290707Z 
smoke	Run quick smoke E2E (smoke + navbar + booking modal + login smoke)	2025-10-30T07:45:11.4292132Z [92m [0m[32m 3 passing[0m[90m (2s)[0m
smoke	Run quick smoke E2E (smoke + navbar + booking modal + login smoke)	2025-10-30T07:45:11.4292876Z 
smoke	Run quick smoke E2E (smoke + navbar + booking modal + login smoke)	2025-10-30T07:45:11.4305001Z 
smoke	Run quick smoke E2E (smoke + navbar + booking modal + login smoke)	2025-10-30T07:45:11.4306475Z [32m  ([4m[1mResults[22m[24m)[39m
smoke	Run quick smoke E2E (smoke + navbar + booking modal + login smoke)	2025-10-30T07:45:11.4312628Z 
smoke	Run quick smoke E2E (smoke + navbar + booking modal + login smoke)	2025-10-30T07:45:11.4326587Z [90m  √î√∂√Æ[39m[90m√î√∂√á[39m[90m√î√∂√á[39m[90m√î√∂√á[39m[90m√î√∂√á[39m[90m√î√∂√á[39m[90m√î√∂√á[39m[90m√î√∂√á[39m[90m√î√∂√á[39m[90m√î√∂√á[39m[90m√î√∂√á[39m[90m√î√∂√á[39m[90m√î√∂√á[39m[90m√î√∂√á[39m[90m√î√∂√á[39m[90m√î√∂√á[39m[90m√î√∂√á[39m[90m√î√∂√á[39m[90m√î√∂√á[39m[90m√î√∂√á[39m[90m√î√∂√á[39m[90m√î√∂√á[39m[90m√î√∂√á[39m[90m√î√∂√á[39m[90m√î√∂√á[39m[90m√î√∂√á[39m[90m√î√∂√á[39m[90m√î√∂√á[39m[90m√î√∂√á[39m[90m√î√∂√á[39m[90m√î√∂√á[39m[90m√î√∂√á[39m[90m√î√∂√á[39m[90m√î√∂√á[39m[90m√î√∂√á[39m[90m√î√∂√á[39m[90m√î√∂√á[39m[90m√î√∂√á[39m[90m√î√∂√á[39m[90m√î√∂√á[39m[90m√î√∂√á[39m[90m√î√∂√á[39m[90m√î√∂√á[39m[90m√î√∂√á[39m[90m√î√∂√á[39m[90m√î√∂√á[39m[90m√î√∂√á[39m[90m√î√∂√á[39m[90m√î√∂√á[39m[90m√î√∂√á[39m[90m√î√∂√á[39m[90m√î√∂√á[39m[90m√î√∂√á[39m[90m√î√∂√á[39m[90m√î√∂√á[39m[90m√î√∂√á[39m[90m√î√∂√á[39m[90m√î√∂√á[39m[90m√î√∂√á[39m[90m√î√∂√á[39m[90m√î√∂√á[39m[90m√î√∂√á[39m[90m√î√∂√á[39m[90m√î√∂√á[39m[90m√î√∂√á[39m[90m√î√∂√á[39m[90m√î√∂√á[39m[90m√î√∂√á[39m[90m√î√∂√á[39m[90m√î√∂√á[39m[90m√î√∂√á[39m[90m√î√∂√á[39m[90m√î√∂√á[39m[90m√î√∂√á[39m[90m√î√∂√á[39m[90m√î√∂√á[39m[90m√î√∂√á[39m[90m√î√∂√á[39m[90m√î√∂√á[39m[90m√î√∂√á[39m[90m√î√∂√á[39m[90m√î√∂√á[39m[90m√î√∂√á[39m[90m√î√∂√á[39m[90m√î√∂√á[39m[90m√î√∂√á[39m[90m√î√∂√á[39m[90m√î√∂√á[39m[90m√î√∂√á[39m[90m√î√∂√á[39m[90m√î√∂√á[39m[90m√î√∂√á[39m[90m√î√∂√á[39m[90m√î√∂√á[39m[90m√î√∂√á[39m[90m√î√∂√á[39m[90m√î√∂√á[39m[90m√î√∂√â[39m
smoke	Run quick smoke E2E (smoke + navbar + booking modal + login smoke)	2025-10-30T07:45:11.4330994Z [90m  √î√∂√©[39m [90mTests:[39m        [32m3[39m                                                                                [90m√î√∂√©[39m
smoke	Run quick smoke E2E (smoke + navbar + booking modal + login smoke)	2025-10-30T07:45:11.4332323Z [90m  √î√∂√©[39m [90mPassing:[39m      [32m3[39m                                                                                [90m√î√∂√©[39m
smoke	Run quick smoke E2E (smoke + navbar + booking modal + login smoke)	2025-10-30T07:45:11.4333799Z [90m  √î√∂√©[39m [90mFailing:[39m      [32m0[39m                                                                                [90m√î√∂√©[39m
smoke	Run quick smoke E2E (smoke + navbar + booking modal + login smoke)	2025-10-30T07:45:11.4334958Z [90m  √î√∂√©[39m [90mPending:[39m      [32m0[39m                                                                                [90m√î√∂√©[39m
smoke	Run quick smoke E2E (smoke + navbar + booking modal + login smoke)	2025-10-30T07:45:11.4336058Z [90m  √î√∂√©[39m [90mSkipped:[39m      [32m0[39m                                                                                [90m√î√∂√©[39m
smoke	Run quick smoke E2E (smoke + navbar + booking modal + login smoke)	2025-10-30T07:45:11.4337234Z [90m  √î√∂√©[39m [90mScreenshots:[39m  [32m0[39m                                                                                [90m√î√∂√©[39m
smoke	Run quick smoke E2E (smoke + navbar + booking modal + login smoke)	2025-10-30T07:45:11.4338454Z [90m  √î√∂√©[39m [90mVideo:[39m        [32mfalse[39m                                                                            [90m√î√∂√©[39m
smoke	Run quick smoke E2E (smoke + navbar + booking modal + login smoke)	2025-10-30T07:45:11.4339669Z [90m  √î√∂√©[39m [90mDuration:[39m     [32m2 seconds[39m                                                                        [90m√î√∂√©[39m
smoke	Run quick smoke E2E (smoke + navbar + booking modal + login smoke)	2025-10-30T07:45:11.4340997Z [90m  √î√∂√©[39m [90mSpec Ran:[39m     [32m[32mbooking_modal.cy.js[32m[39m                                                              [90m√î√∂√©[39m
smoke	Run quick smoke E2E (smoke + navbar + booking modal + login smoke)	2025-10-30T07:45:11.4347874Z [90m  √î√∂√∂[39m[90m√î√∂√á[39m[90m√î√∂√á[39m[90m√î√∂√á[39m[90m√î√∂√á[39m[90m√î√∂√á[39m[90m√î√∂√á[39m[90m√î√∂√á[39m[90m√î√∂√á[39m[90m√î√∂√á[39m[90m√î√∂√á[39m[90m√î√∂√á[39m[90m√î√∂√á[39m[90m√î√∂√á[39m[90m√î√∂√á[39m[90m√î√∂√á[39m[90m√î√∂√á[39m[90m√î√∂√á[39m[90m√î√∂√á[39m[90m√î√∂√á[39m[90m√î√∂√á[39m[90m√î√∂√á[39m[90m√î√∂√á[39m[90m√î√∂√á[39m[90m√î√∂√á[39m[90m√î√∂√á[39m[90m√î√∂√á[39m[90m√î√∂√á[39m[90m√î√∂√á[39m[90m√î√∂√á[39m[90m√î√∂√á[39m[90m√î√∂√á[39m[90m√î√∂√á[39m[90m√î√∂√á[39m[90m√î√∂√á[39m[90m√î√∂√á[39m[90m√î√∂√á[39m[90m√î√∂√á[39m[90m√î√∂√á[39m[90m√î√∂√á[39m[90m√î√∂√á[39m[90m√î√∂√á[39m[90m√î√∂√á[39m[90m√î√∂√á[39m[90m√î√∂√á[39m[90m√î√∂√á[39m[90m√î√∂√á[39m[90m√î√∂√á[39m[90m√î√∂√á[39m[90m√î√∂√á[39m[90m√î√∂√á[39m[90m√î√∂√á[39m[90m√î√∂√á[39m[90m√î√∂√á[39m[90m√î√∂√á[39m[90m√î√∂√á[39m[90m√î√∂√á[39m[90m√î√∂√á[39m[90m√î√∂√á[39m[90m√î√∂√á[39m[90m√î√∂√á[39m[90m√î√∂√á[39m[90m√î√∂√á[39m[90m√î√∂√á[39m[90m√î√∂√á[39m[90m√î√∂√á[39m[90m√î√∂√á[39m[90m√î√∂√á[39m[90m√î√∂√á[39m[90m√î√∂√á[39m[90m√î√∂√á[39m[90m√î√∂√á[39m[90m√î√∂√á[39m[90m√î√∂√á[39m[90m√î√∂√á[39m[90m√î√∂√á[39m[90m√î√∂√á[39m[90m√î√∂√á[39m[90m√î√∂√á[39m[90m√î√∂√á[39m[90m√î√∂√á[39m[90m√î√∂√á[39m[90m√î√∂√á[39m[90m√î√∂√á[39m[90m√î√∂√á[39m[90m√î√∂√á[39m[90m√î√∂√á[39m[90m√î√∂√á[39m[90m√î√∂√á[39m[90m√î√∂√á[39m[90m√î√∂√á[39m[90m√î√∂√á[39m[90m√î√∂√á[39m[90m√î√∂√á[39m[90m√î√∂√á[39m[90m√î√∂√á[39m[90m√î√∂√á[39m[90m√î√∂√ø[39m
smoke	Run quick smoke E2E (smoke + navbar + booking modal + login smoke)	2025-10-30T07:45:11.4379269Z 
smoke	Run quick smoke E2E (smoke + navbar + booking modal + login smoke)	2025-10-30T07:45:11.4412783Z 
smoke	Run quick smoke E2E (smoke + navbar + booking modal + login smoke)	2025-10-30T07:45:11.4419094Z [90m√î√∂√á[39m[90m√î√∂√á[39m[90m√î√∂√á[39m[90m√î√∂√á[39m[90m√î√∂√á[39m[90m√î√∂√á[39m[90m√î√∂√á[39m[90m√î√∂√á[39m[90m√î√∂√á[39m[90m√î√∂√á[39m[90m√î√∂√á[39m[90m√î√∂√á[39m[90m√î√∂√á[39m[90m√î√∂√á[39m[90m√î√∂√á[39m[90m√î√∂√á[39m[90m√î√∂√á[39m[90m√î√∂√á[39m[90m√î√∂√á[39m[90m√î√∂√á[39m[90m√î√∂√á[39m[90m√î√∂√á[39m[90m√î√∂√á[39m[90m√î√∂√á[39m[90m√î√∂√á[39m[90m√î√∂√á[39m[90m√î√∂√á[39m[90m√î√∂√á[39m[90m√î√∂√á[39m[90m√î√∂√á[39m[90m√î√∂√á[39m[90m√î√∂√á[39m[90m√î√∂√á[39m[90m√î√∂√á[39m[90m√î√∂√á[39m[90m√î√∂√á[39m[90m√î√∂√á[39m[90m√î√∂√á[39m[90m√î√∂√á[39m[90m√î√∂√á[39m[90m√î√∂√á[39m[90m√î√∂√á[39m[90m√î√∂√á[39m[90m√î√∂√á[39m[90m√î√∂√á[39m[90m√î√∂√á[39m[90m√î√∂√á[39m[90m√î√∂√á[39m[90m√î√∂√á[39m[90m√î√∂√á[39m[90m√î√∂√á[39m[90m√î√∂√á[39m[90m√î√∂√á[39m[90m√î√∂√á[39m[90m√î√∂√á[39m[90m√î√∂√á[39m[90m√î√∂√á[39m[90m√î√∂√á[39m[90m√î√∂√á[39m[90m√î√∂√á[39m[90m√î√∂√á[39m[90m√î√∂√á[39m[90m√î√∂√á[39m[90m√î√∂√á[39m[90m√î√∂√á[39m[90m√î√∂√á[39m[90m√î√∂√á[39m[90m√î√∂√á[39m[90m√î√∂√á[39m[90m√î√∂√á[39m[90m√î√∂√á[39m[90m√î√∂√á[39m[90m√î√∂√á[39m[90m√î√∂√á[39m[90m√î√∂√á[39m[90m√î√∂√á[39m[90m√î√∂√á[39m[90m√î√∂√á[39m[90m√î√∂√á[39m[90m√î√∂√á[39m[90m√î√∂√á[39m[90m√î√∂√á[39m[90m√î√∂√á[39m[90m√î√∂√á[39m[90m√î√∂√á[39m[90m√î√∂√á[39m[90m√î√∂√á[39m[90m√î√∂√á[39m[90m√î√∂√á[39m[90m√î√∂√á[39m[90m√î√∂√á[39m[90m√î√∂√á[39m[90m√î√∂√á[39m[90m√î√∂√á[39m[90m√î√∂√á[39m[90m√î√∂√á[39m[90m√î√∂√á[39m[90m√î√∂√á[39m[90m√î√∂√á[39m[90m√î√∂√á[39m
smoke	Run quick smoke E2E (smoke + navbar + booking modal + login smoke)	2025-10-30T07:45:11.4423347Z                                                                                                     
smoke	Run quick smoke E2E (smoke + navbar + booking modal + login smoke)	2025-10-30T07:45:11.4424461Z   Running:  [90mlogin_register_smoke.cy.js[39m                                                      [90m(4 of 5)[39m
smoke	Run quick smoke E2E (smoke + navbar + booking modal + login smoke)	2025-10-30T07:45:13.1064640Z 
smoke	Run quick smoke E2E (smoke + navbar + booking modal + login smoke)	2025-10-30T07:45:13.1068396Z [0m[0m
smoke	Run quick smoke E2E (smoke + navbar + booking modal + login smoke)	2025-10-30T07:45:13.1087307Z [0m  Login/Register smoke[0m
smoke	Run quick smoke E2E (smoke + navbar + booking modal + login smoke)	2025-10-30T07:45:16.0895385Z [cy.task.log] CI-DIAG: IN-APP-E2E-LOGS
smoke	Run quick smoke E2E (smoke + navbar + booking modal + login smoke)	2025-10-30T07:45:16.0899656Z [{"ts":1761810313699,"msg":"__E2E_PROFILE_LOADED__","value":true},{"ts":1761810313699,"msg":"__E2E_PROFILE_LOADED__","value":true},{"ts":1761810315883,"msg":"handleLogin: setUser","email":"e2e_test_1761810313139@example.com"},{"ts":1761810315883,"msg":"handleLogin: set __E2E_USER__ (pre-setUser)","email":"e2e_test_1761810313139@example.com"},{"ts":1761810315883,"msg":"handleLogin: set PROFILE_LOADED and marker"},{"ts":1761810315883,"msg":"handleLogin: setUser called (E2E)"},{"ts":1761810315884,"msg":"handleLogin: navigated synchronously (E2E)"},{"ts":1761810315888,"msg":"__E2E_PROFILE_LOADED__","value":true}]
smoke	Run quick smoke E2E (smoke + navbar + booking modal + login smoke)	2025-10-30T07:45:16.1030179Z [cy.task.log] CI-DIAG: __E2E_PROFILE_LOADED__
smoke	Run quick smoke E2E (smoke + navbar + booking modal + login smoke)	2025-10-30T07:45:16.1034416Z true
smoke	Run quick smoke E2E (smoke + navbar + booking modal + login smoke)	2025-10-30T07:45:16.1179881Z [cy.task.log] CI-DIAG: __E2E_MOUNTED__
smoke	Run quick smoke E2E (smoke + navbar + booking modal + login smoke)	2025-10-30T07:45:16.1180355Z true
smoke	Run quick smoke E2E (smoke + navbar + booking modal + login smoke)	2025-10-30T07:45:16.1332480Z [cy.task.log] CI-DIAG: localStorage.user
smoke	Run quick smoke E2E (smoke + navbar + booking modal + login smoke)	2025-10-30T07:45:16.1333813Z {"email":"e2e_test_1761810313139@example.com","password":"password123","name":"e2e_test_1761810313139"}
smoke	Run quick smoke E2E (smoke + navbar + booking modal + login smoke)	2025-10-30T07:45:16.1366473Z [cy.task.log] CI-DIAG: sessionStorage.user
smoke	Run quick smoke E2E (smoke + navbar + booking modal + login smoke)	2025-10-30T07:45:16.1368581Z null
smoke	Run quick smoke E2E (smoke + navbar + booking modal + login smoke)	2025-10-30T07:45:16.1497206Z [cy.task.log] CI-DIAG: body[data-e2e-login-success]
smoke	Run quick smoke E2E (smoke + navbar + booking modal + login smoke)	2025-10-30T07:45:16.1497746Z null
smoke	Run quick smoke E2E (smoke + navbar + booking modal + login smoke)	2025-10-30T07:45:16.1849534Z [cy.task.log] CI-FINAL-FORM-PATH: localStorage.user
smoke	Run quick smoke E2E (smoke + navbar + booking modal + login smoke)	2025-10-30T07:45:16.1851465Z {"email":"e2e_test_1761810313139@example.com","password":"password123","name":"e2e_test_1761810313139"}
smoke	Run quick smoke E2E (smoke + navbar + booking modal + login smoke)	2025-10-30T07:45:16.2237447Z [cy.task.log] CI-FALLBACK: no profile-ready element; localStorage.user
smoke	Run quick smoke E2E (smoke + navbar + booking modal + login smoke)	2025-10-30T07:45:16.2245658Z {"email":"e2e_test_1761810313139@example.com","password":"password123","name":"e2e_test_1761810313139"}
smoke	Run quick smoke E2E (smoke + navbar + booking modal + login smoke)	2025-10-30T07:45:16.2717895Z [cy.task.log] CI-FALLBACK: success via flag or persisted user
smoke	Run quick smoke E2E (smoke + navbar + booking modal + login smoke)	2025-10-30T07:45:16.2718988Z {"email":"e2e_test_1761810313139@example.com","password":"password123","name":"e2e_test_1761810313139"}
smoke	Run quick smoke E2E (smoke + navbar + booking modal + login smoke)	2025-10-30T07:45:16.8011872Z [cy.task.log] CI-FINAL: localStorage.user
smoke	Run quick smoke E2E (smoke + navbar + booking modal + login smoke)	2025-10-30T07:45:16.8015531Z {"email":"e2e_test_1761810313139@example.com","password":"password123","name":"e2e_test_1761810313139"}
smoke	Run quick smoke E2E (smoke + navbar + booking modal + login smoke)	2025-10-30T07:45:17.3023000Z   [32m  √î¬£√¥[0m[90m can register and login using local-storage auth[0m[90m (4139ms)[0m
smoke	Run quick smoke E2E (smoke + navbar + booking modal + login smoke)	2025-10-30T07:45:17.3049895Z 
smoke	Run quick smoke E2E (smoke + navbar + booking modal + login smoke)	2025-10-30T07:45:17.3390782Z 
smoke	Run quick smoke E2E (smoke + navbar + booking modal + login smoke)	2025-10-30T07:45:17.3391999Z [92m [0m[32m 1 passing[0m[90m (4s)[0m
smoke	Run quick smoke E2E (smoke + navbar + booking modal + login smoke)	2025-10-30T07:45:17.3392492Z 
smoke	Run quick smoke E2E (smoke + navbar + booking modal + login smoke)	2025-10-30T07:45:17.3399557Z 
smoke	Run quick smoke E2E (smoke + navbar + booking modal + login smoke)	2025-10-30T07:45:17.3401336Z [32m  ([4m[1mResults[22m[24m)[39m
smoke	Run quick smoke E2E (smoke + navbar + booking modal + login smoke)	2025-10-30T07:45:17.3407472Z 
smoke	Run quick smoke E2E (smoke + navbar + booking modal + login smoke)	2025-10-30T07:45:17.3426331Z [90m  √î√∂√Æ[39m[90m√î√∂√á[39m[90m√î√∂√á[39m[90m√î√∂√á[39m[90m√î√∂√á[39m[90m√î√∂√á[39m[90m√î√∂√á[39m[90m√î√∂√á[39m[90m√î√∂√á[39m[90m√î√∂√á[39m[90m√î√∂√á[39m[90m√î√∂√á[39m[90m√î√∂√á[39m[90m√î√∂√á[39m[90m√î√∂√á[39m[90m√î√∂√á[39m[90m√î√∂√á[39m[90m√î√∂√á[39m[90m√î√∂√á[39m[90m√î√∂√á[39m[90m√î√∂√á[39m[90m√î√∂√á[39m[90m√î√∂√á[39m[90m√î√∂√á[39m[90m√î√∂√á[39m[90m√î√∂√á[39m[90m√î√∂√á[39m[90m√î√∂√á[39m[90m√î√∂√á[39m[90m√î√∂√á[39m[90m√î√∂√á[39m[90m√î√∂√á[39m[90m√î√∂√á[39m[90m√î√∂√á[39m[90m√î√∂√á[39m[90m√î√∂√á[39m[90m√î√∂√á[39m[90m√î√∂√á[39m[90m√î√∂√á[39m[90m√î√∂√á[39m[90m√î√∂√á[39m[90m√î√∂√á[39m[90m√î√∂√á[39m[90m√î√∂√á[39m[90m√î√∂√á[39m[90m√î√∂√á[39m[90m√î√∂√á[39m[90m√î√∂√á[39m[90m√î√∂√á[39m[90m√î√∂√á[39m[90m√î√∂√á[39m[90m√î√∂√á[39m[90m√î√∂√á[39m[90m√î√∂√á[39m[90m√î√∂√á[39m[90m√î√∂√á[39m[90m√î√∂√á[39m[90m√î√∂√á[39m[90m√î√∂√á[39m[90m√î√∂√á[39m[90m√î√∂√á[39m[90m√î√∂√á[39m[90m√î√∂√á[39m[90m√î√∂√á[39m[90m√î√∂√á[39m[90m√î√∂√á[39m[90m√î√∂√á[39m[90m√î√∂√á[39m[90m√î√∂√á[39m[90m√î√∂√á[39m[90m√î√∂√á[39m[90m√î√∂√á[39m[90m√î√∂√á[39m[90m√î√∂√á[39m[90m√î√∂√á[39m[90m√î√∂√á[39m[90m√î√∂√á[39m[90m√î√∂√á[39m[90m√î√∂√á[39m[90m√î√∂√á[39m[90m√î√∂√á[39m[90m√î√∂√á[39m[90m√î√∂√á[39m[90m√î√∂√á[39m[90m√î√∂√á[39m[90m√î√∂√á[39m[90m√î√∂√á[39m[90m√î√∂√á[39m[90m√î√∂√á[39m[90m√î√∂√á[39m[90m√î√∂√á[39m[90m√î√∂√á[39m[90m√î√∂√á[39m[90m√î√∂√á[39m[90m√î√∂√á[39m[90m√î√∂√á[39m[90m√î√∂√á[39m[90m√î√∂√â[39m
smoke	Run quick smoke E2E (smoke + navbar + booking modal + login smoke)	2025-10-30T07:45:17.3431428Z [90m  √î√∂√©[39m [90mTests:[39m        [32m1[39m                                                                                [90m√î√∂√©[39m
smoke	Run quick smoke E2E (smoke + navbar + booking modal + login smoke)	2025-10-30T07:45:17.3432236Z [90m  √î√∂√©[39m [90mPassing:[39m      [32m1[39m                                                                                [90m√î√∂√©[39m
smoke	Run quick smoke E2E (smoke + navbar + booking modal + login smoke)	2025-10-30T07:45:17.3433391Z [90m  √î√∂√©[39m [90mFailing:[39m      [32m0[39m                                                                                [90m√î√∂√©[39m
smoke	Run quick smoke E2E (smoke + navbar + booking modal + login smoke)	2025-10-30T07:45:17.3434688Z [90m  √î√∂√©[39m [90mPending:[39m      [32m0[39m                                                                                [90m√î√∂√©[39m
smoke	Run quick smoke E2E (smoke + navbar + booking modal + login smoke)	2025-10-30T07:45:17.3435975Z [90m  √î√∂√©[39m [90mSkipped:[39m      [32m0[39m                                                                                [90m√î√∂√©[39m
smoke	Run quick smoke E2E (smoke + navbar + booking modal + login smoke)	2025-10-30T07:45:17.3437312Z [90m  √î√∂√©[39m [90mScreenshots:[39m  [32m3[39m                                                                                [90m√î√∂√©[39m
smoke	Run quick smoke E2E (smoke + navbar + booking modal + login smoke)	2025-10-30T07:45:17.3438635Z [90m  √î√∂√©[39m [90mVideo:[39m        [32mfalse[39m                                                                            [90m√î√∂√©[39m
smoke	Run quick smoke E2E (smoke + navbar + booking modal + login smoke)	2025-10-30T07:45:17.3439958Z [90m  √î√∂√©[39m [90mDuration:[39m     [32m4 seconds[39m                                                                        [90m√î√∂√©[39m
smoke	Run quick smoke E2E (smoke + navbar + booking modal + login smoke)	2025-10-30T07:45:17.3441664Z [90m  √î√∂√©[39m [90mSpec Ran:[39m     [32m[32mlogin_register_smoke.cy.js[32m[39m                                                       [90m√î√∂√©[39m
smoke	Run quick smoke E2E (smoke + navbar + booking modal + login smoke)	2025-10-30T07:45:17.3448622Z [90m  √î√∂√∂[39m[90m√î√∂√á[39m[90m√î√∂√á[39m[90m√î√∂√á[39m[90m√î√∂√á[39m[90m√î√∂√á[39m[90m√î√∂√á[39m[90m√î√∂√á[39m[90m√î√∂√á[39m[90m√î√∂√á[39m[90m√î√∂√á[39m[90m√î√∂√á[39m[90m√î√∂√á[39m[90m√î√∂√á[39m[90m√î√∂√á[39m[90m√î√∂√á[39m[90m√î√∂√á[39m[90m√î√∂√á[39m[90m√î√∂√á[39m[90m√î√∂√á[39m[90m√î√∂√á[39m[90m√î√∂√á[39m[90m√î√∂√á[39m[90m√î√∂√á[39m[90m√î√∂√á[39m[90m√î√∂√á[39m[90m√î√∂√á[39m[90m√î√∂√á[39m[90m√î√∂√á[39m[90m√î√∂√á[39m[90m√î√∂√á[39m[90m√î√∂√á[39m[90m√î√∂√á[39m[90m√î√∂√á[39m[90m√î√∂√á[39m[90m√î√∂√á[39m[90m√î√∂√á[39m[90m√î√∂√á[39m[90m√î√∂√á[39m[90m√î√∂√á[39m[90m√î√∂√á[39m[90m√î√∂√á[39m[90m√î√∂√á[39m[90m√î√∂√á[39m[90m√î√∂√á[39m[90m√î√∂√á[39m[90m√î√∂√á[39m[90m√î√∂√á[39m[90m√î√∂√á[39m[90m√î√∂√á[39m[90m√î√∂√á[39m[90m√î√∂√á[39m[90m√î√∂√á[39m[90m√î√∂√á[39m[90m√î√∂√á[39m[90m√î√∂√á[39m[90m√î√∂√á[39m[90m√î√∂√á[39m[90m√î√∂√á[39m[90m√î√∂√á[39m[90m√î√∂√á[39m[90m√î√∂√á[39m[90m√î√∂√á[39m[90m√î√∂√á[39m[90m√î√∂√á[39m[90m√î√∂√á[39m[90m√î√∂√á[39m[90m√î√∂√á[39m[90m√î√∂√á[39m[90m√î√∂√á[39m[90m√î√∂√á[39m[90m√î√∂√á[39m[90m√î√∂√á[39m[90m√î√∂√á[39m[90m√î√∂√á[39m[90m√î√∂√á[39m[90m√î√∂√á[39m[90m√î√∂√á[39m[90m√î√∂√á[39m[90m√î√∂√á[39m[90m√î√∂√á[39m[90m√î√∂√á[39m[90m√î√∂√á[39m[90m√î√∂√á[39m[90m√î√∂√á[39m[90m√î√∂√á[39m[90m√î√∂√á[39m[90m√î√∂√á[39m[90m√î√∂√á[39m[90m√î√∂√á[39m[90m√î√∂√á[39m[90m√î√∂√á[39m[90m√î√∂√á[39m[90m√î√∂√á[39m[90m√î√∂√á[39m[90m√î√∂√á[39m[90m√î√∂√á[39m[90m√î√∂√ø[39m
smoke	Run quick smoke E2E (smoke + navbar + booking modal + login smoke)	2025-10-30T07:45:17.3453376Z 
smoke	Run quick smoke E2E (smoke + navbar + booking modal + login smoke)	2025-10-30T07:45:17.3453403Z 
smoke	Run quick smoke E2E (smoke + navbar + booking modal + login smoke)	2025-10-30T07:45:17.3453834Z [33m  ([4m[1mScreenshots[22m[24m)[39m
smoke	Run quick smoke E2E (smoke + navbar + booking modal + login smoke)	2025-10-30T07:45:17.3454146Z 
smoke	Run quick smoke E2E (smoke + navbar + booking modal + login smoke)	2025-10-30T07:45:17.3455485Z [90m [39m -  [0m/home/runner/work/colleco-mvp/colleco-mvp/cypress/screenshots/login_register_smo[0m     [90m[90m(1000x672)[90m[39m
smoke	Run quick smoke E2E (smoke + navbar + booking modal + login smoke)	2025-10-30T07:45:17.3459685Z [90m [39m    [0mke.cy.js/login-ready.png[0m                                                                       
smoke	Run quick smoke E2E (smoke + navbar + booking modal + login smoke)	2025-10-30T07:45:17.3461638Z [90m [39m -  [0m/home/runner/work/colleco-mvp/colleco-mvp/cypress/screenshots/login_register_smo[0m     [90m[90m(1000x672)[90m[39m
smoke	Run quick smoke E2E (smoke + navbar + booking modal + login smoke)	2025-10-30T07:45:17.3462918Z [90m [39m    [0mke.cy.js/login-success.png[0m                                                                     
smoke	Run quick smoke E2E (smoke + navbar + booking modal + login smoke)	2025-10-30T07:45:17.3463851Z [90m [39m -  [0m/home/runner/work/colleco-mvp/colleco-mvp/cypress/screenshots/login_register_smo[0m     [90m[90m(1000x672)[90m[39m
smoke	Run quick smoke E2E (smoke + navbar + booking modal + login smoke)	2025-10-30T07:45:17.3465000Z [90m [39m    [0mke.cy.js/login-success (1).png[0m                                                                 
smoke	Run quick smoke E2E (smoke + navbar + booking modal + login smoke)	2025-10-30T07:45:17.3465292Z 
smoke	Run quick smoke E2E (smoke + navbar + booking modal + login smoke)	2025-10-30T07:45:17.3507546Z 
smoke	Run quick smoke E2E (smoke + navbar + booking modal + login smoke)	2025-10-30T07:45:17.3519977Z [90m√î√∂√á[39m[90m√î√∂√á[39m[90m√î√∂√á[39m[90m√î√∂√á[39m[90m√î√∂√á[39m[90m√î√∂√á[39m[90m√î√∂√á[39m[90m√î√∂√á[39m[90m√î√∂√á[39m[90m√î√∂√á[39m[90m√î√∂√á[39m[90m√î√∂√á[39m[90m√î√∂√á[39m[90m√î√∂√á[39m[90m√î√∂√á[39m[90m√î√∂√á[39m[90m√î√∂√á[39m[90m√î√∂√á[39m[90m√î√∂√á[39m[90m√î√∂√á[39m[90m√î√∂√á[39m[90m√î√∂√á[39m[90m√î√∂√á[39m[90m√î√∂√á[39m[90m√î√∂√á[39m[90m√î√∂√á[39m[90m√î√∂√á[39m[90m√î√∂√á[39m[90m√î√∂√á[39m[90m√î√∂√á[39m[90m√î√∂√á[39m[90m√î√∂√á[39m[90m√î√∂√á[39m[90m√î√∂√á[39m[90m√î√∂√á[39m[90m√î√∂√á[39m[90m√î√∂√á[39m[90m√î√∂√á[39m[90m√î√∂√á[39m[90m√î√∂√á[39m[90m√î√∂√á[39m[90m√î√∂√á[39m[90m√î√∂√á[39m[90m√î√∂√á[39m[90m√î√∂√á[39m[90m√î√∂√á[39m[90m√î√∂√á[39m[90m√î√∂√á[39m[90m√î√∂√á[39m[90m√î√∂√á[39m[90m√î√∂√á[39m[90m√î√∂√á[39m[90m√î√∂√á[39m[90m√î√∂√á[39m[90m√î√∂√á[39m[90m√î√∂√á[39m[90m√î√∂√á[39m[90m√î√∂√á[39m[90m√î√∂√á[39m[90m√î√∂√á[39m[90m√î√∂√á[39m[90m√î√∂√á[39m[90m√î√∂√á[39m[90m√î√∂√á[39m[90m√î√∂√á[39m[90m√î√∂√á[39m[90m√î√∂√á[39m[90m√î√∂√á[39m[90m√î√∂√á[39m[90m√î√∂√á[39m[90m√î√∂√á[39m[90m√î√∂√á[39m[90m√î√∂√á[39m[90m√î√∂√á[39m[90m√î√∂√á[39m[90m√î√∂√á[39m[90m√î√∂√á[39m[90m√î√∂√á[39m[90m√î√∂√á[39m[90m√î√∂√á[39m[90m√î√∂√á[39m[90m√î√∂√á[39m[90m√î√∂√á[39m[90m√î√∂√á[39m[90m√î√∂√á[39m[90m√î√∂√á[39m[90m√î√∂√á[39m[90m√î√∂√á[39m[90m√î√∂√á[39m[90m√î√∂√á[39m[90m√î√∂√á[39m[90m√î√∂√á[39m[90m√î√∂√á[39m[90m√î√∂√á[39m[90m√î√∂√á[39m[90m√î√∂√á[39m[90m√î√∂√á[39m[90m√î√∂√á[39m[90m√î√∂√á[39m[90m√î√∂√á[39m
smoke	Run quick smoke E2E (smoke + navbar + booking modal + login smoke)	2025-10-30T07:45:17.3523362Z                                                                                                     
smoke	Run quick smoke E2E (smoke + navbar + booking modal + login smoke)	2025-10-30T07:45:17.3523983Z   Running:  [90mlogin_smoke_minimal.cy.js[39m                                                       [90m(5 of 5)[39m
smoke	Run quick smoke E2E (smoke + navbar + booking modal + login smoke)	2025-10-30T07:45:18.9394604Z 
smoke	Run quick smoke E2E (smoke + navbar + booking modal + login smoke)	2025-10-30T07:45:18.9395384Z [0m[0m
smoke	Run quick smoke E2E (smoke + navbar + booking modal + login smoke)	2025-10-30T07:45:18.9426626Z [0m  Login minimal smoke[0m
smoke	Run quick smoke E2E (smoke + navbar + booking modal + login smoke)	2025-10-30T07:45:49.8766081Z     [33m(Attempt 1 of 3)[0m mounts the login form
smoke	Run quick smoke E2E (smoke + navbar + booking modal + login smoke)	2025-10-30T07:46:20.6681910Z     [33m(Attempt 2 of 3)[0m mounts the login form
smoke	Run quick smoke E2E (smoke + navbar + booking modal + login smoke)	2025-10-30T07:46:51.4745063Z   [31m  1) mounts the login form[0m
smoke	Run quick smoke E2E (smoke + navbar + booking modal + login smoke)	2025-10-30T07:46:51.4759438Z 
smoke	Run quick smoke E2E (smoke + navbar + booking modal + login smoke)	2025-10-30T07:46:51.5255682Z 
smoke	Run quick smoke E2E (smoke + navbar + booking modal + login smoke)	2025-10-30T07:46:51.5256967Z [92m [0m[32m 0 passing[0m[90m (2m)[0m
smoke	Run quick smoke E2E (smoke + navbar + booking modal + login smoke)	2025-10-30T07:46:51.5257757Z [31m  1 failing[0m
smoke	Run quick smoke E2E (smoke + navbar + booking modal + login smoke)	2025-10-30T07:46:51.5258075Z 
smoke	Run quick smoke E2E (smoke + navbar + booking modal + login smoke)	2025-10-30T07:46:51.5260862Z [0m  1) Login minimal smoke
smoke	Run quick smoke E2E (smoke + navbar + booking modal + login smoke)	2025-10-30T07:46:51.5261621Z        mounts the login form:
smoke	Run quick smoke E2E (smoke + navbar + booking modal + login smoke)	2025-10-30T07:46:51.5263043Z [0m[31m     AssertionError: Timed out retrying after 30000ms: Expected to find element: `[data-e2e="login-form"]`, but never found it.[0m[90m
smoke	Run quick smoke E2E (smoke + navbar + booking modal + login smoke)	2025-10-30T07:46:51.5264406Z       at Context.eval (webpack://collecotravel-frontend/./cypress/e2e/login_smoke_minimal.cy.js:37:64)
smoke	Run quick smoke E2E (smoke + navbar + booking modal + login smoke)	2025-10-30T07:46:51.5265246Z [0m
smoke	Run quick smoke E2E (smoke + navbar + booking modal + login smoke)	2025-10-30T07:46:51.5265592Z 
smoke	Run quick smoke E2E (smoke + navbar + booking modal + login smoke)	2025-10-30T07:46:51.5266374Z 
smoke	Run quick smoke E2E (smoke + navbar + booking modal + login smoke)	2025-10-30T07:46:51.5268964Z 
smoke	Run quick smoke E2E (smoke + navbar + booking modal + login smoke)	2025-10-30T07:46:51.5270778Z [31m  ([4m[1mResults[22m[24m)[39m
smoke	Run quick smoke E2E (smoke + navbar + booking modal + login smoke)	2025-10-30T07:46:51.5276255Z 
smoke	Run quick smoke E2E (smoke + navbar + booking modal + login smoke)	2025-10-30T07:46:51.5291645Z [90m  √î√∂√Æ[39m[90m√î√∂√á[39m[90m√î√∂√á[39m[90m√î√∂√á[39m[90m√î√∂√á[39m[90m√î√∂√á[39m[90m√î√∂√á[39m[90m√î√∂√á[39m[90m√î√∂√á[39m[90m√î√∂√á[39m[90m√î√∂√á[39m[90m√î√∂√á[39m[90m√î√∂√á[39m[90m√î√∂√á[39m[90m√î√∂√á[39m[90m√î√∂√á[39m[90m√î√∂√á[39m[90m√î√∂√á[39m[90m√î√∂√á[39m[90m√î√∂√á[39m[90m√î√∂√á[39m[90m√î√∂√á[39m[90m√î√∂√á[39m[90m√î√∂√á[39m[90m√î√∂√á[39m[90m√î√∂√á[39m[90m√î√∂√á[39m[90m√î√∂√á[39m[90m√î√∂√á[39m[90m√î√∂√á[39m[90m√î√∂√á[39m[90m√î√∂√á[39m[90m√î√∂√á[39m[90m√î√∂√á[39m[90m√î√∂√á[39m[90m√î√∂√á[39m[90m√î√∂√á[39m[90m√î√∂√á[39m[90m√î√∂√á[39m[90m√î√∂√á[39m[90m√î√∂√á[39m[90m√î√∂√á[39m[90m√î√∂√á[39m[90m√î√∂√á[39m[90m√î√∂√á[39m[90m√î√∂√á[39m[90m√î√∂√á[39m[90m√î√∂√á[39m[90m√î√∂√á[39m[90m√î√∂√á[39m[90m√î√∂√á[39m[90m√î√∂√á[39m[90m√î√∂√á[39m[90m√î√∂√á[39m[90m√î√∂√á[39m[90m√î√∂√á[39m[90m√î√∂√á[39m[90m√î√∂√á[39m[90m√î√∂√á[39m[90m√î√∂√á[39m[90m√î√∂√á[39m[90m√î√∂√á[39m[90m√î√∂√á[39m[90m√î√∂√á[39m[90m√î√∂√á[39m[90m√î√∂√á[39m[90m√î√∂√á[39m[90m√î√∂√á[39m[90m√î√∂√á[39m[90m√î√∂√á[39m[90m√î√∂√á[39m[90m√î√∂√á[39m[90m√î√∂√á[39m[90m√î√∂√á[39m[90m√î√∂√á[39m[90m√î√∂√á[39m[90m√î√∂√á[39m[90m√î√∂√á[39m[90m√î√∂√á[39m[90m√î√∂√á[39m[90m√î√∂√á[39m[90m√î√∂√á[39m[90m√î√∂√á[39m[90m√î√∂√á[39m[90m√î√∂√á[39m[90m√î√∂√á[39m[90m√î√∂√á[39m[90m√î√∂√á[39m[90m√î√∂√á[39m[90m√î√∂√á[39m[90m√î√∂√á[39m[90m√î√∂√á[39m[90m√î√∂√á[39m[90m√î√∂√á[39m[90m√î√∂√á[39m[90m√î√∂√á[39m[90m√î√∂√á[39m[90m√î√∂√â[39m
smoke	Run quick smoke E2E (smoke + navbar + booking modal + login smoke)	2025-10-30T07:46:51.5296734Z [90m  √î√∂√©[39m [90mTests:[39m        [31m1[39m                                                                                [90m√î√∂√©[39m
smoke	Run quick smoke E2E (smoke + navbar + booking modal + login smoke)	2025-10-30T07:46:51.5298020Z [90m  √î√∂√©[39m [90mPassing:[39m      [31m0[39m                                                                                [90m√î√∂√©[39m
smoke	Run quick smoke E2E (smoke + navbar + booking modal + login smoke)	2025-10-30T07:46:51.5299336Z [90m  √î√∂√©[39m [90mFailing:[39m      [31m1[39m                                                                                [90m√î√∂√©[39m
smoke	Run quick smoke E2E (smoke + navbar + booking modal + login smoke)	2025-10-30T07:46:51.5300626Z [90m  √î√∂√©[39m [90mPending:[39m      [31m0[39m                                                                                [90m√î√∂√©[39m
smoke	Run quick smoke E2E (smoke + navbar + booking modal + login smoke)	2025-10-30T07:46:51.5302203Z [90m  √î√∂√©[39m [90mSkipped:[39m      [31m0[39m                                                                                [90m√î√∂√©[39m
smoke	Run quick smoke E2E (smoke + navbar + booking modal + login smoke)	2025-10-30T07:46:51.5303551Z [90m  √î√∂√©[39m [90mScreenshots:[39m  [31m3[39m                                                                                [90m√î√∂√©[39m
smoke	Run quick smoke E2E (smoke + navbar + booking modal + login smoke)	2025-10-30T07:46:51.5304795Z [90m  √î√∂√©[39m [90mVideo:[39m        [31mfalse[39m                                                                            [90m√î√∂√©[39m
smoke	Run quick smoke E2E (smoke + navbar + booking modal + login smoke)	2025-10-30T07:46:51.5306161Z [90m  √î√∂√©[39m [90mDuration:[39m     [31m1 minute, 32 seconds[39m                                                             [90m√î√∂√©[39m
smoke	Run quick smoke E2E (smoke + navbar + booking modal + login smoke)	2025-10-30T07:46:51.5307696Z [90m  √î√∂√©[39m [90mSpec Ran:[39m     [31m[31mlogin_smoke_minimal.cy.js[31m[39m                                                        [90m√î√∂√©[39m
smoke	Run quick smoke E2E (smoke + navbar + booking modal + login smoke)	2025-10-30T07:46:51.5315467Z [90m  √î√∂√∂[39m[90m√î√∂√á[39m[90m√î√∂√á[39m[90m√î√∂√á[39m[90m√î√∂√á[39m[90m√î√∂√á[39m[90m√î√∂√á[39m[90m√î√∂√á[39m[90m√î√∂√á[39m[90m√î√∂√á[39m[90m√î√∂√á[39m[90m√î√∂√á[39m[90m√î√∂√á[39m[90m√î√∂√á[39m[90m√î√∂√á[39m[90m√î√∂√á[39m[90m√î√∂√á[39m[90m√î√∂√á[39m[90m√î√∂√á[39m[90m√î√∂√á[39m[90m√î√∂√á[39m[90m√î√∂√á[39m[90m√î√∂√á[39m[90m√î√∂√á[39m[90m√î√∂√á[39m[90m√î√∂√á[39m[90m√î√∂√á[39m[90m√î√∂√á[39m[90m√î√∂√á[39m[90m√î√∂√á[39m[90m√î√∂√á[39m[90m√î√∂√á[39m[90m√î√∂√á[39m[90m√î√∂√á[39m[90m√î√∂√á[39m[90m√î√∂√á[39m[90m√î√∂√á[39m[90m√î√∂√á[39m[90m√î√∂√á[39m[90m√î√∂√á[39m[90m√î√∂√á[39m[90m√î√∂√á[39m[90m√î√∂√á[39m[90m√î√∂√á[39m[90m√î√∂√á[39m[90m√î√∂√á[39m[90m√î√∂√á[39m[90m√î√∂√á[39m[90m√î√∂√á[39m[90m√î√∂√á[39m[90m√î√∂√á[39m[90m√î√∂√á[39m[90m√î√∂√á[39m[90m√î√∂√á[39m[90m√î√∂√á[39m[90m√î√∂√á[39m[90m√î√∂√á[39m[90m√î√∂√á[39m[90m√î√∂√á[39m[90m√î√∂√á[39m[90m√î√∂√á[39m[90m√î√∂√á[39m[90m√î√∂√á[39m[90m√î√∂√á[39m[90m√î√∂√á[39m[90m√î√∂√á[39m[90m√î√∂√á[39m[90m√î√∂√á[39m[90m√î√∂√á[39m[90m√î√∂√á[39m[90m√î√∂√á[39m[90m√î√∂√á[39m[90m√î√∂√á[39m[90m√î√∂√á[39m[90m√î√∂√á[39m[90m√î√∂√á[39m[90m√î√∂√á[39m[90m√î√∂√á[39m[90m√î√∂√á[39m[90m√î√∂√á[39m[90m√î√∂√á[39m[90m√î√∂√á[39m[90m√î√∂√á[39m[90m√î√∂√á[39m[90m√î√∂√á[39m[90m√î√∂√á[39m[90m√î√∂√á[39m[90m√î√∂√á[39m[90m√î√∂√á[39m[90m√î√∂√á[39m[90m√î√∂√á[39m[90m√î√∂√á[39m[90m√î√∂√á[39m[90m√î√∂√á[39m[90m√î√∂√á[39m[90m√î√∂√á[39m[90m√î√∂√á[39m[90m√î√∂√ø[39m
smoke	Run quick smoke E2E (smoke + navbar + booking modal + login smoke)	2025-10-30T07:46:51.5319329Z 
smoke	Run quick smoke E2E (smoke + navbar + booking modal + login smoke)	2025-10-30T07:46:51.5319346Z 
smoke	Run quick smoke E2E (smoke + navbar + booking modal + login smoke)	2025-10-30T07:46:51.5319741Z [33m  ([4m[1mScreenshots[22m[24m)[39m
smoke	Run quick smoke E2E (smoke + navbar + booking modal + login smoke)	2025-10-30T07:46:51.5320086Z 
smoke	Run quick smoke E2E (smoke + navbar + booking modal + login smoke)	2025-10-30T07:46:51.5321371Z [90m [39m -  [0m/home/runner/work/colleco-mvp/colleco-mvp/cypress/screenshots/login_smoke_minima[0m     [90m[90m(1280x720)[90m[39m
smoke	Run quick smoke E2E (smoke + navbar + booking modal + login smoke)	2025-10-30T07:46:51.5323074Z [90m [39m    [0ml.cy.js/Login minimal smoke -- mounts the login form (failed).png[0m                              
smoke	Run quick smoke E2E (smoke + navbar + booking modal + login smoke)	2025-10-30T07:46:51.5325056Z [90m [39m -  [0m/home/runner/work/colleco-mvp/colleco-mvp/cypress/screenshots/login_smoke_minima[0m     [90m[90m(1280x720)[90m[39m
smoke	Run quick smoke E2E (smoke + navbar + booking modal + login smoke)	2025-10-30T07:46:51.5326713Z [90m [39m    [0ml.cy.js/Login minimal smoke -- mounts the login form (failed) (attempt 2).png[0m                  
smoke	Run quick smoke E2E (smoke + navbar + booking modal + login smoke)	2025-10-30T07:46:51.5328440Z [90m [39m -  [0m/home/runner/work/colleco-mvp/colleco-mvp/cypress/screenshots/login_smoke_minima[0m     [90m[90m(1280x720)[90m[39m
smoke	Run quick smoke E2E (smoke + navbar + booking modal + login smoke)	2025-10-30T07:46:51.5330066Z [90m [39m    [0ml.cy.js/Login minimal smoke -- mounts the login form (failed) (attempt 3).png[0m                  
smoke	Run quick smoke E2E (smoke + navbar + booking modal + login smoke)	2025-10-30T07:46:51.5330693Z 
smoke	Run quick smoke E2E (smoke + navbar + booking modal + login smoke)	2025-10-30T07:46:51.5405434Z 
smoke	Run quick smoke E2E (smoke + navbar + booking modal + login smoke)	2025-10-30T07:46:51.5730408Z [90m====================================================================================================[39m
smoke	Run quick smoke E2E (smoke + navbar + booking modal + login smoke)	2025-10-30T07:46:51.5731416Z 
smoke	Run quick smoke E2E (smoke + navbar + booking modal + login smoke)	2025-10-30T07:46:51.5731880Z [0m  ([4m[1mRun Finished[22m[24m)[0m
smoke	Run quick smoke E2E (smoke + navbar + booking modal + login smoke)	2025-10-30T07:46:51.5737584Z tput: No value for $TERM and no -T specified
smoke	Run quick smoke E2E (smoke + navbar + booking modal + login smoke)	2025-10-30T07:46:51.5750930Z 
smoke	Run quick smoke E2E (smoke + navbar + booking modal + login smoke)	2025-10-30T07:46:51.5751409Z 
smoke	Run quick smoke E2E (smoke + navbar + booking modal + login smoke)	2025-10-30T07:46:51.5787122Z [90m   [39m    [90mSpec[39m                                              [90mTests[39m  [90mPassing[39m  [90mFailing[39m  [90mPending[39m  [90mSkipped[39m [90m [39m
smoke	Run quick smoke E2E (smoke + navbar + booking modal + login smoke)	2025-10-30T07:46:51.5799697Z [90m  √î√∂√Æ[39m[90m√î√∂√á[39m[90m√î√∂√á[39m[90m√î√∂√á[39m[90m√î√∂√á[39m[90m√î√∂√á[39m[90m√î√∂√á[39m[90m√î√∂√á[39m[90m√î√∂√á[39m[90m√î√∂√á[39m[90m√î√∂√á[39m[90m√î√∂√á[39m[90m√î√∂√á[39m[90m√î√∂√á[39m[90m√î√∂√á[39m[90m√î√∂√á[39m[90m√î√∂√á[39m[90m√î√∂√á[39m[90m√î√∂√á[39m[90m√î√∂√á[39m[90m√î√∂√á[39m[90m√î√∂√á[39m[90m√î√∂√á[39m[90m√î√∂√á[39m[90m√î√∂√á[39m[90m√î√∂√á[39m[90m√î√∂√á[39m[90m√î√∂√á[39m[90m√î√∂√á[39m[90m√î√∂√á[39m[90m√î√∂√á[39m[90m√î√∂√á[39m[90m√î√∂√á[39m[90m√î√∂√á[39m[90m√î√∂√á[39m[90m√î√∂√á[39m[90m√î√∂√á[39m[90m√î√∂√á[39m[90m√î√∂√á[39m[90m√î√∂√á[39m[90m√î√∂√á[39m[90m√î√∂√á[39m[90m√î√∂√á[39m[90m√î√∂√á[39m[90m√î√∂√á[39m[90m√î√∂√á[39m[90m√î√∂√á[39m[90m√î√∂√á[39m[90m√î√∂√á[39m[90m√î√∂√á[39m[90m√î√∂√á[39m[90m√î√∂√á[39m[90m√î√∂√á[39m[90m√î√∂√á[39m[90m√î√∂√á[39m[90m√î√∂√á[39m[90m√î√∂√á[39m[90m√î√∂√á[39m[90m√î√∂√á[39m[90m√î√∂√á[39m[90m√î√∂√á[39m[90m√î√∂√á[39m[90m√î√∂√á[39m[90m√î√∂√á[39m[90m√î√∂√á[39m[90m√î√∂√á[39m[90m√î√∂√á[39m[90m√î√∂√á[39m[90m√î√∂√á[39m[90m√î√∂√á[39m[90m√î√∂√á[39m[90m√î√∂√á[39m[90m√î√∂√á[39m[90m√î√∂√á[39m[90m√î√∂√á[39m[90m√î√∂√á[39m[90m√î√∂√á[39m[90m√î√∂√á[39m[90m√î√∂√á[39m[90m√î√∂√á[39m[90m√î√∂√á[39m[90m√î√∂√á[39m[90m√î√∂√á[39m[90m√î√∂√á[39m[90m√î√∂√á[39m[90m√î√∂√á[39m[90m√î√∂√á[39m[90m√î√∂√á[39m[90m√î√∂√á[39m[90m√î√∂√á[39m[90m√î√∂√á[39m[90m√î√∂√á[39m[90m√î√∂√á[39m[90m√î√∂√á[39m[90m√î√∂√á[39m[90m√î√∂√á[39m[90m√î√∂√á[39m[90m√î√∂√â[39m
smoke	Run quick smoke E2E (smoke + navbar + booking modal + login smoke)	2025-10-30T07:46:51.5804464Z [90m  √î√∂√©[39m [32m√î¬£√∂[39m  [0msmoke.cy.js[0m                              [90m00:01[39m        [0m2[0m        [32m2[39m        [90m-[39m        [90m-[39m        [90m-[39m [90m√î√∂√©[39m
smoke	Run quick smoke E2E (smoke + navbar + booking modal + login smoke)	2025-10-30T07:46:51.5811242Z [90m  √î√∂¬£[39m[90m√î√∂√á[39m[90m√î√∂√á[39m[90m√î√∂√á[39m[90m√î√∂√á[39m[90m√î√∂√á[39m[90m√î√∂√á[39m[90m√î√∂√á[39m[90m√î√∂√á[39m[90m√î√∂√á[39m[90m√î√∂√á[39m[90m√î√∂√á[39m[90m√î√∂√á[39m[90m√î√∂√á[39m[90m√î√∂√á[39m[90m√î√∂√á[39m[90m√î√∂√á[39m[90m√î√∂√á[39m[90m√î√∂√á[39m[90m√î√∂√á[39m[90m√î√∂√á[39m[90m√î√∂√á[39m[90m√î√∂√á[39m[90m√î√∂√á[39m[90m√î√∂√á[39m[90m√î√∂√á[39m[90m√î√∂√á[39m[90m√î√∂√á[39m[90m√î√∂√á[39m[90m√î√∂√á[39m[90m√î√∂√á[39m[90m√î√∂√á[39m[90m√î√∂√á[39m[90m√î√∂√á[39m[90m√î√∂√á[39m[90m√î√∂√á[39m[90m√î√∂√á[39m[90m√î√∂√á[39m[90m√î√∂√á[39m[90m√î√∂√á[39m[90m√î√∂√á[39m[90m√î√∂√á[39m[90m√î√∂√á[39m[90m√î√∂√á[39m[90m√î√∂√á[39m[90m√î√∂√á[39m[90m√î√∂√á[39m[90m√î√∂√á[39m[90m√î√∂√á[39m[90m√î√∂√á[39m[90m√î√∂√á[39m[90m√î√∂√á[39m[90m√î√∂√á[39m[90m√î√∂√á[39m[90m√î√∂√á[39m[90m√î√∂√á[39m[90m√î√∂√á[39m[90m√î√∂√á[39m[90m√î√∂√á[39m[90m√î√∂√á[39m[90m√î√∂√á[39m[90m√î√∂√á[39m[90m√î√∂√á[39m[90m√î√∂√á[39m[90m√î√∂√á[39m[90m√î√∂√á[39m[90m√î√∂√á[39m[90m√î√∂√á[39m[90m√î√∂√á[39m[90m√î√∂√á[39m[90m√î√∂√á[39m[90m√î√∂√á[39m[90m√î√∂√á[39m[90m√î√∂√á[39m[90m√î√∂√á[39m[90m√î√∂√á[39m[90m√î√∂√á[39m[90m√î√∂√á[39m[90m√î√∂√á[39m[90m√î√∂√á[39m[90m√î√∂√á[39m[90m√î√∂√á[39m[90m√î√∂√á[39m[90m√î√∂√á[39m[90m√î√∂√á[39m[90m√î√∂√á[39m[90m√î√∂√á[39m[90m√î√∂√á[39m[90m√î√∂√á[39m[90m√î√∂√á[39m[90m√î√∂√á[39m[90m√î√∂√á[39m[90m√î√∂√á[39m[90m√î√∂√á[39m[90m√î√∂√á[39m[90m√î√∂√á[39m[90m√î√∂√á[39m[90m√î√∂√±[39m
smoke	Run quick smoke E2E (smoke + navbar + booking modal + login smoke)	2025-10-30T07:46:51.5816146Z [90m  √î√∂√©[39m [32m√î¬£√∂[39m  [0mnav_mobile.cy.js[0m                         [90m00:01[39m        [0m2[0m        [32m2[39m        [90m-[39m        [90m-[39m        [90m-[39m [90m√î√∂√©[39m
smoke	Run quick smoke E2E (smoke + navbar + booking modal + login smoke)	2025-10-30T07:46:51.5822935Z [90m  √î√∂¬£[39m[90m√î√∂√á[39m[90m√î√∂√á[39m[90m√î√∂√á[39m[90m√î√∂√á[39m[90m√î√∂√á[39m[90m√î√∂√á[39m[90m√î√∂√á[39m[90m√î√∂√á[39m[90m√î√∂√á[39m[90m√î√∂√á[39m[90m√î√∂√á[39m[90m√î√∂√á[39m[90m√î√∂√á[39m[90m√î√∂√á[39m[90m√î√∂√á[39m[90m√î√∂√á[39m[90m√î√∂√á[39m[90m√î√∂√á[39m[90m√î√∂√á[39m[90m√î√∂√á[39m[90m√î√∂√á[39m[90m√î√∂√á[39m[90m√î√∂√á[39m[90m√î√∂√á[39m[90m√î√∂√á[39m[90m√î√∂√á[39m[90m√î√∂√á[39m[90m√î√∂√á[39m[90m√î√∂√á[39m[90m√î√∂√á[39m[90m√î√∂√á[39m[90m√î√∂√á[39m[90m√î√∂√á[39m[90m√î√∂√á[39m[90m√î√∂√á[39m[90m√î√∂√á[39m[90m√î√∂√á[39m[90m√î√∂√á[39m[90m√î√∂√á[39m[90m√î√∂√á[39m[90m√î√∂√á[39m[90m√î√∂√á[39m[90m√î√∂√á[39m[90m√î√∂√á[39m[90m√î√∂√á[39m[90m√î√∂√á[39m[90m√î√∂√á[39m[90m√î√∂√á[39m[90m√î√∂√á[39m[90m√î√∂√á[39m[90m√î√∂√á[39m[90m√î√∂√á[39m[90m√î√∂√á[39m[90m√î√∂√á[39m[90m√î√∂√á[39m[90m√î√∂√á[39m[90m√î√∂√á[39m[90m√î√∂√á[39m[90m√î√∂√á[39m[90m√î√∂√á[39m[90m√î√∂√á[39m[90m√î√∂√á[39m[90m√î√∂√á[39m[90m√î√∂√á[39m[90m√î√∂√á[39m[90m√î√∂√á[39m[90m√î√∂√á[39m[90m√î√∂√á[39m[90m√î√∂√á[39m[90m√î√∂√á[39m[90m√î√∂√á[39m[90m√î√∂√á[39m[90m√î√∂√á[39m[90m√î√∂√á[39m[90m√î√∂√á[39m[90m√î√∂√á[39m[90m√î√∂√á[39m[90m√î√∂√á[39m[90m√î√∂√á[39m[90m√î√∂√á[39m[90m√î√∂√á[39m[90m√î√∂√á[39m[90m√î√∂√á[39m[90m√î√∂√á[39m[90m√î√∂√á[39m[90m√î√∂√á[39m[90m√î√∂√á[39m[90m√î√∂√á[39m[90m√î√∂√á[39m[90m√î√∂√á[39m[90m√î√∂√á[39m[90m√î√∂√á[39m[90m√î√∂√á[39m[90m√î√∂√á[39m[90m√î√∂√á[39m[90m√î√∂√á[39m[90m√î√∂√±[39m
smoke	Run quick smoke E2E (smoke + navbar + booking modal + login smoke)	2025-10-30T07:46:51.5827785Z [90m  √î√∂√©[39m [32m√î¬£√∂[39m  [0mbooking_modal.cy.js[0m                      [90m00:02[39m        [0m3[0m        [32m3[39m        [90m-[39m        [90m-[39m        [90m-[39m [90m√î√∂√©[39m
smoke	Run quick smoke E2E (smoke + navbar + booking modal + login smoke)	2025-10-30T07:46:51.5834787Z [90m  √î√∂¬£[39m[90m√î√∂√á[39m[90m√î√∂√á[39m[90m√î√∂√á[39m[90m√î√∂√á[39m[90m√î√∂√á[39m[90m√î√∂√á[39m[90m√î√∂√á[39m[90m√î√∂√á[39m[90m√î√∂√á[39m[90m√î√∂√á[39m[90m√î√∂√á[39m[90m√î√∂√á[39m[90m√î√∂√á[39m[90m√î√∂√á[39m[90m√î√∂√á[39m[90m√î√∂√á[39m[90m√î√∂√á[39m[90m√î√∂√á[39m[90m√î√∂√á[39m[90m√î√∂√á[39m[90m√î√∂√á[39m[90m√î√∂√á[39m[90m√î√∂√á[39m[90m√î√∂√á[39m[90m√î√∂√á[39m[90m√î√∂√á[39m[90m√î√∂√á[39m[90m√î√∂√á[39m[90m√î√∂√á[39m[90m√î√∂√á[39m[90m√î√∂√á[39m[90m√î√∂√á[39m[90m√î√∂√á[39m[90m√î√∂√á[39m[90m√î√∂√á[39m[90m√î√∂√á[39m[90m√î√∂√á[39m[90m√î√∂√á[39m[90m√î√∂√á[39m[90m√î√∂√á[39m[90m√î√∂√á[39m[90m√î√∂√á[39m[90m√î√∂√á[39m[90m√î√∂√á[39m[90m√î√∂√á[39m[90m√î√∂√á[39m[90m√î√∂√á[39m[90m√î√∂√á[39m[90m√î√∂√á[39m[90m√î√∂√á[39m[90m√î√∂√á[39m[90m√î√∂√á[39m[90m√î√∂√á[39m[90m√î√∂√á[39m[90m√î√∂√á[39m[90m√î√∂√á[39m[90m√î√∂√á[39m[90m√î√∂√á[39m[90m√î√∂√á[39m[90m√î√∂√á[39m[90m√î√∂√á[39m[90m√î√∂√á[39m[90m√î√∂√á[39m[90m√î√∂√á[39m[90m√î√∂√á[39m[90m√î√∂√á[39m[90m√î√∂√á[39m[90m√î√∂√á[39m[90m√î√∂√á[39m[90m√î√∂√á[39m[90m√î√∂√á[39m[90m√î√∂√á[39m[90m√î√∂√á[39m[90m√î√∂√á[39m[90m√î√∂√á[39m[90m√î√∂√á[39m[90m√î√∂√á[39m[90m√î√∂√á[39m[90m√î√∂√á[39m[90m√î√∂√á[39m[90m√î√∂√á[39m[90m√î√∂√á[39m[90m√î√∂√á[39m[90m√î√∂√á[39m[90m√î√∂√á[39m[90m√î√∂√á[39m[90m√î√∂√á[39m[90m√î√∂√á[39m[90m√î√∂√á[39m[90m√î√∂√á[39m[90m√î√∂√á[39m[90m√î√∂√á[39m[90m√î√∂√á[39m[90m√î√∂√á[39m[90m√î√∂√á[39m[90m√î√∂√á[39m[90m√î√∂√±[39m
smoke	Run quick smoke E2E (smoke + navbar + booking modal + login smoke)	2025-10-30T07:46:51.5839516Z [90m  √î√∂√©[39m [32m√î¬£√∂[39m  [0mlogin_register_smoke.cy.js[0m               [90m00:04[39m        [0m1[0m        [32m1[39m        [90m-[39m        [90m-[39m        [90m-[39m [90m√î√∂√©[39m
smoke	Run quick smoke E2E (smoke + navbar + booking modal + login smoke)	2025-10-30T07:46:51.5846492Z [90m  √î√∂¬£[39m[90m√î√∂√á[39m[90m√î√∂√á[39m[90m√î√∂√á[39m[90m√î√∂√á[39m[90m√î√∂√á[39m[90m√î√∂√á[39m[90m√î√∂√á[39m[90m√î√∂√á[39m[90m√î√∂√á[39m[90m√î√∂√á[39m[90m√î√∂√á[39m[90m√î√∂√á[39m[90m√î√∂√á[39m[90m√î√∂√á[39m[90m√î√∂√á[39m[90m√î√∂√á[39m[90m√î√∂√á[39m[90m√î√∂√á[39m[90m√î√∂√á[39m[90m√î√∂√á[39m[90m√î√∂√á[39m[90m√î√∂√á[39m[90m√î√∂√á[39m[90m√î√∂√á[39m[90m√î√∂√á[39m[90m√î√∂√á[39m[90m√î√∂√á[39m[90m√î√∂√á[39m[90m√î√∂√á[39m[90m√î√∂√á[39m[90m√î√∂√á[39m[90m√î√∂√á[39m[90m√î√∂√á[39m[90m√î√∂√á[39m[90m√î√∂√á[39m[90m√î√∂√á[39m[90m√î√∂√á[39m[90m√î√∂√á[39m[90m√î√∂√á[39m[90m√î√∂√á[39m[90m√î√∂√á[39m[90m√î√∂√á[39m[90m√î√∂√á[39m[90m√î√∂√á[39m[90m√î√∂√á[39m[90m√î√∂√á[39m[90m√î√∂√á[39m[90m√î√∂√á[39m[90m√î√∂√á[39m[90m√î√∂√á[39m[90m√î√∂√á[39m[90m√î√∂√á[39m[90m√î√∂√á[39m[90m√î√∂√á[39m[90m√î√∂√á[39m[90m√î√∂√á[39m[90m√î√∂√á[39m[90m√î√∂√á[39m[90m√î√∂√á[39m[90m√î√∂√á[39m[90m√î√∂√á[39m[90m√î√∂√á[39m[90m√î√∂√á[39m[90m√î√∂√á[39m[90m√î√∂√á[39m[90m√î√∂√á[39m[90m√î√∂√á[39m[90m√î√∂√á[39m[90m√î√∂√á[39m[90m√î√∂√á[39m[90m√î√∂√á[39m[90m√î√∂√á[39m[90m√î√∂√á[39m[90m√î√∂√á[39m[90m√î√∂√á[39m[90m√î√∂√á[39m[90m√î√∂√á[39m[90m√î√∂√á[39m[90m√î√∂√á[39m[90m√î√∂√á[39m[90m√î√∂√á[39m[90m√î√∂√á[39m[90m√î√∂√á[39m[90m√î√∂√á[39m[90m√î√∂√á[39m[90m√î√∂√á[39m[90m√î√∂√á[39m[90m√î√∂√á[39m[90m√î√∂√á[39m[90m√î√∂√á[39m[90m√î√∂√á[39m[90m√î√∂√á[39m[90m√î√∂√á[39m[90m√î√∂√á[39m[90m√î√∂√á[39m[90m√î√∂√á[39m[90m√î√∂√±[39m
smoke	Run quick smoke E2E (smoke + navbar + booking modal + login smoke)	2025-10-30T07:46:51.5851162Z [90m  √î√∂√©[39m [31m√î¬£√ª[39m  [0mlogin_smoke_minimal.cy.js[0m                [90m01:32[39m        [0m1[0m        [90m-[39m        [31m1[39m        [90m-[39m        [90m-[39m [90m√î√∂√©[39m
smoke	Run quick smoke E2E (smoke + navbar + booking modal + login smoke)	2025-10-30T07:46:51.5857840Z [90m  √î√∂√∂[39m[90m√î√∂√á[39m[90m√î√∂√á[39m[90m√î√∂√á[39m[90m√î√∂√á[39m[90m√î√∂√á[39m[90m√î√∂√á[39m[90m√î√∂√á[39m[90m√î√∂√á[39m[90m√î√∂√á[39m[90m√î√∂√á[39m[90m√î√∂√á[39m[90m√î√∂√á[39m[90m√î√∂√á[39m[90m√î√∂√á[39m[90m√î√∂√á[39m[90m√î√∂√á[39m[90m√î√∂√á[39m[90m√î√∂√á[39m[90m√î√∂√á[39m[90m√î√∂√á[39m[90m√î√∂√á[39m[90m√î√∂√á[39m[90m√î√∂√á[39m[90m√î√∂√á[39m[90m√î√∂√á[39m[90m√î√∂√á[39m[90m√î√∂√á[39m[90m√î√∂√á[39m[90m√î√∂√á[39m[90m√î√∂√á[39m[90m√î√∂√á[39m[90m√î√∂√á[39m[90m√î√∂√á[39m[90m√î√∂√á[39m[90m√î√∂√á[39m[90m√î√∂√á[39m[90m√î√∂√á[39m[90m√î√∂√á[39m[90m√î√∂√á[39m[90m√î√∂√á[39m[90m√î√∂√á[39m[90m√î√∂√á[39m[90m√î√∂√á[39m[90m√î√∂√á[39m[90m√î√∂√á[39m[90m√î√∂√á[39m[90m√î√∂√á[39m[90m√î√∂√á[39m[90m√î√∂√á[39m[90m√î√∂√á[39m[90m√î√∂√á[39m[90m√î√∂√á[39m[90m√î√∂√á[39m[90m√î√∂√á[39m[90m√î√∂√á[39m[90m√î√∂√á[39m[90m√î√∂√á[39m[90m√î√∂√á[39m[90m√î√∂√á[39m[90m√î√∂√á[39m[90m√î√∂√á[39m[90m√î√∂√á[39m[90m√î√∂√á[39m[90m√î√∂√á[39m[90m√î√∂√á[39m[90m√î√∂√á[39m[90m√î√∂√á[39m[90m√î√∂√á[39m[90m√î√∂√á[39m[90m√î√∂√á[39m[90m√î√∂√á[39m[90m√î√∂√á[39m[90m√î√∂√á[39m[90m√î√∂√á[39m[90m√î√∂√á[39m[90m√î√∂√á[39m[90m√î√∂√á[39m[90m√î√∂√á[39m[90m√î√∂√á[39m[90m√î√∂√á[39m[90m√î√∂√á[39m[90m√î√∂√á[39m[90m√î√∂√á[39m[90m√î√∂√á[39m[90m√î√∂√á[39m[90m√î√∂√á[39m[90m√î√∂√á[39m[90m√î√∂√á[39m[90m√î√∂√á[39m[90m√î√∂√á[39m[90m√î√∂√á[39m[90m√î√∂√á[39m[90m√î√∂√á[39m[90m√î√∂√á[39m[90m√î√∂√á[39m[90m√î√∂√á[39m[90m√î√∂√ø[39m
smoke	Run quick smoke E2E (smoke + navbar + booking modal + login smoke)	2025-10-30T07:46:51.5862663Z [90m   [39m [31m√î¬£√ª[39m  [31m1 of 5 failed (20%)[39m                      [90m01:42[39m        [0m9[0m        [32m8[39m        [31m1[39m        [90m-[39m        [90m-[39m [90m [39m
smoke	Run quick smoke E2E (smoke + navbar + booking modal + login smoke)	2025-10-30T07:46:51.5863309Z 
smoke	Run quick smoke E2E (smoke + navbar + booking modal + login smoke)	2025-10-30T07:46:51.7018096Z ##[error]Process completed with exit code 1.
smoke	Upload artifacts	¬¥‚ïó‚îê2025-10-30T07:46:51.7110995Z ##[group]Run actions/upload-artifact@v4
smoke	Upload artifacts	2025-10-30T07:46:51.7111481Z with:
smoke	Upload artifacts	2025-10-30T07:46:51.7111667Z   name: cypress-smoke-artifacts
smoke	Upload artifacts	2025-10-30T07:46:51.7112132Z   path: cypress/screenshots
smoke	Upload artifacts	cypress/videos
smoke	Upload artifacts	cypress/logs
smoke	Upload artifacts	server.log
smoke	Upload artifacts	vite.log
smoke	Upload artifacts	backend.pid
smoke	Upload artifacts	vite.pid
smoke	Upload artifacts	
smoke	Upload artifacts	2025-10-30T07:46:51.7112618Z   if-no-files-found: warn
smoke	Upload artifacts	2025-10-30T07:46:51.7112838Z   compression-level: 6
smoke	Upload artifacts	2025-10-30T07:46:51.7113045Z   overwrite: false
smoke	Upload artifacts	2025-10-30T07:46:51.7113242Z   include-hidden-files: false
smoke	Upload artifacts	2025-10-30T07:46:51.7113464Z env:
smoke	Upload artifacts	2025-10-30T07:46:51.7113628Z   SITEMINDER_USE_MOCK: 1
smoke	Upload artifacts	2025-10-30T07:46:51.7113845Z   SITEMINDER_MOCK_PORT: 4015
smoke	Upload artifacts	2025-10-30T07:46:51.7114096Z   CYPRESS_BASE_URL: http://127.0.0.1:5173
smoke	Upload artifacts	2025-10-30T07:46:51.7114369Z   API_BASE: http://127.0.0.1:4000
smoke	Upload artifacts	2025-10-30T07:46:51.7114602Z ##[endgroup]
smoke	Upload artifacts	2025-10-30T07:46:51.9293986Z Multiple search paths detected. Calculating the least common ancestor of all paths
smoke	Upload artifacts	2025-10-30T07:46:51.9298232Z The least common ancestor is /home/runner/work/colleco-mvp/colleco-mvp. This will be the root directory of the artifact
smoke	Upload artifacts	2025-10-30T07:46:51.9299442Z With the provided path, there will be 17 files uploaded
smoke	Upload artifacts	2025-10-30T07:46:51.9304036Z Artifact name is valid!
smoke	Upload artifacts	2025-10-30T07:46:51.9305104Z Root directory input is valid!
smoke	Upload artifacts	2025-10-30T07:46:52.1145540Z Beginning upload of artifact content to blob storage
smoke	Upload artifacts	2025-10-30T07:46:52.5306853Z Uploaded bytes 608775
smoke	Upload artifacts	2025-10-30T07:46:52.5802699Z Finished uploading artifact content to blob storage!
smoke	Upload artifacts	2025-10-30T07:46:52.5806681Z SHA256 digest of uploaded artifact zip is 7882547cfd9169e2a15d6e5373d55f9503293561c00012ea487dd7d4f7f7ac77
smoke	Upload artifacts	2025-10-30T07:46:52.5808242Z Finalizing artifact upload
smoke	Upload artifacts	2025-10-30T07:46:52.6732689Z Artifact cypress-smoke-artifacts.zip successfully finalized. Artifact ID 4414693299
smoke	Upload artifacts	2025-10-30T07:46:52.6734821Z Artifact cypress-smoke-artifacts has been successfully uploaded! Final size is 608775 bytes. Artifact ID is 4414693299
smoke	Upload artifacts	2025-10-30T07:46:52.6742052Z Artifact download URL: https://github.com/collecokzn-creator/colleco-mvp/actions/runs/18933496776/artifacts/4414693299
smoke	Post Checkout	¬¥‚ïó‚îê2025-10-30T07:46:52.6874757Z Post job cleanup.
smoke	Post Checkout	2025-10-30T07:46:52.7799124Z [command]/usr/bin/git version
smoke	Post Checkout	2025-10-30T07:46:52.7835417Z git version 2.51.0
smoke	Post Checkout	2025-10-30T07:46:52.7885752Z Temporarily overriding HOME='/home/runner/work/_temp/c8fbb7e9-58d4-4d93-9ad6-9651feda6851' before making global git config changes
smoke	Post Checkout	2025-10-30T07:46:52.7887172Z Adding repository directory to the temporary git global config as a safe directory
smoke	Post Checkout	2025-10-30T07:46:52.7891917Z [command]/usr/bin/git config --global --add safe.directory /home/runner/work/colleco-mvp/colleco-mvp
smoke	Post Checkout	2025-10-30T07:46:52.7926022Z [command]/usr/bin/git config --local --name-only --get-regexp core\.sshCommand
smoke	Post Checkout	2025-10-30T07:46:52.7958739Z [command]/usr/bin/git submodule foreach --recursive sh -c "git config --local --name-only --get-regexp 'core\.sshCommand' && git config --local --unset-all 'core.sshCommand' || :"
smoke	Post Checkout	2025-10-30T07:46:52.8203600Z [command]/usr/bin/git config --local --name-only --get-regexp http\.https\:\/\/github\.com\/\.extraheader
smoke	Post Checkout	2025-10-30T07:46:52.8223771Z http.https://github.com/.extraheader
smoke	Post Checkout	2025-10-30T07:46:52.8236822Z [command]/usr/bin/git config --local --unset-all http.https://github.com/.extraheader
smoke	Post Checkout	2025-10-30T07:46:52.8267618Z [command]/usr/bin/git submodule foreach --recursive sh -c "git config --local --name-only --get-regexp 'http\.https\:\/\/github\.com\/\.extraheader' && git config --local --unset-all 'http.https://github.com/.extraheader' || :"
smoke	Complete job	¬¥‚ïó‚îê2025-10-30T07:46:52.8593180Z Cleaning up orphan processes
smoke	Complete job	2025-10-30T07:46:52.8858870Z Terminate orphan process: pid (2181) (node)
smoke	Complete job	2025-10-30T07:46:52.8885430Z Terminate orphan process: pid (2188) (npm exec cross-)
smoke	Complete job	2025-10-30T07:46:52.8920011Z Terminate orphan process: pid (2319) (sh)
smoke	Complete job	2025-10-30T07:46:52.8942170Z Terminate orphan process: pid (2320) (node)
smoke	Complete job	2025-10-30T07:46:52.8987247Z Terminate orphan process: pid (2327) (npm run dev --host 127.0.0.1 --port 5173)
smoke	Complete job	2025-10-30T07:46:52.9021476Z Terminate orphan process: pid (2339) (sh)
smoke	Complete job	2025-10-30T07:46:52.9043978Z Terminate orphan process: pid (2398) (node)
smoke	Complete job	2025-10-30T07:46:52.9068155Z Terminate orphan process: pid (2409) (esbuild)
